Archive member included to satisfy reference by file (symbol)

arch/arm/lib/lib.a(ashldi3.o)
                              drivers/built-in.o (__aeabi_llsl)
arch/arm/lib/lib.a(lib1funcs.o)
                              arch/arm/mach-imx/built-in.o (__aeabi_uidiv)
arch/arm/lib/lib.a(lshrdi3.o)
                              fs/built-in.o (__aeabi_llsr)
arch/arm/lib/lib.a(uldivmod.o)
                              common/built-in.o (__aeabi_uldivmod)
arch/arm/lib/lib.a(div0.o)    arch/arm/lib/lib.a(lib1funcs.o) (__div0)

Discarded input sections

 .data          0x0000000000000000        0x0 arch/arm/cpu/armv7/start.o
 .bss           0x0000000000000000        0x0 arch/arm/cpu/armv7/start.o
 .text.v7_outer_cache_enable
                0x0000000000000000        0x4 arch/arm/cpu/armv7/built-in.o
 .text.v7_outer_cache_disable
                0x0000000000000000        0x4 arch/arm/cpu/armv7/built-in.o
 .text.v7_outer_cache_flush_all
                0x0000000000000000        0x4 arch/arm/cpu/armv7/built-in.o
 .text.v7_outer_cache_inval_all
                0x0000000000000000        0x4 arch/arm/cpu/armv7/built-in.o
 .text.v7_outer_cache_flush_range
                0x0000000000000000        0x4 arch/arm/cpu/armv7/built-in.o
 .text.v7_outer_cache_inval_range
                0x0000000000000000        0x4 arch/arm/cpu/armv7/built-in.o
 .text.v7_arch_cp15_set_l2aux_ctrl
                0x0000000000000000        0x8 arch/arm/cpu/armv7/built-in.o
 .text.v7_arch_cp15_set_acr
                0x0000000000000000        0x8 arch/arm/cpu/armv7/built-in.o
 .text.sdelay   0x0000000000000000        0xc arch/arm/cpu/armv7/built-in.o
 .text.wait_on_value
                0x0000000000000000       0x38 arch/arm/cpu/armv7/built-in.o
 .text.s_init   0x0000000000000000        0x4 arch/arm/cpu/armv7/built-in.o
 .data          0x0000000000000000        0x0 arch/arm/cpu/armv7/built-in.o
 .bss           0x0000000000000000        0x0 arch/arm/cpu/armv7/built-in.o
 .text.armv7_boot_nonsec_default
                0x0000000000000000        0x8 arch/arm/lib/built-in.o
 .text.reset_misc
                0x0000000000000000        0x4 arch/arm/lib/built-in.o
 .text.enable_caches
                0x0000000000000000        0xc arch/arm/lib/built-in.o
 .text.invalidate_dcache_range
                0x0000000000000000        0x4 arch/arm/lib/built-in.o
 .text.flush_dcache_range
                0x0000000000000000        0x4 arch/arm/lib/built-in.o
 .text.flush_dcache_all
                0x0000000000000000        0xc arch/arm/lib/built-in.o
 .text.arm_init_before_mmu
                0x0000000000000000        0x4 arch/arm/lib/built-in.o
 .text.mmu_page_table_flush
                0x0000000000000000        0x4 arch/arm/lib/built-in.o
 .text.fdt_psci
                0x0000000000000000        0x8 arch/arm/lib/built-in.o
 .rodata.pl310  0x0000000000000000        0x4 arch/arm/lib/built-in.o
 .rodata.enable_caches.str1.1
                0x0000000000000000       0x1d arch/arm/lib/built-in.o
 .data          0x0000000000000000        0x0 arch/arm/lib/built-in.o
 .__secure_end  0x0000000000000000        0x0 arch/arm/lib/built-in.o
 .__secure_stack_end
                0x0000000000000000        0x0 arch/arm/lib/built-in.o
 .__secure_stack_start
                0x0000000000000000        0x0 arch/arm/lib/built-in.o
 .__secure_start
                0x0000000000000000        0x0 arch/arm/lib/built-in.o
 .bss           0x0000000000000000        0x0 arch/arm/lib/built-in.o
 .text          0x0000000000000000        0x0 arch/arm/mach-imx/built-in.o
 .text.get_imx_reset_cause
                0x0000000000000000       0x10 arch/arm/mach-imx/built-in.o
 .text.cpu_eth_init
                0x0000000000000000        0x4 arch/arm/mach-imx/built-in.o
 .text.cpu_mmc_init
                0x0000000000000000        0x4 arch/arm/mach-imx/built-in.o
 .text.set_chipselect_size
                0x0000000000000000       0x84 arch/arm/mach-imx/built-in.o
 .text.nxp_board_rev
                0x0000000000000000       0x18 arch/arm/mach-imx/built-in.o
 .text.nxp_board_rev_string
                0x0000000000000000       0x14 arch/arm/mach-imx/built-in.o
 .text.usec2ticks
                0x0000000000000000       0x90 arch/arm/mach-imx/built-in.o
 .text.force_idle_bus
                0x0000000000000000      0x1c4 arch/arm/mach-imx/built-in.o
 .text.setup_i2c
                0x0000000000000000       0xb0 arch/arm/mach-imx/built-in.o
 .text.mxs_wait_mask_set
                0x0000000000000000       0x40 arch/arm/mach-imx/built-in.o
 .text.mxs_wait_mask_clr
                0x0000000000000000       0x40 arch/arm/mach-imx/built-in.o
 .text.mxs_reset_block
                0x0000000000000000       0xa4 arch/arm/mach-imx/built-in.o
 .text.imx6_src_get_boot_mode
                0x0000000000000000       0x1c arch/arm/mach-imx/built-in.o
 .text.detect_hdmi
                0x0000000000000000       0x1c arch/arm/mach-imx/built-in.o
 .text.board_mmc_get_env_dev
[...]
Memory Configuration

Name             Origin             Length             Attributes
*default*        0x0000000000000000 0xffffffffffffffff

Linker script and memory map

Address of section .text set to 0x17800000
                0x0000000000000000                . = 0x0
                0x0000000000000000                . = ALIGN (0x4)

.text           0x0000000017800000    0x60e94
 *(.__image_copy_start)
 .__image_copy_start
                0x0000000017800000        0x0 arch/arm/lib/built-in.o
                0x0000000017800000                __image_copy_start
 *(.vectors)
 .vectors       0x0000000017800000      0x2e8 arch/arm/lib/built-in.o
                0x0000000017800000                _start
                0x0000000017800020                _undefined_instruction
                0x0000000017800024                _software_interrupt
                0x0000000017800028                _prefetch_abort
                0x000000001780002c                _data_abort
                0x0000000017800030                _not_used
                0x0000000017800034                _irq
                0x0000000017800038                _fiq
                0x0000000017800040                IRQ_STACK_START_IN
 arch/arm/cpu/armv7/start.o(.text*)
 .text          0x00000000178002e8       0xec arch/arm/cpu/armv7/start.o
                0x00000000178002e8                reset
                0x00000000178002ec                save_boot_params_ret
                0x0000000017800328                c_runtime_cpu_setup
                0x0000000017800338                save_boot_params
                0x000000001780033c                cpu_init_cp15
                0x00000000178003cc                cpu_init_crit
 *(.text*)
 .text          0x00000000178003d4      0x148 arch/arm/cpu/armv7/built-in.o
                0x00000000178003d4                __v7_flush_dcache_all
                0x0000000017800468                v7_flush_dcache_all
                0x0000000017800478                __v7_invalidate_dcache_all
                0x000000001780050c                v7_invalidate_dcache_all
 .text.invalidate_icache_all
                0x000000001780051c       0x18 arch/arm/cpu/armv7/built-in.o
                0x000000001780051c                invalidate_icache_all
 .text.flush_dcache_all
                0x0000000017800534       0x10 arch/arm/cpu/armv7/built-in.o
                0x0000000017800534                flush_dcache_all
 .text.invalidate_dcache_all
                0x0000000017800544       0x10 arch/arm/cpu/armv7/built-in.o
                0x0000000017800544                invalidate_dcache_all
 .text.arm_init_before_mmu
                0x0000000017800554       0x28 arch/arm/cpu/armv7/built-in.o
                0x0000000017800554                arm_init_before_mmu
 .text.flush_dcache_range
                0x000000001780057c       0x54 arch/arm/cpu/armv7/built-in.o
                0x000000001780057c                flush_dcache_range
 .text.mmu_page_table_flush
                0x00000000178005d0       0x24 arch/arm/cpu/armv7/built-in.o
                0x00000000178005d0                mmu_page_table_flush
 .text.invalidate_dcache_range
                0x00000000178005f4       0x64 arch/arm/cpu/armv7/built-in.o
                0x00000000178005f4                invalidate_dcache_range
 .text.cpu_cache_initialization
                0x0000000017800658        0x4 arch/arm/cpu/armv7/built-in.o
                0x0000000017800658                cpu_cache_initialization
 .text.cleanup_before_linux_select
                0x000000001780065c       0x4c arch/arm/cpu/armv7/built-in.o
                0x000000001780065c                cleanup_before_linux_select
 .text.cleanup_before_linux
                0x00000000178006a8        0x8 arch/arm/cpu/armv7/built-in.o
                0x00000000178006a8                cleanup_before_linux
 .text.lowlevel_init
                0x00000000178006b0       0x24 arch/arm/cpu/armv7/built-in.o
                0x00000000178006b0                lowlevel_init
 *fill*         0x00000000178006d4        0xc 
 .text          0x00000000178006e0      0x528 arch/arm/lib/built-in.o
                0x00000000178006e0                _main
                0x0000000017800780                memset
                0x000000001780085c                memcpy
 .text.setjmp   0x0000000017800c08       0x10 arch/arm/lib/built-in.o
                0x0000000017800c08                setjmp
 .text.longjmp  0x0000000017800c18       0x1c arch/arm/lib/built-in.o
                0x0000000017800c18                longjmp
 .text.relocate_vectors
                0x0000000017800c34       0x70 arch/arm/lib/built-in.o
                0x0000000017800c34                relocate_vectors
                0x0000000017800c40                relocate_code
 .text.arch_fixup_fdt
                0x0000000017800ca4       0x38 arch/arm/lib/built-in.o
                0x0000000017800ca4                arch_fixup_fdt
 .text.arch_lmb_reserve
                0x0000000017800cdc       0x3c arch/arm/lib/built-in.o
                0x0000000017800cdc                arch_lmb_reserve
 .text.board_quiesce_devices
                0x0000000017800d18        0x4 arch/arm/lib/built-in.o
                0x0000000017800d18                board_quiesce_devices
 .text.boot_jump_linux
                0x0000000017800d1c       0xd0 arch/arm/lib/built-in.o
 .text.setup_board_tags
                0x0000000017800dec        0x4 arch/arm/lib/built-in.o
                0x0000000017800dec                setup_board_tags
 .text.boot_prep_linux
                0x0000000017800df0      0x200 arch/arm/lib/built-in.o
 .text.do_bootm_linux
                0x0000000017800ff0       0x58 arch/arm/lib/built-in.o
                0x0000000017800ff0                do_bootm_linux
 .text.boot_prep_vxworks
                0x0000000017801048       0x50 arch/arm/lib/built-in.o
                0x0000000017801048                boot_prep_vxworks
 .text.boot_jump_vxworks
                0x0000000017801098        0xc arch/arm/lib/built-in.o
                0x0000000017801098                boot_jump_vxworks
 .text.bootz_setup
                0x00000000178010a4       0xa0 arch/arm/lib/built-in.o
                0x00000000178010a4                bootz_setup
 .text.pl310_background_op_all_ways
                0x0000000017801144       0x48 arch/arm/lib/built-in.o
 .text.v7_outer_cache_inval_all
                0x000000001780118c        0xc arch/arm/lib/built-in.o
                0x000000001780118c                v7_outer_cache_inval_all
 .text.v7_outer_cache_flush_all
                0x0000000017801198        0xc arch/arm/lib/built-in.o
                0x0000000017801198                v7_outer_cache_flush_all
 .text.v7_outer_cache_flush_range
                0x00000000178011a4       0x34 arch/arm/lib/built-in.o
                0x00000000178011a4                v7_outer_cache_flush_range
 .text.v7_outer_cache_inval_range
                0x00000000178011d8       0x84 arch/arm/lib/built-in.o
                0x00000000178011d8                v7_outer_cache_inval_range
 .text.arch_reserve_stacks
                0x000000001780125c       0x1c arch/arm/lib/built-in.o
                0x000000001780125c                arch_reserve_stacks
 .text.interrupt_init
                0x0000000017801278       0x1c arch/arm/lib/built-in.o
                0x0000000017801278                interrupt_init
 .text.enable_interrupts
                0x0000000017801294        0x4 arch/arm/lib/built-in.o
                0x0000000017801294                enable_interrupts
 .text.disable_interrupts
                0x0000000017801298        0x8 arch/arm/lib/built-in.o
                0x0000000017801298                disable_interrupts
 .text.bad_mode
                0x00000000178012a0       0x10 arch/arm/lib/built-in.o
                0x00000000178012a0                bad_mode
 .text.show_regs
                0x00000000178012b0      0x174 arch/arm/lib/built-in.o
                0x00000000178012b0                show_regs
 .text.do_undefined_instruction
                0x0000000017801424       0x30 arch/arm/lib/built-in.o
                0x0000000017801424                do_undefined_instruction
 .text.do_software_interrupt
                0x0000000017801454       0x30 arch/arm/lib/built-in.o
                0x0000000017801454                do_software_interrupt
 .text.do_prefetch_abort
                0x0000000017801484       0x30 arch/arm/lib/built-in.o
                0x0000000017801484                do_prefetch_abort
 .text.do_data_abort
                0x00000000178014b4       0x30 arch/arm/lib/built-in.o
                0x00000000178014b4                do_data_abort
 .text.do_not_used
                0x00000000178014e4       0x30 arch/arm/lib/built-in.o
                0x00000000178014e4                do_not_used
 .text.do_fiq   0x0000000017801514       0x30 arch/arm/lib/built-in.o
                0x0000000017801514                do_fiq
 .text.do_irq   0x0000000017801544       0x30 arch/arm/lib/built-in.o
                0x0000000017801544                do_irq
 .text.do_reset
                0x0000000017801574       0x30 arch/arm/lib/built-in.o
                0x0000000017801574                do_reset
 .text.flush_cache
                0x00000000178015a4        0x8 arch/arm/lib/built-in.o
                0x00000000178015a4                flush_cache
 .text.check_cache_range
                0x00000000178015ac       0x38 arch/arm/lib/built-in.o
                0x00000000178015ac                check_cache_range
 .text.cache_disable
                0x00000000178015e4       0x54 arch/arm/lib/built-in.o
 .text.arm_init_domains
                0x0000000017801638        0x4 arch/arm/lib/built-in.o
                0x0000000017801638                arm_init_domains
 .text.set_section_dcache
                0x000000001780163c       0x14 arch/arm/lib/built-in.o
                0x000000001780163c                set_section_dcache
 .text.mmu_set_region_dcache_behaviour
                0x0000000017801650       0x58 arch/arm/lib/built-in.o
                0x0000000017801650                mmu_set_region_dcache_behaviour
 .text.dram_bank_mmu_setup
                0x00000000178016a8       0x44 arch/arm/lib/built-in.o
                0x00000000178016a8                dram_bank_mmu_setup
 .text.icache_enable
                0x00000000178016ec       0x14 arch/arm/lib/built-in.o
                0x00000000178016ec                icache_enable
 .text.icache_disable
                0x0000000017801700        0x8 arch/arm/lib/built-in.o
                0x0000000017801700                icache_disable
 .text.icache_status
                0x0000000017801708        0xc arch/arm/lib/built-in.o
                0x0000000017801708                icache_status
 .text.dcache_enable
                0x0000000017801714       0x80 arch/arm/lib/built-in.o
                0x0000000017801714                dcache_enable
 .text.dcache_disable
                0x0000000017801794        0x8 arch/arm/lib/built-in.o
                0x0000000017801794                dcache_disable
 .text.dcache_status
                0x000000001780179c        0xc arch/arm/lib/built-in.o
                0x000000001780179c                dcache_status
 .text.imx_iomux_v3_setup_pad
                0x00000000178017a8       0xc4 arch/arm/mach-imx/built-in.o
                0x00000000178017a8                imx_iomux_v3_setup_pad
 .text.imx_iomux_v3_setup_multiple_pads
                0x000000001780186c       0x2c arch/arm/mach-imx/built-in.o
                0x000000001780186c                imx_iomux_v3_setup_multiple_pads
 .text.imx_iomux_set_gpr_register
                0x0000000017801898       0x48 arch/arm/mach-imx/built-in.o
                0x0000000017801898                imx_iomux_set_gpr_register
 .text.get_reset_cause
                0x00000000178018e0       0xf0 arch/arm/mach-imx/built-in.o
 .text.get_reboot_reason
                0x00000000178019d0       0x38 arch/arm/mach-imx/built-in.o
                0x00000000178019d0                get_reboot_reason
 .text.imx_ddr_size
                0x0000000017801a08       0x6c arch/arm/mach-imx/built-in.o
                0x0000000017801a08                imx_ddr_size
 .text.get_imx_type
                0x0000000017801a74       0x20 arch/arm/mach-imx/built-in.o
                0x0000000017801a74                get_imx_type
 .text.print_cpuinfo
                0x0000000017801a94      0x158 arch/arm/mach-imx/built-in.o
                0x0000000017801a94                print_cpuinfo
 .text.get_ahb_clk
                0x0000000017801bec       0x24 arch/arm/mach-imx/built-in.o
                0x0000000017801bec                get_ahb_clk
 .text.arch_preboot_os
                0x0000000017801c10       0x14 arch/arm/mach-imx/built-in.o
                0x0000000017801c10                arch_preboot_os
 .text.get_clocks
                0x0000000017801c24       0x1c arch/arm/mach-imx/built-in.o
                0x0000000017801c24                get_clocks
 .text.timer_init
                0x0000000017801c40      0x1cc arch/arm/mach-imx/built-in.o
                0x0000000017801c40                timer_init
 .text.timer_read_counter
                0x0000000017801e0c       0x10 arch/arm/mach-imx/built-in.o
                0x0000000017801e0c                timer_read_counter
 .text.get_tbclk
                0x0000000017801e1c       0xf4 arch/arm/mach-imx/built-in.o
                0x0000000017801e1c                get_tbclk
 .text.imx_sec_init
                0x0000000017801f10        0x4 arch/arm/mach-imx/built-in.o
                0x0000000017801f10                imx_sec_init
 .text.board_lmb_reserve
                0x0000000017801f14       0x3c arch/arm/mach-imx/built-in.o
                0x0000000017801f14                board_lmb_reserve
 .text.enable_caches
                0x0000000017801f50       0x60 arch/arm/mach-imx/built-in.o
                0x0000000017801f50                enable_caches
 .text.v7_outer_cache_enable
                0x0000000017801fb0       0xe4 arch/arm/mach-imx/built-in.o
                0x0000000017801fb0                v7_outer_cache_enable
 .text.v7_outer_cache_disable
                0x0000000017802094       0x18 arch/arm/mach-imx/built-in.o
                0x0000000017802094                v7_outer_cache_disable
 .text.init_aips
                0x00000000178020ac      0x124 arch/arm/mach-imx/built-in.o
                0x00000000178020ac                init_aips
 .text.imx_wdog_disable_powerdown
                0x00000000178021d0       0xcc arch/arm/mach-imx/built-in.o
                0x00000000178021d0                imx_wdog_disable_powerdown
 .text.init_src
                0x000000001780229c       0x20 arch/arm/mach-imx/built-in.o
                0x000000001780229c                init_src
 .text.boot_mode_apply
                0x00000000178022bc       0x30 arch/arm/mach-imx/built-in.o
                0x00000000178022bc                boot_mode_apply
 .text.imx_get_mac_from_fuse
                0x00000000178022ec      0x118 arch/arm/mach-imx/built-in.o
                0x00000000178022ec                imx_get_mac_from_fuse
 .text.board_video_skip
                0x0000000017802404      0x194 arch/arm/mach-imx/built-in.o
                0x0000000017802404                board_video_skip
 .text.create_usage
                0x0000000017802598       0xa0 arch/arm/mach-imx/built-in.o
 .text.do_boot_mode
                0x0000000017802638       0xd4 arch/arm/mach-imx/built-in.o
 .text.add_board_boot_modes
                0x000000001780270c       0x60 arch/arm/mach-imx/built-in.o
                0x000000001780270c                add_board_boot_modes
 .text.get_nr_cpus
                0x000000001780276c       0x14 arch/arm/mach-imx/built-in.o
                0x000000001780276c                get_nr_cpus
 .text.get_cpu_rev
                0x0000000017802780       0xe4 arch/arm/mach-imx/built-in.o
                0x0000000017802780                get_cpu_rev
 .text.set_ldo_voltage
                0x0000000017802864       0xe8 arch/arm/mach-imx/built-in.o
 .text.get_cpu_speed_grade_hz
                0x000000001780294c      0x164 arch/arm/mach-imx/built-in.o
                0x000000001780294c                get_cpu_speed_grade_hz
 .text.get_cpu_temp_grade
                0x0000000017802ab0       0x6c arch/arm/mach-imx/built-in.o
                0x0000000017802ab0                get_cpu_temp_grade
 .text.get_board_rev
                0x0000000017802b1c       0x30 arch/arm/mach-imx/built-in.o
                0x0000000017802b1c                get_board_rev
 .text.is_usb_boot
                0x0000000017802b4c        0xc arch/arm/mach-imx/built-in.o
                0x0000000017802b4c                is_usb_boot
 .text.mmc_get_boot_dev
                0x0000000017802b58       0x34 arch/arm/mach-imx/built-in.o
 .text.arch_cpu_init
                0x0000000017802b8c      0x4f8 arch/arm/mach-imx/built-in.o
                0x0000000017802b8c                arch_cpu_init
 .text.mmc_get_env_dev
                0x0000000017803084       0x30 arch/arm/mach-imx/built-in.o
                0x0000000017803084                mmc_get_env_dev
 .text.board_mmc_get_env_part
                0x00000000178030b4        0x8 arch/arm/mach-imx/built-in.o
                0x00000000178030b4                board_mmc_get_env_part
 .text.mmc_get_env_part
                0x00000000178030bc       0x20 arch/arm/mach-imx/built-in.o
                0x00000000178030bc                mmc_get_env_part
 .text.board_postclk_init
                0x00000000178030dc       0x28 arch/arm/mach-imx/built-in.o
                0x00000000178030dc                board_postclk_init
 .text.get_board_serial
                0x0000000017803104       0x1c arch/arm/mach-imx/built-in.o
                0x0000000017803104                get_board_serial
 .text.get_boot_device
                0x0000000017803120       0xa0 arch/arm/mach-imx/built-in.o
                0x0000000017803120                get_boot_device
 .text.set_wdog_reset
                0x00000000178031c0       0x24 arch/arm/mach-imx/built-in.o
                0x00000000178031c0                set_wdog_reset
 .text.reset_misc
                0x00000000178031e4        0x4 arch/arm/mach-imx/built-in.o
                0x00000000178031e4                reset_misc
 .text.s_init   0x00000000178031e8       0xd0 arch/arm/mach-imx/built-in.o
                0x00000000178031e8                s_init
 .text.imx_enable_hdmi_phy
                0x00000000178032b8       0x60 arch/arm/mach-imx/built-in.o
                0x00000000178032b8                imx_enable_hdmi_phy
 .text.imx_setup_hdmi
                0x0000000017803318       0x98 arch/arm/mach-imx/built-in.o
                0x0000000017803318                imx_setup_hdmi
 .text.check_ldo_bypass
                0x00000000178033b0       0x78 arch/arm/mach-imx/built-in.o
                0x00000000178033b0                check_ldo_bypass
 .text.check_1_2G
                0x0000000017803428       0x5c arch/arm/mach-imx/built-in.o
                0x0000000017803428                check_1_2G
 .text.prep_anatop_bypass
                0x0000000017803484       0x68 arch/arm/mach-imx/built-in.o
                0x0000000017803484                prep_anatop_bypass
 .text.set_anatop_bypass
                0x00000000178034ec       0x60 arch/arm/mach-imx/built-in.o
                0x00000000178034ec                set_anatop_bypass
 .text.finish_anatop_bypass
                0x000000001780354c       0x28 arch/arm/mach-imx/built-in.o
                0x000000001780354c                finish_anatop_bypass
 .text.get_ipg_clk
                0x0000000017803574       0x28 arch/arm/mach-imx/built-in.o
 .text.get_uart_clk
                0x000000001780359c       0xe8 arch/arm/mach-imx/built-in.o
 .text.mxc_get_pll_pfd
                0x0000000017803684       0xec arch/arm/mach-imx/built-in.o
 .text.get_usdhc_clk
                0x0000000017803770       0xf8 arch/arm/mach-imx/built-in.o
 .text.enable_ocotp_clk
                0x0000000017803868       0x24 arch/arm/mach-imx/built-in.o
                0x0000000017803868                enable_ocotp_clk
 .text.enable_usboh3_clk
                0x000000001780388c       0x24 arch/arm/mach-imx/built-in.o
                0x000000001780388c                enable_usboh3_clk
 .text.enable_i2c_clk
                0x00000000178038b0       0xe8 arch/arm/mach-imx/built-in.o
                0x00000000178038b0                enable_i2c_clk
 .text.get_periph_clk
                0x0000000017803998       0xc8 arch/arm/mach-imx/built-in.o
                0x0000000017803998                get_periph_clk
 .text.get_axi_clk
                0x0000000017803a60       0x4c arch/arm/mach-imx/built-in.o
 .text.enable_fec_anatop_clock
                0x0000000017803aac      0x108 arch/arm/mach-imx/built-in.o
                0x0000000017803aac                enable_fec_anatop_clock
 .text.imx_get_uartclk
                0x0000000017803bb4        0x4 arch/arm/mach-imx/built-in.o
                0x0000000017803bb4                imx_get_uartclk
 .text.enable_thermal_clk
                0x0000000017803bb8       0x5c arch/arm/mach-imx/built-in.o
                0x0000000017803bb8                enable_thermal_clk
 .text.mxc_get_clock
                0x0000000017803c14      0x4ec arch/arm/mach-imx/built-in.o
                0x0000000017803c14                mxc_get_clock
 .text.imx_get_fecclk
                0x0000000017804100        0x8 arch/arm/mach-imx/built-in.o
                0x0000000017804100                imx_get_fecclk
 .text.do_mx6_showclocks
                0x0000000017804108      0x268 arch/arm/mach-imx/built-in.o
                0x0000000017804108                do_mx6_showclocks
 .text.enable_ipu_clock
                0x0000000017804370       0xc0 arch/arm/mach-imx/built-in.o
                0x0000000017804370                enable_ipu_clock
 .text.cpu_reset
                0x0000000017804430       0x28 arch/arm/mach-imx/built-in.o
                0x0000000017804430                cpu_reset
 .text.cpu_status
                0x0000000017804458       0x40 arch/arm/mach-imx/built-in.o
                0x0000000017804458                cpu_status
 .text.cpu_release
                0x0000000017804498       0x80 arch/arm/mach-imx/built-in.o
                0x0000000017804498                cpu_release
 .text.is_core_valid
                0x0000000017804518       0x1c arch/arm/mach-imx/built-in.o
                0x0000000017804518                is_core_valid
 .text.cpu_disable
                0x0000000017804534       0x28 arch/arm/mach-imx/built-in.o
                0x0000000017804534                cpu_disable
 .text.pfuze_mode_init
                0x000000001780455c       0xc0 board/freescale/common/built-in.o
                0x000000001780455c                pfuze_mode_init
 .text.pfuze_common_init
                0x000000001780461c       0xdc board/freescale/common/built-in.o
                0x000000001780461c                pfuze_common_init
 .text.board_late_mmc_env_init
                0x00000000178046f8       0x9c board/freescale/common/built-in.o
                0x00000000178046f8                board_late_mmc_env_init
 .text.enable_backlight
                0x0000000017804794       0x34 board/freescale/mx6sabresd/built-in.o
 .text.enable_rgb
                0x00000000178047c8       0x1c board/freescale/mx6sabresd/built-in.o
 .text.enable_lvds
                0x00000000178047e4        0x4 board/freescale/mx6sabresd/built-in.o
 .text.fec_phy_reset
                0x00000000178047e8       0x50 board/freescale/mx6sabresd/built-in.o
 .text.do_enable_hdmi
                0x0000000017804838       0x20 board/freescale/mx6sabresd/built-in.o
 .text.dram_init
                0x0000000017804858       0x18 board/freescale/mx6sabresd/built-in.o
                0x0000000017804858                dram_init
 .text.board_spi_cs_gpio
                0x0000000017804870       0x10 board/freescale/mx6sabresd/built-in.o
                0x0000000017804870                board_spi_cs_gpio
 .text.board_mmc_get_env_dev
                0x0000000017804880        0x8 board/freescale/mx6sabresd/built-in.o
                0x0000000017804880                board_mmc_get_env_dev
 .text.mmc_map_to_kernel_blk
                0x0000000017804888        0x8 board/freescale/mx6sabresd/built-in.o
                0x0000000017804888                mmc_map_to_kernel_blk
 .text.board_phy_config
                0x0000000017804890      0x188 board/freescale/mx6sabresd/built-in.o
                0x0000000017804890                board_phy_config
 .text.overwrite_console
                0x0000000017804a18        0x8 board/freescale/mx6sabresd/built-in.o
                0x0000000017804a18                overwrite_console
 .text.board_ehci_hcd_init
                0x0000000017804a20       0x4c board/freescale/mx6sabresd/built-in.o
                0x0000000017804a20                board_ehci_hcd_init
 .text.board_early_init_f
                0x0000000017804a6c       0xb8 board/freescale/mx6sabresd/built-in.o
                0x0000000017804a6c                board_early_init_f
 .text.board_init
                0x0000000017804b24       0x98 board/freescale/mx6sabresd/built-in.o
                0x0000000017804b24                board_init
 .text.power_init_board
                0x0000000017804bbc      0x1d8 board/freescale/mx6sabresd/built-in.o
                0x0000000017804bbc                power_init_board
 .text.ldo_mode_set
                0x0000000017804d94      0x1ec board/freescale/mx6sabresd/built-in.o
                0x0000000017804d94                ldo_mode_set
 .text.board_late_init
                0x0000000017804f80       0xe4 board/freescale/mx6sabresd/built-in.o
                0x0000000017804f80                board_late_init
 .text.checkboard
                0x0000000017805064       0x18 board/freescale/mx6sabresd/built-in.o
                0x0000000017805064                checkboard
 .text.do_go_exec
                0x000000001780507c       0x10 cmd/built-in.o
                0x000000001780507c                do_go_exec
 .text.do_go    0x000000001780508c       0x6c cmd/built-in.o
 .text.do_bootm
                0x00000000178050f8      0x108 cmd/built-in.o
                0x00000000178050f8                do_bootm
 .text.do_bootd
                0x0000000017805200       0x20 cmd/built-in.o
                0x0000000017805200                do_bootd
 .text.image_info
                0x0000000017805220       0xec cmd/built-in.o
 .text.do_iminfo
                0x000000001780530c       0x5c cmd/built-in.o
 .text.bootm_maybe_autostart
                0x0000000017805368       0x78 cmd/built-in.o
                0x0000000017805368                bootm_maybe_autostart
 .text.do_help  0x00000000178053e0       0x44 cmd/built-in.o
 .text.do_version
                0x0000000017805424       0x40 cmd/built-in.o
 .text.blk_common_cmd
                0x0000000017805464      0x310 cmd/built-in.o
                0x0000000017805464                blk_common_cmd
 .text.source   0x0000000017805774       0xd4 cmd/built-in.o
                0x0000000017805774                source
 .text.do_source
                0x0000000017805848       0x44 cmd/built-in.o
 .text.print_num
                0x000000001780588c       0x14 cmd/built-in.o
 .text.do_bdinfo
                0x00000000178058a0      0x10c cmd/built-in.o
 .text.efi_init_obj_list
                0x00000000178059ac       0x38 cmd/built-in.o
 .text.do_bootefi_exec
                0x00000000178059e4      0x424 cmd/built-in.o
 .text.do_bootefi
                0x0000000017805e08      0x144 cmd/built-in.o
 .text.efi_set_bootdev
                0x0000000017805f4c      0x11c cmd/built-in.o
                0x0000000017805f4c                efi_set_bootdev
 .text.do_bootz
                0x0000000017806068       0xfc cmd/built-in.o
                0x0000000017806068                do_bootz
 .text.parse_argv
                0x0000000017806164       0x64 cmd/built-in.o
 .text.do_icache
                0x00000000178061c8       0x88 cmd/built-in.o
 .text.do_dcache
                0x0000000017806250       0x88 cmd/built-in.o
 .text.do_coninfo
                0x00000000178062d8       0xb0 cmd/built-in.o
 .text.do_echo  0x0000000017806388       0xb4 cmd/built-in.o
 .text.load_elf_image_shdr
                0x000000001780643c       0x8c cmd/built-in.o
 .text.valid_elf_image
                0x00000000178064c8       0x4c cmd/built-in.o
                0x00000000178064c8                valid_elf_image
 .text.do_bootelf
                0x0000000017806514      0x1c4 cmd/built-in.o
                0x0000000017806514                do_bootelf
 .text.do_bootvx
                0x00000000178066d8      0x330 cmd/built-in.o
                0x00000000178066d8                do_bootvx
 .text.do_exit  0x0000000017806a08       0x48 cmd/built-in.o
 .text.do_ext4_size
                0x0000000017806a50       0x18 cmd/built-in.o
                0x0000000017806a50                do_ext4_size
 .text.do_ext4_load
                0x0000000017806a68       0x18 cmd/built-in.o
                0x0000000017806a68                do_ext4_load
 .text.do_ext4_ls
                0x0000000017806a80       0x18 cmd/built-in.o
                0x0000000017806a80                do_ext4_ls
 .text.do_ext4_write
                0x0000000017806a98       0x18 cmd/built-in.o
                0x0000000017806a98                do_ext4_write
 .text.do_ext2load
                0x0000000017806ab0       0x18 cmd/built-in.o
                0x0000000017806ab0                do_ext2load
 .text.do_ext2ls
                0x0000000017806ac8       0x18 cmd/built-in.o
 .text.do_fat_size
                0x0000000017806ae0       0x18 cmd/built-in.o
                0x0000000017806ae0                do_fat_size
 .text.do_fat_fsload
                0x0000000017806af8       0x18 cmd/built-in.o
                0x0000000017806af8                do_fat_fsload
 .text.do_fat_ls
                0x0000000017806b10       0x18 cmd/built-in.o
 .text.do_fat_fsinfo
                0x0000000017806b28       0x8c cmd/built-in.o
 .text.do_fat_fswrite
                0x0000000017806bb4      0x124 cmd/built-in.o
 .text.fdt_valid
                0x0000000017806cd8       0xbc cmd/built-in.o
 .text.is_printable_string
                0x0000000017806d94       0x88 cmd/built-in.o
 .text.print_data
                0x0000000017806e1c      0x170 cmd/built-in.o
 .text.set_working_fdt_addr
                0x0000000017806f8c       0x1c cmd/built-in.o
                0x0000000017806f8c                set_working_fdt_addr
 .text.do_fdt   0x0000000017806fa8      0xf44 cmd/built-in.o
 .text.do_size_wrapper
                0x0000000017807eec       0x18 cmd/built-in.o
 .text.do_load_wrapper
                0x0000000017807f04       0x64 cmd/built-in.o
 .text.do_save_wrapper
                0x0000000017807f68       0x18 cmd/built-in.o
 .text.do_ls_wrapper
                0x0000000017807f80       0x18 cmd/built-in.o
 .text.do_fstype_wrapper
                0x0000000017807f98        0x4 cmd/built-in.o
 .text.strtou32
                0x0000000017807f9c       0x44 cmd/built-in.o
 .text.do_fuse  0x0000000017807fe0      0x364 cmd/built-in.o
 .text.gpio_get_description
                0x0000000017808344       0xcc cmd/built-in.o
 .text.do_gpio  0x0000000017808410      0x360 cmd/built-in.o
 .text.do_i2c   0x0000000017808770       0x68 cmd/built-in.o
 .text.i2c_get_cur_bus
                0x00000000178087d8       0x38 cmd/built-in.o
 .text.do_i2c_bus_speed
                0x0000000017808810       0x98 cmd/built-in.o
 .text.do_i2c_reset
                0x00000000178088a8       0x3c cmd/built-in.o
 .text.i2c_get_cur_bus_chip
                0x00000000178088e4       0x38 cmd/built-in.o
 .text.do_i2c_olen
                0x000000001780891c       0xb4 cmd/built-in.o
 .text.do_i2c_flags
                0x00000000178089d0       0xb8 cmd/built-in.o
 .text.do_i2c_probe
                0x0000000017808a88       0xc4 cmd/built-in.o
 .text.do_i2c_bus_num
                0x0000000017808b4c       0xa4 cmd/built-in.o
 .text.show_bus
                0x0000000017808bf0       0x9c cmd/built-in.o
 .text.do_i2c_show_bus
                0x0000000017808c8c       0xb0 cmd/built-in.o
 .text.get_alen.constprop.4
                0x0000000017808d3c       0x3c cmd/built-in.o
 .text.do_i2c_crc
                0x0000000017808d78      0x16c cmd/built-in.o
 .text.mod_i2c_mem.isra.1
                0x0000000017808ee4      0x224 cmd/built-in.o
 .text.do_i2c_nm
                0x0000000017809108        0x8 cmd/built-in.o
 .text.do_i2c_mm
                0x0000000017809110        0x8 cmd/built-in.o
 .text.do_i2c_md
                0x0000000017809118      0x220 cmd/built-in.o
 .text.do_i2c_read
                0x0000000017809338       0xf4 cmd/built-in.o
 .text.do_i2c_mw
                0x000000001780942c      0x134 cmd/built-in.o
 .text.do_i2c_write
                0x0000000017809560      0x1a0 cmd/built-in.o
 .text.do_i2c_loop
                0x0000000017809700      0x144 cmd/built-in.o
 .text.evalexp  0x0000000017809844       0x7c cmd/built-in.o
 .text.evalstr  0x00000000178098c0       0x64 cmd/built-in.o
 .text.binary_test
                0x0000000017809924      0x1c0 cmd/built-in.o
 .text.do_itest
                0x0000000017809ae4       0x88 cmd/built-in.o
 .text.bin_data_init
                0x0000000017809b6c       0x2c cmd/built-in.o
 .text.k_data_save
                0x0000000017809b98       0x4c cmd/built-in.o
 .text.k_data_restore
                0x0000000017809be4       0x4c cmd/built-in.o
 .text.getcxmodem
                0x0000000017809c30       0x20 cmd/built-in.o
 .text.load_serial_ymodem
                0x0000000017809c50       0xcc cmd/built-in.o
 .text.bin_data_char
                0x0000000017809d1c       0x2c cmd/built-in.o
 .text.chk1.constprop.1
                0x0000000017809d48       0x30 cmd/built-in.o
 .text.s1_sendpacket.constprop.2
                0x0000000017809d78       0x50 cmd/built-in.o
 .text.load_serial
                0x0000000017809dc8      0x1e4 cmd/built-in.o
 .text.do_load_serial
                0x0000000017809fac       0xdc cmd/built-in.o
 .text.do_load_serial_bin
                0x000000001780a088      0x79c cmd/built-in.o
 .text.do_mem_mw
                0x000000001780a824       0xc0 cmd/built-in.o
 .text.do_mem_loop
                0x000000001780a8e4       0xec cmd/built-in.o
 .text.do_mem_md
                0x000000001780a9d0       0xe8 cmd/built-in.o
 .text.do_mem_cmp
                0x000000001780aab8      0x154 cmd/built-in.o
 .text.do_mem_base
                0x000000001780ac0c       0x40 cmd/built-in.o
 .text.do_mem_cp
                0x000000001780ac4c       0xa8 cmd/built-in.o
 .text.do_mem_crc
                0x000000001780acf4       0x48 cmd/built-in.o
 .text.do_mem_mtest
                0x000000001780ad3c      0x228 cmd/built-in.o
 .text.mod_mem.isra.0
                0x000000001780af64      0x170 cmd/built-in.o
 .text.do_mem_mm
                0x000000001780b0d4        0x8 cmd/built-in.o
 .text.do_mem_nm
                0x000000001780b0dc        0x8 cmd/built-in.o
 .text.extract_range
                0x000000001780b0e4       0xe4 cmd/built-in.o
 .text.do_mii   0x000000001780b1c8      0x90c cmd/built-in.o
 .text.do_mdio  0x000000001780bad4      0x4e4 cmd/built-in.o
 .text.do_sleep
                0x000000001780bfb8       0xd0 cmd/built-in.o
 .text.do_mmcops
                0x000000001780c088       0xb8 cmd/built-in.o
 .text.init_mmc_device
                0x000000001780c140       0x50 cmd/built-in.o
 .text.do_mmc_rescan
                0x000000001780c190       0x24 cmd/built-in.o
 .text.do_mmc_rst_func
                0x000000001780c1b4       0x9c cmd/built-in.o
 .text.do_mmc_partconf
                0x000000001780c250       0xfc cmd/built-in.o
 .text.do_mmc_boot_resize
                0x000000001780c34c       0xc8 cmd/built-in.o
 .text.do_mmc_bootbus
                0x000000001780c414       0xb0 cmd/built-in.o
 .text.do_mmc_hwpartition
                0x000000001780c4c4      0x510 cmd/built-in.o
 .text.do_mmc_list
                0x000000001780c9d4       0x14 cmd/built-in.o
 .text.do_mmc_dev
                0x000000001780c9e8      0x134 cmd/built-in.o
 .text.do_mmc_part
                0x000000001780cb1c       0x60 cmd/built-in.o
 .text.do_mmc_erase
                0x000000001780cb7c       0xe8 cmd/built-in.o
 .text.do_mmc_write
                0x000000001780cc64      0x100 cmd/built-in.o
 .text.do_mmc_read
                0x000000001780cd64       0xe0 cmd/built-in.o
 .text.do_mmcinfo
                0x000000001780ce44      0x3a8 cmd/built-in.o
 .text.do_mmc_setdsr
                0x000000001780d1ec       0xa8 cmd/built-in.o
 .text.cpu_cmd  0x000000001780d294      0x158 cmd/built-in.o
 .text.netboot_common
                0x000000001780d3ec      0x288 cmd/built-in.o
 .text.do_bootp
                0x000000001780d674        0xc cmd/built-in.o
 .text.do_dhcp  0x000000001780d680        0xc cmd/built-in.o
 .text.do_nfs   0x000000001780d68c        0xc cmd/built-in.o
 .text.do_tftpb
                0x000000001780d698       0x40 cmd/built-in.o
                0x000000001780d698                do_tftpb
 .text.do_ping  0x000000001780d6d8       0x78 cmd/built-in.o
 .text.do_raw_read
                0x000000001780d750      0x160 cmd/built-in.o
                0x000000001780d750                do_raw_read
 .text.bytes_per_second
                0x000000001780d8b0       0x50 cmd/built-in.o
 .text.do_spi_flash
                0x000000001780d900      0x84c cmd/built-in.o
 .text.substitute
                0x000000001780e14c       0xf0 cmd/built-in.o
 .text.get_arg  0x000000001780e23c       0x58 cmd/built-in.o
 .text.regex_sub
                0x000000001780e294      0x454 cmd/built-in.o
 .text.do_setexpr
                0x000000001780e6e8      0x180 cmd/built-in.o
 .text.do_false
                0x000000001780e868        0x8 cmd/built-in.o
 .text.do_true  0x000000001780e870        0x8 cmd/built-in.o
 .text.do_test  0x000000001780e878      0x32c cmd/built-in.o
 .text.usb_get_class_desc
                0x000000001780eba4       0xbc cmd/built-in.o
 .text.usb_display_class_sub
                0x000000001780ec60      0x170 cmd/built-in.o
 .text.usb_display_desc
                0x000000001780edd0      0x150 cmd/built-in.o
 .text.usb_show_tree_graph
                0x000000001780ef20      0x22c cmd/built-in.o
 .text.usb_show_subtree
                0x000000001780f14c       0x30 cmd/built-in.o
 .text.usb_for_each_root_dev
                0x000000001780f17c       0x6c cmd/built-in.o
 .text.usb_display_string
                0x000000001780f1e8       0x44 cmd/built-in.o
 .text.usb_display_config
                0x000000001780f22c      0x228 cmd/built-in.o
 .text.usb_show_info
                0x000000001780f454       0x74 cmd/built-in.o
 .text.usb_find_device
                0x000000001780f4c8       0xb4 cmd/built-in.o
 .text.do_usbboot
                0x000000001780f57c        0xc cmd/built-in.o
 .text.do_usb_start
                0x000000001780f588       0x30 cmd/built-in.o
 .text.usb_show_tree
                0x000000001780f5b8        0xc cmd/built-in.o
                0x000000001780f5b8                usb_show_tree
 .text.do_usb   0x000000001780f5c4      0x3e0 cmd/built-in.o
 .text.common_diskboot
                0x000000001780f9a4      0x228 cmd/built-in.o
                0x000000001780f9a4                common_diskboot
 .text.do_fastboot
                0x000000001780fbcc       0xb8 cmd/built-in.o
 .text.ums_fini
                0x000000001780fc84       0x58 cmd/built-in.o
 .text.ums_write_sector
                0x000000001780fcdc       0x10 cmd/built-in.o
 .text.ums_read_sector
                0x000000001780fcec       0x10 cmd/built-in.o
 .text.do_usb_mass_storage
                0x000000001780fcfc      0x350 cmd/built-in.o
 .text.do_imgextract
                0x000000001781004c      0x280 cmd/built-in.o
 .text.do_dfu   0x00000000178102cc       0x80 cmd/built-in.o
 .text.do_env_delete
                0x000000001781034c       0x9c cmd/built-in.o
 .text.do_env_exists
                0x00000000178103e8       0x64 cmd/built-in.o
 .text.do_env_save
                0x000000001781044c       0x14 cmd/built-in.o
 .text.do_env   0x0000000017810460       0x68 cmd/built-in.o
 .text.env_print
                0x00000000178104c8       0xc4 cmd/built-in.o
 .text.do_env_print
                0x000000001781058c       0xc0 cmd/built-in.o
 .text.do_env_import
                0x000000001781064c      0x26c cmd/built-in.o
 .text.do_env_default
                0x00000000178108b8       0x9c cmd/built-in.o
 .text._do_env_set.isra.0
                0x0000000017810954      0x1ac cmd/built-in.o
 .text.do_env_set
                0x0000000017810b00       0x20 cmd/built-in.o
 .text.get_env_id
                0x0000000017810b20       0x10 cmd/built-in.o
                0x0000000017810b20                get_env_id
 .text.env_set  0x0000000017810b30       0x60 cmd/built-in.o
                0x0000000017810b30                env_set
 .text.env_set_ulong
                0x0000000017810b90       0x20 cmd/built-in.o
                0x0000000017810b90                env_set_ulong
 .text.env_set_hex
                0x0000000017810bb0       0x34 cmd/built-in.o
                0x0000000017810bb0                env_set_hex
 .text.do_env_export
                0x0000000017810be4      0x224 cmd/built-in.o
 .text.envmatch
                0x0000000017810e08       0x64 cmd/built-in.o
                0x0000000017810e08                envmatch
 .text.env_get_f
                0x0000000017810e6c       0xdc cmd/built-in.o
                0x0000000017810e6c                env_get_f
 .text.env_get  0x0000000017810f48       0x78 cmd/built-in.o
                0x0000000017810f48                env_get
 .text.env_get_hex
                0x0000000017810fc0       0x3c cmd/built-in.o
                0x0000000017810fc0                env_get_hex
 .text.env_get_ulong
                0x0000000017810ffc       0x30 cmd/built-in.o
                0x0000000017810ffc                env_get_ulong
 .text.do_env_edit.part.2
                0x000000001781102c       0xa4 cmd/built-in.o
 .text.do_env_edit
                0x00000000178110d0       0x2c cmd/built-in.o
 .text.board_init_f_alloc_reserve
                0x00000000178110fc        0xc common/built-in.o
                0x00000000178110fc                board_init_f_alloc_reserve
 .text.board_init_f_init_reserve
                0x0000000017811108       0x20 common/built-in.o
                0x0000000017811108                board_init_f_init_reserve
 .text.show_boot_progress
                0x0000000017811128        0x8 common/built-in.o
                0x0000000017811128                show_boot_progress
 .text.main_loop
                0x0000000017811130       0x4c common/built-in.o
                0x0000000017811130                main_loop
 .text.mdelay   0x000000001781117c       0x24 common/built-in.o
 .text.dummy    0x00000000178111a0        0x4 common/built-in.o
 .text.get_version
                0x00000000178111a4        0x8 common/built-in.o
                0x00000000178111a4                get_version
 .text.jumptable_init
                0x00000000178111ac      0x1e0 common/built-in.o
                0x00000000178111ac                jumptable_init
 .text.hash_finish_crc32
                0x000000001781138c       0x30 common/built-in.o
 .text.hash_update_crc32
                0x00000000178113bc       0x24 common/built-in.o
 .text.hash_init_crc32
                0x00000000178113e0       0x24 common/built-in.o
 .text.hash_lookup_algo
                0x0000000017811404       0x28 common/built-in.o
                0x0000000017811404                hash_lookup_algo
 .text.hash_command
                0x000000001781142c       0xb0 common/built-in.o
                0x000000001781142c                hash_command
 .text.b_reset  0x00000000178114dc       0x1c common/built-in.o
 .text.static_get
                0x00000000178114f8       0x1c common/built-in.o
 .text.file_peek
                0x0000000017811514        0xc common/built-in.o
 .text.mapset   0x0000000017811520       0x24 common/built-in.o
 .text.syntax_err
                0x0000000017811544        0xc common/built-in.o
 .text.free_pipe_list
                0x0000000017811550       0xf0 common/built-in.o
 .text.xmalloc  0x0000000017811640       0x20 common/built-in.o
 .text.new_pipe
                0x0000000017811660       0x28 common/built-in.o
 .text.xrealloc
                0x0000000017811688       0x20 common/built-in.o
 .text.done_command
                0x00000000178116a8       0x88 common/built-in.o
 .text.done_pipe
                0x0000000017811730       0x48 common/built-in.o
 .text.done_word
                0x0000000017811778      0x2d4 common/built-in.o
 .text.do_showvar
                0x0000000017811a4c      0x100 common/built-in.o
 .text.is_assignment
                0x0000000017811b4c       0x5c common/built-in.o
 .text.file_get
                0x0000000017811ba8      0x1ec common/built-in.o
 .text.b_addchr
                0x0000000017811d94       0x80 common/built-in.o
 .text.b_addqchr
                0x0000000017811e14       0x50 common/built-in.o
 .text.static_peek
                0x0000000017811e64        0xc common/built-in.o
 .text.get_local_var
                0x0000000017811e70       0x94 common/built-in.o
                0x0000000017811e70                get_local_var
 .text.set_local_var
                0x0000000017811f04      0x1a8 common/built-in.o
                0x0000000017811f04                set_local_var
 .text.insert_var_value_sub
                0x00000000178120ac      0x2bc common/built-in.o
 .text.parse_string_outer
                0x0000000017812368       0xe8 common/built-in.o
                0x0000000017812368                parse_string_outer
 .text.run_list_real
                0x0000000017812450      0x7a8 common/built-in.o
 .text.parse_stream_outer
                0x0000000017812bf8      0x6b0 common/built-in.o
 .text.parse_file_outer
                0x00000000178132a8       0x44 common/built-in.o
                0x00000000178132a8                parse_file_outer
 .text.u_boot_hush_start
                0x00000000178132ec       0x54 common/built-in.o
                0x00000000178132ec                u_boot_hush_start
 .text.bootdelay_process
                0x0000000017813340      0x180 common/built-in.o
                0x0000000017813340                bootdelay_process
 .text.autoboot_command
                0x00000000178134c0       0xf4 common/built-in.o
                0x00000000178134c0                autoboot_command
 .text.log_init
                0x00000000178135b4       0x10 common/built-in.o
 .text.setup_mon_len
                0x00000000178135c4       0x20 common/built-in.o
 .text.reserve_round_4k
                0x00000000178135e4       0x18 common/built-in.o
 .text.reserve_mmu
                0x00000000178135fc       0x38 common/built-in.o
                0x00000000178135fc                reserve_mmu
 .text.reserve_uboot
                0x0000000017813634       0x30 common/built-in.o
 .text.reserve_malloc
                0x0000000017813664       0x18 common/built-in.o
 .text.setup_machine
                0x000000001781367c       0x14 common/built-in.o
 .text.reserve_global_data
                0x0000000017813690       0x1c common/built-in.o
 .text.reserve_fdt
                0x00000000178136ac       0x4c common/built-in.o
 .text.initf_console_record
                0x00000000178136f8        0x8 common/built-in.o
 .text.arch_cpu_init_dm
                0x0000000017813700        0x8 common/built-in.o
                0x0000000017813700                arch_cpu_init_dm
 .text.dram_init_banksize
                0x0000000017813708       0x24 common/built-in.o
                0x0000000017813708                dram_init_banksize
 .text.setup_reloc
                0x000000001781372c       0x3c common/built-in.o
 .text.reloc_fdt
                0x0000000017813768       0x44 common/built-in.o
 .text.reserve_board
                0x00000000178137ac       0x40 common/built-in.o
 .text.announce_dram_init
                0x00000000178137ec       0x18 common/built-in.o
 .text.init_baud_rate
                0x0000000017813804       0x2c common/built-in.o
 .text.initf_dm
                0x0000000017813830        0x8 common/built-in.o
 .text.initf_bootstage
                0x0000000017813838       0x14 common/built-in.o
 .text.reserve_arch
                0x000000001781384c        0x8 common/built-in.o
                0x000000001781384c                reserve_arch
 .text.display_text_info
                0x0000000017813854        0x8 common/built-in.o
 .text.mach_cpu_init
                0x000000001781385c        0x8 common/built-in.o
                0x000000001781385c                mach_cpu_init
 .text.reserve_video
                0x0000000017813864        0x8 common/built-in.o
 .text.reserve_trace
                0x000000001781386c        0x8 common/built-in.o
 .text.reserve_bootstage
                0x0000000017813874        0x8 common/built-in.o
 .text.display_new_sp
                0x000000001781387c        0x8 common/built-in.o
 .text.reloc_bootstage
                0x0000000017813884        0x8 common/built-in.o
 .text.coloured_LED_init
                0x000000001781388c        0x4 common/built-in.o
                0x000000001781388c                coloured_LED_init
 .text.red_led_on
                0x0000000017813890        0x4 common/built-in.o
                0x0000000017813890                red_led_on
 .text.board_add_ram_info
                0x0000000017813894        0x4 common/built-in.o
                0x0000000017813894                board_add_ram_info
 .text.show_dram_config
                0x0000000017813898       0x38 common/built-in.o
 .text.board_get_usable_ram_top
                0x00000000178138d0       0x14 common/built-in.o
                0x00000000178138d0                board_get_usable_ram_top
 .text.setup_dest_addr
                0x00000000178138e4       0x3c common/built-in.o
 .text.reserve_stacks
                0x0000000017813920       0x1c common/built-in.o
 .text.board_init_f
                0x000000001781393c       0x28 common/built-in.o
                0x000000001781393c                board_init_f
 .text.bootstage_relocate
                0x0000000017813964        0x8 common/built-in.o
 .text.initr_reloc
                0x000000001781396c       0x18 common/built-in.o
 .text.initr_announce
                0x0000000017813984        0x8 common/built-in.o
 .text.run_main_loop
                0x000000001781398c        0xc common/built-in.o
 .text.initr_check_fastboot
                0x0000000017813998       0x10 common/built-in.o
 .text.initr_net
                0x00000000178139a8       0x1c common/built-in.o
 .text.initr_fastboot_setup
                0x00000000178139c4       0x10 common/built-in.o
 .text.initr_ethaddr
                0x00000000178139d4       0x20 common/built-in.o
 .text.initr_enable_interrupts
                0x00000000178139f4       0x10 common/built-in.o
 .text.initr_jumptable
                0x0000000017813a04       0x10 common/built-in.o
 .text.initr_env
                0x0000000017813a14       0x64 common/built-in.o
 .text.initr_mmc
                0x0000000017813a78       0x20 common/built-in.o
 .text.initr_serial
                0x0000000017813a98       0x10 common/built-in.o
 .text.initr_dm
                0x0000000017813aa8       0x14 common/built-in.o
 .text.initr_bootstage
                0x0000000017813abc       0x14 common/built-in.o
 .text.initr_malloc
                0x0000000017813ad0       0x24 common/built-in.o
 .text.initr_reloc_global_data
                0x0000000017813af4       0x38 common/built-in.o
 .text.initr_caches
                0x0000000017813b2c       0x10 common/built-in.o
 .text.initr_trace
                0x0000000017813b3c        0x8 common/built-in.o
 .text.initr_barrier
                0x0000000017813b44        0x8 common/built-in.o
 .text.initr_console_record
                0x0000000017813b4c        0x8 common/built-in.o
 .text.cpu_secondary_init_r
                0x0000000017813b54        0x4 common/built-in.o
                0x0000000017813b54                cpu_secondary_init_r
 .text.initr_secondary_cpu
                0x0000000017813b58       0x10 common/built-in.o
 .text.board_init_r
                0x0000000017813b68       0x20 common/built-in.o
                0x0000000017813b68                board_init_r
 .text.show_board_info
                0x0000000017813b88       0x38 common/built-in.o
                0x0000000017813b88                show_board_info
 .text.bootm_find_images
                0x0000000017813bc0       0xa8 common/built-in.o
                0x0000000017813bc0                bootm_find_images
 .text.bootm_decomp_image
                0x0000000017813c68      0x140 common/built-in.o
                0x0000000017813c68                bootm_decomp_image
 .text.bootm_disable_interrupts
                0x0000000017813da8       0x18 common/built-in.o
                0x0000000017813da8                bootm_disable_interrupts
 .text.do_bootm_states
                0x0000000017813dc0      0x7a4 common/built-in.o
                0x0000000017813dc0                do_bootm_states
 .text.copy_args
                0x0000000017814564       0x50 common/built-in.o
 .text.do_bootm_rtems
                0x00000000178145b4       0x40 common/built-in.o
 .text.do_bootm_plan9
                0x00000000178145f4       0xa4 common/built-in.o
 .text.do_bootm_standalone
                0x0000000017814698       0x64 common/built-in.o
 .text.do_bootm_qnxelf
                0x00000000178146fc       0x78 common/built-in.o
 .text.do_bootm_netbsd
                0x0000000017814774       0xf8 common/built-in.o
 .text.do_bootvx_fdt
                0x000000001781486c      0x118 common/built-in.o
                0x000000001781486c                do_bootvx_fdt
 .text.do_bootm_vxworks
                0x0000000017814984       0x24 common/built-in.o
 .text.boot_selected_os
                0x00000000178149a8       0x58 common/built-in.o
                0x00000000178149a8                boot_selected_os
 .text.bootm_os_get_boot_func
                0x0000000017814a00       0x10 common/built-in.o
                0x0000000017814a00                bootm_os_get_boot_func
 .text.of_bus_default_map
                0x0000000017814a10       0xdc common/built-in.o
 .text.fdt_support_default_count_cells
                0x0000000017814aec       0x58 common/built-in.o
                0x0000000017814aec                fdt_support_default_count_cells
 .text.of_bus_default_translate
                0x0000000017814b44       0xa8 common/built-in.o
 .text.fdt_find_and_setprop
                0x0000000017814bec       0x70 common/built-in.o
                0x0000000017814bec                fdt_find_and_setprop
 .text.fdt_find_or_add_subnode
                0x0000000017814c5c       0x60 common/built-in.o
                0x0000000017814c5c                fdt_find_or_add_subnode
 .text.fdt_root
                0x0000000017814cbc       0x90 common/built-in.o
                0x0000000017814cbc                fdt_root
 .text.fdt_initrd
                0x0000000017814d4c      0x1c8 common/built-in.o
                0x0000000017814d4c                fdt_initrd
 .text.fdt_chosen
                0x0000000017814f14       0xa8 common/built-in.o
                0x0000000017814f14                fdt_chosen
 .text.do_fixup_by_path
                0x0000000017814fbc       0x54 common/built-in.o
                0x0000000017814fbc                do_fixup_by_path
 .text.fdt_fixup_memory_banks
                0x0000000017815010      0x210 common/built-in.o
                0x0000000017815010                fdt_fixup_memory_banks
 .text.fdt_fixup_memory
                0x0000000017815220       0x20 common/built-in.o
                0x0000000017815220                fdt_fixup_memory
 .text.fdt_fixup_ethernet
                0x0000000017815240      0x1b0 common/built-in.o
                0x0000000017815240                fdt_fixup_ethernet
 .text.fdt_shrink_to_minimum
                0x00000000178153f0       0xd0 common/built-in.o
                0x00000000178153f0                fdt_shrink_to_minimum
 .text.fdt_translate_address
                0x00000000178154c0      0x298 common/built-in.o
                0x00000000178154c0                fdt_translate_address
 .text.miiphy_get_dev_by_name
                0x0000000017815758       0x58 common/built-in.o
                0x0000000017815758                miiphy_get_dev_by_name
 .text.miiphy_init
                0x00000000178157b0       0x24 common/built-in.o
                0x00000000178157b0                miiphy_init
 .text.mdio_alloc
                0x00000000178157d4       0x30 common/built-in.o
                0x00000000178157d4                mdio_alloc
 .text.mdio_free
                0x0000000017815804        0x4 common/built-in.o
                0x0000000017815804                mdio_free
 .text.mdio_register
                0x0000000017815808       0x88 common/built-in.o
                0x0000000017815808                mdio_register
 .text.mdio_unregister
                0x0000000017815890       0x3c common/built-in.o
                0x0000000017815890                mdio_unregister
 .text.mdio_list_devices
                0x00000000178158cc       0xb0 common/built-in.o
                0x00000000178158cc                mdio_list_devices
 .text.miiphy_set_current_dev
                0x000000001781597c       0x40 common/built-in.o
                0x000000001781597c                miiphy_set_current_dev
 .text.miiphy_get_active_dev
                0x00000000178159bc       0x54 common/built-in.o
 .text.mdio_get_current_dev
                0x0000000017815a10       0x10 common/built-in.o
                0x0000000017815a10                mdio_get_current_dev
 .text.mdio_phydev_for_ethname
                0x0000000017815a20       0x8c common/built-in.o
                0x0000000017815a20                mdio_phydev_for_ethname
 .text.miiphy_get_current_dev
                0x0000000017815aac       0x18 common/built-in.o
                0x0000000017815aac                miiphy_get_current_dev
 .text.miiphy_read
                0x0000000017815ac4       0x4c common/built-in.o
                0x0000000017815ac4                miiphy_read
 .text.miiphy_write
                0x0000000017815b10       0x40 common/built-in.o
                0x0000000017815b10                miiphy_write
 .text.miiphy_listdev
                0x0000000017815b50       0x78 common/built-in.o
                0x0000000017815b50                miiphy_listdev
 .text.miiphy_info
                0x0000000017815bc8       0x88 common/built-in.o
                0x0000000017815bc8                miiphy_info
 .text.miiphy_speed
                0x0000000017815c50       0xc4 common/built-in.o
                0x0000000017815c50                miiphy_speed
 .text.miiphy_duplex
                0x0000000017815d14       0xbc common/built-in.o
                0x0000000017815d14                miiphy_duplex
 .text.miiphy_is_1000base_x
                0x0000000017815dd0        0x8 common/built-in.o
                0x0000000017815dd0                miiphy_is_1000base_x
 .text.usb_set_maxpacket_ep
                0x0000000017815dd8       0x78 common/built-in.o
 .text.usb_control_msg
                0x0000000017815e50       0x9c common/built-in.o
                0x0000000017815e50                usb_control_msg
 .text.usb_get_descriptor
                0x0000000017815eec       0x58 common/built-in.o
 .text.get_descriptor_len
                0x0000000017815f44       0x90 common/built-in.o
 .text.usb_setup_descriptor
                0x0000000017815fd4       0xd8 common/built-in.o
 .text.usb_get_string
                0x00000000178160ac       0x74 common/built-in.o
 .text.usb_string_sub
                0x0000000017816120      0x104 common/built-in.o
 .text.usb_bulk_msg
                0x0000000017816224       0x70 common/built-in.o
                0x0000000017816224                usb_bulk_msg
 .text.usb_maxpacket
                0x0000000017816294       0x1c common/built-in.o
                0x0000000017816294                usb_maxpacket
 .text.usb_clear_halt
                0x00000000178162b0       0x90 common/built-in.o
                0x00000000178162b0                usb_clear_halt
 .text.usb_get_configuration_len
                0x0000000017816340       0x74 common/built-in.o
                0x0000000017816340                usb_get_configuration_len
 .text.usb_get_configuration_no
                0x00000000178163b4       0x34 common/built-in.o
                0x00000000178163b4                usb_get_configuration_no
 .text.usb_set_interface
                0x00000000178163e8       0xb4 common/built-in.o
                0x00000000178163e8                usb_set_interface
 .text.usb_string
                0x000000001781649c      0x100 common/built-in.o
                0x000000001781649c                usb_string
 .text.usb_select_config
                0x000000001781659c      0x474 common/built-in.o
                0x000000001781659c                usb_select_config
 .text.usb_setup_device
                0x0000000017816a10      0x100 common/built-in.o
                0x0000000017816a10                usb_setup_device
 .text.board_usb_init
                0x0000000017816b10        0x8 common/built-in.o
                0x0000000017816b10                board_usb_init
 .text.board_usb_cleanup
                0x0000000017816b18        0x8 common/built-in.o
                0x0000000017816b18                board_usb_cleanup
 .text.usb_device_has_child_on_port
                0x0000000017816b20        0x8 common/built-in.o
                0x0000000017816b20                usb_device_has_child_on_port
 .text.usb_find_usb2_hub_address_port
                0x0000000017816b28       0x74 common/built-in.o
                0x0000000017816b28                usb_find_usb2_hub_address_port
 .text.usb_set_port_feature
                0x0000000017816b9c       0x4c common/built-in.o
 .text.usb_clear_port_feature
                0x0000000017816be8       0x4c common/built-in.o
 .text.usb_get_hub_descriptor
                0x0000000017816c34       0x5c common/built-in.o
 .text.usb_hub_reset_devices
                0x0000000017816c90        0x4 common/built-in.o
                0x0000000017816c90                usb_hub_reset_devices
 .text.usb_hub_is_root_hub
                0x0000000017816c94       0x18 common/built-in.o
                0x0000000017816c94                usb_hub_is_root_hub
 .text.usb_get_port_status
                0x0000000017816cac       0xac common/built-in.o
                0x0000000017816cac                usb_get_port_status
 .text.usb_hub_port_connect_change
                0x0000000017816d58      0x170 common/built-in.o
                0x0000000017816d58                usb_hub_port_connect_change
 .text.usb_hub_configure
                0x0000000017816ec8      0x5c4 common/built-in.o
 .text.usb_hub_scan
                0x000000001781748c       0x10 common/built-in.o
                0x000000001781748c                usb_hub_scan
 .text.usb_hub_post_probe
                0x000000001781749c        0x4 common/built-in.o
 .text.usb_stor_irq
                0x00000000178174a0       0x1c common/built-in.o
 .text.usb_stor_BBB_reset
                0x00000000178174bc      0x108 common/built-in.o
 .text.usb_stor_CB_reset
                0x00000000178175c4       0xe4 common/built-in.o
 .text.usb_stor_BBB_clear_endpt_stall.isra.0
                0x00000000178176a8       0x40 common/built-in.o
 .text.usb_stor_BBB_transport
                0x00000000178176e8      0x270 common/built-in.o
 .text.usb_stor_CB_comdat
                0x0000000017817958      0x218 common/built-in.o
 .text.usb_stor_CBI_get_status.isra.2
                0x0000000017817b70       0xd4 common/built-in.o
 .text.usb_stor_CB_transport
                0x0000000017817c44      0x228 common/built-in.o
 .text.usb_request_sense.constprop.11
                0x0000000017817e6c       0x70 common/built-in.o
 .text.usb_stor_read
                0x0000000017817edc      0x164 common/built-in.o
 .text.usb_stor_write
                0x0000000017818040      0x164 common/built-in.o
 .text.usb_stor_info
                0x00000000178181a4       0x74 common/built-in.o
                0x00000000178181a4                usb_stor_info
 .text.usb_stor_reset
                0x0000000017818218       0x14 common/built-in.o
                0x0000000017818218                usb_stor_reset
 .text.usb_stor_scan
                0x000000001781822c       0x48 common/built-in.o
                0x000000001781822c                usb_stor_scan
 .text.usb_storage_probe
                0x0000000017818274      0x24c common/built-in.o
                0x0000000017818274                usb_storage_probe
 .text.usb_stor_get_info
                0x00000000178184c0      0x324 common/built-in.o
                0x00000000178184c0                usb_stor_get_info
 .text.usb_mass_storage_probe
                0x00000000178187e4      0x178 common/built-in.o
 .text.splash_screen_prepare
                0x000000001781895c        0x8 common/built-in.o
                0x000000001781895c                splash_screen_prepare
 .text.splash_get_pos
                0x0000000017818964       0x88 common/built-in.o
                0x0000000017818964                splash_get_pos
 .text.delete_char.part.0
                0x00000000178189ec       0xd4 common/built-in.o
 .text.cread_add_char
                0x0000000017818ac0       0xe8 common/built-in.o
 .text.cli_readline_into_buffer
                0x0000000017818ba8      0xa1c common/built-in.o
                0x0000000017818ba8                cli_readline_into_buffer
 .text.cli_readline
                0x00000000178195c4       0x14 common/built-in.o
                0x00000000178195c4                cli_readline
 .text.console_setfile
                0x00000000178195d8       0xbc common/built-in.o
 .text.serial_printf
                0x0000000017819694       0x44 common/built-in.o
                0x0000000017819694                serial_printf
 .text.putc     0x00000000178196d8       0x34 common/built-in.o
                0x00000000178196d8                putc
 .text.puts     0x000000001781970c       0x34 common/built-in.o
                0x000000001781970c                puts
 .text.fgetc    0x0000000017819740       0x24 common/built-in.o
                0x0000000017819740                fgetc
 .text.getc     0x0000000017819764       0x24 common/built-in.o
                0x0000000017819764                getc
 .text.ftstc    0x0000000017819788       0x24 common/built-in.o
                0x0000000017819788                ftstc
 .text.tstc     0x00000000178197ac       0x24 common/built-in.o
                0x00000000178197ac                tstc
 .text.fputs    0x00000000178197d0       0x1c common/built-in.o
                0x00000000178197d0                fputs
 .text.ctrlc    0x00000000178197ec       0x58 common/built-in.o
                0x00000000178197ec                ctrlc
 .text.confirm_yesno
                0x0000000017819844       0xcc common/built-in.o
                0x0000000017819844                confirm_yesno
 .text.disable_ctrlc
                0x0000000017819910       0x18 common/built-in.o
                0x0000000017819910                disable_ctrlc
 .text.had_ctrlc
                0x0000000017819928       0x10 common/built-in.o
                0x0000000017819928                had_ctrlc
 .text.clear_ctrlc
                0x0000000017819938       0x14 common/built-in.o
                0x0000000017819938                clear_ctrlc
 .text.search_device
                0x000000001781994c       0x28 common/built-in.o
                0x000000001781994c                search_device
 .text.console_assign
                0x0000000017819974       0x40 common/built-in.o
                0x0000000017819974                console_assign
 .text.on_console
                0x00000000178199b4       0xb8 common/built-in.o
 .text.console_init_f
                0x0000000017819a6c       0x10 common/built-in.o
                0x0000000017819a6c                console_init_f
 .text.stdio_print_current_devices
                0x0000000017819a7c       0xb0 common/built-in.o
                0x0000000017819a7c                stdio_print_current_devices
 .text.console_init_r
                0x0000000017819b2c      0x190 common/built-in.o
                0x0000000017819b2c                console_init_r
 .text.sbrk     0x0000000017819cbc       0x6c common/built-in.o
                0x0000000017819cbc                sbrk
 .text.mem_malloc_init
                0x0000000017819d28       0x34 common/built-in.o
                0x0000000017819d28                mem_malloc_init
 .text.malloc_trim
                0x0000000017819d5c       0xd0 common/built-in.o
                0x0000000017819d5c                malloc_trim
 .text.free     0x0000000017819e2c      0x240 common/built-in.o
                0x0000000017819e2c                free
 .text.malloc   0x000000001781a06c      0x610 common/built-in.o
                0x000000001781a06c                malloc
 .text.calloc   0x000000001781a67c      0x140 common/built-in.o
                0x000000001781a67c                calloc
 .text.realloc  0x000000001781a7bc      0x43c common/built-in.o
                0x000000001781a7bc                realloc
 .text.memalign
                0x000000001781abf8      0x170 common/built-in.o
                0x000000001781abf8                memalign
 .text.initf_malloc
                0x000000001781ad68       0x18 common/built-in.o
                0x000000001781ad68                initf_malloc
 .text.malloc_simple
                0x000000001781ad80       0x30 common/built-in.o
                0x000000001781ad80                malloc_simple
 .text.on_loadaddr
                0x000000001781adb0       0x40 common/built-in.o
 .text.image_check_hcrc
                0x000000001781adf0       0x4c common/built-in.o
                0x000000001781adf0                image_check_hcrc
 .text.image_check_dcrc
                0x000000001781ae3c       0x38 common/built-in.o
                0x000000001781ae3c                image_check_dcrc
 .text.image_multi_count
                0x000000001781ae74       0x20 common/built-in.o
                0x000000001781ae74                image_multi_count
 .text.image_multi_getimg
                0x000000001781ae94       0x80 common/built-in.o
                0x000000001781ae94                image_multi_getimg
 .text.env_get_bootm_low
                0x000000001781af14       0x30 common/built-in.o
                0x000000001781af14                env_get_bootm_low
 .text.env_get_bootm_size
                0x000000001781af44       0x68 common/built-in.o
                0x000000001781af44                env_get_bootm_size
 .text.env_get_bootm_mapsize
                0x000000001781afac       0x30 common/built-in.o
                0x000000001781afac                env_get_bootm_mapsize
 .text.memmove_wd
                0x000000001781afdc        0xc common/built-in.o
                0x000000001781afdc                memmove_wd
 .text.genimg_print_size
                0x000000001781afe8       0x30 common/built-in.o
                0x000000001781afe8                genimg_print_size
 .text.get_table_entry
                0x000000001781b018       0x24 common/built-in.o
                0x000000001781b018                get_table_entry
 .text.get_table_entry_name
                0x000000001781b03c       0x20 common/built-in.o
                0x000000001781b03c                get_table_entry_name
 .text.genimg_get_os_name
                0x000000001781b05c       0x18 common/built-in.o
                0x000000001781b05c                genimg_get_os_name
 .text.genimg_get_arch_name
                0x000000001781b074       0x18 common/built-in.o
                0x000000001781b074                genimg_get_arch_name
 .text.genimg_get_type_name
                0x000000001781b08c       0x18 common/built-in.o
                0x000000001781b08c                genimg_get_type_name
 .text.genimg_get_comp_name
                0x000000001781b0a4       0x18 common/built-in.o
                0x000000001781b0a4                genimg_get_comp_name
 .text.image_print_contents
                0x000000001781b0bc      0x1b0 common/built-in.o
                0x000000001781b0bc                image_print_contents
 .text.genimg_get_kernel_addr_fit
                0x000000001781b26c       0x24 common/built-in.o
                0x000000001781b26c                genimg_get_kernel_addr_fit
 .text.genimg_get_format
                0x000000001781b290       0x50 common/built-in.o
                0x000000001781b290                genimg_get_format
 .text.genimg_has_config
                0x000000001781b2e0        0x8 common/built-in.o
                0x000000001781b2e0                genimg_has_config
 .text.boot_get_ramdisk
                0x000000001781b2e8      0x2bc common/built-in.o
                0x000000001781b2e8                boot_get_ramdisk
 .text.boot_ramdisk_high
                0x000000001781b5a4      0x140 common/built-in.o
                0x000000001781b5a4                boot_ramdisk_high
 .text.boot_get_setup
                0x000000001781b6e4        0x8 common/built-in.o
                0x000000001781b6e4                boot_get_setup
 .text.image_setup_linux
                0x000000001781b6ec       0x64 common/built-in.o
                0x000000001781b6ec                image_setup_linux
 .text.android_image_get_kernel
                0x000000001781b750      0x610 common/built-in.o
                0x000000001781b750                android_image_get_kernel
 .text.android_image_check_header
                0x000000001781bd60       0x14 common/built-in.o
                0x000000001781bd60                android_image_check_header
 .text.android_image_get_end
                0x000000001781bd74       0xb0 common/built-in.o
                0x000000001781bd74                android_image_get_end
 .text.android_image_get_kload
                0x000000001781be24       0x50 common/built-in.o
                0x000000001781be24                android_image_get_kload
 .text.android_image_get_ramdisk
                0x000000001781be74       0xf0 common/built-in.o
                0x000000001781be74                android_image_get_ramdisk
 .text.android_image_get_second
                0x000000001781bf64       0xf4 common/built-in.o
                0x000000001781bf64                android_image_get_second
 .text.android_print_contents
                0x000000001781c058      0x210 common/built-in.o
                0x000000001781c058                android_print_contents
 .text.fdt_error
                0x000000001781c268       0x2c common/built-in.o
 .text.boot_fdt_add_mem_rsv_regions
                0x000000001781c294       0x8c common/built-in.o
                0x000000001781c294                boot_fdt_add_mem_rsv_regions
 .text.boot_relocate_fdt
                0x000000001781c320      0x194 common/built-in.o
                0x000000001781c320                boot_relocate_fdt
 .text.boot_get_fdt
                0x000000001781c4b4      0x2b4 common/built-in.o
                0x000000001781c4b4                boot_get_fdt
 .text.ft_verify_fdt
                0x000000001781c768        0x8 common/built-in.o
                0x000000001781c768                ft_verify_fdt
 .text.image_setup_libfdt
                0x000000001781c770      0x110 common/built-in.o
                0x000000001781c770                image_setup_libfdt
 .text.get_effective_memsize
                0x000000001781c880        0x8 common/built-in.o
                0x000000001781c880                get_effective_memsize
 .text.nulldev_putc
                0x000000001781c888        0x4 common/built-in.o
 .text.nulldev_puts
                0x000000001781c88c        0x4 common/built-in.o
 .text.nulldev_input
                0x000000001781c890        0x8 common/built-in.o
 .text.stdio_serial_tstc
                0x000000001781c898        0x4 common/built-in.o
 .text.stdio_serial_getc
                0x000000001781c89c        0x4 common/built-in.o
 .text.stdio_serial_puts
                0x000000001781c8a0        0x8 common/built-in.o
 .text.stdio_serial_putc
                0x000000001781c8a8        0x8 common/built-in.o
 .text.stdio_get_list
                0x000000001781c8b0        0xc common/built-in.o
                0x000000001781c8b0                stdio_get_list
 .text.stdio_get_by_name
                0x000000001781c8bc       0x4c common/built-in.o
                0x000000001781c8bc                stdio_get_by_name
 .text.stdio_clone
                0x000000001781c908       0x38 common/built-in.o
                0x000000001781c908                stdio_clone
 .text.stdio_register_dev
                0x000000001781c940       0x50 common/built-in.o
                0x000000001781c940                stdio_register_dev
 .text.stdio_register
                0x000000001781c990        0x8 common/built-in.o
                0x000000001781c990                stdio_register
 .text.stdio_init_tables
                0x000000001781c998       0x1c common/built-in.o
                0x000000001781c998                stdio_init_tables
 .text.stdio_add_devices
                0x000000001781c9b4       0xd0 common/built-in.o
                0x000000001781c9b4                stdio_add_devices
 .text.write_sparse_image
                0x000000001781ca84      0x40c common/built-in.o
                0x000000001781ca84                write_sparse_image
 .text.run_command
                0x000000001781ce90       0x10 common/built-in.o
                0x000000001781ce90                run_command
 .text.run_command_list
                0x000000001781cea0       0x7c common/built-in.o
                0x000000001781cea0                run_command_list
 .text.do_run   0x000000001781cf1c       0x74 common/built-in.o
                0x000000001781cf1c                do_run
 .text.cli_process_fdt
                0x000000001781cf90       0x40 common/built-in.o
                0x000000001781cf90                cli_process_fdt
 .text.cli_secure_boot_cmd
                0x000000001781cfd0       0x78 common/built-in.o
                0x000000001781cfd0                cli_secure_boot_cmd
 .text.cli_loop
                0x000000001781d048        0xc common/built-in.o
                0x000000001781d048                cli_loop
 .text.cli_init
                0x000000001781d054        0x4 common/built-in.o
                0x000000001781d054                cli_init
 .text.run_usb_dnl_gadget
                0x000000001781d058      0x11c common/built-in.o
                0x000000001781d058                run_usb_dnl_gadget
 .text.find_cmd_tbl
                0x000000001781d174       0xa0 common/built-in.o
                0x000000001781d174                find_cmd_tbl
 .text.find_cmd
                0x000000001781d214       0x28 common/built-in.o
                0x000000001781d214                find_cmd
 .text.cmd_usage
                0x000000001781d23c       0x5c common/built-in.o
                0x000000001781d23c                cmd_usage
 .text._do_help
                0x000000001781d298      0x188 common/built-in.o
                0x000000001781d298                _do_help
 .text.var_complete
                0x000000001781d420       0x94 common/built-in.o
                0x000000001781d420                var_complete
 .text.cmd_auto_complete
                0x000000001781d4b4      0x4cc common/built-in.o
                0x000000001781d4b4                cmd_auto_complete
 .text.cmd_get_data_size
                0x000000001781d980       0x50 common/built-in.o
                0x000000001781d980                cmd_get_data_size
 .text.cmd_process
                0x000000001781d9d0       0xec common/built-in.o
                0x000000001781d9d0                cmd_process
 .text.cmd_process_error
                0x000000001781dabc       0x30 common/built-in.o
                0x000000001781dabc                cmd_process_error
 .text.hex1_bin
                0x000000001781daec       0x40 common/built-in.o
 .text.hex2_bin
                0x000000001781db2c       0x38 common/built-in.o
 .text.srec_decode
                0x000000001781db64      0x24c common/built-in.o
                0x000000001781db64                srec_decode
 .text.CYGACC_COMM_IF_GETC_TIMEOUT.isra.0
                0x000000001781ddb0       0x4c common/built-in.o
 .text.xyzModem_flush
                0x000000001781ddfc       0x1c common/built-in.o
 .text.xyzModem_get_hdr
                0x000000001781de18      0x220 common/built-in.o
 .text.xyzModem_stream_open
                0x000000001781e038      0x228 common/built-in.o
                0x000000001781e038                xyzModem_stream_open
 .text.xyzModem_stream_read
                0x000000001781e260      0x24c common/built-in.o
                0x000000001781e260                xyzModem_stream_read
 .text.xyzModem_stream_close
                0x000000001781e4ac       0x54 common/built-in.o
                0x000000001781e4ac                xyzModem_stream_close
 .text.xyzModem_stream_terminate
                0x000000001781e500       0x94 common/built-in.o
                0x000000001781e500                xyzModem_stream_terminate
 .text.xyzModem_error
                0x000000001781e594       0x20 common/built-in.o
                0x000000001781e594                xyzModem_error
 .text.blk_get_dev
                0x000000001781e5b4       0x30 disk/built-in.o
                0x000000001781e5b4                blk_get_dev
 .text.dev_print
                0x000000001781e5e4      0x220 disk/built-in.o
                0x000000001781e5e4                dev_print
 .text.part_init
                0x000000001781e804       0x54 disk/built-in.o
                0x000000001781e804                part_init
 .text.part_print
                0x000000001781e858      0x138 disk/built-in.o
                0x000000001781e858                part_print
 .text.part_get_info
                0x000000001781e990       0x6c disk/built-in.o
                0x000000001781e990                part_get_info
 .text.part_get_info_whole_disk
                0x000000001781e9fc       0x50 disk/built-in.o
                0x000000001781e9fc                part_get_info_whole_disk
 .text.blk_get_device_by_str
                0x000000001781ea4c      0x154 disk/built-in.o
                0x000000001781ea4c                blk_get_device_by_str
 .text.blk_get_device_part_str
                0x000000001781eba0      0x3cc disk/built-in.o
                0x000000001781eba0                blk_get_device_part_str
 .text.part_set_generic_name
                0x000000001781ef6c       0x4c disk/built-in.o
                0x000000001781ef6c                part_set_generic_name
 .text.test_block_type
                0x000000001781efb8       0x84 disk/built-in.o
 .text.print_partition_extended
                0x000000001781f03c      0x270 disk/built-in.o
 .text.part_print_dos
                0x000000001781f2ac       0x34 disk/built-in.o
                0x000000001781f2ac                part_print_dos
 .text.part_test_dos
                0x000000001781f2e0       0x6c disk/built-in.o
 .text.part_get_info_extended
                0x000000001781f34c      0x2d0 disk/built-in.o
 .text.part_get_info_dos
                0x000000001781f61c       0x24 disk/built-in.o
                0x000000001781f61c                part_get_info_dos
 .text.print_efiname
                0x000000001781f640       0x88 disk/built-in.o
 .text.part_test_efi
                0x000000001781f6c8       0xcc disk/built-in.o
 *fill*         0x000000001781f794        0x4 
 .text.validate_gpt_header
                0x000000001781f798      0x228 disk/built-in.o
 .text.is_gpt_valid
                0x000000001781f9c0      0x2e0 disk/built-in.o
 .text.is_pte_valid
                0x000000001781fca0       0x58 disk/built-in.o
 .text.part_print_efi
                0x000000001781fcf8      0x284 disk/built-in.o
                0x000000001781fcf8                part_print_efi
 .text.part_get_info_efi
                0x000000001781ff7c      0x1d4 disk/built-in.o
                0x000000001781ff7c                part_get_info_efi
 .text.is_valid_gpt_buf
                0x0000000017820150       0xc0 disk/built-in.o
                0x0000000017820150                is_valid_gpt_buf
 .text.write_backup_gpt_partitions
                0x0000000017820210      0x2f4 disk/built-in.o
                0x0000000017820210                write_backup_gpt_partitions
 .text.device_bind_common.isra.0
                0x0000000017820504      0x364 drivers/built-in.o
 .text.alloc_priv
                0x0000000017820868       0x54 drivers/built-in.o
 .text.device_bind_with_driver_data
                0x00000000178208bc       0x24 drivers/built-in.o
                0x00000000178208bc                device_bind_with_driver_data
 .text.device_bind
                0x00000000178208e0       0x28 drivers/built-in.o
                0x00000000178208e0                device_bind
 .text.device_bind_by_name
                0x0000000017820908       0x6c drivers/built-in.o
                0x0000000017820908                device_bind_by_name
 .text.device_probe
                0x0000000017820974      0x280 drivers/built-in.o
                0x0000000017820974                device_probe
 .text.dev_get_platdata
                0x0000000017820bf4       0x30 drivers/built-in.o
                0x0000000017820bf4                dev_get_platdata
 .text.dev_get_parent_platdata
                0x0000000017820c24       0x30 drivers/built-in.o
                0x0000000017820c24                dev_get_parent_platdata
 .text.dev_get_uclass_platdata
                0x0000000017820c54       0x30 drivers/built-in.o
                0x0000000017820c54                dev_get_uclass_platdata
 .text.dev_get_priv
                0x0000000017820c84       0x30 drivers/built-in.o
                0x0000000017820c84                dev_get_priv
 .text.dev_get_uclass_priv
                0x0000000017820cb4       0x30 drivers/built-in.o
                0x0000000017820cb4                dev_get_uclass_priv
 .text.dev_get_parent_priv
                0x0000000017820ce4       0x30 drivers/built-in.o
                0x0000000017820ce4                dev_get_parent_priv
 .text.device_find_first_child
                0x0000000017820d14       0x1c drivers/built-in.o
                0x0000000017820d14                device_find_first_child
 .text.device_find_next_child
                0x0000000017820d30       0x28 drivers/built-in.o
                0x0000000017820d30                device_find_next_child
 .text.dev_get_parent
                0x0000000017820d58        0x8 drivers/built-in.o
                0x0000000017820d58                dev_get_parent
 .text.dev_get_driver_data
                0x0000000017820d60        0x8 drivers/built-in.o
                0x0000000017820d60                dev_get_driver_data
 .text.dev_get_driver_ops
                0x0000000017820d68       0x10 drivers/built-in.o
                0x0000000017820d68                dev_get_driver_ops
 .text.device_get_uclass_id
                0x0000000017820d78       0x10 drivers/built-in.o
                0x0000000017820d78                device_get_uclass_id
 .text.device_has_active_children
                0x0000000017820d88       0x40 drivers/built-in.o
                0x0000000017820d88                device_has_active_children
 .text.device_is_last_sibling
                0x0000000017820dc8       0x24 drivers/built-in.o
                0x0000000017820dc8                device_is_last_sibling
 .text.device_set_name_alloced
                0x0000000017820dec       0x10 drivers/built-in.o
                0x0000000017820dec                device_set_name_alloced
 .text.devfdt_get_addr_index
                0x0000000017820dfc       0xd4 drivers/built-in.o
                0x0000000017820dfc                devfdt_get_addr_index
 .text.devfdt_get_addr
                0x0000000017820ed0        0x8 drivers/built-in.o
                0x0000000017820ed0                devfdt_get_addr
 .text.lists_driver_lookup_name
                0x0000000017820ed8       0x48 drivers/built-in.o
                0x0000000017820ed8                lists_driver_lookup_name
 .text.lists_uclass_lookup
                0x0000000017820f20       0x38 drivers/built-in.o
                0x0000000017820f20                lists_uclass_lookup
 .text.lists_bind_drivers
                0x0000000017820f58       0x8c drivers/built-in.o
                0x0000000017820f58                lists_bind_drivers
 .text.device_bind_driver_to_node
                0x0000000017820fe4       0x48 drivers/built-in.o
                0x0000000017820fe4                device_bind_driver_to_node
 .text.device_bind_driver
                0x000000001782102c       0x18 drivers/built-in.o
                0x000000001782102c                device_bind_driver
 .text.lists_bind_fdt
                0x0000000017821044      0x180 drivers/built-in.o
                0x0000000017821044                lists_bind_fdt
 .text.dm_scan_fdt_node
                0x00000000178211c4       0xf8 drivers/built-in.o
 .text.dm_root  0x00000000178212bc       0x2c drivers/built-in.o
                0x00000000178212bc                dm_root
 .text.dm_get_translation_offset
                0x00000000178212e8       0x14 drivers/built-in.o
                0x00000000178212e8                dm_get_translation_offset
 .text.dm_init  0x00000000178212fc       0x60 drivers/built-in.o
                0x00000000178212fc                dm_init
 .text.dm_remove_devices_flags
                0x000000001782135c       0x1c drivers/built-in.o
                0x000000001782135c                dm_remove_devices_flags
 .text.dm_scan_platdata
                0x0000000017821378       0x2c drivers/built-in.o
                0x0000000017821378                dm_scan_platdata
 .text.dm_scan_fdt_dev
                0x00000000178213a4       0x28 drivers/built-in.o
                0x00000000178213a4                dm_scan_fdt_dev
 .text.dm_scan_fdt
                0x00000000178213cc       0x18 drivers/built-in.o
                0x00000000178213cc                dm_scan_fdt
 .text.dm_extended_scan_fdt
                0x00000000178213e4       0x48 drivers/built-in.o
                0x00000000178213e4                dm_extended_scan_fdt
 .text.dm_scan_other
                0x000000001782142c        0x8 drivers/built-in.o
                0x000000001782142c                dm_scan_other
 .text.dm_init_and_scan
                0x0000000017821434       0x48 drivers/built-in.o
                0x0000000017821434                dm_init_and_scan
 .text.uclass_find
                0x000000001782147c       0x4c drivers/built-in.o
                0x000000001782147c                uclass_find
 .text.uclass_get
                0x00000000178214c8      0x118 drivers/built-in.o
                0x00000000178214c8                uclass_get
 .text.uclass_find_device
                0x00000000178215e0       0x74 drivers/built-in.o
                0x00000000178215e0                uclass_find_device
 .text.uclass_find_first_device
                0x0000000017821654       0x3c drivers/built-in.o
                0x0000000017821654                uclass_find_first_device
 .text.uclass_find_next_device
                0x0000000017821690       0x2c drivers/built-in.o
                0x0000000017821690                uclass_find_next_device
 .text.uclass_find_device_by_name
                0x00000000178216bc       0x88 drivers/built-in.o
                0x00000000178216bc                uclass_find_device_by_name
 .text.uclass_find_device_by_seq
                0x0000000017821744       0x7c drivers/built-in.o
                0x0000000017821744                uclass_find_device_by_seq
 .text.uclass_find_device_by_of_offset
                0x00000000178217c0       0x68 drivers/built-in.o
                0x00000000178217c0                uclass_find_device_by_of_offset
 .text.uclass_find_device_by_ofnode
                0x0000000017821828       0x6c drivers/built-in.o
                0x0000000017821828                uclass_find_device_by_ofnode
 .text.uclass_get_device_tail
                0x0000000017821894       0x30 drivers/built-in.o
                0x0000000017821894                uclass_get_device_tail
 .text.uclass_get_device
                0x00000000178218c4       0x30 drivers/built-in.o
                0x00000000178218c4                uclass_get_device
 .text.uclass_get_device_by_name
                0x00000000178218f4       0x30 drivers/built-in.o
                0x00000000178218f4                uclass_get_device_by_name
 .text.uclass_get_device_by_seq
                0x0000000017821924       0x54 drivers/built-in.o
                0x0000000017821924                uclass_get_device_by_seq
 .text.uclass_get_device_by_of_offset
                0x0000000017821978       0x30 drivers/built-in.o
                0x0000000017821978                uclass_get_device_by_of_offset
 .text.uclass_get_device_by_ofnode
                0x00000000178219a8       0x30 drivers/built-in.o
                0x00000000178219a8                uclass_get_device_by_ofnode
 .text.uclass_get_device_by_phandle
                0x00000000178219d8       0xa4 drivers/built-in.o
                0x00000000178219d8                uclass_get_device_by_phandle
 .text.uclass_first_device
                0x0000000017821a7c       0x38 drivers/built-in.o
                0x0000000017821a7c                uclass_first_device
 .text.uclass_next_device
                0x0000000017821ab4       0x40 drivers/built-in.o
                0x0000000017821ab4                uclass_next_device
 .text.uclass_first_device_check
                0x0000000017821af4       0x34 drivers/built-in.o
                0x0000000017821af4                uclass_first_device_check
 .text.uclass_next_device_check
                0x0000000017821b28       0x2c drivers/built-in.o
                0x0000000017821b28                uclass_next_device_check
 .text.uclass_bind_device
                0x0000000017821b54       0x7c drivers/built-in.o
                0x0000000017821b54                uclass_bind_device
 .text.uclass_unbind_device
                0x0000000017821bd0       0x4c drivers/built-in.o
                0x0000000017821bd0                uclass_unbind_device
 .text.uclass_resolve_seq