Archive member included to satisfy reference by file (symbol)

/home/yin/imx-optee/imx-optee-os/out/arm-plat-imx/export-ta_arm32/lib/libutee.a(tee_api_objects.o)
                              ./hotp_ta.o (TEE_AllocateTransientObject)
/home/yin/imx-optee/imx-optee-os/out/arm-plat-imx/export-ta_arm32/lib/libutee.a(tee_api_operations.o)
                              ./hotp_ta.o (TEE_FreeOperation)
/home/yin/imx-optee/imx-optee-os/out/arm-plat-imx/export-ta_arm32/lib/libutee.a(tee_api_panic.o)
                              /home/yin/imx-optee/imx-optee-os/out/arm-plat-imx/export-ta_arm32/lib/libutee.a(tee_api_objects.o) (TEE_Panic)
/home/yin/imx-optee/imx-optee-os/out/arm-plat-imx/export-ta_arm32/lib/libutee.a(user_ta_entry.o)
                              ./user_ta_header.o (__utee_entry)
/home/yin/imx-optee/imx-optee-os/out/arm-plat-imx/export-ta_arm32/lib/libutee.a(utee_syscalls_a32.o)
                              /home/yin/imx-optee/imx-optee-os/out/arm-plat-imx/export-ta_arm32/lib/libutee.a(tee_api_panic.o) (utee_panic)
/home/yin/imx-optee/imx-optee-os/out/arm-plat-imx/export-ta_arm32/lib/libutee.a(gprof_a32.o)
                              /home/yin/imx-optee/imx-optee-os/out/arm-plat-imx/export-ta_arm32/lib/libutee.a(user_ta_entry.o) (__utee_mcount)
/home/yin/imx-optee/imx-optee-os/out/arm-plat-imx/export-ta_arm32/lib/libutee.a(tee_api_arith.o)
                              /home/yin/imx-optee/imx-optee-os/out/arm-plat-imx/export-ta_arm32/lib/libutee.a(user_ta_entry.o) (_TEE_MathAPI_Init)
/home/yin/imx-optee/imx-optee-os/out/arm-plat-imx/export-ta_arm32/lib/libutee.a(tee_api.o)
                              /home/yin/imx-optee/imx-optee-os/out/arm-plat-imx/export-ta_arm32/lib/libutee.a(user_ta_entry.o) (__utee_from_param)
/home/yin/imx-optee/imx-optee-os/out/arm-plat-imx/export-ta_arm32/lib/libutee.a(trace_ext.o)
                              /home/yin/imx-optee/imx-optee-os/out/arm-plat-imx/export-ta_arm32/lib/libutee.a(tee_api_arith.o) (printf)
/home/yin/imx-optee/imx-optee-os/out/arm-plat-imx/export-ta_arm32/lib/libutils.a(bget_malloc.o)
                              /home/yin/imx-optee/imx-optee-os/out/arm-plat-imx/export-ta_arm32/lib/libutee.a(tee_api.o) (malloc)
/home/yin/imx-optee/imx-optee-os/out/arm-plat-imx/export-ta_arm32/lib/libutils.a(snprintf.o)
                              /home/yin/imx-optee/imx-optee-os/out/arm-plat-imx/export-ta_arm32/lib/libutee.a(trace_ext.o) (vsnprintf)
/home/yin/imx-optee/imx-optee-os/out/arm-plat-imx/export-ta_arm32/lib/libutils.a(memcmp.o)
                              /home/yin/imx-optee/imx-optee-os/out/arm-plat-imx/export-ta_arm32/lib/libutee.a(tee_api.o) (memcmp)
/home/yin/imx-optee/imx-optee-os/out/arm-plat-imx/export-ta_arm32/lib/libutils.a(memcpy.o)
                              ./hotp_ta.o (memcpy)
/home/yin/imx-optee/imx-optee-os/out/arm-plat-imx/export-ta_arm32/lib/libutils.a(memmove.o)
                              /home/yin/imx-optee/imx-optee-os/out/arm-plat-imx/export-ta_arm32/lib/libutee.a(tee_api.o) (memmove)
/home/yin/imx-optee/imx-optee-os/out/arm-plat-imx/export-ta_arm32/lib/libutils.a(memset.o)
                              ./hotp_ta.o (memset)
/home/yin/imx-optee/imx-optee-os/out/arm-plat-imx/export-ta_arm32/lib/libutils.a(strlen.o)
                              /home/yin/imx-optee/imx-optee-os/out/arm-plat-imx/export-ta_arm32/lib/libutee.a(trace_ext.o) (strlen)
/home/yin/imx-optee/imx-optee-os/out/arm-plat-imx/export-ta_arm32/lib/libutils.a(arm32_aeabi_divmod.o)
                              /home/yin/imx-optee/imx-optee-os/out/arm-plat-imx/export-ta_arm32/lib/libutee.a(tee_api_operations.o) (__aeabi_uidiv)
/home/yin/imx-optee/imx-optee-os/out/arm-plat-imx/export-ta_arm32/lib/libutils.a(snprintk.o)
                              /home/yin/imx-optee/imx-optee-os/out/arm-plat-imx/export-ta_arm32/lib/libutils.a(snprintf.o) (__vsnprintf)
/home/yin/imx-optee/imx-optee-os/out/arm-plat-imx/export-ta_arm32/lib/libutils.a(buf_compare_ct.o)
                              /home/yin/imx-optee/imx-optee-os/out/arm-plat-imx/export-ta_arm32/lib/libutee.a(tee_api_operations.o) (buf_compare_ct)
/home/yin/imx-optee/imx-optee-os/out/arm-plat-imx/export-ta_arm32/lib/libutils.a(trace.o)
                              /home/yin/imx-optee/imx-optee-os/out/arm-plat-imx/export-ta_arm32/lib/libutee.a(user_ta_entry.o) (trace_set_level)
/home/yin/imx-optee/imx-optee-os/out/arm-plat-imx/export-ta_arm32/lib/libutils.a(mempool.o)
                              /home/yin/imx-optee/imx-optee-os/out/arm-plat-imx/export-ta_arm32/lib/libutee.a(tee_api_arith.o) (mempool_alloc_pool)
/home/yin/imx-optee/imx-optee-os/out/arm-plat-imx/export-ta_arm32/lib/libutils.a(aeabi_unwind.o)
                              ./hotp_ta.o (__aeabi_unwind_cpp_pr0)
/home/yin/imx-optee/imx-optee-os/out/arm-plat-imx/export-ta_arm32/lib/libutils.a(memchr.o)
                              /home/yin/imx-optee/imx-optee-os/out/arm-plat-imx/export-ta_arm32/lib/libutils.a(snprintk.o) (memchr)
[...]
Memory Configuration

Name             Origin             Length             Attributes
*default*        0x0000000000000000 0xffffffffffffffff

Linker script and memory map


.ta_head        0x0000000000000000       0x20
 *(SORT(.ta_head))
 .ta_head       0x0000000000000000       0x20 ./user_ta_header.o
                0x0000000000000000                ta_head

.text           0x0000000000000020     0x6dc8
                0x0000000000000020                __text_start = .
 *(SORT(.text) SORT(.text.*))
 .text          0x0000000000000020      0x278 ./hotp_ta.o
                0x0000000000000020                TA_CreateEntryPoint
                0x0000000000000024                TA_DestroyEntryPoint
                0x0000000000000026                TA_OpenSessionEntryPoint
                0x0000000000000034                TA_CloseSessionEntryPoint
                0x0000000000000036                TA_InvokeCommandEntryPoint
 .text          0x0000000000000298      0x78c /home/yin/imx-optee/imx-optee-os/out/arm-plat-imx/export-ta_arm32/lib/libutee.a(tee_api_objects.o)
                0x0000000000000298                __utee_from_attr
                0x00000000000002d2                TEE_GetObjectInfo
                0x00000000000002fc                TEE_GetObjectInfo1
                0x000000000000031c                TEE_RestrictObjectUsage1
                0x000000000000033c                TEE_RestrictObjectUsage
                0x0000000000000368                TEE_GetObjectBufferAttribute
                0x00000000000003d8                TEE_GetObjectValueAttribute
                0x000000000000045c                TEE_CloseObject
                0x0000000000000470                TEE_AllocateTransientObject
                0x00000000000004a0                TEE_FreeTransientObject
                0x00000000000004d0                TEE_ResetTransientObject
                0x0000000000000500                TEE_PopulateTransientObject
                0x0000000000000570                TEE_InitRefAttribute
                0x0000000000000592                TEE_InitValueAttribute
                0x00000000000005b4                TEE_CopyObjectAttributes1
                0x000000000000061c                TEE_CopyObjectAttributes
                0x000000000000064c                TEE_GenerateKey
                0x0000000000000694                TEE_OpenPersistentObject
                0x00000000000006f8                TEE_CreatePersistentObject
                0x0000000000000790                TEE_CloseAndDeletePersistentObject1
                0x00000000000007b4                TEE_CloseAndDeletePersistentObject
                0x00000000000007ca                TEE_RenamePersistentObject
                0x0000000000000810                TEE_AllocatePersistentObjectEnumerator
                0x0000000000000848                TEE_FreePersistentObjectEnumerator
                0x000000000000085c                TEE_ResetPersistentObjectEnumerator
                0x0000000000000870                TEE_StartPersistentObjectEnumerator
                0x000000000000089c                TEE_GetNextPersistentObject
                0x00000000000008f0                TEE_ReadObjectData
                0x0000000000000930                TEE_WriteObjectData
                0x0000000000000970                TEE_TruncateObjectData
                0x00000000000009a8                TEE_SeekObjectData
 .text          0x0000000000000a24     0x15c8 /home/yin/imx-optee/imx-optee-os/out/arm-plat-imx/export-ta_arm32/lib/libutee.a(tee_api_operations.o)
                0x0000000000000b80                TEE_FreeOperation
                0x0000000000000ba6                TEE_AllocateOperation
                0x00000000000010d8                TEE_GetOperationInfo
                0x00000000000010fa                TEE_GetOperationInfoMultiple
                0x00000000000011b0                TEE_ResetOperation
                0x00000000000011f0                TEE_SetOperationKey
                0x000000000000127c                TEE_SetOperationKey2
                0x0000000000001370                TEE_CopyOperation
                0x0000000000001412                TEE_DigestUpdate
                0x0000000000001442                TEE_DigestDoFinal
                0x00000000000014b4                TEE_CipherInit
                0x000000000000150a                TEE_CipherUpdate
                0x0000000000001604                TEE_CipherDoFinal
                0x0000000000001718                TEE_MACInit
                0x000000000000176e                TEE_MACUpdate
                0x00000000000017bc                TEE_MACComputeFinal
                0x0000000000001824                TEE_MACCompareFinal
                0x0000000000001888                TEE_AEInit
                0x00000000000018f8                TEE_AEUpdateAAD
                0x000000000000193e                TEE_AEUpdate
                0x0000000000001a0c                TEE_AEEncryptFinal
                0x0000000000001b24                TEE_AEDecryptFinal
                0x0000000000001c2c                TEE_AsymmetricEncrypt
                0x0000000000001ce8                TEE_AsymmetricDecrypt
                0x0000000000001da8                TEE_AsymmetricSignDigest
                0x0000000000001e5c                TEE_AsymmetricVerifyDigest
                0x0000000000001f08                TEE_DeriveKey
                0x0000000000001fc2                TEE_GenerateRandom
                0x0000000000001fd4                rand
 .text          0x0000000000001fec      0x210 /home/yin/imx-optee/imx-optee-os/out/arm-plat-imx/export-ta_arm32/lib/libutee.a(user_ta_entry.o)
                0x0000000000002070                __utee_entry
 .text          0x00000000000021fc        0x0 /home/yin/imx-optee/imx-optee-os/out/arm-plat-imx/export-ta_arm32/lib/libutee.a(utee_syscalls_a32.o)
 .text.utee_panic
                0x00000000000021fc       0x14 /home/yin/imx-optee/imx-optee-os/out/arm-plat-imx/export-ta_arm32/lib/libutee.a(utee_syscalls_a32.o)
                0x00000000000021fc                utee_panic
 .text.utee_return
                0x0000000000002210       0x14 /home/yin/imx-optee/imx-optee-os/out/arm-plat-imx/export-ta_arm32/lib/libutee.a(utee_syscalls_a32.o)
                0x0000000000002210                utee_return
 .text.utee_log
                0x0000000000002224       0x14 /home/yin/imx-optee/imx-optee-os/out/arm-plat-imx/export-ta_arm32/lib/libutee.a(utee_syscalls_a32.o)
                0x0000000000002224                utee_log
 .text.__utee_panic
                0x0000000000002238       0x14 /home/yin/imx-optee/imx-optee-os/out/arm-plat-imx/export-ta_arm32/lib/libutee.a(utee_syscalls_a32.o)
                0x0000000000002238                __utee_panic
 .text.utee_get_property
                0x000000000000224c       0x18 /home/yin/imx-optee/imx-optee-os/out/arm-plat-imx/export-ta_arm32/lib/libutee.a(utee_syscalls_a32.o)
                0x000000000000224c                utee_get_property
 .text.utee_get_property_name_to_index
                0x0000000000002264       0x14 /home/yin/imx-optee/imx-optee-os/out/arm-plat-imx/export-ta_arm32/lib/libutee.a(utee_syscalls_a32.o)
                0x0000000000002264                utee_get_property_name_to_index
 .text.utee_open_ta_session
                0x0000000000002278       0x18 /home/yin/imx-optee/imx-optee-os/out/arm-plat-imx/export-ta_arm32/lib/libutee.a(utee_syscalls_a32.o)
                0x0000000000002278                utee_open_ta_session
 .text.utee_close_ta_session
                0x0000000000002290       0x14 /home/yin/imx-optee/imx-optee-os/out/arm-plat-imx/export-ta_arm32/lib/libutee.a(utee_syscalls_a32.o)
                0x0000000000002290                utee_close_ta_session
 .text.utee_invoke_ta_command
                0x00000000000022a4       0x18 /home/yin/imx-optee/imx-optee-os/out/arm-plat-imx/export-ta_arm32/lib/libutee.a(utee_syscalls_a32.o)
                0x00000000000022a4                utee_invoke_ta_command
 .text.utee_get_cancellation_flag
                0x00000000000022bc       0x14 /home/yin/imx-optee/imx-optee-os/out/arm-plat-imx/export-ta_arm32/lib/libutee.a(utee_syscalls_a32.o)
                0x00000000000022bc                utee_get_cancellation_flag
 .text.utee_check_access_rights
                0x00000000000022d0       0x14 /home/yin/imx-optee/imx-optee-os/out/arm-plat-imx/export-ta_arm32/lib/libutee.a(utee_syscalls_a32.o)
                0x00000000000022d0                utee_check_access_rights
 .text.utee_unmask_cancellation
                0x00000000000022e4       0x14 /home/yin/imx-optee/imx-optee-os/out/arm-plat-imx/export-ta_arm32/lib/libutee.a(utee_syscalls_a32.o)
                0x00000000000022e4                utee_unmask_cancellation
 .text.utee_mask_cancellation
                0x00000000000022f8       0x14 /home/yin/imx-optee/imx-optee-os/out/arm-plat-imx/export-ta_arm32/lib/libutee.a(utee_syscalls_a32.o)
                0x00000000000022f8                utee_mask_cancellation
 .text.utee_wait
                0x000000000000230c       0x14 /home/yin/imx-optee/imx-optee-os/out/arm-plat-imx/export-ta_arm32/lib/libutee.a(utee_syscalls_a32.o)
                0x000000000000230c                utee_wait
 .text.utee_get_time
                0x0000000000002320       0x14 /home/yin/imx-optee/imx-optee-os/out/arm-plat-imx/export-ta_arm32/lib/libutee.a(utee_syscalls_a32.o)
                0x0000000000002320                utee_get_time
 .text.utee_set_ta_time
                0x0000000000002334       0x14 /home/yin/imx-optee/imx-optee-os/out/arm-plat-imx/export-ta_arm32/lib/libutee.a(utee_syscalls_a32.o)
                0x0000000000002334                utee_set_ta_time
 .text.utee_cryp_state_alloc
                0x0000000000002348       0x18 /home/yin/imx-optee/imx-optee-os/out/arm-plat-imx/export-ta_arm32/lib/libutee.a(utee_syscalls_a32.o)
                0x0000000000002348                utee_cryp_state_alloc
 .text.utee_cryp_state_copy
                0x0000000000002360       0x14 /home/yin/imx-optee/imx-optee-os/out/arm-plat-imx/export-ta_arm32/lib/libutee.a(utee_syscalls_a32.o)
                0x0000000000002360                utee_cryp_state_copy
 .text.utee_cryp_state_free
                0x0000000000002374       0x14 /home/yin/imx-optee/imx-optee-os/out/arm-plat-imx/export-ta_arm32/lib/libutee.a(utee_syscalls_a32.o)
                0x0000000000002374                utee_cryp_state_free
 .text.utee_hash_init
                0x0000000000002388       0x14 /home/yin/imx-optee/imx-optee-os/out/arm-plat-imx/export-ta_arm32/lib/libutee.a(utee_syscalls_a32.o)
                0x0000000000002388                utee_hash_init
 .text.utee_hash_update
                0x000000000000239c       0x14 /home/yin/imx-optee/imx-optee-os/out/arm-plat-imx/export-ta_arm32/lib/libutee.a(utee_syscalls_a32.o)
                0x000000000000239c                utee_hash_update
 .text.utee_hash_final
                0x00000000000023b0       0x18 /home/yin/imx-optee/imx-optee-os/out/arm-plat-imx/export-ta_arm32/lib/libutee.a(utee_syscalls_a32.o)
                0x00000000000023b0                utee_hash_final
 .text.utee_cipher_init
                0x00000000000023c8       0x14 /home/yin/imx-optee/imx-optee-os/out/arm-plat-imx/export-ta_arm32/lib/libutee.a(utee_syscalls_a32.o)
                0x00000000000023c8                utee_cipher_init
 .text.utee_cipher_update
                0x00000000000023dc       0x18 /home/yin/imx-optee/imx-optee-os/out/arm-plat-imx/export-ta_arm32/lib/libutee.a(utee_syscalls_a32.o)
                0x00000000000023dc                utee_cipher_update
 .text.utee_cipher_final
                0x00000000000023f4       0x18 /home/yin/imx-optee/imx-optee-os/out/arm-plat-imx/export-ta_arm32/lib/libutee.a(utee_syscalls_a32.o)
                0x00000000000023f4                utee_cipher_final
 .text.utee_cryp_obj_get_info
                0x000000000000240c       0x14 /home/yin/imx-optee/imx-optee-os/out/arm-plat-imx/export-ta_arm32/lib/libutee.a(utee_syscalls_a32.o)
                0x000000000000240c                utee_cryp_obj_get_info
 .text.utee_cryp_obj_restrict_usage
                0x0000000000002420       0x14 /home/yin/imx-optee/imx-optee-os/out/arm-plat-imx/export-ta_arm32/lib/libutee.a(utee_syscalls_a32.o)
                0x0000000000002420                utee_cryp_obj_restrict_usage
 .text.utee_cryp_obj_get_attr
                0x0000000000002434       0x14 /home/yin/imx-optee/imx-optee-os/out/arm-plat-imx/export-ta_arm32/lib/libutee.a(utee_syscalls_a32.o)
                0x0000000000002434                utee_cryp_obj_get_attr
 .text.utee_cryp_obj_alloc
                0x0000000000002448       0x14 /home/yin/imx-optee/imx-optee-os/out/arm-plat-imx/export-ta_arm32/lib/libutee.a(utee_syscalls_a32.o)
                0x0000000000002448                utee_cryp_obj_alloc
 .text.utee_cryp_obj_close
                0x000000000000245c       0x14 /home/yin/imx-optee/imx-optee-os/out/arm-plat-imx/export-ta_arm32/lib/libutee.a(utee_syscalls_a32.o)
                0x000000000000245c                utee_cryp_obj_close
 .text.utee_cryp_obj_reset
                0x0000000000002470       0x14 /home/yin/imx-optee/imx-optee-os/out/arm-plat-imx/export-ta_arm32/lib/libutee.a(utee_syscalls_a32.o)
                0x0000000000002470                utee_cryp_obj_reset
 .text.utee_cryp_obj_populate
                0x0000000000002484       0x14 /home/yin/imx-optee/imx-optee-os/out/arm-plat-imx/export-ta_arm32/lib/libutee.a(utee_syscalls_a32.o)
                0x0000000000002484                utee_cryp_obj_populate
 .text.utee_cryp_obj_copy
                0x0000000000002498       0x14 /home/yin/imx-optee/imx-optee-os/out/arm-plat-imx/export-ta_arm32/lib/libutee.a(utee_syscalls_a32.o)
                0x0000000000002498                utee_cryp_obj_copy
 .text.utee_cryp_derive_key
                0x00000000000024ac       0x14 /home/yin/imx-optee/imx-optee-os/out/arm-plat-imx/export-ta_arm32/lib/libutee.a(utee_syscalls_a32.o)
                0x00000000000024ac                utee_cryp_derive_key
 .text.utee_cryp_random_number_generate
                0x00000000000024c0       0x14 /home/yin/imx-optee/imx-optee-os/out/arm-plat-imx/export-ta_arm32/lib/libutee.a(utee_syscalls_a32.o)
                0x00000000000024c0                utee_cryp_random_number_generate
 .text.utee_authenc_init
                0x00000000000024d4       0x18 /home/yin/imx-optee/imx-optee-os/out/arm-plat-imx/export-ta_arm32/lib/libutee.a(utee_syscalls_a32.o)
                0x00000000000024d4                utee_authenc_init
 .text.utee_authenc_update_aad
                0x00000000000024ec       0x14 /home/yin/imx-optee/imx-optee-os/out/arm-plat-imx/export-ta_arm32/lib/libutee.a(utee_syscalls_a32.o)
                0x00000000000024ec                utee_authenc_update_aad
 .text.utee_authenc_update_payload
                0x0000000000002500       0x18 /home/yin/imx-optee/imx-optee-os/out/arm-plat-imx/export-ta_arm32/lib/libutee.a(utee_syscalls_a32.o)
                0x0000000000002500                utee_authenc_update_payload
 .text.utee_authenc_enc_final
                0x0000000000002518       0x18 /home/yin/imx-optee/imx-optee-os/out/arm-plat-imx/export-ta_arm32/lib/libutee.a(utee_syscalls_a32.o)
                0x0000000000002518                utee_authenc_enc_final
 .text.utee_authenc_dec_final
                0x0000000000002530       0x18 /home/yin/imx-optee/imx-optee-os/out/arm-plat-imx/export-ta_arm32/lib/libutee.a(utee_syscalls_a32.o)
                0x0000000000002530                utee_authenc_dec_final
 .text.utee_asymm_operate
                0x0000000000002548       0x18 /home/yin/imx-optee/imx-optee-os/out/arm-plat-imx/export-ta_arm32/lib/libutee.a(utee_syscalls_a32.o)
                0x0000000000002548                utee_asymm_operate
 .text.utee_asymm_verify
                0x0000000000002560       0x18 /home/yin/imx-optee/imx-optee-os/out/arm-plat-imx/export-ta_arm32/lib/libutee.a(utee_syscalls_a32.o)
                0x0000000000002560                utee_asymm_verify
 .text.utee_storage_obj_open
                0x0000000000002578       0x18 /home/yin/imx-optee/imx-optee-os/out/arm-plat-imx/export-ta_arm32/lib/libutee.a(utee_syscalls_a32.o)
                0x0000000000002578                utee_storage_obj_open
 .text.utee_storage_obj_create
                0x0000000000002590       0x18 /home/yin/imx-optee/imx-optee-os/out/arm-plat-imx/export-ta_arm32/lib/libutee.a(utee_syscalls_a32.o)
                0x0000000000002590                utee_storage_obj_create
 .text.utee_storage_obj_del
                0x00000000000025a8       0x14 /home/yin/imx-optee/imx-optee-os/out/arm-plat-imx/export-ta_arm32/lib/libutee.a(utee_syscalls_a32.o)
                0x00000000000025a8                utee_storage_obj_del
 .text.utee_storage_obj_rename
                0x00000000000025bc       0x14 /home/yin/imx-optee/imx-optee-os/out/arm-plat-imx/export-ta_arm32/lib/libutee.a(utee_syscalls_a32.o)
                0x00000000000025bc                utee_storage_obj_rename
 .text.utee_storage_alloc_enum
                0x00000000000025d0       0x14 /home/yin/imx-optee/imx-optee-os/out/arm-plat-imx/export-ta_arm32/lib/libutee.a(utee_syscalls_a32.o)
                0x00000000000025d0                utee_storage_alloc_enum
 .text.utee_storage_free_enum
                0x00000000000025e4       0x14 /home/yin/imx-optee/imx-optee-os/out/arm-plat-imx/export-ta_arm32/lib/libutee.a(utee_syscalls_a32.o)
                0x00000000000025e4                utee_storage_free_enum
 .text.utee_storage_reset_enum
                0x00000000000025f8       0x14 /home/yin/imx-optee/imx-optee-os/out/arm-plat-imx/export-ta_arm32/lib/libutee.a(utee_syscalls_a32.o)
                0x00000000000025f8                utee_storage_reset_enum
 .text.utee_storage_start_enum
                0x000000000000260c       0x14 /home/yin/imx-optee/imx-optee-os/out/arm-plat-imx/export-ta_arm32/lib/libutee.a(utee_syscalls_a32.o)
                0x000000000000260c                utee_storage_start_enum
 .text.utee_storage_next_enum
                0x0000000000002620       0x14 /home/yin/imx-optee/imx-optee-os/out/arm-plat-imx/export-ta_arm32/lib/libutee.a(utee_syscalls_a32.o)
                0x0000000000002620                utee_storage_next_enum
 .text.utee_storage_obj_read
                0x0000000000002634       0x14 /home/yin/imx-optee/imx-optee-os/out/arm-plat-imx/export-ta_arm32/lib/libutee.a(utee_syscalls_a32.o)
                0x0000000000002634                utee_storage_obj_read
 .text.utee_storage_obj_write
                0x0000000000002648       0x14 /home/yin/imx-optee/imx-optee-os/out/arm-plat-imx/export-ta_arm32/lib/libutee.a(utee_syscalls_a32.o)
                0x0000000000002648                utee_storage_obj_write
 .text.utee_storage_obj_trunc
                0x000000000000265c       0x14 /home/yin/imx-optee/imx-optee-os/out/arm-plat-imx/export-ta_arm32/lib/libutee.a(utee_syscalls_a32.o)
                0x000000000000265c                utee_storage_obj_trunc
 .text.utee_storage_obj_seek
                0x0000000000002670       0x14 /home/yin/imx-optee/imx-optee-os/out/arm-plat-imx/export-ta_arm32/lib/libutee.a(utee_syscalls_a32.o)
                0x0000000000002670                utee_storage_obj_seek
 .text.utee_cryp_obj_generate_key
                0x0000000000002684       0x14 /home/yin/imx-optee/imx-optee-os/out/arm-plat-imx/export-ta_arm32/lib/libutee.a(utee_syscalls_a32.o)
                0x0000000000002684                utee_cryp_obj_generate_key
 .text.utee_se_service_open
                0x0000000000002698       0x14 /home/yin/imx-optee/imx-optee-os/out/arm-plat-imx/export-ta_arm32/lib/libutee.a(utee_syscalls_a32.o)
                0x0000000000002698                utee_se_service_open
 .text.utee_se_service_close
                0x00000000000026ac       0x14 /home/yin/imx-optee/imx-optee-os/out/arm-plat-imx/export-ta_arm32/lib/libutee.a(utee_syscalls_a32.o)
                0x00000000000026ac                utee_se_service_close
 .text.utee_se_service_get_readers
                0x00000000000026c0       0x14 /home/yin/imx-optee/imx-optee-os/out/arm-plat-imx/export-ta_arm32/lib/libutee.a(utee_syscalls_a32.o)
                0x00000000000026c0                utee_se_service_get_readers
 .text.utee_se_reader_get_prop
                0x00000000000026d4       0x14 /home/yin/imx-optee/imx-optee-os/out/arm-plat-imx/export-ta_arm32/lib/libutee.a(utee_syscalls_a32.o)
                0x00000000000026d4                utee_se_reader_get_prop
 .text.utee_se_reader_get_name
                0x00000000000026e8       0x14 /home/yin/imx-optee/imx-optee-os/out/arm-plat-imx/export-ta_arm32/lib/libutee.a(utee_syscalls_a32.o)
                0x00000000000026e8                utee_se_reader_get_name
 .text.utee_se_reader_open_session
                0x00000000000026fc       0x14 /home/yin/imx-optee/imx-optee-os/out/arm-plat-imx/export-ta_arm32/lib/libutee.a(utee_syscalls_a32.o)
                0x00000000000026fc                utee_se_reader_open_session
 .text.utee_se_reader_close_sessions
                0x0000000000002710       0x14 /home/yin/imx-optee/imx-optee-os/out/arm-plat-imx/export-ta_arm32/lib/libutee.a(utee_syscalls_a32.o)
                0x0000000000002710                utee_se_reader_close_sessions
 .text.utee_se_session_is_closed
                0x0000000000002724       0x14 /home/yin/imx-optee/imx-optee-os/out/arm-plat-imx/export-ta_arm32/lib/libutee.a(utee_syscalls_a32.o)
                0x0000000000002724                utee_se_session_is_closed
 .text.utee_se_session_get_atr
                0x0000000000002738       0x14 /home/yin/imx-optee/imx-optee-os/out/arm-plat-imx/export-ta_arm32/lib/libutee.a(utee_syscalls_a32.o)
                0x0000000000002738                utee_se_session_get_atr
 .text.utee_se_session_open_channel
                0x000000000000274c       0x18 /home/yin/imx-optee/imx-optee-os/out/arm-plat-imx/export-ta_arm32/lib/libutee.a(utee_syscalls_a32.o)
                0x000000000000274c                utee_se_session_open_channel
 .text.utee_se_session_close
                0x0000000000002764       0x14 /home/yin/imx-optee/imx-optee-os/out/arm-plat-imx/export-ta_arm32/lib/libutee.a(utee_syscalls_a32.o)
                0x0000000000002764                utee_se_session_close
 .text.utee_se_channel_select_next
                0x0000000000002778       0x14 /home/yin/imx-optee/imx-optee-os/out/arm-plat-imx/export-ta_arm32/lib/libutee.a(utee_syscalls_a32.o)
                0x0000000000002778                utee_se_channel_select_next
 .text.utee_se_channel_get_select_resp
                0x000000000000278c       0x14 /home/yin/imx-optee/imx-optee-os/out/arm-plat-imx/export-ta_arm32/lib/libutee.a(utee_syscalls_a32.o)
                0x000000000000278c                utee_se_channel_get_select_resp
 .text.utee_se_channel_transmit
                0x00000000000027a0       0x18 /home/yin/imx-optee/imx-optee-os/out/arm-plat-imx/export-ta_arm32/lib/libutee.a(utee_syscalls_a32.o)
                0x00000000000027a0                utee_se_channel_transmit
 .text.utee_se_channel_close
                0x00000000000027b8       0x14 /home/yin/imx-optee/imx-optee-os/out/arm-plat-imx/export-ta_arm32/lib/libutee.a(utee_syscalls_a32.o)
                0x00000000000027b8                utee_se_channel_close
 .text.utee_cache_operation
                0x00000000000027cc       0x14 /home/yin/imx-optee/imx-optee-os/out/arm-plat-imx/export-ta_arm32/lib/libutee.a(utee_syscalls_a32.o)
                0x00000000000027cc                utee_cache_operation
 .text.__utee_mcount
                0x00000000000027e0        0xc /home/yin/imx-optee/imx-optee-os/out/arm-plat-imx/export-ta_arm32/lib/libutee.a(gprof_a32.o)
                0x00000000000027e0                __utee_mcount
 .text          0x00000000000027ec      0x478 /home/yin/imx-optee/imx-optee-os/out/arm-plat-imx/export-ta_arm32/lib/libutee.a(tee_api_arith.o)
                0x00000000000027ec                _TEE_MathAPI_Init
                0x0000000000002824                TEE_BigIntInit
                0x0000000000002828                TEE_BigIntInitFMM
                0x0000000000002836                TEE_BigIntInitFMMContext
                0x0000000000002860                TEE_BigIntFMMSizeInU32
                0x0000000000002868                TEE_BigIntFMMContextSizeInU32
                0x0000000000002872                TEE_BigIntConvertFromOctetString
                0x0000000000002888                TEE_BigIntConvertToOctetString
                0x00000000000028bc                TEE_BigIntConvertFromS32
                0x00000000000028c0                TEE_BigIntConvertToS32
                0x00000000000028d4                TEE_BigIntCmp
                0x00000000000028d8                TEE_BigIntCmpS32
                0x00000000000028dc                TEE_BigIntShiftRight
                0x00000000000028e0                TEE_BigIntGetBit
                0x00000000000028ee                TEE_BigIntGetBitCount
                0x00000000000028f8                TEE_BigIntAdd
                0x0000000000002908                TEE_BigIntSub
                0x0000000000002918                TEE_BigIntNeg
                0x000000000000291c                TEE_BigIntMul
                0x000000000000292c                TEE_BigIntSquare
                0x000000000000293c                TEE_BigIntDiv
                0x0000000000002978                TEE_BigIntMod
                0x00000000000029d0                TEE_BigIntAddMod
                0x0000000000002a30                TEE_BigIntSubMod
                0x0000000000002a90                TEE_BigIntMulMod
                0x0000000000002b10                TEE_BigIntSquareMod
                0x0000000000002b18                TEE_BigIntInvMod
                0x0000000000002b5c                TEE_BigIntRelativePrime
                0x0000000000002b9c                TEE_BigIntComputeExtendedGcd
                0x0000000000002bb8                TEE_BigIntIsProbablePrime
                0x0000000000002bd8                TEE_BigIntConvertToFMM
                0x0000000000002bf8                TEE_BigIntConvertFromFMM
                0x0000000000002c48                TEE_BigIntComputeFMM
 .text.unlikely
                0x0000000000002c64       0x1c /home/yin/imx-optee/imx-optee-os/out/arm-plat-imx/export-ta_arm32/lib/libutee.a(tee_api_arith.o)
 .text          0x0000000000002c80      0x2e8 /home/yin/imx-optee/imx-optee-os/out/arm-plat-imx/export-ta_arm32/lib/libutee.a(tee_api.o)
                0x0000000000002c80                __utee_from_param
                0x0000000000002cd2                __utee_to_param
                0x0000000000002d12                TEE_OpenTASession
                0x0000000000002d56                TEE_CloseTASession
                0x0000000000002d6a                TEE_InvokeTACommand
                0x0000000000002dd0                TEE_GetCancellationFlag
                0x0000000000002dec                TEE_UnmaskCancellation
                0x0000000000002e08                TEE_MaskCancellation
                0x0000000000002e24                TEE_CheckMemoryAccessRights
                0x0000000000002e2e                TEE_SetInstanceData
                0x0000000000002e3c                TEE_GetInstanceData
                0x0000000000002e48                TEE_MemMove
                0x0000000000002e4c                TEE_MemCompare
                0x0000000000002e50                TEE_MemFill
                0x0000000000002e54                TEE_GetSystemTime
                0x0000000000002e6a                TEE_Wait
                0x0000000000002e88                TEE_GetTAPersistentTime
                0x0000000000002ec4                TEE_SetTAPersistentTime
                0x0000000000002eec                TEE_GetREETime
                0x0000000000002f02                TEE_Malloc
                0x0000000000002f4c                TEE_Realloc
                0x0000000000002f50                TEE_Free
                0x0000000000002f54                TEE_CacheClean
                0x0000000000002f5a                TEE_CacheFlush
                0x0000000000002f60                TEE_CacheInvalidate
 .text          0x0000000000002f68       0x9c /home/yin/imx-optee/imx-optee-os/out/arm-plat-imx/export-ta_arm32/lib/libutee.a(trace_ext.o)
                0x0000000000002f68                trace_ext_puts
                0x0000000000002f7c                trace_ext_get_thread_id
                0x0000000000002f82                printf
                0x0000000000002fbc                puts
                0x0000000000002fe0                putchar
 .text          0x0000000000003004      0x9d8 /home/yin/imx-optee/imx-optee-os/out/arm-plat-imx/export-ta_arm32/lib/libutils.a(bget_malloc.o)
                0x00000000000030dc                bget
                0x00000000000031f8                bgetz
                0x0000000000003254                brel
                0x000000000000341c                bgetr
                0x0000000000003498                bpool
                0x0000000000003534                malloc
                0x000000000000354c                free
                0x000000000000355c                calloc
                0x0000000000003584                realloc
                0x000000000000359c                memalign
                0x00000000000037e8                malloc_add_pool
                0x00000000000038b8                malloc_buffer_is_within_alloced
                0x0000000000003994                malloc_buffer_overlaps_heap
 .text          0x00000000000039dc      0x758 /home/yin/imx-optee/imx-optee-os/out/arm-plat-imx/export-ta_arm32/lib/libutils.a(snprintk.o)
                0x00000000000039dc                __vsnprintf
                0x000000000000410c                vsnprintk
                0x000000000000411a                snprintk
 .text          0x0000000000004134      0x2c0 /home/yin/imx-optee/imx-optee-os/out/arm-plat-imx/export-ta_arm32/lib/libutils.a(trace.o)
                0x0000000000004182                trace_set_level
                0x00000000000041a0                trace_get_level
                0x00000000000041b4                trace_printf
                0x00000000000042f8                dhex_dump
 .text          0x00000000000043f4       0xbc /home/yin/imx-optee/imx-optee-os/out/arm-plat-imx/export-ta_arm32/lib/libutils.a(mempool.o)
                0x00000000000043f4                mempool_alloc_pool
                0x0000000000004438                mempool_alloc
                0x0000000000004482                mempool_free
 .text.ret_idivmod_values
                0x00000000000044b0        0x4 /home/yin/imx-optee/imx-optee-os/out/arm-plat-imx/export-ta_arm32/lib/libutils.a(arm32_aeabi_divmod_a32.o)
                0x00000000000044b0                ret_idivmod_values
 .text.ret_uidivmod_values
                0x00000000000044b4        0x4 /home/yin/imx-optee/imx-optee-os/out/arm-plat-imx/export-ta_arm32/lib/libutils.a(arm32_aeabi_divmod_a32.o)
                0x00000000000044b4                ret_uidivmod_values
 .text.__aeabi_ldivmod
                0x00000000000044b8       0x18 /home/yin/imx-optee/imx-optee-os/out/arm-plat-imx/export-ta_arm32/lib/libutils.a(arm32_aeabi_ldivmod_a32.o)
                0x00000000000044b8                __aeabi_ldivmod
 .text.__aeabi_uldivmod
                0x00000000000044d0       0x18 /home/yin/imx-optee/imx-optee-os/out/arm-plat-imx/export-ta_arm32/lib/libutils.a(arm32_aeabi_ldivmod_a32.o)
                0x00000000000044d0                __aeabi_uldivmod
 .text          0x00000000000044e8       0xe4 /home/yin/imx-optee/imx-optee-os/out/arm-plat-imx/export-ta_arm32/lib/libmpa.a(mpa_misc.o)
                0x00000000000044e8                __mpa_set_unused_digits_to_zero
                0x0000000000004502                mpa_wipe
                0x0000000000004518                mpa_copy
                0x000000000000453a                mpa_abs
                0x000000000000454e                mpa_highest_bit_index
                0x0000000000004578                mpa_get_bit
                0x00000000000045a4                mpa_can_hold
                0x00000000000045b8                mpa_parity
                0x00000000000045c0                mpa_constant_one
 .text          0x00000000000045cc      0x264 /home/yin/imx-optee/imx-optee-os/out/arm-plat-imx/export-ta_arm32/lib/libmpa.a(mpa_montgomery.o)
                0x00000000000045cc                __mpa_montgomery_mul_add
                0x000000000000462c                __mpa_montgomery_sub_ack
                0x000000000000468c                __mpa_montgomery_mul
                0x0000000000004724                mpa_compute_fmm_context
                0x00000000000047f4                mpa_montgomery_mul
 .text          0x0000000000004830      0x278 /home/yin/imx-optee/imx-optee-os/out/arm-plat-imx/export-ta_arm32/lib/libmpa.a(mpa_primetest.o)
                0x0000000000004830                mpa_is_prob_prime
 .text          0x0000000000004aa8      0x114 /home/yin/imx-optee/imx-optee-os/out/arm-plat-imx/export-ta_arm32/lib/libmpa.a(mpa_expmod.o)
                0x0000000000004aa8                mpa_exp_mod
 .text          0x0000000000004bbc      0x490 /home/yin/imx-optee/imx-optee-os/out/arm-plat-imx/export-ta_arm32/lib/libmpa.a(mpa_io.o)
                0x0000000000004ca8                mpa_get_str_size
                0x0000000000004cae                mpa_set_str
                0x0000000000004e84                mpa_get_str
                0x0000000000004ed8                mpa_set_oct_str
                0x0000000000004f74                mpa_get_oct_str
 .text          0x000000000000504c       0x38 /home/yin/imx-optee/imx-optee-os/out/arm-plat-imx/export-ta_arm32/lib/libutee.a(assert.o)
                0x000000000000504c                _assert_log
                0x0000000000005074                _assert_break
 .text          0x0000000000005084        0x4 ./user_ta_header.o
                0x0000000000005084                tahead_get_trace_level
 .text          0x0000000000005088        0x4 /home/yin/imx-optee/imx-optee-os/out/arm-plat-imx/export-ta_arm32/lib/libutee.a(tee_api_panic.o)
                0x0000000000005088                TEE_Panic
 .text          0x000000000000508c       0x2c /home/yin/imx-optee/imx-optee-os/out/arm-plat-imx/export-ta_arm32/lib/libutils.a(snprintf.o)
                0x000000000000508c                snprintf
                0x00000000000050aa                vsnprintf
 .text          0x00000000000050b8       0x1e /home/yin/imx-optee/imx-optee-os/out/arm-plat-imx/export-ta_arm32/lib/libutils.a(memcmp.o)
                0x00000000000050b8                memcmp
 .text          0x00000000000050d6       0x16 /home/yin/imx-optee/imx-optee-os/out/arm-plat-imx/export-ta_arm32/lib/libutils.a(memcpy.o)
                0x00000000000050d6                memcpy
 .text          0x00000000000050ec       0x34 /home/yin/imx-optee/imx-optee-os/out/arm-plat-imx/export-ta_arm32/lib/libutils.a(memmove.o)
                0x00000000000050ec                memmove
 .text          0x0000000000005120       0x10 /home/yin/imx-optee/imx-optee-os/out/arm-plat-imx/export-ta_arm32/lib/libutils.a(memset.o)
                0x0000000000005120                memset
 .text          0x0000000000005130       0x10 /home/yin/imx-optee/imx-optee-os/out/arm-plat-imx/export-ta_arm32/lib/libutils.a(strlen.o)
                0x0000000000005130                strlen
 .text          0x0000000000005140      0x1b6 /home/yin/imx-optee/imx-optee-os/out/arm-plat-imx/export-ta_arm32/lib/libutils.a(arm32_aeabi_divmod.o)
                0x000000000000518a                __aeabi_uidiv
                0x00000000000051aa                __aeabi_uimod
                0x00000000000051ca                __aeabi_uidivmod
                0x00000000000051f0                __aeabi_idiv
                0x0000000000005238                __aeabi_imod
                0x00000000000052a8                __aeabi_idivmod
 .text          0x00000000000052f6       0x2c /home/yin/imx-optee/imx-optee-os/out/arm-plat-imx/export-ta_arm32/lib/libutils.a(buf_compare_ct.o)
                0x00000000000052f6                buf_compare_ct
 .text          0x0000000000005322        0x6 /home/yin/imx-optee/imx-optee-os/out/arm-plat-imx/export-ta_arm32/lib/libutils.a(aeabi_unwind.o)
                0x0000000000005322                __aeabi_unwind_cpp_pr0
                0x0000000000005324                __aeabi_unwind_cpp_pr1
                0x0000000000005326                __aeabi_unwind_cpp_pr2
 .text          0x0000000000005328       0x1c /home/yin/imx-optee/imx-optee-os/out/arm-plat-imx/export-ta_arm32/lib/libutils.a(memchr.o)
                0x0000000000005328                memchr
 .text          0x0000000000005344      0x160 /home/yin/imx-optee/imx-optee-os/out/arm-plat-imx/export-ta_arm32/lib/libutils.a(arm32_aeabi_ldivmod.o)
                0x0000000000005344                __ul_divmod
                0x00000000000053b8                __l_divmod
 .text          0x00000000000054a4       0x76 /home/yin/imx-optee/imx-optee-os/out/arm-plat-imx/export-ta_arm32/lib/libmpa.a(mpa_conv.o)
                0x00000000000054a4                mpa_set_S32
                0x00000000000054c0                mpa_get_S32
                0x0000000000005502                mpa_set_word
                0x000000000000550e                mpa_get_word
 .text          0x000000000000551a      0x588 /home/yin/imx-optee/imx-optee-os/out/arm-plat-imx/export-ta_arm32/lib/libmpa.a(mpa_div.o)
                0x000000000000551a                __mpa_div_dword
                0x0000000000005574                __mpa_div_q_r_internal_word
                0x0000000000005632                __mpa_div_q_r
                0x0000000000005a14                mpa_div
 .text          0x0000000000005aa2      0x54a /home/yin/imx-optee/imx-optee-os/out/arm-plat-imx/export-ta_arm32/lib/libmpa.a(mpa_gcd.o)
                0x0000000000005e08                mpa_gcd
                0x0000000000005eb2                mpa_extended_gcd
 .text          0x0000000000005fec       0x42 /home/yin/imx-optee/imx-optee-os/out/arm-plat-imx/export-ta_arm32/lib/libmpa.a(mpa_mem_static.o)
                0x0000000000005fec                mpa_alloc_static_temp_var_size
                0x0000000000006014                mpa_alloc_static_temp_var
                0x000000000000601e                mpa_free_static_temp_var
 .text          0x000000000000602e      0x1f4 /home/yin/imx-optee/imx-optee-os/out/arm-plat-imx/export-ta_arm32/lib/libmpa.a(mpa_mul.o)
                0x000000000000602e                __mpa_mul_add_word
                0x000000000000603e                __mpa_mul_add_word_cum
                0x0000000000006056                __mpa_abs_mul_word
                0x00000000000060a6                __mpa_abs_mul
                0x0000000000006134                mpa_mul
                0x00000000000061b6                mpa_mul_word
 .text          0x0000000000006222       0xd6 /home/yin/imx-optee/imx-optee-os/out/arm-plat-imx/export-ta_arm32/lib/libmpa.a(mpa_random.o)
                0x0000000000006222                mpa_get_random
                0x00000000000062c2                mpa_get_random_digits
 .text          0x00000000000062f8      0x25a /home/yin/imx-optee/imx-optee-os/out/arm-plat-imx/export-ta_arm32/lib/libmpa.a(mpa_shift.o)
                0x00000000000062f8                __mpa_shift_words_left
                0x0000000000006344                __mpa_shift_words_right
                0x0000000000006388                mpa_shift_left
                0x000000000000647c                mpa_shift_right
 .text          0x0000000000006552      0x57e /home/yin/imx-optee/imx-optee-os/out/arm-plat-imx/export-ta_arm32/lib/libmpa.a(mpa_addsub.o)
                0x0000000000006552                __mpa_full_adder
                0x000000000000656a                __mpa_full_sub
                0x0000000000006582                __mpa_full_adder_ackum
                0x000000000000659c                __mpa_abs_add
                0x0000000000006646                __mpa_abs_add_ackum
                0x00000000000066ba                __mpa_abs_sub
                0x000000000000674e                mpa_add
                0x000000000000683c                mpa_sub
                0x0000000000006940                mpa_neg
                0x0000000000006950                mpa_add_word
                0x0000000000006a0e                mpa_sub_word
 .text          0x0000000000006ad0      0x10c /home/yin/imx-optee/imx-optee-os/out/arm-plat-imx/export-ta_arm32/lib/libmpa.a(mpa_cmp.o)
                0x0000000000006ad0                __mpa_abs_cmp
                0x0000000000006b22                __mpa_abs_greater_than
                0x0000000000006b32                __mpa_abs_less_than
                0x0000000000006b3c                mpa_cmp
                0x0000000000006b82                mpa_cmp_short
 .text          0x0000000000006bdc       0x48 /home/yin/imx-optee/imx-optee-os/out/arm-plat-imx/export-ta_arm32/lib/libmpa.a(mpa_init.o)
                0x0000000000006bdc                mpa_init_static
                0x0000000000006bee                mpa_init_static_fmm_context
 .text          0x0000000000006c24      0x180 /home/yin/imx-optee/imx-optee-os/out/arm-plat-imx/export-ta_arm32/lib/libmpa.a(mpa_modulus.o)
                0x0000000000006c24                mpa_mod
                0x0000000000006c3a                mpa_add_mod
                0x0000000000006c7c                mpa_sub_mod
                0x0000000000006cbe                mpa_mul_mod
                0x0000000000006d00                mpa_inv_mod
 .text          0x0000000000006da4        0x0 /home/yin/imx-optee/imx-optee-os/out/arm-plat-imx/export-ta_arm32/lib/libutee.a(gprof_a32.o)
 .text          0x0000000000006da4        0x0 /home/yin/imx-optee/imx-optee-os/out/arm-plat-imx/export-ta_arm32/lib/libutils.a(arm32_aeabi_divmod_a32.o)
 .text          0x0000000000006da4        0x0 /home/yin/imx-optee/imx-optee-os/out/arm-plat-imx/export-ta_arm32/lib/libutils.a(arm32_aeabi_ldivmod_a32.o)
 *fill*         0x0000000000006da4        0x4 
 .text.__stub   0x0000000000006da8       0x40 linker stubs
 *(SORT(.stub))
 *(SORT(.glue_7))
 .glue_7        0x0000000000006de8        0x0 linker stubs
 *(SORT(.glue_7t))
 .glue_7t       0x0000000000006de8        0x0 linker stubs
 *(SORT(.gnu.linkonce.t.*))
 *(SORT(.vfp11_veneer))
 .vfp11_veneer  0x0000000000006de8        0x0 linker stubs
                [!provide]                        PROVIDE (__gnu_mcount_nc, __utee_mcount)
                0x0000000000006de8                __text_end = .

.v4_bx          0x0000000000006de8        0x0
 .v4_bx         0x0000000000006de8        0x0 linker stubs

.iplt           0x0000000000006de8        0x0
 .iplt          0x0000000000006de8        0x0 ./hotp_ta.o

.plt            0x0000000000006de8        0x0
 *(SORT(.plt))
 .plt           0x0000000000006de8        0x0 ./hotp_ta.o

.eh_frame
 *(SORT(.eh_frame))

.rodata         0x0000000000006de8     0x1553
 *(SORT(.gnu.linkonce.r.*))
 *(SORT(.rodata) SORT(.rodata.*))
 .rodata.user_ta_header.c
                0x0000000000006de8       0x1b ./user_ta_header.o
                0x0000000000006de8                ta_num_props
                0x0000000000006dfc                ta_heap_size
                0x0000000000006e00                trace_ext_prefix
 *fill*         0x0000000000006e03        0x1 
 .rodata.lib/libmpa/mpa_misc.c
                0x0000000000006e04       0x28 /home/yin/imx-optee/imx-optee-os/out/arm-plat-imx/export-ta_arm32/lib/libmpa.a(mpa_misc.o)
                0x0000000000006e04                const_one
                0x0000000000006e10                Const_1_LShift_Base
                0x0000000000006e20                const_largest_deci_base
 .rodata.lib/libmpa/mpa_primetest.c
                0x0000000000006e2c      0xd30 /home/yin/imx-optee/imx-optee-os/out/arm-plat-imx/export-ta_arm32/lib/libmpa.a(mpa_primetest.o)
                0x0000000000006e2c                PRIME_TABLE
                0x0000000000007b54                NR_STORED_PRIMES
                0x0000000000007b58                MAX_TABULATED_PRIME
 .rodata.hotp_ta.c
                0x0000000000007b5c       0x27 ./hotp_ta.o
 .rodata.str1.1.hotp_ta.c
                0x0000000000007b83       0x4b ./hotp_ta.o
 .rodata.str1.1.user_ta_header.c
                0x0000000000007bce       0xff ./user_ta_header.o
 .rodata.str1.1.lib/libutee/tee_api_arith.c
                0x0000000000007ccd       0x5b /home/yin/imx-optee/imx-optee-os/out/arm-plat-imx/export-ta_arm32/lib/libutee.a(tee_api_arith.o)
 .rodata.lib/libutee/tee_api.c
                0x0000000000007d28        0xb /home/yin/imx-optee/imx-optee-os/out/arm-plat-imx/export-ta_arm32/lib/libutee.a(tee_api.o)
 .rodata.str1.1.lib/libutee/tee_api.c
                0x0000000000007d33       0x11 /home/yin/imx-optee/imx-optee-os/out/arm-plat-imx/export-ta_arm32/lib/libutee.a(tee_api.o)
 .rodata.str1.1.lib/libutee/trace_ext.c
                0x0000000000007d44       0x11 /home/yin/imx-optee/imx-optee-os/out/arm-plat-imx/export-ta_arm32/lib/libutee.a(trace_ext.o)
                                          0x2 (size before relaxing)
 .rodata.lib/libutils/isoc/bget_malloc.c
                0x0000000000007d44       0x83 /home/yin/imx-optee/imx-optee-os/out/arm-plat-imx/export-ta_arm32/lib/libutils.a(bget_malloc.o)
 .rodata.str1.1.lib/libutils/isoc/bget_malloc.c
                0x0000000000007dc7      0x3e1 /home/yin/imx-optee/imx-optee-os/out/arm-plat-imx/export-ta_arm32/lib/libutils.a(bget_malloc.o)
                                        0x3ea (size before relaxing)
 .rodata.lib/libutils/ext/snprintk.c
                0x00000000000081a8       0x22 /home/yin/imx-optee/imx-optee-os/out/arm-plat-imx/export-ta_arm32/lib/libutils.a(snprintk.o)
 .rodata.str1.1.lib/libutils/ext/snprintk.c
                0x00000000000081ca       0x38 /home/yin/imx-optee/imx-optee-os/out/arm-plat-imx/export-ta_arm32/lib/libutils.a(snprintk.o)
 .rodata.lib/libutils/ext/trace.c
                0x0000000000008202        0xf /home/yin/imx-optee/imx-optee-os/out/arm-plat-imx/export-ta_arm32/lib/libutils.a(trace.o)
 .rodata.str1.1.lib/libutils/ext/trace.c
                0x0000000000008211       0x3a /home/yin/imx-optee/imx-optee-os/out/arm-plat-imx/export-ta_arm32/lib/libutils.a(trace.o)
                                         0x3d (size before relaxing)
 .rodata.lib/libutils/ext/mempool.c
                0x000000000000824b       0x13 /home/yin/imx-optee/imx-optee-os/out/arm-plat-imx/export-ta_arm32/lib/libutils.a(mempool.o)
 .rodata.str1.1.lib/libutils/ext/mempool.c
                0x000000000000825e       0x3f /home/yin/imx-optee/imx-optee-os/out/arm-plat-imx/export-ta_arm32/lib/libutils.a(mempool.o)
 .rodata.lib/libmpa/mpa_io.c
                0x000000000000829d       0x18 /home/yin/imx-optee/imx-optee-os/out/arm-plat-imx/export-ta_arm32/lib/libmpa.a(mpa_io.o)
 .rodata.str1.1.lib/libmpa/mpa_io.c
                0x00000000000082b5       0x5f /home/yin/imx-optee/imx-optee-os/out/arm-plat-imx/export-ta_arm32/lib/libmpa.a(mpa_io.o)
 .rodata.str1.1.lib/libutee/assert.c
                0x0000000000008314       0x27 /home/yin/imx-optee/imx-optee-os/out/arm-plat-imx/export-ta_arm32/lib/libutee.a(assert.o)

.ARM.extab      0x000000000000833c       0xfc
 .ARM.extab     0x000000000000833c        0x0 ./hotp_ta.o
 .ARM.extab     0x000000000000833c        0x0 ./user_ta_header.o
 .ARM.extab     0x000000000000833c       0x30 /home/yin/imx-optee/imx-optee-os/out/arm-plat-imx/export-ta_arm32/lib/libutee.a(tee_api_objects.o)
 .ARM.extab     0x000000000000836c        0xc /home/yin/imx-optee/imx-optee-os/out/arm-plat-imx/export-ta_arm32/lib/libutee.a(tee_api_operations.o)
 .ARM.extab     0x0000000000008378        0x0 /home/yin/imx-optee/imx-optee-os/out/arm-plat-imx/export-ta_arm32/lib/libutee.a(tee_api_panic.o)
 .ARM.extab     0x0000000000008378        0x0 /home/yin/imx-optee/imx-optee-os/out/arm-plat-imx/export-ta_arm32/lib/libutee.a(user_ta_entry.o)
 .ARM.extab     0x0000000000008378       0x3c /home/yin/imx-optee/imx-optee-os/out/arm-plat-imx/export-ta_arm32/lib/libutee.a(tee_api_arith.o)
 .ARM.extab     0x00000000000083b4       0x24 /home/yin/imx-optee/imx-optee-os/out/arm-plat-imx/export-ta_arm32/lib/libutee.a(tee_api.o)
 .ARM.extab     0x00000000000083d8        0xc /home/yin/imx-optee/imx-optee-os/out/arm-plat-imx/export-ta_arm32/lib/libutee.a(trace_ext.o)
 .ARM.extab     0x00000000000083e4        0xc /home/yin/imx-optee/imx-optee-os/out/arm-plat-imx/export-ta_arm32/lib/libutils.a(bget_malloc.o)
 .ARM.extab     0x00000000000083f0        0xc /home/yin/imx-optee/imx-optee-os/out/arm-plat-imx/export-ta_arm32/lib/libutils.a(snprintf.o)
 .ARM.extab     0x00000000000083fc        0x0 /home/yin/imx-optee/imx-optee-os/out/arm-plat-imx/export-ta_arm32/lib/libutils.a(memcmp.o)
 .ARM.extab     0x00000000000083fc        0x0 /home/yin/imx-optee/imx-optee-os/out/arm-plat-imx/export-ta_arm32/lib/libutils.a(memcpy.o)
 .ARM.extab     0x00000000000083fc        0x0 /home/yin/imx-optee/imx-optee-os/out/arm-plat-imx/export-ta_arm32/lib/libutils.a(memmove.o)
 .ARM.extab     0x00000000000083fc        0x0 /home/yin/imx-optee/imx-optee-os/out/arm-plat-imx/export-ta_arm32/lib/libutils.a(memset.o)
 .ARM.extab     0x00000000000083fc        0x0 /home/yin/imx-optee/imx-optee-os/out/arm-plat-imx/export-ta_arm32/lib/libutils.a(strlen.o)
 .ARM.extab     0x00000000000083fc        0x0 /home/yin/imx-optee/imx-optee-os/out/arm-plat-imx/export-ta_arm32/lib/libutils.a(arm32_aeabi_divmod.o)
 .ARM.extab     0x00000000000083fc        0xc /home/yin/imx-optee/imx-optee-os/out/arm-plat-imx/export-ta_arm32/lib/libutils.a(snprintk.o)
 .ARM.extab     0x0000000000008408        0x0 /home/yin/imx-optee/imx-optee-os/out/arm-plat-imx/export-ta_arm32/lib/libutils.a(buf_compare_ct.o)
 .ARM.extab     0x0000000000008408        0xc /home/yin/imx-optee/imx-optee-os/out/arm-plat-imx/export-ta_arm32/lib/libutils.a(trace.o)
 .ARM.extab     0x0000000000008414        0x0 /home/yin/imx-optee/imx-optee-os/out/arm-plat-imx/export-ta_arm32/lib/libutils.a(mempool.o)
 .ARM.extab     0x0000000000008414        0x0 /home/yin/imx-optee/imx-optee-os/out/arm-plat-imx/export-ta_arm32/lib/libutils.a(aeabi_unwind.o)
 .ARM.extab     0x0000000000008414        0x0 /home/yin/imx-optee/imx-optee-os/out/arm-plat-imx/export-ta_arm32/lib/libutils.a(memchr.o)
 .ARM.extab     0x0000000000008414        0x0 /home/yin/imx-optee/imx-optee-os/out/arm-plat-imx/export-ta_arm32/lib/libutils.a(arm32_aeabi_ldivmod.o)
 .ARM.extab     0x0000000000008414        0x0 /home/yin/imx-optee/imx-optee-os/out/arm-plat-imx/export-ta_arm32/lib/libmpa.a(mpa_misc.o)
 .ARM.extab     0x0000000000008414        0x0 /home/yin/imx-optee/imx-optee-os/out/arm-plat-imx/export-ta_arm32/lib/libmpa.a(mpa_montgomery.o)
 .ARM.extab     0x0000000000008414        0x0 /home/yin/imx-optee/imx-optee-os/out/arm-plat-imx/export-ta_arm32/lib/libmpa.a(mpa_primetest.o)
 .ARM.extab     0x0000000000008414        0x0 /home/yin/imx-optee/imx-optee-os/out/arm-plat-imx/export-ta_arm32/lib/libmpa.a(mpa_conv.o)
 .ARM.extab     0x0000000000008414        0x0 /home/yin/imx-optee/imx-optee-os/out/arm-plat-imx/export-ta_arm32/lib/libmpa.a(mpa_div.o)
 .ARM.extab     0x0000000000008414        0x0 /home/yin/imx-optee/imx-optee-os/out/arm-plat-imx/export-ta_arm32/lib/libmpa.a(mpa_gcd.o)
 .ARM.extab     0x0000000000008414        0x0 /home/yin/imx-optee/imx-optee-os/out/arm-plat-imx/export-ta_arm32/lib/libmpa.a(mpa_mem_static.o)
 .ARM.extab     0x0000000000008414        0x0 /home/yin/imx-optee/imx-optee-os/out/arm-plat-imx/export-ta_arm32/lib/libmpa.a(mpa_mul.o)
 .ARM.extab     0x0000000000008414        0x0 /home/yin/imx-optee/imx-optee-os/out/arm-plat-imx/export-ta_arm32/lib/libmpa.a(mpa_random.o)
 .ARM.extab     0x0000000000008414        0x0 /home/yin/imx-optee/imx-optee-os/out/arm-plat-imx/export-ta_arm32/lib/libmpa.a(mpa_shift.o)
 .ARM.extab     0x0000000000008414        0x0 /home/yin/imx-optee/imx-optee-os/out/arm-plat-imx/export-ta_arm32/lib/libmpa.a(mpa_addsub.o)
 .ARM.extab     0x0000000000008414       0x18 /home/yin/imx-optee/imx-optee-os/out/arm-plat-imx/export-ta_arm32/lib/libmpa.a(mpa_cmp.o)
 .ARM.extab     0x000000000000842c        0x0 /home/yin/imx-optee/imx-optee-os/out/arm-plat-imx/export-ta_arm32/lib/libmpa.a(mpa_expmod.o)
 .ARM.extab     0x000000000000842c        0x0 /home/yin/imx-optee/imx-optee-os/out/arm-plat-imx/export-ta_arm32/lib/libmpa.a(mpa_init.o)
 .ARM.extab     0x000000000000842c        0x0 /home/yin/imx-optee/imx-optee-os/out/arm-plat-imx/export-ta_arm32/lib/libmpa.a(mpa_io.o)
 .ARM.extab     0x000000000000842c        0x0 /home/yin/imx-optee/imx-optee-os/out/arm-plat-imx/export-ta_arm32/lib/libmpa.a(mpa_modulus.o)
 .ARM.extab     0x000000000000842c        0xc /home/yin/imx-optee/imx-optee-os/out/arm-plat-imx/export-ta_arm32/lib/libutee.a(assert.o)

.gnu.version_d  0x0000000000008438        0x0
 .gnu.version_d
                0x0000000000008438        0x0 ./hotp_ta.o

.gnu.version    0x0000000000008438        0x0
 .gnu.version   0x0000000000008438        0x0 ./hotp_ta.o

.gnu.version_r  0x0000000000008438        0x0
 .gnu.version_r
                0x0000000000008438        0x0 ./hotp_ta.o

.ARM.extab.text.utee_panic
                0x0000000000008438        0xc
 .ARM.extab.text.utee_panic
                0x0000000000008438        0xc /home/yin/imx-optee/imx-optee-os/out/arm-plat-imx/export-ta_arm32/lib/libutee.a(utee_syscalls_a32.o)

.ARM.extab.text.utee_return
                0x0000000000008444        0x0
 .ARM.extab.text.utee_return
                0x0000000000008444        0x0 /home/yin/imx-optee/imx-optee-os/out/arm-plat-imx/export-ta_arm32/lib/libutee.a(utee_syscalls_a32.o)

.ARM.extab.text.utee_log
                0x0000000000008444        0x0
 .ARM.extab.text.utee_log
                0x0000000000008444        0x0 /home/yin/imx-optee/imx-optee-os/out/arm-plat-imx/export-ta_arm32/lib/libutee.a(utee_syscalls_a32.o)

.ARM.extab.text.__utee_panic
                0x0000000000008444        0x0
 .ARM.extab.text.__utee_panic
                0x0000000000008444        0x0 /home/yin/imx-optee/imx-optee-os/out/arm-plat-imx/export-ta_arm32/lib/libutee.a(utee_syscalls_a32.o)

.ARM.extab.text.utee_get_property
                0x0000000000008444        0x0
 .ARM.extab.text.utee_get_property
                0x0000000000008444        0x0 /home/yin/imx-optee/imx-optee-os/out/arm-plat-imx/export-ta_arm32/lib/libutee.a(utee_syscalls_a32.o)

.ARM.extab.text.utee_get_property_name_to_index
                0x0000000000008444        0x0
 .ARM.extab.text.utee_get_property_name_to_index
                0x0000000000008444        0x0 /home/yin/imx-optee/imx-optee-os/out/arm-plat-imx/export-ta_arm32/lib/libutee.a(utee_syscalls_a32.o)

.ARM.extab.text.utee_open_ta_session
                0x0000000000008444        0x0
 .ARM.extab.text.utee_open_ta_session
                0x0000000000008444        0x0 /home/yin/imx-optee/imx-optee-os/out/arm-plat-imx/export-ta_arm32/lib/libutee.a(utee_syscalls_a32.o)

.ARM.extab.text.utee_close_ta_session
                0x0000000000008444        0x0
 .ARM.extab.text.utee_close_ta_session
                0x0000000000008444        0x0 /home/yin/imx-optee/imx-optee-os/out/arm-plat-imx/export-ta_arm32/lib/libutee.a(utee_syscalls_a32.o)

.ARM.extab.text.utee_invoke_ta_command
                0x0000000000008444        0x0
 .ARM.extab.text.utee_invoke_ta_command
                0x0000000000008444        0x0 /home/yin/imx-optee/imx-optee-os/out/arm-plat-imx/export-ta_arm32/lib/libutee.a(utee_syscalls_a32.o)

.ARM.extab.text.utee_get_cancellation_flag
                0x0000000000008444        0x0
 .ARM.extab.text.utee_get_cancellation_flag
                0x0000000000008444        0x0 /home/yin/imx-optee/imx-optee-os/out/arm-plat-imx/export-ta_arm32/lib/libutee.a(utee_syscalls_a32.o)

.ARM.extab.text.utee_check_access_rights
                0x0000000000008444        0x0
 .ARM.extab.text.utee_check_access_rights
                0x0000000000008444        0x0 /home/yin/imx-optee/imx-optee-os/out/arm-plat-imx/export-ta_arm32/lib/libutee.a(utee_syscalls_a32.o)

.ARM.extab.text.utee_unmask_cancellation
                0x0000000000008444        0x0
 .ARM.extab.text.utee_unmask_cancellation
                0x0000000000008444        0x0 /home/yin/imx-optee/imx-optee-os/out/arm-plat-imx/export-ta_arm32/lib/libutee.a(utee_syscalls_a32.o)

.ARM.extab.text.utee_mask_cancellation
                0x0000000000008444        0x0
 .ARM.extab.text.utee_mask_cancellation
                0x0000000000008444        0x0 /home/yin/imx-optee/imx-optee-os/out/arm-plat-imx/export-ta_arm32/lib/libutee.a(utee_syscalls_a32.o)

.ARM.extab.text.utee_wait
                0x0000000000008444        0x0
 .ARM.extab.text.utee_wait
                0x0000000000008444        0x0 /home/yin/imx-optee/imx-optee-os/out/arm-plat-imx/export-ta_arm32/lib/libutee.a(utee_syscalls_a32.o)

.ARM.extab.text.utee_get_time
                0x0000000000008444        0x0
 .ARM.extab.text.utee_get_time
                0x0000000000008444        0x0 /home/yin/imx-optee/imx-optee-os/out/arm-plat-imx/export-ta_arm32/lib/libutee.a(utee_syscalls_a32.o)

.ARM.extab.text.utee_set_ta_time
                0x0000000000008444        0x0
 .ARM.extab.text.utee_set_ta_time
                0x0000000000008444        0x0 /home/yin/imx-optee/imx-optee-os/out/arm-plat-imx/export-ta_arm32/lib/libutee.a(utee_syscalls_a32.o)

.ARM.extab.text.utee_cryp_state_alloc
                0x0000000000008444        0x0
 .ARM.extab.text.utee_cryp_state_alloc
                0x0000000000008444        0x0 /home/yin/imx-optee/imx-optee-os/out/arm-plat-imx/export-ta_arm32/lib/libutee.a(utee_syscalls_a32.o)

.ARM.extab.text.utee_cryp_state_copy
                0x0000000000008444        0x0
 .ARM.extab.text.utee_cryp_state_copy
                0x0000000000008444        0x0 /home/yin/imx-optee/imx-optee-os/out/arm-plat-imx/export-ta_arm32/lib/libutee.a(utee_syscalls_a32.o)

.ARM.extab.text.utee_cryp_state_free
                0x0000000000008444        0x0
 .ARM.extab.text.utee_cryp_state_free
                0x0000000000008444        0x0 /home/yin/imx-optee/imx-optee-os/out/arm-plat-imx/export-ta_arm32/lib/libutee.a(utee_syscalls_a32.o)

.ARM.extab.text.utee_hash_init
                0x0000000000008444        0x0
 .ARM.extab.text.utee_hash_init
                0x0000000000008444        0x0 /home/yin/imx-optee/imx-optee-os/out/arm-plat-imx/export-ta_arm32/lib/libutee.a(utee_syscalls_a32.o)

.ARM.extab.text.utee_hash_update
                0x0000000000008444        0x0
 .ARM.extab.text.utee_hash_update
                0x0000000000008444        0x0 /home/yin/imx-optee/imx-optee-os/out/arm-plat-imx/export-ta_arm32/lib/libutee.a(utee_syscalls_a32.o)

.ARM.extab.text.utee_hash_final
                0x0000000000008444        0x0
 .ARM.extab.text.utee_hash_final
                0x0000000000008444        0x0 /home/yin/imx-optee/imx-optee-os/out/arm-plat-imx/export-ta_arm32/lib/libutee.a(utee_syscalls_a32.o)

.ARM.extab.text.utee_cipher_init
                0x0000000000008444        0x0
 .ARM.extab.text.utee_cipher_init
                0x0000000000008444        0x0 /home/yin/imx-optee/imx-optee-os/out/arm-plat-imx/export-ta_arm32/lib/libutee.a(utee_syscalls_a32.o)

.ARM.extab.text.utee_cipher_update
                0x0000000000008444        0x0
 .ARM.extab.text.utee_cipher_update
                0x0000000000008444        0x0 /home/yin/imx-optee/imx-optee-os/out/arm-plat-imx/export-ta_arm32/lib/libutee.a(utee_syscalls_a32.o)

.ARM.extab.text.utee_cipher_final
                0x0000000000008444        0x0
 .ARM.extab.text.utee_cipher_final
                0x0000000000008444        0x0 /home/yin/imx-optee/imx-optee-os/out/arm-plat-imx/export-ta_arm32/lib/libutee.a(utee_syscalls_a32.o)

.ARM.extab.text.utee_cryp_obj_get_info
                0x0000000000008444        0x0
 .ARM.extab.text.utee_cryp_obj_get_info
                0x0000000000008444        0x0 /home/yin/imx-optee/imx-optee-os/out/arm-plat-imx/export-ta_arm32/lib/libutee.a(utee_syscalls_a32.o)

.ARM.extab.text.utee_cryp_obj_restrict_usage
                0x0000000000008444        0x0
 .ARM.extab.text.utee_cryp_obj_restrict_usage
                0x0000000000008444        0x0 /home/yin/imx-optee/imx-optee-os/out/arm-plat-imx/export-ta_arm32/lib/libutee.a(utee_syscalls_a32.o)

.ARM.extab.text.utee_cryp_obj_get_attr
                0x0000000000008444        0x0
 .ARM.extab.text.utee_cryp_obj_get_attr
                0x0000000000008444        0x0 /home/yin/imx-optee/imx-optee-os/out/arm-plat-imx/export-ta_arm32/lib/libutee.a(utee_syscalls_a32.o)

.ARM.extab.text.utee_cryp_obj_alloc
                0x0000000000008444        0x0
 .ARM.extab.text.utee_cryp_obj_alloc
                0x0000000000008444        0x0 /home/yin/imx-optee/imx-optee-os/out/arm-plat-imx/export-ta_arm32/lib/libutee.a(utee_syscalls_a32.o)

.ARM.extab.text.utee_cryp_obj_close
                0x0000000000008444        0x0
 .ARM.extab.text.utee_cryp_obj_close
                0x0000000000008444        0x0 /home/yin/imx-optee/imx-optee-os/out/arm-plat-imx/export-ta_arm32/lib/libutee.a(utee_syscalls_a32.o)

.ARM.extab.text.utee_cryp_obj_reset
                0x0000000000008444        0x0
 .ARM.extab.text.utee_cryp_obj_reset
                0x0000000000008444        0x0 /home/yin/imx-optee/imx-optee-os/out/arm-plat-imx/export-ta_arm32/lib/libutee.a(utee_syscalls_a32.o)

.ARM.extab.text.utee_cryp_obj_populate
                0x0000000000008444        0x0
 .ARM.extab.text.utee_cryp_obj_populate
                0x0000000000008444        0x0 /home/yin/imx-optee/imx-optee-os/out/arm-plat-imx/export-ta_arm32/lib/libutee.a(utee_syscalls_a32.o)

.ARM.extab.text.utee_cryp_obj_copy
                0x0000000000008444        0x0
 .ARM.extab.text.utee_cryp_obj_copy
                0x0000000000008444        0x0 /home/yin/imx-optee/imx-optee-os/out/arm-plat-imx/export-ta_arm32/lib/libutee.a(utee_syscalls_a32.o)

.ARM.extab.text.utee_cryp_derive_key
                0x0000000000008444        0x0
 .ARM.extab.text.utee_cryp_derive_key
                0x0000000000008444        0x0 /home/yin/imx-optee/imx-optee-os/out/arm-plat-imx/export-ta_arm32/lib/libutee.a(utee_syscalls_a32.o)

.ARM.extab.text.utee_cryp_random_number_generate
                0x0000000000008444        0x0
 .ARM.extab.text.utee_cryp_random_number_generate
                0x0000000000008444        0x0 /home/yin/imx-optee/imx-optee-os/out/arm-plat-imx/export-ta_arm32/lib/libutee.a(utee_syscalls_a32.o)

.ARM.extab.text.utee_authenc_init
                0x0000000000008444        0x0
 .ARM.extab.text.utee_authenc_init
                0x0000000000008444        0x0 /home/yin/imx-optee/imx-optee-os/out/arm-plat-imx/export-ta_arm32/lib/libutee.a(utee_syscalls_a32.o)

.ARM.extab.text.utee_authenc_update_aad
                0x0000000000008444        0x0
 .ARM.extab.text.utee_authenc_update_aad
                0x0000000000008444        0x0 /home/yin/imx-optee/imx-optee-os/out/arm-plat-imx/export-ta_arm32/lib/libutee.a(utee_syscalls_a32.o)

.ARM.extab.text.utee_authenc_update_payload
                0x0000000000008444        0x0
 .ARM.extab.text.utee_authenc_update_payload
                0x0000000000008444        0x0 /home/yin/imx-optee/imx-optee-os/out/arm-plat-imx/export-ta_arm32/lib/libutee.a(utee_syscalls_a32.o)

.ARM.extab.text.utee_authenc_enc_final
                0x0000000000008444        0x0
 .ARM.extab.text.utee_authenc_enc_final
                0x0000000000008444        0x0 /home/yin/imx-optee/imx-optee-os/out/arm-plat-imx/export-ta_arm32/lib/libutee.a(utee_syscalls_a32.o)

.ARM.extab.text.utee_authenc_dec_final
                0x0000000000008444        0x0
 .ARM.extab.text.utee_authenc_dec_final
                0x0000000000008444        0x0 /home/yin/imx-optee/imx-optee-os/out/arm-plat-imx/export-ta_arm32/lib/libutee.a(utee_syscalls_a32.o)

.ARM.extab.text.utee_asymm_operate
                0x0000000000008444        0x0
 .ARM.extab.text.utee_asymm_operate
                0x0000000000008444        0x0 /home/yin/imx-optee/imx-optee-os/out/arm-plat-imx/export-ta_arm32/lib/libutee.a(utee_syscalls_a32.o)

.ARM.extab.text.utee_asymm_verify
                0x0000000000008444        0x0
 .ARM.extab.text.utee_asymm_verify
                0x0000000000008444        0x0 /home/yin/imx-optee/imx-optee-os/out/arm-plat-imx/export-ta_arm32/lib/libutee.a(utee_syscalls_a32.o)

.ARM.extab.text.utee_storage_obj_open
                0x0000000000008444        0x0
 .ARM.extab.text.utee_storage_obj_open
                0x0000000000008444        0x0 /home/yin/imx-optee/imx-optee-os/out/arm-plat-imx/export-ta_arm32/lib/libutee.a(utee_syscalls_a32.o)

.ARM.extab.text.utee_storage_obj_create
                0x0000000000008444        0x0
 .ARM.extab.text.utee_storage_obj_create
                0x0000000000008444        0x0 /home/yin/imx-optee/imx-optee-os/out/arm-plat-imx/export-ta_arm32/lib/libutee.a(utee_syscalls_a32.o)

.ARM.extab.text.utee_storage_obj_del
                0x0000000000008444        0x0
 .ARM.extab.text.utee_storage_obj_del
                0x0000000000008444        0x0 /home/yin/imx-optee/imx-optee-os/out/arm-plat-imx/export-ta_arm32/lib/libutee.a(utee_syscalls_a32.o)

.ARM.extab.text.utee_storage_obj_rename
                0x0000000000008444        0x0
 .ARM.extab.text.utee_storage_obj_rename
                0x0000000000008444        0x0 /home/yin/imx-optee/imx-optee-os/out/arm-plat-imx/export-ta_arm32/lib/libutee.a(utee_syscalls_a32.o)

.ARM.extab.text.utee_storage_alloc_enum
                0x0000000000008444        0x0
 .ARM.extab.text.utee_storage_alloc_enum
                0x0000000000008444        0x0 /home/yin/imx-optee/imx-optee-os/out/arm-plat-imx/export-ta_arm32/lib/libutee.a(utee_syscalls_a32.o)

.ARM.extab.text.utee_storage_free_enum
                0x0000000000008444        0x0
 .ARM.extab.text.utee_storage_free_enum
                0x0000000000008444        0x0 /home/yin/imx-optee/imx-optee-os/out/arm-plat-imx/export-ta_arm32/lib/libutee.a(utee_syscalls_a32.o)

.ARM.extab.text.utee_storage_reset_enum
                0x0000000000008444        0x0
 .ARM.extab.text.utee_storage_reset_enum
                0x0000000000008444        0x0 /home/yin/imx-optee/imx-optee-os/out/arm-plat-imx/export-ta_arm32/lib/libutee.a(utee_syscalls_a32.o)

.ARM.extab.text.utee_storage_start_enum
                0x0000000000008444        0x0
 .ARM.extab.text.utee_storage_start_enum
                0x0000000000008444        0x0 /home/yin/imx-optee/imx-optee-os/out/arm-plat-imx/export-ta_arm32/lib/libutee.a(utee_syscalls_a32.o)

.ARM.extab.text.utee_storage_next_enum
                0x0000000000008444        0x0
 .ARM.extab.text.utee_storage_next_enum
                0x0000000000008444        0x0 /home/yin/imx-optee/imx-optee-os/out/arm-plat-imx/export-ta_arm32/lib/libutee.a(utee_syscalls_a32.o)

.ARM.extab.text.utee_storage_obj_read
                0x0000000000008444        0x0
 .ARM.extab.text.utee_storage_obj_read
                0x0000000000008444        0x0 /home/yin/imx-optee/imx-optee-os/out/arm-plat-imx/export-ta_arm32/lib/libutee.a(utee_syscalls_a32.o)

.ARM.extab.text.utee_storage_obj_write
                0x0000000000008444        0x0
 .ARM.extab.text.utee_storage_obj_write
                0x0000000000008444        0x0 /home/yin/imx-optee/imx-optee-os/out/arm-plat-imx/export-ta_arm32/lib/libutee.a(utee_syscalls_a32.o)

.ARM.extab.text.utee_storage_obj_trunc
                0x0000000000008444        0x0
 .ARM.extab.text.utee_storage_obj_trunc
                0x0000000000008444        0x0 /home/yin/imx-optee/imx-optee-os/out/arm-plat-imx/export-ta_arm32/lib/libutee.a(utee_syscalls_a32.o)

.ARM.extab.text.utee_storage_obj_seek
                0x0000000000008444        0x0
 .ARM.extab.text.utee_storage_obj_seek
                0x0000000000008444        0x0 /home/yin/imx-optee/imx-optee-os/out/arm-plat-imx/export-ta_arm32/lib/libutee.a(utee_syscalls_a32.o)

.ARM.extab.text.utee_cryp_obj_generate_key
                0x0000000000008444        0x0
 .ARM.extab.text.utee_cryp_obj_generate_key
                0x0000000000008444        0x0 /home/yin/imx-optee/imx-optee-os/out/arm-plat-imx/export-ta_arm32/lib/libutee.a(utee_syscalls_a32.o)

.ARM.extab.text.utee_se_service_open
                0x0000000000008444        0x0
 .ARM.extab.text.utee_se_service_open
                0x0000000000008444        0x0 /home/yin/imx-optee/imx-optee-os/out/arm-plat-imx/export-ta_arm32/lib/libutee.a(utee_syscalls_a32.o)

.ARM.extab.text.utee_se_service_close
                0x0000000000008444        0x0
 .ARM.extab.text.utee_se_service_close
                0x0000000000008444        0x0 /home/yin/imx-optee/imx-optee-os/out/arm-plat-imx/export-ta_arm32/lib/libutee.a(utee_syscalls_a32.o)

.ARM.extab.text.utee_se_service_get_readers
                0x0000000000008444        0x0
 .ARM.extab.text.utee_se_service_get_readers
                0x0000000000008444        0x0 /home/yin/imx-optee/imx-optee-os/out/arm-plat-imx/export-ta_arm32/lib/libutee.a(utee_syscalls_a32.o)

.ARM.extab.text.utee_se_reader_get_prop
                0x0000000000008444        0x0
 .ARM.extab.text.utee_se_reader_get_prop
                0x0000000000008444        0x0 /home/yin/imx-optee/imx-optee-os/out/arm-plat-imx/export-ta_arm32/lib/libutee.a(utee_syscalls_a32.o)

.ARM.extab.text.utee_se_reader_get_name
                0x0000000000008444        0x0
 .ARM.extab.text.utee_se_reader_get_name
                0x0000000000008444        0x0 /home/yin/imx-optee/imx-optee-os/out/arm-plat-imx/export-ta_arm32/lib/libutee.a(utee_syscalls_a32.o)

.ARM.extab.text.utee_se_reader_open_session
                0x0000000000008444        0x0
 .ARM.extab.text.utee_se_reader_open_session
                0x0000000000008444        0x0 /home/yin/imx-optee/imx-optee-os/out/arm-plat-imx/export-ta_arm32/lib/libutee.a(utee_syscalls_a32.o)

.ARM.extab.text.utee_se_reader_close_sessions
                0x0000000000008444        0x0
 .ARM.extab.text.utee_se_reader_close_sessions
                0x0000000000008444        0x0 /home/yin/imx-optee/imx-optee-os/out/arm-plat-imx/export-ta_arm32/lib/libutee.a(utee_syscalls_a32.o)

.ARM.extab.text.utee_se_session_is_closed
                0x0000000000008444        0x0
 .ARM.extab.text.utee_se_session_is_closed
                0x0000000000008444        0x0 /home/yin/imx-optee/imx-optee-os/out/arm-plat-imx/export-ta_arm32/lib/libutee.a(utee_syscalls_a32.o)

.ARM.extab.text.utee_se_session_get_atr
                0x0000000000008444        0x0
 .ARM.extab.text.utee_se_session_get_atr
                0x0000000000008444        0x0 /home/yin/imx-optee/imx-optee-os/out/arm-plat-imx/export-ta_arm32/lib/libutee.a(utee_syscalls_a32.o)

.ARM.extab.text.utee_se_session_open_channel
                0x0000000000008444        0x0
 .ARM.extab.text.utee_se_session_open_channel
                0x0000000000008444        0x0 /home/yin/imx-optee/imx-optee-os/out/arm-plat-imx/export-ta_arm32/lib/libutee.a(utee_syscalls_a32.o)

.ARM.extab.text.utee_se_session_close
                0x0000000000008444        0x0
 .ARM.extab.text.utee_se_session_close
                0x0000000000008444        0x0 /home/yin/imx-optee/imx-optee-os/out/arm-plat-imx/export-ta_arm32/lib/libutee.a(utee_syscalls_a32.o)

.ARM.extab.text.utee_se_channel_select_next
                0x0000000000008444        0x0
 .ARM.extab.text.utee_se_channel_select_next
                0x0000000000008444        0x0 /home/yin/imx-optee/imx-optee-os/out/arm-plat-imx/export-ta_arm32/lib/libutee.a(utee_syscalls_a32.o)

.ARM.extab.text.utee_se_channel_get_select_resp
                0x0000000000008444        0x0
 .ARM.extab.text.utee_se_channel_get_select_resp
                0x0000000000008444        0x0 /home/yin/imx-optee/imx-optee-os/out/arm-plat-imx/export-ta_arm32/lib/libutee.a(utee_syscalls_a32.o)

.ARM.extab.text.utee_se_channel_transmit
                0x0000000000008444        0x0
 .ARM.extab.text.utee_se_channel_transmit
                0x0000000000008444        0x0 /home/yin/imx-optee/imx-optee-os/out/arm-plat-imx/export-ta_arm32/lib/libutee.a(utee_syscalls_a32.o)

.ARM.extab.text.utee_se_channel_close
                0x0000000000008444        0x0
 .ARM.extab.text.utee_se_channel_close
                0x0000000000008444        0x0 /home/yin/imx-optee/imx-optee-os/out/arm-plat-imx/export-ta_arm32/lib/libutee.a(utee_syscalls_a32.o)

.ARM.extab.text.utee_cache_operation
                0x0000000000008444        0x0
 .ARM.extab.text.utee_cache_operation
                0x0000000000008444        0x0 /home/yin/imx-optee/imx-optee-os/out/arm-plat-imx/export-ta_arm32/lib/libutee.a(utee_syscalls_a32.o)

.ARM.extab.text.unlikely
                0x0000000000008444        0xc
 .ARM.extab.text.unlikely
                0x0000000000008444        0xc /home/yin/imx-optee/imx-optee-os/out/arm-plat-imx/export-ta_arm32/lib/libutee.a(tee_api_arith.o)

.ARM.extab.text.ret_idivmod_values
                0x0000000000008450        0x0
 .ARM.extab.text.ret_idivmod_values
                0x0000000000008450        0x0 /home/yin/imx-optee/imx-optee-os/out/arm-plat-imx/export-ta_arm32/lib/libutils.a(arm32_aeabi_divmod_a32.o)

.ARM.extab.text.ret_uidivmod_values
                0x0000000000008450        0x0
 .ARM.extab.text.ret_uidivmod_values
                0x0000000000008450        0x0 /home/yin/imx-optee/imx-optee-os/out/arm-plat-imx/export-ta_arm32/lib/libutils.a(arm32_aeabi_divmod_a32.o)

.ARM.extab.text.__aeabi_ldivmod
                0x0000000000008450        0xc
 .ARM.extab.text.__aeabi_ldivmod
                0x0000000000008450        0xc /home/yin/imx-optee/imx-optee-os/out/arm-plat-imx/export-ta_arm32/lib/libutils.a(arm32_aeabi_ldivmod_a32.o)

.ARM.extab.text.__aeabi_uldivmod
                0x000000000000845c        0xc
 .ARM.extab.text.__aeabi_uldivmod
                0x000000000000845c        0xc /home/yin/imx-optee/imx-optee-os/out/arm-plat-imx/export-ta_arm32/lib/libutils.a(arm32_aeabi_ldivmod_a32.o)

.ARM.exidx      0x0000000000008468      0x648
 *(SORT(.ARM.exidx*) SORT(.gnu.linkonce.armexidx.*))
 .ARM.exidx     0x0000000000008468       0x10 ./hotp_ta.o
                                         0x28 (size before relaxing)
 .ARM.exidx     0x0000000000008908        0x8 ./user_ta_header.o
 .ARM.exidx     0x0000000000008478       0xd0 /home/yin/imx-optee/imx-optee-os/out/arm-plat-imx/export-ta_arm32/lib/libutee.a(tee_api_objects.o)
                                         0xf8 (size before relaxing)
 .ARM.exidx     0x0000000000008548       0xd8 /home/yin/imx-optee/imx-optee-os/out/arm-plat-imx/export-ta_arm32/lib/libutee.a(tee_api_operations.o)
                                         0xf0 (size before relaxing)
 .ARM.exidx     0x0000000000008910        0x0 /home/yin/imx-optee/imx-optee-os/out/arm-plat-imx/export-ta_arm32/lib/libutee.a(tee_api_panic.o)
                                          0x8 (size before relaxing)
 .ARM.exidx     0x0000000000008620       0x18 /home/yin/imx-optee/imx-optee-os/out/arm-plat-imx/export-ta_arm32/lib/libutee.a(user_ta_entry.o)
 .ARM.exidx.text.utee_panic
                0x0000000000008638        0x8 /home/yin/imx-optee/imx-optee-os/out/arm-plat-imx/export-ta_arm32/lib/libutee.a(utee_syscalls_a32.o)
 .ARM.exidx.text.utee_return
                0x0000000000008640        0x8 /home/yin/imx-optee/imx-optee-os/out/arm-plat-imx/export-ta_arm32/lib/libutee.a(utee_syscalls_a32.o)
 .ARM.exidx.text.utee_log
                0x0000000000008648        0x0 /home/yin/imx-optee/imx-optee-os/out/arm-plat-imx/export-ta_arm32/lib/libutee.a(utee_syscalls_a32.o)
                                          0x8 (size before relaxing)
 .ARM.exidx.text.__utee_panic
                0x0000000000008648        0x0 /home/yin/imx-optee/imx-optee-os/out/arm-plat-imx/export-ta_arm32/lib/libutee.a(utee_syscalls_a32.o)
                                          0x8 (size before relaxing)
 .ARM.exidx.text.utee_get_property
                0x0000000000008648        0x0 /home/yin/imx-optee/imx-optee-os/out/arm-plat-imx/export-ta_arm32/lib/libutee.a(utee_syscalls_a32.o)
                                          0x8 (size before relaxing)
 .ARM.exidx.text.utee_get_property_name_to_index
                0x0000000000008648        0x0 /home/yin/imx-optee/imx-optee-os/out/arm-plat-imx/export-ta_arm32/lib/libutee.a(utee_syscalls_a32.o)
                                          0x8 (size before relaxing)
 .ARM.exidx.text.utee_open_ta_session
                0x0000000000008648        0x0 /home/yin/imx-optee/imx-optee-os/out/arm-plat-imx/export-ta_arm32/lib/libutee.a(utee_syscalls_a32.o)
                                          0x8 (size before relaxing)
 .ARM.exidx.text.utee_close_ta_session
                0x0000000000008648        0x0 /home/yin/imx-optee/imx-optee-os/out/arm-plat-imx/export-ta_arm32/lib/libutee.a(utee_syscalls_a32.o)
                                          0x8 (size before relaxing)
 .ARM.exidx.text.utee_invoke_ta_command
                0x0000000000008648        0x0 /home/yin/imx-optee/imx-optee-os/out/arm-plat-imx/export-ta_arm32/lib/libutee.a(utee_syscalls_a32.o)
                                          0x8 (size before relaxing)
 .ARM.exidx.text.utee_get_cancellation_flag
                0x0000000000008648        0x0 /home/yin/imx-optee/imx-optee-os/out/arm-plat-imx/export-ta_arm32/lib/libutee.a(utee_syscalls_a32.o)
                                          0x8 (size before relaxing)
 .ARM.exidx.text.utee_check_access_rights
                0x0000000000008648        0x0 /home/yin/imx-optee/imx-optee-os/out/arm-plat-imx/export-ta_arm32/lib/libutee.a(utee_syscalls_a32.o)
                                          0x8 (size before relaxing)
 .ARM.exidx.text.utee_unmask_cancellation
                0x0000000000008648        0x0 /home/yin/imx-optee/imx-optee-os/out/arm-plat-imx/export-ta_arm32/lib/libutee.a(utee_syscalls_a32.o)
                                          0x8 (size before relaxing)
 .ARM.exidx.text.utee_mask_cancellation
                0x0000000000008648        0x0 /home/yin/imx-optee/imx-optee-os/out/arm-plat-imx/export-ta_arm32/lib/libutee.a(utee_syscalls_a32.o)
                                          0x8 (size before relaxing)
 .ARM.exidx.text.utee_wait
                0x0000000000008648        0x0 /home/yin/imx-optee/imx-optee-os/out/arm-plat-imx/export-ta_arm32/lib/libutee.a(utee_syscalls_a32.o)
                                          0x8 (size before relaxing)
 .ARM.exidx.text.utee_get_time
                0x0000000000008648        0x0 /home/yin/imx-optee/imx-optee-os/out/arm-plat-imx/export-ta_arm32/lib/libutee.a(utee_syscalls_a32.o)
                                          0x8 (size before relaxing)
 .ARM.exidx.text.utee_set_ta_time
                0x0000000000008648        0x0 /home/yin/imx-optee/imx-optee-os/out/arm-plat-imx/export-ta_arm32/lib/libutee.a(utee_syscalls_a32.o)
                                          0x8 (size before relaxing)
 .ARM.exidx.text.utee_cryp_state_alloc
                0x0000000000008648        0x0 /home/yin/imx-optee/imx-optee-os/out/arm-plat-imx/export-ta_arm32/lib/libutee.a(utee_syscalls_a32.o)
                                          0x8 (size before relaxing)
 .ARM.exidx.text.utee_cryp_state_copy
                0x0000000000008648        0x0 /home/yin/imx-optee/imx-optee-os/out/arm-plat-imx/export-ta_arm32/lib/libutee.a(utee_syscalls_a32.o)
                                          0x8 (size before relaxing)
 .ARM.exidx.text.utee_cryp_state_free
                0x0000000000008648        0x0 /home/yin/imx-optee/imx-optee-os/out/arm-plat-imx/export-ta_arm32/lib/libutee.a(utee_syscalls_a32.o)
                                          0x8 (size before relaxing)
 .ARM.exidx.text.utee_hash_init
                0x0000000000008648        0x0 /home/yin/imx-optee/imx-optee-os/out/arm-plat-imx/export-ta_arm32/lib/libutee.a(utee_syscalls_a32.o)
                                          0x8 (size before relaxing)
 .ARM.exidx.text.utee_hash_update
                0x0000000000008648        0x0 /home/yin/imx-optee/imx-optee-os/out/arm-plat-imx/export-ta_arm32/lib/libutee.a(utee_syscalls_a32.o)
                                          0x8 (size before relaxing)
 .ARM.exidx.text.utee_hash_final
                0x0000000000008648        0x0 /home/yin/imx-optee/imx-optee-os/out/arm-plat-imx/export-ta_arm32/lib/libutee.a(utee_syscalls_a32.o)
                                          0x8 (size before relaxing)
 .ARM.exidx.text.utee_cipher_init
                0x0000000000008648        0x0 /home/yin/imx-optee/imx-optee-os/out/arm-plat-imx/export-ta_arm32/lib/libutee.a(utee_syscalls_a32.o)
                                          0x8 (size before relaxing)
 .ARM.exidx.text.utee_cipher_update
                0x0000000000008648        0x0 /home/yin/imx-optee/imx-optee-os/out/arm-plat-imx/export-ta_arm32/lib/libutee.a(utee_syscalls_a32.o)
                                          0x8 (size before relaxing)
 .ARM.exidx.text.utee_cipher_final
                0x0000000000008648        0x0 /home/yin/imx-optee/imx-optee-os/out/arm-plat-imx/export-ta_arm32/lib/libutee.a(utee_syscalls_a32.o)
                                          0x8 (size before relaxing)
 .ARM.exidx.text.utee_cryp_obj_get_info
                0x0000000000008648        0x0 /home/yin/imx-optee/imx-optee-os/out/arm-plat-imx/export-ta_arm32/lib/libutee.a(utee_syscalls_a32.o)
                                          0x8 (size before relaxing)
 .ARM.exidx.text.utee_cryp_obj_restrict_usage
                0x0000000000008648        0x0 /home/yin/imx-optee/imx-optee-os/out/arm-plat-imx/export-ta_arm32/lib/libutee.a(utee_syscalls_a32.o)
                                          0x8 (size before relaxing)
 .ARM.exidx.text.utee_cryp_obj_get_attr
                0x0000000000008648        0x0 /home/yin/imx-optee/imx-optee-os/out/arm-plat-imx/export-ta_arm32/lib/libutee.a(utee_syscalls_a32.o)
                                          0x8 (size before relaxing)
 .ARM.exidx.text.utee_cryp_obj_alloc
                0x0000000000008648        0x0 /home/yin/imx-optee/imx-optee-os/out/arm-plat-imx/export-ta_arm32/lib/libutee.a(utee_syscalls_a32.o)
                                          0x8 (size before relaxing)
 .ARM.exidx.text.utee_cryp_obj_close
                0x0000000000008648        0x0 /home/yin/imx-optee/imx-optee-os/out/arm-plat-imx/export-ta_arm32/lib/libutee.a(utee_syscalls_a32.o)
                                          0x8 (size before relaxing)
 .ARM.exidx.text.utee_cryp_obj_reset
                0x0000000000008648        0x0 /home/yin/imx-optee/imx-optee-os/out/arm-plat-imx/export-ta_arm32/lib/libutee.a(utee_syscalls_a32.o)
                                          0x8 (size before relaxing)
 .ARM.exidx.text.utee_cryp_obj_populate
                0x0000000000008648        0x0 /home/yin/imx-optee/imx-optee-os/out/arm-plat-imx/export-ta_arm32/lib/libutee.a(utee_syscalls_a32.o)
                                          0x8 (size before relaxing)
 .ARM.exidx.text.utee_cryp_obj_copy
                0x0000000000008648        0x0 /home/yin/imx-optee/imx-optee-os/out/arm-plat-imx/export-ta_arm32/lib/libutee.a(utee_syscalls_a32.o)
                                          0x8 (size before relaxing)
 .ARM.exidx.text.utee_cryp_derive_key
                0x0000000000008648        0x0 /home/yin/imx-optee/imx-optee-os/out/arm-plat-imx/export-ta_arm32/lib/libutee.a(utee_syscalls_a32.o)
                                          0x8 (size before relaxing)
 .ARM.exidx.text.utee_cryp_random_number_generate
                0x0000000000008648        0x0 /home/yin/imx-optee/imx-optee-os/out/arm-plat-imx/export-ta_arm32/lib/libutee.a(utee_syscalls_a32.o)
                                          0x8 (size before relaxing)
 .ARM.exidx.text.utee_authenc_init
                0x0000000000008648        0x0 /home/yin/imx-optee/imx-optee-os/out/arm-plat-imx/export-ta_arm32/lib/libutee.a(utee_syscalls_a32.o)
                                          0x8 (size before relaxing)
 .ARM.exidx.text.utee_authenc_update_aad
                0x0000000000008648        0x0 /home/yin/imx-optee/imx-optee-os/out/arm-plat-imx/export-ta_arm32/lib/libutee.a(utee_syscalls_a32.o)
                                          0x8 (size before relaxing)
 .ARM.exidx.text.utee_authenc_update_payload
                0x0000000000008648        0x0 /home/yin/imx-optee/imx-optee-os/out/arm-plat-imx/export-ta_arm32/lib/libutee.a(utee_syscalls_a32.o)
                                          0x8 (size before relaxing)
 .ARM.exidx.text.utee_authenc_enc_final
                0x0000000000008648        0x0 /home/yin/imx-optee/imx-optee-os/out/arm-plat-imx/export-ta_arm32/lib/libutee.a(utee_syscalls_a32.o)
                                          0x8 (size before relaxing)
 .ARM.exidx.text.utee_authenc_dec_final
                0x0000000000008648        0x0 /home/yin/imx-optee/imx-optee-os/out/arm-plat-imx/export-ta_arm32/lib/libutee.a(utee_syscalls_a32.o)
                                          0x8 (size before relaxing)
 .ARM.exidx.text.utee_asymm_operate
                0x0000000000008648        0x0 /home/yin/imx-optee/imx-optee-os/out/arm-plat-imx/export-ta_arm32/lib/libutee.a(utee_syscalls_a32.o)
                                          0x8 (size before relaxing)
 .ARM.exidx.text.utee_asymm_verify
                0x0000000000008648        0x0 /home/yin/imx-optee/imx-optee-os/out/arm-plat-imx/export-ta_arm32/lib/libutee.a(utee_syscalls_a32.o)
                                          0x8 (size before relaxing)
 .ARM.exidx.text.utee_storage_obj_open
                0x0000000000008648        0x0 /home/yin/imx-optee/imx-optee-os/out/arm-plat-imx/export-ta_arm32/lib/libutee.a(utee_syscalls_a32.o)
                                          0x8 (size before relaxing)
 .ARM.exidx.text.utee_storage_obj_create
                0x0000000000008648        0x0 /home/yin/imx-optee/imx-optee-os/out/arm-plat-imx/export-ta_arm32/lib/libutee.a(utee_syscalls_a32.o)
                                          0x8 (size before relaxing)
 .ARM.exidx.text.utee_storage_obj_del
                0x0000000000008648        0x0 /home/yin/imx-optee/imx-optee-os/out/arm-plat-imx/export-ta_arm32/lib/libutee.a(utee_syscalls_a32.o)
                                          0x8 (size before relaxing)
 .ARM.exidx.text.utee_storage_obj_rename
                0x0000000000008648        0x0 /home/yin/imx-optee/imx-optee-os/out/arm-plat-imx/export-ta_arm32/lib/libutee.a(utee_syscalls_a32.o)
                                          0x8 (size before relaxing)
 .ARM.exidx.text.utee_storage_alloc_enum
                0x0000000000008648        0x0 /home/yin/imx-optee/imx-optee-os/out/arm-plat-imx/export-ta_arm32/lib/libutee.a(utee_syscalls_a32.o)
                                          0x8 (size before relaxing)
 .ARM.exidx.text.utee_storage_free_enum
                0x0000000000008648        0x0 /home/yin/imx-optee/imx-optee-os/out/arm-plat-imx/export-ta_arm32/lib/libutee.a(utee_syscalls_a32.o)
                                          0x8 (size before relaxing)
 .ARM.exidx.text.utee_storage_reset_enum
                0x0000000000008648        0x0 /home/yin/imx-optee/imx-optee-os/out/arm-plat-imx/export-ta_arm32/lib/libutee.a(utee_syscalls_a32.o)
                                          0x8 (size before relaxing)
 .ARM.exidx.text.utee_storage_start_enum
                0x0000000000008648        0x0 /home/yin/imx-optee/imx-optee-os/out/arm-plat-imx/export-ta_arm32/lib/libutee.a(utee_syscalls_a32.o)
                                          0x8 (size before relaxing)
 .ARM.exidx.text.utee_storage_next_enum
                0x0000000000008648        0x0 /home/yin/imx-optee/imx-optee-os/out/arm-plat-imx/export-ta_arm32/lib/libutee.a(utee_syscalls_a32.o)
                                          0x8 (size before relaxing)
 .ARM.exidx.text.utee_storage_obj_read
                0x0000000000008648        0x0 /home/yin/imx-optee/imx-optee-os/out/arm-plat-imx/export-ta_arm32/lib/libutee.a(utee_syscalls_a32.o)
                                          0x8 (size before relaxing)
 .ARM.exidx.text.utee_storage_obj_write
                0x0000000000008648        0x0 /home/yin/imx-optee/imx-optee-os/out/arm-plat-imx/export-ta_arm32/lib/libutee.a(utee_syscalls_a32.o)
                                          0x8 (size before relaxing)
 .ARM.exidx.text.utee_storage_obj_trunc
                0x0000000000008648        0x0 /home/yin/imx-optee/imx-optee-os/out/arm-plat-imx/export-ta_arm32/lib/libutee.a(utee_syscalls_a32.o)
                                          0x8 (size before relaxing)
 .ARM.exidx.text.utee_storage_obj_seek
                0x0000000000008648        0x0 /home/yin/imx-optee/imx-optee-os/out/arm-plat-imx/export-ta_arm32/lib/libutee.a(utee_syscalls_a32.o)
                                          0x8 (size before relaxing)
 .ARM.exidx.text.utee_cryp_obj_generate_key
                0x0000000000008648        0x0 /home/yin/imx-optee/imx-optee-os/out/arm-plat-imx/export-ta_arm32/lib/libutee.a(utee_syscalls_a32.o)
                                          0x8 (size before relaxing)
 .ARM.exidx.text.utee_se_service_open
                0x0000000000008648        0x0 /home/yin/imx-optee/imx-optee-os/out/arm-plat-imx/export-ta_arm32/lib/libutee.a(utee_syscalls_a32.o)
                                          0x8 (size before relaxing)
 .ARM.exidx.text.utee_se_service_close
                0x0000000000008648        0x0 /home/yin/imx-optee/imx-optee-os/out/arm-plat-imx/export-ta_arm32/lib/libutee.a(utee_syscalls_a32.o)
                                          0x8 (size before relaxing)
 .ARM.exidx.text.utee_se_service_get_readers
                0x0000000000008648        0x0 /home/yin/imx-optee/imx-optee-os/out/arm-plat-imx/export-ta_arm32/lib/libutee.a(utee_syscalls_a32.o)
                                          0x8 (size before relaxing)
 .ARM.exidx.text.utee_se_reader_get_prop
                0x0000000000008648        0x0 /home/yin/imx-optee/imx-optee-os/out/arm-plat-imx/export-ta_arm32/lib/libutee.a(utee_syscalls_a32.o)
                                          0x8 (size before relaxing)
 .ARM.exidx.text.utee_se_reader_get_name
                0x0000000000008648        0x0 /home/yin/imx-optee/imx-optee-os/out/arm-plat-imx/export-ta_arm32/lib/libutee.a(utee_syscalls_a32.o)
                                          0x8 (size before relaxing)
 .ARM.exidx.text.utee_se_reader_open_session
                0x0000000000008648        0x0 /home/yin/imx-optee/imx-optee-os/out/arm-plat-imx/export-ta_arm32/lib/libutee.a(utee_syscalls_a32.o)
                                          0x8 (size before relaxing)
 .ARM.exidx.text.utee_se_reader_close_sessions
                0x0000000000008648        0x0 /home/yin/imx-optee/imx-optee-os/out/arm-plat-imx/export-ta_arm32/lib/libutee.a(utee_syscalls_a32.o)
                                          0x8 (size before relaxing)
 .ARM.exidx.text.utee_se_session_is_closed
                0x0000000000008648        0x0 /home/yin/imx-optee/imx-optee-os/out/arm-plat-imx/export-ta_arm32/lib/libutee.a(utee_syscalls_a32.o)
                                          0x8 (size before relaxing)
 .ARM.exidx.text.utee_se_session_get_atr
                0x0000000000008648        0x0 /home/yin/imx-optee/imx-optee-os/out/arm-plat-imx/export-ta_arm32/lib/libutee.a(utee_syscalls_a32.o)
                                          0x8 (size before relaxing)
 .ARM.exidx.text.utee_se_session_open_channel
                0x0000000000008648        0x0 /home/yin/imx-optee/imx-optee-os/out/arm-plat-imx/export-ta_arm32/lib/libutee.a(utee_syscalls_a32.o)
                                          0x8 (size before relaxing)
 .ARM.exidx.text.utee_se_session_close
                0x0000000000008648        0x0 /home/yin/imx-optee/imx-optee-os/out/arm-plat-imx/export-ta_arm32/lib/libutee.a(utee_syscalls_a32.o)
                                          0x8 (size before relaxing)
 .ARM.exidx.text.utee_se_channel_select_next
                0x0000000000008648        0x0 /home/yin/imx-optee/imx-optee-os/out/arm-plat-imx/export-ta_arm32/lib/libutee.a(utee_syscalls_a32.o)
                                          0x8 (size before relaxing)
 .ARM.exidx.text.utee_se_channel_get_select_resp
                0x0000000000008648        0x0 /home/yin/imx-optee/imx-optee-os/out/arm-plat-imx/export-ta_arm32/lib/libutee.a(utee_syscalls_a32.o)
                                          0x8 (size before relaxing)
 .ARM.exidx.text.utee_se_channel_transmit
                0x0000000000008648        0x0 /home/yin/imx-optee/imx-optee-os/out/arm-plat-imx/export-ta_arm32/lib/libutee.a(utee_syscalls_a32.o)
                                          0x8 (size before relaxing)
 .ARM.exidx.text.utee_se_channel_close
                0x0000000000008648        0x0 /home/yin/imx-optee/imx-optee-os/out/arm-plat-imx/export-ta_arm32/lib/libutee.a(utee_syscalls_a32.o)
                                          0x8 (size before relaxing)
 .ARM.exidx.text.utee_cache_operation
                0x0000000000008648        0x8 /home/yin/imx-optee/imx-optee-os/out/arm-plat-imx/export-ta_arm32/lib/libutee.a(utee_syscalls_a32.o)
 .ARM.exidx.text.unlikely
                0x0000000000008710        0x8 /home/yin/imx-optee/imx-optee-os/out/arm-plat-imx/export-ta_arm32/lib/libutee.a(tee_api_arith.o)
 .ARM.exidx     0x0000000000008650       0xc0 /home/yin/imx-optee/imx-optee-os/out/arm-plat-imx/export-ta_arm32/lib/libutee.a(tee_api_arith.o)
                                        0x108 (size before relaxing)
 .ARM.exidx     0x0000000000008718       0x68 /home/yin/imx-optee/imx-optee-os/out/arm-plat-imx/export-ta_arm32/lib/libutee.a(tee_api.o)
                                         0xc8 (size before relaxing)
 .ARM.exidx     0x0000000000008780       0x28 /home/yin/imx-optee/imx-optee-os/out/arm-plat-imx/export-ta_arm32/lib/libutee.a(trace_ext.o)
 .ARM.exidx     0x00000000000087a8       0x50 /home/yin/imx-optee/imx-optee-os/out/arm-plat-imx/export-ta_arm32/lib/libutils.a(bget_malloc.o)
                                         0x70 (size before relaxing)
 .ARM.exidx     0x0000000000008910       0x10 /home/yin/imx-optee/imx-optee-os/out/arm-plat-imx/export-ta_arm32/lib/libutils.a(snprintf.o)
 .ARM.exidx     0x0000000000008920        0x8 /home/yin/imx-optee/imx-optee-os/out/arm-plat-imx/export-ta_arm32/lib/libutils.a(memcmp.o)