Archive member included to satisfy reference by file (symbol)

/home/yin/imx-optee/imx-optee-os/out/arm-plat-imx/export-ta_arm32/lib/libutee.a(user_ta_entry.o)
                              ./user_ta_header.o (__utee_entry)
/home/yin/imx-optee/imx-optee-os/out/arm-plat-imx/export-ta_arm32/lib/libutee.a(utee_syscalls_a32.o)
                              /home/yin/imx-optee/imx-optee-os/out/arm-plat-imx/export-ta_arm32/lib/libutee.a(user_ta_entry.o) (utee_return)
/home/yin/imx-optee/imx-optee-os/out/arm-plat-imx/export-ta_arm32/lib/libutee.a(gprof_a32.o)
                              /home/yin/imx-optee/imx-optee-os/out/arm-plat-imx/export-ta_arm32/lib/libutee.a(user_ta_entry.o) (__utee_mcount)
/home/yin/imx-optee/imx-optee-os/out/arm-plat-imx/export-ta_arm32/lib/libutee.a(tee_api_arith.o)
                              /home/yin/imx-optee/imx-optee-os/out/arm-plat-imx/export-ta_arm32/lib/libutee.a(user_ta_entry.o) (_TEE_MathAPI_Init)
/home/yin/imx-optee/imx-optee-os/out/arm-plat-imx/export-ta_arm32/lib/libutee.a(tee_api.o)
                              /home/yin/imx-optee/imx-optee-os/out/arm-plat-imx/export-ta_arm32/lib/libutee.a(user_ta_entry.o) (__utee_from_param)
/home/yin/imx-optee/imx-optee-os/out/arm-plat-imx/export-ta_arm32/lib/libutee.a(tee_api_panic.o)
                              /home/yin/imx-optee/imx-optee-os/out/arm-plat-imx/export-ta_arm32/lib/libutee.a(user_ta_entry.o) (TEE_Panic)
/home/yin/imx-optee/imx-optee-os/out/arm-plat-imx/export-ta_arm32/lib/libutee.a(trace_ext.o)
                              /home/yin/imx-optee/imx-optee-os/out/arm-plat-imx/export-ta_arm32/lib/libutee.a(tee_api_arith.o) (printf)
/home/yin/imx-optee/imx-optee-os/out/arm-plat-imx/export-ta_arm32/lib/libutils.a(bget_malloc.o)
                              /home/yin/imx-optee/imx-optee-os/out/arm-plat-imx/export-ta_arm32/lib/libutee.a(tee_api.o) (malloc)
/home/yin/imx-optee/imx-optee-os/out/arm-plat-imx/export-ta_arm32/lib/libutils.a(snprintf.o)
                              /home/yin/imx-optee/imx-optee-os/out/arm-plat-imx/export-ta_arm32/lib/libutee.a(trace_ext.o) (vsnprintf)
/home/yin/imx-optee/imx-optee-os/out/arm-plat-imx/export-ta_arm32/lib/libutils.a(memcmp.o)
                              /home/yin/imx-optee/imx-optee-os/out/arm-plat-imx/export-ta_arm32/lib/libutee.a(tee_api.o) (memcmp)
/home/yin/imx-optee/imx-optee-os/out/arm-plat-imx/export-ta_arm32/lib/libutils.a(memcpy.o)
                              /home/yin/imx-optee/imx-optee-os/out/arm-plat-imx/export-ta_arm32/lib/libutils.a(bget_malloc.o) (memcpy)
/home/yin/imx-optee/imx-optee-os/out/arm-plat-imx/export-ta_arm32/lib/libutils.a(memmove.o)
                              /home/yin/imx-optee/imx-optee-os/out/arm-plat-imx/export-ta_arm32/lib/libutee.a(tee_api.o) (memmove)
/home/yin/imx-optee/imx-optee-os/out/arm-plat-imx/export-ta_arm32/lib/libutils.a(memset.o)
                              /home/yin/imx-optee/imx-optee-os/out/arm-plat-imx/export-ta_arm32/lib/libutee.a(user_ta_entry.o) (memset)
/home/yin/imx-optee/imx-optee-os/out/arm-plat-imx/export-ta_arm32/lib/libutils.a(strlen.o)
                              /home/yin/imx-optee/imx-optee-os/out/arm-plat-imx/export-ta_arm32/lib/libutee.a(trace_ext.o) (strlen)
/home/yin/imx-optee/imx-optee-os/out/arm-plat-imx/export-ta_arm32/lib/libutils.a(snprintk.o)
                              /home/yin/imx-optee/imx-optee-os/out/arm-plat-imx/export-ta_arm32/lib/libutils.a(snprintf.o) (__vsnprintf)
/home/yin/imx-optee/imx-optee-os/out/arm-plat-imx/export-ta_arm32/lib/libutils.a(trace.o)
                              /home/yin/imx-optee/imx-optee-os/out/arm-plat-imx/export-ta_arm32/lib/libutee.a(user_ta_entry.o) (trace_set_level)
/home/yin/imx-optee/imx-optee-os/out/arm-plat-imx/export-ta_arm32/lib/libutils.a(mempool.o)
                              /home/yin/imx-optee/imx-optee-os/out/arm-plat-imx/export-ta_arm32/lib/libutee.a(tee_api_arith.o) (mempool_alloc_pool)
/home/yin/imx-optee/imx-optee-os/out/arm-plat-imx/export-ta_arm32/lib/libutils.a(aeabi_unwind.o)
                              ./hello_world_ta.o (__aeabi_unwind_cpp_pr0)
/home/yin/imx-optee/imx-optee-os/out/arm-plat-imx/export-ta_arm32/lib/libutils.a(memchr.o)
                              /home/yin/imx-optee/imx-optee-os/out/arm-plat-imx/export-ta_arm32/lib/libutils.a(snprintk.o) (memchr)
/home/yin/imx-optee/imx-optee-os/out/arm-plat-imx/export-ta_arm32/lib/libutils.a(arm32_aeabi_ldivmod_a32.o)
                              /home/yin/imx-optee/imx-optee-os/out/arm-plat-imx/export-ta_arm32/lib/libutils.a(snprintk.o) (__aeabi_uldivmod)
/home/yin/imx-optee/imx-optee-os/out/arm-plat-imx/export-ta_arm32/lib/libutils.a(arm32_aeabi_ldivmod.o)
                              /home/yin/imx-optee/imx-optee-os/out/arm-plat-imx/export-ta_arm32/lib/libutils.a(arm32_aeabi_ldivmod_a32.o) (__ul_divmod)
/home/yin/imx-optee/imx-optee-os/out/arm-plat-imx/export-ta_arm32/lib/libmpa.a(mpa_misc.o)
[...]
Memory Configuration

Name             Origin             Length             Attributes
*default*        0x0000000000000000 0xffffffffffffffff

Linker script and memory map


.ta_head        0x0000000000000000       0x20
 *(SORT(.ta_head))
 .ta_head       0x0000000000000000       0x20 ./user_ta_header.o
                0x0000000000000000                ta_head

.text           0x0000000000000020     0x4f60
                0x0000000000000020                __text_start = .
 *(SORT(.text) SORT(.text.*))
 .text          0x0000000000000020      0x194 ./hello_world_ta.o
                0x0000000000000020                TA_CreateEntryPoint
                0x0000000000000048                TA_DestroyEntryPoint
                0x0000000000000070                TA_OpenSessionEntryPoint
                0x00000000000000bc                TA_CloseSessionEntryPoint
                0x00000000000000e4                TA_InvokeCommandEntryPoint
 .text          0x00000000000001b4      0x210 /home/yin/imx-optee/imx-optee-os/out/arm-plat-imx/export-ta_arm32/lib/libutee.a(user_ta_entry.o)
                0x0000000000000238                __utee_entry
 .text          0x00000000000003c4        0x0 /home/yin/imx-optee/imx-optee-os/out/arm-plat-imx/export-ta_arm32/lib/libutee.a(utee_syscalls_a32.o)
 .text.utee_panic
                0x00000000000003c4       0x14 /home/yin/imx-optee/imx-optee-os/out/arm-plat-imx/export-ta_arm32/lib/libutee.a(utee_syscalls_a32.o)
                0x00000000000003c4                utee_panic
 .text.utee_return
                0x00000000000003d8       0x14 /home/yin/imx-optee/imx-optee-os/out/arm-plat-imx/export-ta_arm32/lib/libutee.a(utee_syscalls_a32.o)
                0x00000000000003d8                utee_return
 .text.utee_log
                0x00000000000003ec       0x14 /home/yin/imx-optee/imx-optee-os/out/arm-plat-imx/export-ta_arm32/lib/libutee.a(utee_syscalls_a32.o)
                0x00000000000003ec                utee_log
 .text.__utee_panic
                0x0000000000000400       0x14 /home/yin/imx-optee/imx-optee-os/out/arm-plat-imx/export-ta_arm32/lib/libutee.a(utee_syscalls_a32.o)
                0x0000000000000400                __utee_panic
 .text.utee_get_property
                0x0000000000000414       0x18 /home/yin/imx-optee/imx-optee-os/out/arm-plat-imx/export-ta_arm32/lib/libutee.a(utee_syscalls_a32.o)
                0x0000000000000414                utee_get_property
 .text.utee_get_property_name_to_index
                0x000000000000042c       0x14 /home/yin/imx-optee/imx-optee-os/out/arm-plat-imx/export-ta_arm32/lib/libutee.a(utee_syscalls_a32.o)
                0x000000000000042c                utee_get_property_name_to_index
 .text.utee_open_ta_session
                0x0000000000000440       0x18 /home/yin/imx-optee/imx-optee-os/out/arm-plat-imx/export-ta_arm32/lib/libutee.a(utee_syscalls_a32.o)
                0x0000000000000440                utee_open_ta_session
 .text.utee_close_ta_session
                0x0000000000000458       0x14 /home/yin/imx-optee/imx-optee-os/out/arm-plat-imx/export-ta_arm32/lib/libutee.a(utee_syscalls_a32.o)
                0x0000000000000458                utee_close_ta_session
 .text.utee_invoke_ta_command
                0x000000000000046c       0x18 /home/yin/imx-optee/imx-optee-os/out/arm-plat-imx/export-ta_arm32/lib/libutee.a(utee_syscalls_a32.o)
                0x000000000000046c                utee_invoke_ta_command
 .text.utee_get_cancellation_flag
                0x0000000000000484       0x14 /home/yin/imx-optee/imx-optee-os/out/arm-plat-imx/export-ta_arm32/lib/libutee.a(utee_syscalls_a32.o)
                0x0000000000000484                utee_get_cancellation_flag
 .text.utee_check_access_rights
                0x0000000000000498       0x14 /home/yin/imx-optee/imx-optee-os/out/arm-plat-imx/export-ta_arm32/lib/libutee.a(utee_syscalls_a32.o)
                0x0000000000000498                utee_check_access_rights
 .text.utee_unmask_cancellation
                0x00000000000004ac       0x14 /home/yin/imx-optee/imx-optee-os/out/arm-plat-imx/export-ta_arm32/lib/libutee.a(utee_syscalls_a32.o)
                0x00000000000004ac                utee_unmask_cancellation
 .text.utee_mask_cancellation
                0x00000000000004c0       0x14 /home/yin/imx-optee/imx-optee-os/out/arm-plat-imx/export-ta_arm32/lib/libutee.a(utee_syscalls_a32.o)
                0x00000000000004c0                utee_mask_cancellation
 .text.utee_wait
                0x00000000000004d4       0x14 /home/yin/imx-optee/imx-optee-os/out/arm-plat-imx/export-ta_arm32/lib/libutee.a(utee_syscalls_a32.o)
                0x00000000000004d4                utee_wait
 .text.utee_get_time
                0x00000000000004e8       0x14 /home/yin/imx-optee/imx-optee-os/out/arm-plat-imx/export-ta_arm32/lib/libutee.a(utee_syscalls_a32.o)
                0x00000000000004e8                utee_get_time
 .text.utee_set_ta_time
                0x00000000000004fc       0x14 /home/yin/imx-optee/imx-optee-os/out/arm-plat-imx/export-ta_arm32/lib/libutee.a(utee_syscalls_a32.o)
                0x00000000000004fc                utee_set_ta_time
 .text.utee_cryp_state_alloc
                0x0000000000000510       0x18 /home/yin/imx-optee/imx-optee-os/out/arm-plat-imx/export-ta_arm32/lib/libutee.a(utee_syscalls_a32.o)
                0x0000000000000510                utee_cryp_state_alloc
 .text.utee_cryp_state_copy
                0x0000000000000528       0x14 /home/yin/imx-optee/imx-optee-os/out/arm-plat-imx/export-ta_arm32/lib/libutee.a(utee_syscalls_a32.o)
                0x0000000000000528                utee_cryp_state_copy
 .text.utee_cryp_state_free
                0x000000000000053c       0x14 /home/yin/imx-optee/imx-optee-os/out/arm-plat-imx/export-ta_arm32/lib/libutee.a(utee_syscalls_a32.o)
                0x000000000000053c                utee_cryp_state_free
 .text.utee_hash_init
                0x0000000000000550       0x14 /home/yin/imx-optee/imx-optee-os/out/arm-plat-imx/export-ta_arm32/lib/libutee.a(utee_syscalls_a32.o)
                0x0000000000000550                utee_hash_init
 .text.utee_hash_update
                0x0000000000000564       0x14 /home/yin/imx-optee/imx-optee-os/out/arm-plat-imx/export-ta_arm32/lib/libutee.a(utee_syscalls_a32.o)
                0x0000000000000564                utee_hash_update
 .text.utee_hash_final
                0x0000000000000578       0x18 /home/yin/imx-optee/imx-optee-os/out/arm-plat-imx/export-ta_arm32/lib/libutee.a(utee_syscalls_a32.o)
                0x0000000000000578                utee_hash_final
 .text.utee_cipher_init
                0x0000000000000590       0x14 /home/yin/imx-optee/imx-optee-os/out/arm-plat-imx/export-ta_arm32/lib/libutee.a(utee_syscalls_a32.o)
                0x0000000000000590                utee_cipher_init
 .text.utee_cipher_update
                0x00000000000005a4       0x18 /home/yin/imx-optee/imx-optee-os/out/arm-plat-imx/export-ta_arm32/lib/libutee.a(utee_syscalls_a32.o)
                0x00000000000005a4                utee_cipher_update
 .text.utee_cipher_final
                0x00000000000005bc       0x18 /home/yin/imx-optee/imx-optee-os/out/arm-plat-imx/export-ta_arm32/lib/libutee.a(utee_syscalls_a32.o)
                0x00000000000005bc                utee_cipher_final
 .text.utee_cryp_obj_get_info
                0x00000000000005d4       0x14 /home/yin/imx-optee/imx-optee-os/out/arm-plat-imx/export-ta_arm32/lib/libutee.a(utee_syscalls_a32.o)
                0x00000000000005d4                utee_cryp_obj_get_info
 .text.utee_cryp_obj_restrict_usage
                0x00000000000005e8       0x14 /home/yin/imx-optee/imx-optee-os/out/arm-plat-imx/export-ta_arm32/lib/libutee.a(utee_syscalls_a32.o)
                0x00000000000005e8                utee_cryp_obj_restrict_usage
 .text.utee_cryp_obj_get_attr
                0x00000000000005fc       0x14 /home/yin/imx-optee/imx-optee-os/out/arm-plat-imx/export-ta_arm32/lib/libutee.a(utee_syscalls_a32.o)
                0x00000000000005fc                utee_cryp_obj_get_attr
 .text.utee_cryp_obj_alloc
                0x0000000000000610       0x14 /home/yin/imx-optee/imx-optee-os/out/arm-plat-imx/export-ta_arm32/lib/libutee.a(utee_syscalls_a32.o)
                0x0000000000000610                utee_cryp_obj_alloc
 .text.utee_cryp_obj_close
                0x0000000000000624       0x14 /home/yin/imx-optee/imx-optee-os/out/arm-plat-imx/export-ta_arm32/lib/libutee.a(utee_syscalls_a32.o)
                0x0000000000000624                utee_cryp_obj_close
 .text.utee_cryp_obj_reset
                0x0000000000000638       0x14 /home/yin/imx-optee/imx-optee-os/out/arm-plat-imx/export-ta_arm32/lib/libutee.a(utee_syscalls_a32.o)
                0x0000000000000638                utee_cryp_obj_reset
 .text.utee_cryp_obj_populate
                0x000000000000064c       0x14 /home/yin/imx-optee/imx-optee-os/out/arm-plat-imx/export-ta_arm32/lib/libutee.a(utee_syscalls_a32.o)
                0x000000000000064c                utee_cryp_obj_populate
 .text.utee_cryp_obj_copy
                0x0000000000000660       0x14 /home/yin/imx-optee/imx-optee-os/out/arm-plat-imx/export-ta_arm32/lib/libutee.a(utee_syscalls_a32.o)
                0x0000000000000660                utee_cryp_obj_copy
 .text.utee_cryp_derive_key
                0x0000000000000674       0x14 /home/yin/imx-optee/imx-optee-os/out/arm-plat-imx/export-ta_arm32/lib/libutee.a(utee_syscalls_a32.o)
                0x0000000000000674                utee_cryp_derive_key
 .text.utee_cryp_random_number_generate
                0x0000000000000688       0x14 /home/yin/imx-optee/imx-optee-os/out/arm-plat-imx/export-ta_arm32/lib/libutee.a(utee_syscalls_a32.o)
                0x0000000000000688                utee_cryp_random_number_generate
 .text.utee_authenc_init
                0x000000000000069c       0x18 /home/yin/imx-optee/imx-optee-os/out/arm-plat-imx/export-ta_arm32/lib/libutee.a(utee_syscalls_a32.o)
                0x000000000000069c                utee_authenc_init
 .text.utee_authenc_update_aad
                0x00000000000006b4       0x14 /home/yin/imx-optee/imx-optee-os/out/arm-plat-imx/export-ta_arm32/lib/libutee.a(utee_syscalls_a32.o)
                0x00000000000006b4                utee_authenc_update_aad
 .text.utee_authenc_update_payload
                0x00000000000006c8       0x18 /home/yin/imx-optee/imx-optee-os/out/arm-plat-imx/export-ta_arm32/lib/libutee.a(utee_syscalls_a32.o)
                0x00000000000006c8                utee_authenc_update_payload
 .text.utee_authenc_enc_final
                0x00000000000006e0       0x18 /home/yin/imx-optee/imx-optee-os/out/arm-plat-imx/export-ta_arm32/lib/libutee.a(utee_syscalls_a32.o)
                0x00000000000006e0                utee_authenc_enc_final
 .text.utee_authenc_dec_final
                0x00000000000006f8       0x18 /home/yin/imx-optee/imx-optee-os/out/arm-plat-imx/export-ta_arm32/lib/libutee.a(utee_syscalls_a32.o)
                0x00000000000006f8                utee_authenc_dec_final
 .text.utee_asymm_operate
                0x0000000000000710       0x18 /home/yin/imx-optee/imx-optee-os/out/arm-plat-imx/export-ta_arm32/lib/libutee.a(utee_syscalls_a32.o)
                0x0000000000000710                utee_asymm_operate
 .text.utee_asymm_verify
                0x0000000000000728       0x18 /home/yin/imx-optee/imx-optee-os/out/arm-plat-imx/export-ta_arm32/lib/libutee.a(utee_syscalls_a32.o)
                0x0000000000000728                utee_asymm_verify
 .text.utee_storage_obj_open
                0x0000000000000740       0x18 /home/yin/imx-optee/imx-optee-os/out/arm-plat-imx/export-ta_arm32/lib/libutee.a(utee_syscalls_a32.o)
                0x0000000000000740                utee_storage_obj_open
 .text.utee_storage_obj_create
                0x0000000000000758       0x18 /home/yin/imx-optee/imx-optee-os/out/arm-plat-imx/export-ta_arm32/lib/libutee.a(utee_syscalls_a32.o)
                0x0000000000000758                utee_storage_obj_create
 .text.utee_storage_obj_del
                0x0000000000000770       0x14 /home/yin/imx-optee/imx-optee-os/out/arm-plat-imx/export-ta_arm32/lib/libutee.a(utee_syscalls_a32.o)
                0x0000000000000770                utee_storage_obj_del
 .text.utee_storage_obj_rename
                0x0000000000000784       0x14 /home/yin/imx-optee/imx-optee-os/out/arm-plat-imx/export-ta_arm32/lib/libutee.a(utee_syscalls_a32.o)
                0x0000000000000784                utee_storage_obj_rename
 .text.utee_storage_alloc_enum
                0x0000000000000798       0x14 /home/yin/imx-optee/imx-optee-os/out/arm-plat-imx/export-ta_arm32/lib/libutee.a(utee_syscalls_a32.o)
                0x0000000000000798                utee_storage_alloc_enum
 .text.utee_storage_free_enum
                0x00000000000007ac       0x14 /home/yin/imx-optee/imx-optee-os/out/arm-plat-imx/export-ta_arm32/lib/libutee.a(utee_syscalls_a32.o)
                0x00000000000007ac                utee_storage_free_enum
 .text.utee_storage_reset_enum
                0x00000000000007c0       0x14 /home/yin/imx-optee/imx-optee-os/out/arm-plat-imx/export-ta_arm32/lib/libutee.a(utee_syscalls_a32.o)
                0x00000000000007c0                utee_storage_reset_enum
 .text.utee_storage_start_enum
                0x00000000000007d4       0x14 /home/yin/imx-optee/imx-optee-os/out/arm-plat-imx/export-ta_arm32/lib/libutee.a(utee_syscalls_a32.o)
                0x00000000000007d4                utee_storage_start_enum
 .text.utee_storage_next_enum
                0x00000000000007e8       0x14 /home/yin/imx-optee/imx-optee-os/out/arm-plat-imx/export-ta_arm32/lib/libutee.a(utee_syscalls_a32.o)
                0x00000000000007e8                utee_storage_next_enum
 .text.utee_storage_obj_read
                0x00000000000007fc       0x14 /home/yin/imx-optee/imx-optee-os/out/arm-plat-imx/export-ta_arm32/lib/libutee.a(utee_syscalls_a32.o)
                0x00000000000007fc                utee_storage_obj_read
 .text.utee_storage_obj_write
                0x0000000000000810       0x14 /home/yin/imx-optee/imx-optee-os/out/arm-plat-imx/export-ta_arm32/lib/libutee.a(utee_syscalls_a32.o)
                0x0000000000000810                utee_storage_obj_write
 .text.utee_storage_obj_trunc
                0x0000000000000824       0x14 /home/yin/imx-optee/imx-optee-os/out/arm-plat-imx/export-ta_arm32/lib/libutee.a(utee_syscalls_a32.o)
                0x0000000000000824                utee_storage_obj_trunc
 .text.utee_storage_obj_seek
                0x0000000000000838       0x14 /home/yin/imx-optee/imx-optee-os/out/arm-plat-imx/export-ta_arm32/lib/libutee.a(utee_syscalls_a32.o)
                0x0000000000000838                utee_storage_obj_seek
 .text.utee_cryp_obj_generate_key
                0x000000000000084c       0x14 /home/yin/imx-optee/imx-optee-os/out/arm-plat-imx/export-ta_arm32/lib/libutee.a(utee_syscalls_a32.o)
                0x000000000000084c                utee_cryp_obj_generate_key
 .text.utee_se_service_open
                0x0000000000000860       0x14 /home/yin/imx-optee/imx-optee-os/out/arm-plat-imx/export-ta_arm32/lib/libutee.a(utee_syscalls_a32.o)
                0x0000000000000860                utee_se_service_open
 .text.utee_se_service_close
                0x0000000000000874       0x14 /home/yin/imx-optee/imx-optee-os/out/arm-plat-imx/export-ta_arm32/lib/libutee.a(utee_syscalls_a32.o)
                0x0000000000000874                utee_se_service_close
 .text.utee_se_service_get_readers
                0x0000000000000888       0x14 /home/yin/imx-optee/imx-optee-os/out/arm-plat-imx/export-ta_arm32/lib/libutee.a(utee_syscalls_a32.o)
                0x0000000000000888                utee_se_service_get_readers
 .text.utee_se_reader_get_prop
                0x000000000000089c       0x14 /home/yin/imx-optee/imx-optee-os/out/arm-plat-imx/export-ta_arm32/lib/libutee.a(utee_syscalls_a32.o)
                0x000000000000089c                utee_se_reader_get_prop
 .text.utee_se_reader_get_name
                0x00000000000008b0       0x14 /home/yin/imx-optee/imx-optee-os/out/arm-plat-imx/export-ta_arm32/lib/libutee.a(utee_syscalls_a32.o)
                0x00000000000008b0                utee_se_reader_get_name
 .text.utee_se_reader_open_session
                0x00000000000008c4       0x14 /home/yin/imx-optee/imx-optee-os/out/arm-plat-imx/export-ta_arm32/lib/libutee.a(utee_syscalls_a32.o)
                0x00000000000008c4                utee_se_reader_open_session
 .text.utee_se_reader_close_sessions
                0x00000000000008d8       0x14 /home/yin/imx-optee/imx-optee-os/out/arm-plat-imx/export-ta_arm32/lib/libutee.a(utee_syscalls_a32.o)
                0x00000000000008d8                utee_se_reader_close_sessions
 .text.utee_se_session_is_closed
                0x00000000000008ec       0x14 /home/yin/imx-optee/imx-optee-os/out/arm-plat-imx/export-ta_arm32/lib/libutee.a(utee_syscalls_a32.o)
                0x00000000000008ec                utee_se_session_is_closed
 .text.utee_se_session_get_atr
                0x0000000000000900       0x14 /home/yin/imx-optee/imx-optee-os/out/arm-plat-imx/export-ta_arm32/lib/libutee.a(utee_syscalls_a32.o)
                0x0000000000000900                utee_se_session_get_atr
 .text.utee_se_session_open_channel
                0x0000000000000914       0x18 /home/yin/imx-optee/imx-optee-os/out/arm-plat-imx/export-ta_arm32/lib/libutee.a(utee_syscalls_a32.o)
                0x0000000000000914                utee_se_session_open_channel
 .text.utee_se_session_close
                0x000000000000092c       0x14 /home/yin/imx-optee/imx-optee-os/out/arm-plat-imx/export-ta_arm32/lib/libutee.a(utee_syscalls_a32.o)
                0x000000000000092c                utee_se_session_close
 .text.utee_se_channel_select_next
                0x0000000000000940       0x14 /home/yin/imx-optee/imx-optee-os/out/arm-plat-imx/export-ta_arm32/lib/libutee.a(utee_syscalls_a32.o)
                0x0000000000000940                utee_se_channel_select_next
 .text.utee_se_channel_get_select_resp
                0x0000000000000954       0x14 /home/yin/imx-optee/imx-optee-os/out/arm-plat-imx/export-ta_arm32/lib/libutee.a(utee_syscalls_a32.o)
                0x0000000000000954                utee_se_channel_get_select_resp
 .text.utee_se_channel_transmit
                0x0000000000000968       0x18 /home/yin/imx-optee/imx-optee-os/out/arm-plat-imx/export-ta_arm32/lib/libutee.a(utee_syscalls_a32.o)
                0x0000000000000968                utee_se_channel_transmit
 .text.utee_se_channel_close
                0x0000000000000980       0x14 /home/yin/imx-optee/imx-optee-os/out/arm-plat-imx/export-ta_arm32/lib/libutee.a(utee_syscalls_a32.o)
                0x0000000000000980                utee_se_channel_close
 .text.utee_cache_operation
                0x0000000000000994       0x14 /home/yin/imx-optee/imx-optee-os/out/arm-plat-imx/export-ta_arm32/lib/libutee.a(utee_syscalls_a32.o)
                0x0000000000000994                utee_cache_operation
 .text.__utee_mcount
                0x00000000000009a8        0xc /home/yin/imx-optee/imx-optee-os/out/arm-plat-imx/export-ta_arm32/lib/libutee.a(gprof_a32.o)
                0x00000000000009a8                __utee_mcount
 .text          0x00000000000009b4      0x478 /home/yin/imx-optee/imx-optee-os/out/arm-plat-imx/export-ta_arm32/lib/libutee.a(tee_api_arith.o)
                0x00000000000009b4                _TEE_MathAPI_Init
                0x00000000000009ec                TEE_BigIntInit
                0x00000000000009f0                TEE_BigIntInitFMM
                0x00000000000009fe                TEE_BigIntInitFMMContext
                0x0000000000000a28                TEE_BigIntFMMSizeInU32
                0x0000000000000a30                TEE_BigIntFMMContextSizeInU32
                0x0000000000000a3a                TEE_BigIntConvertFromOctetString
                0x0000000000000a50                TEE_BigIntConvertToOctetString
                0x0000000000000a84                TEE_BigIntConvertFromS32
                0x0000000000000a88                TEE_BigIntConvertToS32
                0x0000000000000a9c                TEE_BigIntCmp
                0x0000000000000aa0                TEE_BigIntCmpS32
                0x0000000000000aa4                TEE_BigIntShiftRight
                0x0000000000000aa8                TEE_BigIntGetBit
                0x0000000000000ab6                TEE_BigIntGetBitCount
                0x0000000000000ac0                TEE_BigIntAdd
                0x0000000000000ad0                TEE_BigIntSub
                0x0000000000000ae0                TEE_BigIntNeg
                0x0000000000000ae4                TEE_BigIntMul
                0x0000000000000af4                TEE_BigIntSquare
                0x0000000000000b04                TEE_BigIntDiv
                0x0000000000000b40                TEE_BigIntMod
                0x0000000000000b98                TEE_BigIntAddMod
                0x0000000000000bf8                TEE_BigIntSubMod
                0x0000000000000c58                TEE_BigIntMulMod
                0x0000000000000cd8                TEE_BigIntSquareMod
                0x0000000000000ce0                TEE_BigIntInvMod
                0x0000000000000d24                TEE_BigIntRelativePrime
                0x0000000000000d64                TEE_BigIntComputeExtendedGcd
                0x0000000000000d80                TEE_BigIntIsProbablePrime
                0x0000000000000da0                TEE_BigIntConvertToFMM
                0x0000000000000dc0                TEE_BigIntConvertFromFMM
                0x0000000000000e10                TEE_BigIntComputeFMM
 .text.unlikely
                0x0000000000000e2c       0x1c /home/yin/imx-optee/imx-optee-os/out/arm-plat-imx/export-ta_arm32/lib/libutee.a(tee_api_arith.o)
 .text          0x0000000000000e48      0x2e8 /home/yin/imx-optee/imx-optee-os/out/arm-plat-imx/export-ta_arm32/lib/libutee.a(tee_api.o)
                0x0000000000000e48                __utee_from_param
                0x0000000000000e9a                __utee_to_param
                0x0000000000000eda                TEE_OpenTASession
                0x0000000000000f1e                TEE_CloseTASession
                0x0000000000000f32                TEE_InvokeTACommand
                0x0000000000000f98                TEE_GetCancellationFlag
                0x0000000000000fb4                TEE_UnmaskCancellation
                0x0000000000000fd0                TEE_MaskCancellation
                0x0000000000000fec                TEE_CheckMemoryAccessRights
                0x0000000000000ff6                TEE_SetInstanceData
                0x0000000000001004                TEE_GetInstanceData
                0x0000000000001010                TEE_MemMove
                0x0000000000001014                TEE_MemCompare
                0x0000000000001018                TEE_MemFill
                0x000000000000101c                TEE_GetSystemTime
                0x0000000000001032                TEE_Wait
                0x0000000000001050                TEE_GetTAPersistentTime
                0x000000000000108c                TEE_SetTAPersistentTime
                0x00000000000010b4                TEE_GetREETime
                0x00000000000010ca                TEE_Malloc
                0x0000000000001114                TEE_Realloc
                0x0000000000001118                TEE_Free
                0x000000000000111c                TEE_CacheClean
                0x0000000000001122                TEE_CacheFlush
                0x0000000000001128                TEE_CacheInvalidate
 .text          0x0000000000001130       0x9c /home/yin/imx-optee/imx-optee-os/out/arm-plat-imx/export-ta_arm32/lib/libutee.a(trace_ext.o)
                0x0000000000001130                trace_ext_puts
                0x0000000000001144                trace_ext_get_thread_id
                0x000000000000114a                printf
                0x0000000000001184                puts
                0x00000000000011a8                putchar
 .text          0x00000000000011cc      0x9d8 /home/yin/imx-optee/imx-optee-os/out/arm-plat-imx/export-ta_arm32/lib/libutils.a(bget_malloc.o)
                0x00000000000012a4                bget
                0x00000000000013c0                bgetz
                0x000000000000141c                brel
                0x00000000000015e4                bgetr
                0x0000000000001660                bpool
                0x00000000000016fc                malloc
                0x0000000000001714                free
                0x0000000000001724                calloc
                0x000000000000174c                realloc
                0x0000000000001764                memalign
                0x00000000000019b0                malloc_add_pool
                0x0000000000001a80                malloc_buffer_is_within_alloced
                0x0000000000001b5c                malloc_buffer_overlaps_heap
 .text          0x0000000000001ba4      0x758 /home/yin/imx-optee/imx-optee-os/out/arm-plat-imx/export-ta_arm32/lib/libutils.a(snprintk.o)
                0x0000000000001ba4                __vsnprintf
                0x00000000000022d4                vsnprintk
                0x00000000000022e2                snprintk
 .text          0x00000000000022fc      0x2c0 /home/yin/imx-optee/imx-optee-os/out/arm-plat-imx/export-ta_arm32/lib/libutils.a(trace.o)
                0x000000000000234a                trace_set_level
                0x0000000000002368                trace_get_level
                0x000000000000237c                trace_printf
                0x00000000000024c0                dhex_dump
 .text          0x00000000000025bc       0xbc /home/yin/imx-optee/imx-optee-os/out/arm-plat-imx/export-ta_arm32/lib/libutils.a(mempool.o)
                0x00000000000025bc                mempool_alloc_pool
                0x0000000000002600                mempool_alloc
                0x000000000000264a                mempool_free
 .text.__aeabi_ldivmod
                0x0000000000002678       0x18 /home/yin/imx-optee/imx-optee-os/out/arm-plat-imx/export-ta_arm32/lib/libutils.a(arm32_aeabi_ldivmod_a32.o)
                0x0000000000002678                __aeabi_ldivmod
 .text.__aeabi_uldivmod
                0x0000000000002690       0x18 /home/yin/imx-optee/imx-optee-os/out/arm-plat-imx/export-ta_arm32/lib/libutils.a(arm32_aeabi_ldivmod_a32.o)
                0x0000000000002690                __aeabi_uldivmod
 .text          0x00000000000026a8       0xe4 /home/yin/imx-optee/imx-optee-os/out/arm-plat-imx/export-ta_arm32/lib/libmpa.a(mpa_misc.o)
                0x00000000000026a8                __mpa_set_unused_digits_to_zero
                0x00000000000026c2                mpa_wipe
                0x00000000000026d8                mpa_copy
                0x00000000000026fa                mpa_abs
                0x000000000000270e                mpa_highest_bit_index
                0x0000000000002738                mpa_get_bit
                0x0000000000002764                mpa_can_hold
                0x0000000000002778                mpa_parity
                0x0000000000002780                mpa_constant_one
 .text          0x000000000000278c      0x264 /home/yin/imx-optee/imx-optee-os/out/arm-plat-imx/export-ta_arm32/lib/libmpa.a(mpa_montgomery.o)
                0x000000000000278c                __mpa_montgomery_mul_add
                0x00000000000027ec                __mpa_montgomery_sub_ack
                0x000000000000284c                __mpa_montgomery_mul
                0x00000000000028e4                mpa_compute_fmm_context
                0x00000000000029b4                mpa_montgomery_mul
 .text          0x00000000000029f0      0x278 /home/yin/imx-optee/imx-optee-os/out/arm-plat-imx/export-ta_arm32/lib/libmpa.a(mpa_primetest.o)
                0x00000000000029f0                mpa_is_prob_prime
 .text          0x0000000000002c68      0x114 /home/yin/imx-optee/imx-optee-os/out/arm-plat-imx/export-ta_arm32/lib/libmpa.a(mpa_expmod.o)
                0x0000000000002c68                mpa_exp_mod
 .text          0x0000000000002d7c      0x490 /home/yin/imx-optee/imx-optee-os/out/arm-plat-imx/export-ta_arm32/lib/libmpa.a(mpa_io.o)
                0x0000000000002e68                mpa_get_str_size
                0x0000000000002e6e                mpa_set_str
                0x0000000000003044                mpa_get_str
                0x0000000000003098                mpa_set_oct_str
                0x0000000000003134                mpa_get_oct_str
 .text          0x000000000000320c       0x38 /home/yin/imx-optee/imx-optee-os/out/arm-plat-imx/export-ta_arm32/lib/libutee.a(assert.o)
                0x000000000000320c                _assert_log
                0x0000000000003234                _assert_break
 .text.ret_idivmod_values
                0x0000000000003244        0x4 /home/yin/imx-optee/imx-optee-os/out/arm-plat-imx/export-ta_arm32/lib/libutils.a(arm32_aeabi_divmod_a32.o)
                0x0000000000003244                ret_idivmod_values
 .text.ret_uidivmod_values
                0x0000000000003248        0x4 /home/yin/imx-optee/imx-optee-os/out/arm-plat-imx/export-ta_arm32/lib/libutils.a(arm32_aeabi_divmod_a32.o)
                0x0000000000003248                ret_uidivmod_values
 .text          0x000000000000324c        0x4 ./user_ta_header.o
                0x000000000000324c                tahead_get_trace_level
 .text          0x0000000000003250        0x4 /home/yin/imx-optee/imx-optee-os/out/arm-plat-imx/export-ta_arm32/lib/libutee.a(tee_api_panic.o)
                0x0000000000003250                TEE_Panic
 .text          0x0000000000003254       0x2c /home/yin/imx-optee/imx-optee-os/out/arm-plat-imx/export-ta_arm32/lib/libutils.a(snprintf.o)
                0x0000000000003254                snprintf
                0x0000000000003272                vsnprintf
 .text          0x0000000000003280       0x1e /home/yin/imx-optee/imx-optee-os/out/arm-plat-imx/export-ta_arm32/lib/libutils.a(memcmp.o)
                0x0000000000003280                memcmp
 .text          0x000000000000329e       0x16 /home/yin/imx-optee/imx-optee-os/out/arm-plat-imx/export-ta_arm32/lib/libutils.a(memcpy.o)
                0x000000000000329e                memcpy
 .text          0x00000000000032b4       0x34 /home/yin/imx-optee/imx-optee-os/out/arm-plat-imx/export-ta_arm32/lib/libutils.a(memmove.o)
                0x00000000000032b4                memmove
 .text          0x00000000000032e8       0x10 /home/yin/imx-optee/imx-optee-os/out/arm-plat-imx/export-ta_arm32/lib/libutils.a(memset.o)
                0x00000000000032e8                memset
 .text          0x00000000000032f8       0x10 /home/yin/imx-optee/imx-optee-os/out/arm-plat-imx/export-ta_arm32/lib/libutils.a(strlen.o)
                0x00000000000032f8                strlen
 .text          0x0000000000003308        0x6 /home/yin/imx-optee/imx-optee-os/out/arm-plat-imx/export-ta_arm32/lib/libutils.a(aeabi_unwind.o)
                0x0000000000003308                __aeabi_unwind_cpp_pr0
                0x000000000000330a                __aeabi_unwind_cpp_pr1
                0x000000000000330c                __aeabi_unwind_cpp_pr2
 .text          0x000000000000330e       0x1c /home/yin/imx-optee/imx-optee-os/out/arm-plat-imx/export-ta_arm32/lib/libutils.a(memchr.o)
                0x000000000000330e                memchr
 .text          0x000000000000332a      0x160 /home/yin/imx-optee/imx-optee-os/out/arm-plat-imx/export-ta_arm32/lib/libutils.a(arm32_aeabi_ldivmod.o)
                0x000000000000332a                __ul_divmod
                0x000000000000339e                __l_divmod
 .text          0x000000000000348a       0x76 /home/yin/imx-optee/imx-optee-os/out/arm-plat-imx/export-ta_arm32/lib/libmpa.a(mpa_conv.o)
                0x000000000000348a                mpa_set_S32
                0x00000000000034a6                mpa_get_S32
                0x00000000000034e8                mpa_set_word
                0x00000000000034f4                mpa_get_word
 .text          0x0000000000003500      0x588 /home/yin/imx-optee/imx-optee-os/out/arm-plat-imx/export-ta_arm32/lib/libmpa.a(mpa_div.o)
                0x0000000000003500                __mpa_div_dword
                0x000000000000355a                __mpa_div_q_r_internal_word
                0x0000000000003618                __mpa_div_q_r
                0x00000000000039fa                mpa_div
 .text          0x0000000000003a88      0x54a /home/yin/imx-optee/imx-optee-os/out/arm-plat-imx/export-ta_arm32/lib/libmpa.a(mpa_gcd.o)
                0x0000000000003dee                mpa_gcd
                0x0000000000003e98                mpa_extended_gcd
 .text          0x0000000000003fd2       0x42 /home/yin/imx-optee/imx-optee-os/out/arm-plat-imx/export-ta_arm32/lib/libmpa.a(mpa_mem_static.o)
                0x0000000000003fd2                mpa_alloc_static_temp_var_size
                0x0000000000003ffa                mpa_alloc_static_temp_var
                0x0000000000004004                mpa_free_static_temp_var
 .text          0x0000000000004014      0x1f4 /home/yin/imx-optee/imx-optee-os/out/arm-plat-imx/export-ta_arm32/lib/libmpa.a(mpa_mul.o)
                0x0000000000004014                __mpa_mul_add_word
                0x0000000000004024                __mpa_mul_add_word_cum
                0x000000000000403c                __mpa_abs_mul_word
                0x000000000000408c                __mpa_abs_mul
                0x000000000000411a                mpa_mul
                0x000000000000419c                mpa_mul_word
 .text          0x0000000000004208       0xd6 /home/yin/imx-optee/imx-optee-os/out/arm-plat-imx/export-ta_arm32/lib/libmpa.a(mpa_random.o)
                0x0000000000004208                mpa_get_random
                0x00000000000042a8                mpa_get_random_digits
 .text          0x00000000000042de      0x25a /home/yin/imx-optee/imx-optee-os/out/arm-plat-imx/export-ta_arm32/lib/libmpa.a(mpa_shift.o)
                0x00000000000042de                __mpa_shift_words_left
                0x000000000000432a                __mpa_shift_words_right
                0x000000000000436e                mpa_shift_left
                0x0000000000004462                mpa_shift_right
 .text          0x0000000000004538      0x57e /home/yin/imx-optee/imx-optee-os/out/arm-plat-imx/export-ta_arm32/lib/libmpa.a(mpa_addsub.o)
                0x0000000000004538                __mpa_full_adder
                0x0000000000004550                __mpa_full_sub
                0x0000000000004568                __mpa_full_adder_ackum
                0x0000000000004582                __mpa_abs_add
                0x000000000000462c                __mpa_abs_add_ackum
                0x00000000000046a0                __mpa_abs_sub
                0x0000000000004734                mpa_add
                0x0000000000004822                mpa_sub
                0x0000000000004926                mpa_neg
                0x0000000000004936                mpa_add_word
                0x00000000000049f4                mpa_sub_word
 .text          0x0000000000004ab6      0x10c /home/yin/imx-optee/imx-optee-os/out/arm-plat-imx/export-ta_arm32/lib/libmpa.a(mpa_cmp.o)
                0x0000000000004ab6                __mpa_abs_cmp
                0x0000000000004b08                __mpa_abs_greater_than
                0x0000000000004b18                __mpa_abs_less_than
                0x0000000000004b22                mpa_cmp
                0x0000000000004b68                mpa_cmp_short
 .text          0x0000000000004bc2       0x48 /home/yin/imx-optee/imx-optee-os/out/arm-plat-imx/export-ta_arm32/lib/libmpa.a(mpa_init.o)
                0x0000000000004bc2                mpa_init_static
                0x0000000000004bd4                mpa_init_static_fmm_context
 .text          0x0000000000004c0a      0x180 /home/yin/imx-optee/imx-optee-os/out/arm-plat-imx/export-ta_arm32/lib/libmpa.a(mpa_modulus.o)
                0x0000000000004c0a                mpa_mod
                0x0000000000004c20                mpa_add_mod
                0x0000000000004c62                mpa_sub_mod
                0x0000000000004ca4                mpa_mul_mod
                0x0000000000004ce6                mpa_inv_mod
 .text          0x0000000000004d8a      0x1b6 /home/yin/imx-optee/imx-optee-os/out/arm-plat-imx/export-ta_arm32/lib/libutils.a(arm32_aeabi_divmod.o)
                0x0000000000004dd4                __aeabi_uidiv
                0x0000000000004df4                __aeabi_uimod
                0x0000000000004e14                __aeabi_uidivmod
                0x0000000000004e3a                __aeabi_idiv
                0x0000000000004e82                __aeabi_imod
                0x0000000000004ef2                __aeabi_idivmod
 .text          0x0000000000004f40        0x0 /home/yin/imx-optee/imx-optee-os/out/arm-plat-imx/export-ta_arm32/lib/libutee.a(gprof_a32.o)
 .text          0x0000000000004f40        0x0 /home/yin/imx-optee/imx-optee-os/out/arm-plat-imx/export-ta_arm32/lib/libutils.a(arm32_aeabi_ldivmod_a32.o)
 .text          0x0000000000004f40        0x0 /home/yin/imx-optee/imx-optee-os/out/arm-plat-imx/export-ta_arm32/lib/libutils.a(arm32_aeabi_divmod_a32.o)
 .text.__stub   0x0000000000004f40       0x40 linker stubs
 *(SORT(.stub))
 *(SORT(.glue_7))
 .glue_7        0x0000000000004f80        0x0 linker stubs
 *(SORT(.glue_7t))
 .glue_7t       0x0000000000004f80        0x0 linker stubs
 *(SORT(.gnu.linkonce.t.*))
 *(SORT(.vfp11_veneer))
 .vfp11_veneer  0x0000000000004f80        0x0 linker stubs
                [!provide]                        PROVIDE (__gnu_mcount_nc, __utee_mcount)
                0x0000000000004f80                __text_end = .

.v4_bx          0x0000000000004f80        0x0
 .v4_bx         0x0000000000004f80        0x0 linker stubs

.iplt           0x0000000000004f80        0x0
 .iplt          0x0000000000004f80        0x0 ./hello_world_ta.o

.plt            0x0000000000004f80        0x0
 *(SORT(.plt))
 .plt           0x0000000000004f80        0x0 ./hello_world_ta.o

.eh_frame
 *(SORT(.eh_frame))

.rodata         0x0000000000004f80     0x15bc
 *(SORT(.gnu.linkonce.r.*))
 *(SORT(.rodata) SORT(.rodata.*))
 .rodata.user_ta_header.c
                0x0000000000004f80       0x1b ./user_ta_header.o
                0x0000000000004f80                ta_num_props
                0x0000000000004f94                ta_heap_size
                0x0000000000004f98                trace_ext_prefix
 *fill*         0x0000000000004f9b        0x1 
 .rodata.lib/libmpa/mpa_misc.c
                0x0000000000004f9c       0x28 /home/yin/imx-optee/imx-optee-os/out/arm-plat-imx/export-ta_arm32/lib/libmpa.a(mpa_misc.o)
                0x0000000000004f9c                const_one
                0x0000000000004fa8                Const_1_LShift_Base
                0x0000000000004fb8                const_largest_deci_base
 .rodata.lib/libmpa/mpa_primetest.c
                0x0000000000004fc4      0xd30 /home/yin/imx-optee/imx-optee-os/out/arm-plat-imx/export-ta_arm32/lib/libmpa.a(mpa_primetest.o)
                0x0000000000004fc4                PRIME_TABLE
                0x0000000000005cec                NR_STORED_PRIMES
                0x0000000000005cf0                MAX_TABULATED_PRIME
 .rodata.hello_world_ta.c
                0x0000000000005cf4       0x70 ./hello_world_ta.o
 .rodata.str1.1.hello_world_ta.c
                0x0000000000005d64       0x6a ./hello_world_ta.o
 .rodata.str1.1.user_ta_header.c
                0x0000000000005dce      0x100 ./user_ta_header.o
 .rodata.str1.1.lib/libutee/tee_api_arith.c
                0x0000000000005ece       0x5b /home/yin/imx-optee/imx-optee-os/out/arm-plat-imx/export-ta_arm32/lib/libutee.a(tee_api_arith.o)
 .rodata.lib/libutee/tee_api.c
                0x0000000000005f29        0xb /home/yin/imx-optee/imx-optee-os/out/arm-plat-imx/export-ta_arm32/lib/libutee.a(tee_api.o)
 .rodata.str1.1.lib/libutee/tee_api.c
                0x0000000000005f34       0x11 /home/yin/imx-optee/imx-optee-os/out/arm-plat-imx/export-ta_arm32/lib/libutee.a(tee_api.o)
 .rodata.str1.1.lib/libutee/trace_ext.c
                0x0000000000005f45       0x11 /home/yin/imx-optee/imx-optee-os/out/arm-plat-imx/export-ta_arm32/lib/libutee.a(trace_ext.o)
                                          0x2 (size before relaxing)
 .rodata.lib/libutils/isoc/bget_malloc.c
                0x0000000000005f45       0x83 /home/yin/imx-optee/imx-optee-os/out/arm-plat-imx/export-ta_arm32/lib/libutils.a(bget_malloc.o)
 .rodata.str1.1.lib/libutils/isoc/bget_malloc.c
                0x0000000000005fc8      0x3e1 /home/yin/imx-optee/imx-optee-os/out/arm-plat-imx/export-ta_arm32/lib/libutils.a(bget_malloc.o)
                                        0x3ea (size before relaxing)
 .rodata.lib/libutils/ext/snprintk.c
                0x00000000000063a9       0x22 /home/yin/imx-optee/imx-optee-os/out/arm-plat-imx/export-ta_arm32/lib/libutils.a(snprintk.o)
 .rodata.str1.1.lib/libutils/ext/snprintk.c
                0x00000000000063cb       0x38 /home/yin/imx-optee/imx-optee-os/out/arm-plat-imx/export-ta_arm32/lib/libutils.a(snprintk.o)
 .rodata.lib/libutils/ext/trace.c
                0x0000000000006403        0xf /home/yin/imx-optee/imx-optee-os/out/arm-plat-imx/export-ta_arm32/lib/libutils.a(trace.o)
 .rodata.str1.1.lib/libutils/ext/trace.c
                0x0000000000006412       0x3a /home/yin/imx-optee/imx-optee-os/out/arm-plat-imx/export-ta_arm32/lib/libutils.a(trace.o)
                                         0x3d (size before relaxing)
 .rodata.lib/libutils/ext/mempool.c
                0x000000000000644c       0x13 /home/yin/imx-optee/imx-optee-os/out/arm-plat-imx/export-ta_arm32/lib/libutils.a(mempool.o)
 .rodata.str1.1.lib/libutils/ext/mempool.c
                0x000000000000645f       0x3f /home/yin/imx-optee/imx-optee-os/out/arm-plat-imx/export-ta_arm32/lib/libutils.a(mempool.o)
 .rodata.lib/libmpa/mpa_io.c
                0x000000000000649e       0x18 /home/yin/imx-optee/imx-optee-os/out/arm-plat-imx/export-ta_arm32/lib/libmpa.a(mpa_io.o)
 .rodata.str1.1.lib/libmpa/mpa_io.c
                0x00000000000064b6       0x5f /home/yin/imx-optee/imx-optee-os/out/arm-plat-imx/export-ta_arm32/lib/libmpa.a(mpa_io.o)
 .rodata.str1.1.lib/libutee/assert.c
                0x0000000000006515       0x27 /home/yin/imx-optee/imx-optee-os/out/arm-plat-imx/export-ta_arm32/lib/libutee.a(assert.o)

.ARM.extab      0x000000000000653c       0xc0
 .ARM.extab     0x000000000000653c        0x0 ./hello_world_ta.o
 .ARM.extab     0x000000000000653c        0x0 ./user_ta_header.o
 .ARM.extab     0x000000000000653c        0x0 /home/yin/imx-optee/imx-optee-os/out/arm-plat-imx/export-ta_arm32/lib/libutee.a(user_ta_entry.o)
 .ARM.extab     0x000000000000653c       0x3c /home/yin/imx-optee/imx-optee-os/out/arm-plat-imx/export-ta_arm32/lib/libutee.a(tee_api_arith.o)
 .ARM.extab     0x0000000000006578       0x24 /home/yin/imx-optee/imx-optee-os/out/arm-plat-imx/export-ta_arm32/lib/libutee.a(tee_api.o)
 .ARM.extab     0x000000000000659c        0x0 /home/yin/imx-optee/imx-optee-os/out/arm-plat-imx/export-ta_arm32/lib/libutee.a(tee_api_panic.o)
 .ARM.extab     0x000000000000659c        0xc /home/yin/imx-optee/imx-optee-os/out/arm-plat-imx/export-ta_arm32/lib/libutee.a(trace_ext.o)
 .ARM.extab     0x00000000000065a8        0xc /home/yin/imx-optee/imx-optee-os/out/arm-plat-imx/export-ta_arm32/lib/libutils.a(bget_malloc.o)
 .ARM.extab     0x00000000000065b4        0xc /home/yin/imx-optee/imx-optee-os/out/arm-plat-imx/export-ta_arm32/lib/libutils.a(snprintf.o)
 .ARM.extab     0x00000000000065c0        0x0 /home/yin/imx-optee/imx-optee-os/out/arm-plat-imx/export-ta_arm32/lib/libutils.a(memcmp.o)
 .ARM.extab     0x00000000000065c0        0x0 /home/yin/imx-optee/imx-optee-os/out/arm-plat-imx/export-ta_arm32/lib/libutils.a(memcpy.o)
 .ARM.extab     0x00000000000065c0        0x0 /home/yin/imx-optee/imx-optee-os/out/arm-plat-imx/export-ta_arm32/lib/libutils.a(memmove.o)
 .ARM.extab     0x00000000000065c0        0x0 /home/yin/imx-optee/imx-optee-os/out/arm-plat-imx/export-ta_arm32/lib/libutils.a(memset.o)
 .ARM.extab     0x00000000000065c0        0x0 /home/yin/imx-optee/imx-optee-os/out/arm-plat-imx/export-ta_arm32/lib/libutils.a(strlen.o)
 .ARM.extab     0x00000000000065c0        0xc /home/yin/imx-optee/imx-optee-os/out/arm-plat-imx/export-ta_arm32/lib/libutils.a(snprintk.o)
 .ARM.extab     0x00000000000065cc        0xc /home/yin/imx-optee/imx-optee-os/out/arm-plat-imx/export-ta_arm32/lib/libutils.a(trace.o)
 .ARM.extab     0x00000000000065d8        0x0 /home/yin/imx-optee/imx-optee-os/out/arm-plat-imx/export-ta_arm32/lib/libutils.a(mempool.o)
 .ARM.extab     0x00000000000065d8        0x0 /home/yin/imx-optee/imx-optee-os/out/arm-plat-imx/export-ta_arm32/lib/libutils.a(aeabi_unwind.o)
 .ARM.extab     0x00000000000065d8        0x0 /home/yin/imx-optee/imx-optee-os/out/arm-plat-imx/export-ta_arm32/lib/libutils.a(memchr.o)
 .ARM.extab     0x00000000000065d8        0x0 /home/yin/imx-optee/imx-optee-os/out/arm-plat-imx/export-ta_arm32/lib/libutils.a(arm32_aeabi_ldivmod.o)
 .ARM.extab     0x00000000000065d8        0x0 /home/yin/imx-optee/imx-optee-os/out/arm-plat-imx/export-ta_arm32/lib/libmpa.a(mpa_misc.o)
 .ARM.extab     0x00000000000065d8        0x0 /home/yin/imx-optee/imx-optee-os/out/arm-plat-imx/export-ta_arm32/lib/libmpa.a(mpa_montgomery.o)
 .ARM.extab     0x00000000000065d8        0x0 /home/yin/imx-optee/imx-optee-os/out/arm-plat-imx/export-ta_arm32/lib/libmpa.a(mpa_primetest.o)
 .ARM.extab     0x00000000000065d8        0x0 /home/yin/imx-optee/imx-optee-os/out/arm-plat-imx/export-ta_arm32/lib/libmpa.a(mpa_conv.o)
 .ARM.extab     0x00000000000065d8        0x0 /home/yin/imx-optee/imx-optee-os/out/arm-plat-imx/export-ta_arm32/lib/libmpa.a(mpa_div.o)
 .ARM.extab     0x00000000000065d8        0x0 /home/yin/imx-optee/imx-optee-os/out/arm-plat-imx/export-ta_arm32/lib/libmpa.a(mpa_gcd.o)
 .ARM.extab     0x00000000000065d8        0x0 /home/yin/imx-optee/imx-optee-os/out/arm-plat-imx/export-ta_arm32/lib/libmpa.a(mpa_mem_static.o)
 .ARM.extab     0x00000000000065d8        0x0 /home/yin/imx-optee/imx-optee-os/out/arm-plat-imx/export-ta_arm32/lib/libmpa.a(mpa_mul.o)
 .ARM.extab     0x00000000000065d8        0x0 /home/yin/imx-optee/imx-optee-os/out/arm-plat-imx/export-ta_arm32/lib/libmpa.a(mpa_random.o)
 .ARM.extab     0x00000000000065d8        0x0 /home/yin/imx-optee/imx-optee-os/out/arm-plat-imx/export-ta_arm32/lib/libmpa.a(mpa_shift.o)
 .ARM.extab     0x00000000000065d8        0x0 /home/yin/imx-optee/imx-optee-os/out/arm-plat-imx/export-ta_arm32/lib/libmpa.a(mpa_addsub.o)
 .ARM.extab     0x00000000000065d8       0x18 /home/yin/imx-optee/imx-optee-os/out/arm-plat-imx/export-ta_arm32/lib/libmpa.a(mpa_cmp.o)
 .ARM.extab     0x00000000000065f0        0x0 /home/yin/imx-optee/imx-optee-os/out/arm-plat-imx/export-ta_arm32/lib/libmpa.a(mpa_expmod.o)
 .ARM.extab     0x00000000000065f0        0x0 /home/yin/imx-optee/imx-optee-os/out/arm-plat-imx/export-ta_arm32/lib/libmpa.a(mpa_init.o)
 .ARM.extab     0x00000000000065f0        0x0 /home/yin/imx-optee/imx-optee-os/out/arm-plat-imx/export-ta_arm32/lib/libmpa.a(mpa_io.o)
 .ARM.extab     0x00000000000065f0        0x0 /home/yin/imx-optee/imx-optee-os/out/arm-plat-imx/export-ta_arm32/lib/libmpa.a(mpa_modulus.o)
 .ARM.extab     0x00000000000065f0        0xc /home/yin/imx-optee/imx-optee-os/out/arm-plat-imx/export-ta_arm32/lib/libutee.a(assert.o)
 .ARM.extab     0x00000000000065fc        0x0 /home/yin/imx-optee/imx-optee-os/out/arm-plat-imx/export-ta_arm32/lib/libutils.a(arm32_aeabi_divmod.o)

.gnu.version_d  0x00000000000065fc        0x0
 .gnu.version_d
                0x00000000000065fc        0x0 ./hello_world_ta.o

.gnu.version    0x00000000000065fc        0x0
 .gnu.version   0x00000000000065fc        0x0 ./hello_world_ta.o

.gnu.version_r  0x00000000000065fc        0x0
 .gnu.version_r
                0x00000000000065fc        0x0 ./hello_world_ta.o

.ARM.extab.text.utee_panic
                0x00000000000065fc        0xc
 .ARM.extab.text.utee_panic
                0x00000000000065fc        0xc /home/yin/imx-optee/imx-optee-os/out/arm-plat-imx/export-ta_arm32/lib/libutee.a(utee_syscalls_a32.o)

.ARM.extab.text.utee_return
                0x0000000000006608        0x0
 .ARM.extab.text.utee_return
                0x0000000000006608        0x0 /home/yin/imx-optee/imx-optee-os/out/arm-plat-imx/export-ta_arm32/lib/libutee.a(utee_syscalls_a32.o)

.ARM.extab.text.utee_log
                0x0000000000006608        0x0
 .ARM.extab.text.utee_log
                0x0000000000006608        0x0 /home/yin/imx-optee/imx-optee-os/out/arm-plat-imx/export-ta_arm32/lib/libutee.a(utee_syscalls_a32.o)

.ARM.extab.text.__utee_panic
                0x0000000000006608        0x0
 .ARM.extab.text.__utee_panic
                0x0000000000006608        0x0 /home/yin/imx-optee/imx-optee-os/out/arm-plat-imx/export-ta_arm32/lib/libutee.a(utee_syscalls_a32.o)

.ARM.extab.text.utee_get_property
                0x0000000000006608        0x0
 .ARM.extab.text.utee_get_property
                0x0000000000006608        0x0 /home/yin/imx-optee/imx-optee-os/out/arm-plat-imx/export-ta_arm32/lib/libutee.a(utee_syscalls_a32.o)

.ARM.extab.text.utee_get_property_name_to_index
                0x0000000000006608        0x0
 .ARM.extab.text.utee_get_property_name_to_index
                0x0000000000006608        0x0 /home/yin/imx-optee/imx-optee-os/out/arm-plat-imx/export-ta_arm32/lib/libutee.a(utee_syscalls_a32.o)

.ARM.extab.text.utee_open_ta_session
                0x0000000000006608        0x0
 .ARM.extab.text.utee_open_ta_session
                0x0000000000006608        0x0 /home/yin/imx-optee/imx-optee-os/out/arm-plat-imx/export-ta_arm32/lib/libutee.a(utee_syscalls_a32.o)

.ARM.extab.text.utee_close_ta_session
                0x0000000000006608        0x0
 .ARM.extab.text.utee_close_ta_session
                0x0000000000006608        0x0 /home/yin/imx-optee/imx-optee-os/out/arm-plat-imx/export-ta_arm32/lib/libutee.a(utee_syscalls_a32.o)

.ARM.extab.text.utee_invoke_ta_command
                0x0000000000006608        0x0
 .ARM.extab.text.utee_invoke_ta_command
                0x0000000000006608        0x0 /home/yin/imx-optee/imx-optee-os/out/arm-plat-imx/export-ta_arm32/lib/libutee.a(utee_syscalls_a32.o)

.ARM.extab.text.utee_get_cancellation_flag
                0x0000000000006608        0x0
 .ARM.extab.text.utee_get_cancellation_flag
                0x0000000000006608        0x0 /home/yin/imx-optee/imx-optee-os/out/arm-plat-imx/export-ta_arm32/lib/libutee.a(utee_syscalls_a32.o)

.ARM.extab.text.utee_check_access_rights
                0x0000000000006608        0x0
 .ARM.extab.text.utee_check_access_rights
                0x0000000000006608        0x0 /home/yin/imx-optee/imx-optee-os/out/arm-plat-imx/export-ta_arm32/lib/libutee.a(utee_syscalls_a32.o)

.ARM.extab.text.utee_unmask_cancellation
                0x0000000000006608        0x0
 .ARM.extab.text.utee_unmask_cancellation
                0x0000000000006608        0x0 /home/yin/imx-optee/imx-optee-os/out/arm-plat-imx/export-ta_arm32/lib/libutee.a(utee_syscalls_a32.o)

.ARM.extab.text.utee_mask_cancellation
                0x0000000000006608        0x0
 .ARM.extab.text.utee_mask_cancellation
                0x0000000000006608        0x0 /home/yin/imx-optee/imx-optee-os/out/arm-plat-imx/export-ta_arm32/lib/libutee.a(utee_syscalls_a32.o)

.ARM.extab.text.utee_wait
                0x0000000000006608        0x0
 .ARM.extab.text.utee_wait
                0x0000000000006608        0x0 /home/yin/imx-optee/imx-optee-os/out/arm-plat-imx/export-ta_arm32/lib/libutee.a(utee_syscalls_a32.o)

.ARM.extab.text.utee_get_time
                0x0000000000006608        0x0
 .ARM.extab.text.utee_get_time
                0x0000000000006608        0x0 /home/yin/imx-optee/imx-optee-os/out/arm-plat-imx/export-ta_arm32/lib/libutee.a(utee_syscalls_a32.o)

.ARM.extab.text.utee_set_ta_time
                0x0000000000006608        0x0
 .ARM.extab.text.utee_set_ta_time
                0x0000000000006608        0x0 /home/yin/imx-optee/imx-optee-os/out/arm-plat-imx/export-ta_arm32/lib/libutee.a(utee_syscalls_a32.o)

.ARM.extab.text.utee_cryp_state_alloc
                0x0000000000006608        0x0
 .ARM.extab.text.utee_cryp_state_alloc
                0x0000000000006608        0x0 /home/yin/imx-optee/imx-optee-os/out/arm-plat-imx/export-ta_arm32/lib/libutee.a(utee_syscalls_a32.o)

.ARM.extab.text.utee_cryp_state_copy
                0x0000000000006608        0x0
 .ARM.extab.text.utee_cryp_state_copy
                0x0000000000006608        0x0 /home/yin/imx-optee/imx-optee-os/out/arm-plat-imx/export-ta_arm32/lib/libutee.a(utee_syscalls_a32.o)

.ARM.extab.text.utee_cryp_state_free
                0x0000000000006608        0x0
 .ARM.extab.text.utee_cryp_state_free
                0x0000000000006608        0x0 /home/yin/imx-optee/imx-optee-os/out/arm-plat-imx/export-ta_arm32/lib/libutee.a(utee_syscalls_a32.o)

.ARM.extab.text.utee_hash_init
                0x0000000000006608        0x0
 .ARM.extab.text.utee_hash_init
                0x0000000000006608        0x0 /home/yin/imx-optee/imx-optee-os/out/arm-plat-imx/export-ta_arm32/lib/libutee.a(utee_syscalls_a32.o)

.ARM.extab.text.utee_hash_update
                0x0000000000006608        0x0
 .ARM.extab.text.utee_hash_update
                0x0000000000006608        0x0 /home/yin/imx-optee/imx-optee-os/out/arm-plat-imx/export-ta_arm32/lib/libutee.a(utee_syscalls_a32.o)

.ARM.extab.text.utee_hash_final
                0x0000000000006608        0x0
 .ARM.extab.text.utee_hash_final
                0x0000000000006608        0x0 /home/yin/imx-optee/imx-optee-os/out/arm-plat-imx/export-ta_arm32/lib/libutee.a(utee_syscalls_a32.o)

.ARM.extab.text.utee_cipher_init
                0x0000000000006608        0x0
 .ARM.extab.text.utee_cipher_init
                0x0000000000006608        0x0 /home/yin/imx-optee/imx-optee-os/out/arm-plat-imx/export-ta_arm32/lib/libutee.a(utee_syscalls_a32.o)

.ARM.extab.text.utee_cipher_update
                0x0000000000006608        0x0
 .ARM.extab.text.utee_cipher_update
                0x0000000000006608        0x0 /home/yin/imx-optee/imx-optee-os/out/arm-plat-imx/export-ta_arm32/lib/libutee.a(utee_syscalls_a32.o)

.ARM.extab.text.utee_cipher_final
                0x0000000000006608        0x0
 .ARM.extab.text.utee_cipher_final
                0x0000000000006608        0x0 /home/yin/imx-optee/imx-optee-os/out/arm-plat-imx/export-ta_arm32/lib/libutee.a(utee_syscalls_a32.o)

.ARM.extab.text.utee_cryp_obj_get_info
                0x0000000000006608        0x0
 .ARM.extab.text.utee_cryp_obj_get_info
                0x0000000000006608        0x0 /home/yin/imx-optee/imx-optee-os/out/arm-plat-imx/export-ta_arm32/lib/libutee.a(utee_syscalls_a32.o)

.ARM.extab.text.utee_cryp_obj_restrict_usage
                0x0000000000006608        0x0
 .ARM.extab.text.utee_cryp_obj_restrict_usage
                0x0000000000006608        0x0 /home/yin/imx-optee/imx-optee-os/out/arm-plat-imx/export-ta_arm32/lib/libutee.a(utee_syscalls_a32.o)

.ARM.extab.text.utee_cryp_obj_get_attr
                0x0000000000006608        0x0
 .ARM.extab.text.utee_cryp_obj_get_attr
                0x0000000000006608        0x0 /home/yin/imx-optee/imx-optee-os/out/arm-plat-imx/export-ta_arm32/lib/libutee.a(utee_syscalls_a32.o)

.ARM.extab.text.utee_cryp_obj_alloc
                0x0000000000006608        0x0
 .ARM.extab.text.utee_cryp_obj_alloc
                0x0000000000006608        0x0 /home/yin/imx-optee/imx-optee-os/out/arm-plat-imx/export-ta_arm32/lib/libutee.a(utee_syscalls_a32.o)

.ARM.extab.text.utee_cryp_obj_close
                0x0000000000006608        0x0
 .ARM.extab.text.utee_cryp_obj_close
                0x0000000000006608        0x0 /home/yin/imx-optee/imx-optee-os/out/arm-plat-imx/export-ta_arm32/lib/libutee.a(utee_syscalls_a32.o)

.ARM.extab.text.utee_cryp_obj_reset
                0x0000000000006608        0x0
 .ARM.extab.text.utee_cryp_obj_reset
                0x0000000000006608        0x0 /home/yin/imx-optee/imx-optee-os/out/arm-plat-imx/export-ta_arm32/lib/libutee.a(utee_syscalls_a32.o)

.ARM.extab.text.utee_cryp_obj_populate
                0x0000000000006608        0x0
 .ARM.extab.text.utee_cryp_obj_populate
                0x0000000000006608        0x0 /home/yin/imx-optee/imx-optee-os/out/arm-plat-imx/export-ta_arm32/lib/libutee.a(utee_syscalls_a32.o)

.ARM.extab.text.utee_cryp_obj_copy
                0x0000000000006608        0x0
 .ARM.extab.text.utee_cryp_obj_copy
                0x0000000000006608        0x0 /home/yin/imx-optee/imx-optee-os/out/arm-plat-imx/export-ta_arm32/lib/libutee.a(utee_syscalls_a32.o)

.ARM.extab.text.utee_cryp_derive_key
                0x0000000000006608        0x0
 .ARM.extab.text.utee_cryp_derive_key
                0x0000000000006608        0x0 /home/yin/imx-optee/imx-optee-os/out/arm-plat-imx/export-ta_arm32/lib/libutee.a(utee_syscalls_a32.o)

.ARM.extab.text.utee_cryp_random_number_generate
                0x0000000000006608        0x0
 .ARM.extab.text.utee_cryp_random_number_generate
                0x0000000000006608        0x0 /home/yin/imx-optee/imx-optee-os/out/arm-plat-imx/export-ta_arm32/lib/libutee.a(utee_syscalls_a32.o)

.ARM.extab.text.utee_authenc_init
                0x0000000000006608        0x0
 .ARM.extab.text.utee_authenc_init
                0x0000000000006608        0x0 /home/yin/imx-optee/imx-optee-os/out/arm-plat-imx/export-ta_arm32/lib/libutee.a(utee_syscalls_a32.o)

.ARM.extab.text.utee_authenc_update_aad
                0x0000000000006608        0x0
 .ARM.extab.text.utee_authenc_update_aad
                0x0000000000006608        0x0 /home/yin/imx-optee/imx-optee-os/out/arm-plat-imx/export-ta_arm32/lib/libutee.a(utee_syscalls_a32.o)

.ARM.extab.text.utee_authenc_update_payload
                0x0000000000006608        0x0
 .ARM.extab.text.utee_authenc_update_payload
                0x0000000000006608        0x0 /home/yin/imx-optee/imx-optee-os/out/arm-plat-imx/export-ta_arm32/lib/libutee.a(utee_syscalls_a32.o)

.ARM.extab.text.utee_authenc_enc_final
                0x0000000000006608        0x0
 .ARM.extab.text.utee_authenc_enc_final
                0x0000000000006608        0x0 /home/yin/imx-optee/imx-optee-os/out/arm-plat-imx/export-ta_arm32/lib/libutee.a(utee_syscalls_a32.o)

.ARM.extab.text.utee_authenc_dec_final
                0x0000000000006608        0x0
 .ARM.extab.text.utee_authenc_dec_final
                0x0000000000006608        0x0 /home/yin/imx-optee/imx-optee-os/out/arm-plat-imx/export-ta_arm32/lib/libutee.a(utee_syscalls_a32.o)

.ARM.extab.text.utee_asymm_operate
                0x0000000000006608        0x0
 .ARM.extab.text.utee_asymm_operate
                0x0000000000006608        0x0 /home/yin/imx-optee/imx-optee-os/out/arm-plat-imx/export-ta_arm32/lib/libutee.a(utee_syscalls_a32.o)

.ARM.extab.text.utee_asymm_verify
                0x0000000000006608        0x0
 .ARM.extab.text.utee_asymm_verify
                0x0000000000006608        0x0 /home/yin/imx-optee/imx-optee-os/out/arm-plat-imx/export-ta_arm32/lib/libutee.a(utee_syscalls_a32.o)

.ARM.extab.text.utee_storage_obj_open
                0x0000000000006608        0x0
 .ARM.extab.text.utee_storage_obj_open
                0x0000000000006608        0x0 /home/yin/imx-optee/imx-optee-os/out/arm-plat-imx/export-ta_arm32/lib/libutee.a(utee_syscalls_a32.o)

.ARM.extab.text.utee_storage_obj_create
                0x0000000000006608        0x0
 .ARM.extab.text.utee_storage_obj_create
                0x0000000000006608        0x0 /home/yin/imx-optee/imx-optee-os/out/arm-plat-imx/export-ta_arm32/lib/libutee.a(utee_syscalls_a32.o)

.ARM.extab.text.utee_storage_obj_del
                0x0000000000006608        0x0
 .ARM.extab.text.utee_storage_obj_del
                0x0000000000006608        0x0 /home/yin/imx-optee/imx-optee-os/out/arm-plat-imx/export-ta_arm32/lib/libutee.a(utee_syscalls_a32.o)

.ARM.extab.text.utee_storage_obj_rename
                0x0000000000006608        0x0
 .ARM.extab.text.utee_storage_obj_rename
                0x0000000000006608        0x0 /home/yin/imx-optee/imx-optee-os/out/arm-plat-imx/export-ta_arm32/lib/libutee.a(utee_syscalls_a32.o)

.ARM.extab.text.utee_storage_alloc_enum
                0x0000000000006608        0x0
 .ARM.extab.text.utee_storage_alloc_enum
                0x0000000000006608        0x0 /home/yin/imx-optee/imx-optee-os/out/arm-plat-imx/export-ta_arm32/lib/libutee.a(utee_syscalls_a32.o)

.ARM.extab.text.utee_storage_free_enum
                0x0000000000006608        0x0
 .ARM.extab.text.utee_storage_free_enum
                0x0000000000006608        0x0 /home/yin/imx-optee/imx-optee-os/out/arm-plat-imx/export-ta_arm32/lib/libutee.a(utee_syscalls_a32.o)

.ARM.extab.text.utee_storage_reset_enum
                0x0000000000006608        0x0
 .ARM.extab.text.utee_storage_reset_enum
                0x0000000000006608        0x0 /home/yin/imx-optee/imx-optee-os/out/arm-plat-imx/export-ta_arm32/lib/libutee.a(utee_syscalls_a32.o)

.ARM.extab.text.utee_storage_start_enum
                0x0000000000006608        0x0
 .ARM.extab.text.utee_storage_start_enum
                0x0000000000006608        0x0 /home/yin/imx-optee/imx-optee-os/out/arm-plat-imx/export-ta_arm32/lib/libutee.a(utee_syscalls_a32.o)

.ARM.extab.text.utee_storage_next_enum
                0x0000000000006608        0x0
 .ARM.extab.text.utee_storage_next_enum
                0x0000000000006608        0x0 /home/yin/imx-optee/imx-optee-os/out/arm-plat-imx/export-ta_arm32/lib/libutee.a(utee_syscalls_a32.o)

.ARM.extab.text.utee_storage_obj_read
                0x0000000000006608        0x0
 .ARM.extab.text.utee_storage_obj_read
                0x0000000000006608        0x0 /home/yin/imx-optee/imx-optee-os/out/arm-plat-imx/export-ta_arm32/lib/libutee.a(utee_syscalls_a32.o)

.ARM.extab.text.utee_storage_obj_write
                0x0000000000006608        0x0
 .ARM.extab.text.utee_storage_obj_write
                0x0000000000006608        0x0 /home/yin/imx-optee/imx-optee-os/out/arm-plat-imx/export-ta_arm32/lib/libutee.a(utee_syscalls_a32.o)

.ARM.extab.text.utee_storage_obj_trunc
                0x0000000000006608        0x0
 .ARM.extab.text.utee_storage_obj_trunc
                0x0000000000006608        0x0 /home/yin/imx-optee/imx-optee-os/out/arm-plat-imx/export-ta_arm32/lib/libutee.a(utee_syscalls_a32.o)

.ARM.extab.text.utee_storage_obj_seek
                0x0000000000006608        0x0
 .ARM.extab.text.utee_storage_obj_seek
                0x0000000000006608        0x0 /home/yin/imx-optee/imx-optee-os/out/arm-plat-imx/export-ta_arm32/lib/libutee.a(utee_syscalls_a32.o)

.ARM.extab.text.utee_cryp_obj_generate_key
                0x0000000000006608        0x0
 .ARM.extab.text.utee_cryp_obj_generate_key
                0x0000000000006608        0x0 /home/yin/imx-optee/imx-optee-os/out/arm-plat-imx/export-ta_arm32/lib/libutee.a(utee_syscalls_a32.o)

.ARM.extab.text.utee_se_service_open
                0x0000000000006608        0x0
 .ARM.extab.text.utee_se_service_open
                0x0000000000006608        0x0 /home/yin/imx-optee/imx-optee-os/out/arm-plat-imx/export-ta_arm32/lib/libutee.a(utee_syscalls_a32.o)

.ARM.extab.text.utee_se_service_close
                0x0000000000006608        0x0
 .ARM.extab.text.utee_se_service_close
                0x0000000000006608        0x0 /home/yin/imx-optee/imx-optee-os/out/arm-plat-imx/export-ta_arm32/lib/libutee.a(utee_syscalls_a32.o)

.ARM.extab.text.utee_se_service_get_readers
                0x0000000000006608        0x0
 .ARM.extab.text.utee_se_service_get_readers
                0x0000000000006608        0x0 /home/yin/imx-optee/imx-optee-os/out/arm-plat-imx/export-ta_arm32/lib/libutee.a(utee_syscalls_a32.o)

.ARM.extab.text.utee_se_reader_get_prop
                0x0000000000006608        0x0
 .ARM.extab.text.utee_se_reader_get_prop
                0x0000000000006608        0x0 /home/yin/imx-optee/imx-optee-os/out/arm-plat-imx/export-ta_arm32/lib/libutee.a(utee_syscalls_a32.o)

.ARM.extab.text.utee_se_reader_get_name
                0x0000000000006608        0x0
 .ARM.extab.text.utee_se_reader_get_name
                0x0000000000006608        0x0 /home/yin/imx-optee/imx-optee-os/out/arm-plat-imx/export-ta_arm32/lib/libutee.a(utee_syscalls_a32.o)

.ARM.extab.text.utee_se_reader_open_session
                0x0000000000006608        0x0
 .ARM.extab.text.utee_se_reader_open_session
                0x0000000000006608        0x0 /home/yin/imx-optee/imx-optee-os/out/arm-plat-imx/export-ta_arm32/lib/libutee.a(utee_syscalls_a32.o)

.ARM.extab.text.utee_se_reader_close_sessions
                0x0000000000006608        0x0
 .ARM.extab.text.utee_se_reader_close_sessions
                0x0000000000006608        0x0 /home/yin/imx-optee/imx-optee-os/out/arm-plat-imx/export-ta_arm32/lib/libutee.a(utee_syscalls_a32.o)

.ARM.extab.text.utee_se_session_is_closed
                0x0000000000006608        0x0
 .ARM.extab.text.utee_se_session_is_closed
                0x0000000000006608        0x0 /home/yin/imx-optee/imx-optee-os/out/arm-plat-imx/export-ta_arm32/lib/libutee.a(utee_syscalls_a32.o)

.ARM.extab.text.utee_se_session_get_atr
                0x0000000000006608        0x0
 .ARM.extab.text.utee_se_session_get_atr
                0x0000000000006608        0x0 /home/yin/imx-optee/imx-optee-os/out/arm-plat-imx/export-ta_arm32/lib/libutee.a(utee_syscalls_a32.o)

.ARM.extab.text.utee_se_session_open_channel
                0x0000000000006608        0x0
 .ARM.extab.text.utee_se_session_open_channel
                0x0000000000006608        0x0 /home/yin/imx-optee/imx-optee-os/out/arm-plat-imx/export-ta_arm32/lib/libutee.a(utee_syscalls_a32.o)

.ARM.extab.text.utee_se_session_close
                0x0000000000006608        0x0
 .ARM.extab.text.utee_se_session_close
                0x0000000000006608        0x0 /home/yin/imx-optee/imx-optee-os/out/arm-plat-imx/export-ta_arm32/lib/libutee.a(utee_syscalls_a32.o)

.ARM.extab.text.utee_se_channel_select_next
                0x0000000000006608        0x0
 .ARM.extab.text.utee_se_channel_select_next
                0x0000000000006608        0x0 /home/yin/imx-optee/imx-optee-os/out/arm-plat-imx/export-ta_arm32/lib/libutee.a(utee_syscalls_a32.o)

.ARM.extab.text.utee_se_channel_get_select_resp
                0x0000000000006608        0x0
 .ARM.extab.text.utee_se_channel_get_select_resp
                0x0000000000006608        0x0 /home/yin/imx-optee/imx-optee-os/out/arm-plat-imx/export-ta_arm32/lib/libutee.a(utee_syscalls_a32.o)

.ARM.extab.text.utee_se_channel_transmit
                0x0000000000006608        0x0
 .ARM.extab.text.utee_se_channel_transmit
                0x0000000000006608        0x0 /home/yin/imx-optee/imx-optee-os/out/arm-plat-imx/export-ta_arm32/lib/libutee.a(utee_syscalls_a32.o)

.ARM.extab.text.utee_se_channel_close
                0x0000000000006608        0x0
 .ARM.extab.text.utee_se_channel_close
                0x0000000000006608        0x0 /home/yin/imx-optee/imx-optee-os/out/arm-plat-imx/export-ta_arm32/lib/libutee.a(utee_syscalls_a32.o)

.ARM.extab.text.utee_cache_operation
                0x0000000000006608        0x0
 .ARM.extab.text.utee_cache_operation
                0x0000000000006608        0x0 /home/yin/imx-optee/imx-optee-os/out/arm-plat-imx/export-ta_arm32/lib/libutee.a(utee_syscalls_a32.o)

.ARM.extab.text.unlikely
                0x0000000000006608        0xc
 .ARM.extab.text.unlikely
                0x0000000000006608        0xc /home/yin/imx-optee/imx-optee-os/out/arm-plat-imx/export-ta_arm32/lib/libutee.a(tee_api_arith.o)

.ARM.extab.text.__aeabi_ldivmod
                0x0000000000006614        0xc
 .ARM.extab.text.__aeabi_ldivmod
                0x0000000000006614        0xc /home/yin/imx-optee/imx-optee-os/out/arm-plat-imx/export-ta_arm32/lib/libutils.a(arm32_aeabi_ldivmod_a32.o)

.ARM.extab.text.__aeabi_uldivmod
                0x0000000000006620        0xc
 .ARM.extab.text.__aeabi_uldivmod
                0x0000000000006620        0xc /home/yin/imx-optee/imx-optee-os/out/arm-plat-imx/export-ta_arm32/lib/libutils.a(arm32_aeabi_ldivmod_a32.o)

.ARM.extab.text.ret_idivmod_values
                0x000000000000662c        0x0
 .ARM.extab.text.ret_idivmod_values
                0x000000000000662c        0x0 /home/yin/imx-optee/imx-optee-os/out/arm-plat-imx/export-ta_arm32/lib/libutils.a(arm32_aeabi_divmod_a32.o)

.ARM.extab.text.ret_uidivmod_values
                0x000000000000662c        0x0
 .ARM.extab.text.ret_uidivmod_values
                0x000000000000662c        0x0 /home/yin/imx-optee/imx-optee-os/out/arm-plat-imx/export-ta_arm32/lib/libutils.a(arm32_aeabi_divmod_a32.o)

.ARM.exidx      0x000000000000662c      0x498
 *(SORT(.ARM.exidx*) SORT(.gnu.linkonce.armexidx.*))
 .ARM.exidx     0x000000000000662c       0x20 ./hello_world_ta.o
                                         0x28 (size before relaxing)
 .ARM.exidx     0x0000000000006934        0x0 ./user_ta_header.o
                                          0x8 (size before relaxing)
 .ARM.exidx     0x000000000000664c       0x18 /home/yin/imx-optee/imx-optee-os/out/arm-plat-imx/export-ta_arm32/lib/libutee.a(user_ta_entry.o)
 .ARM.exidx.text.utee_panic
                0x0000000000006664        0x8 /home/yin/imx-optee/imx-optee-os/out/arm-plat-imx/export-ta_arm32/lib/libutee.a(utee_syscalls_a32.o)
 .ARM.exidx.text.utee_return
                0x000000000000666c        0x8 /home/yin/imx-optee/imx-optee-os/out/arm-plat-imx/export-ta_arm32/lib/libutee.a(utee_syscalls_a32.o)
 .ARM.exidx.text.utee_log
                0x0000000000006674        0x0 /home/yin/imx-optee/imx-optee-os/out/arm-plat-imx/export-ta_arm32/lib/libutee.a(utee_syscalls_a32.o)
                                          0x8 (size before relaxing)
 .ARM.exidx.text.__utee_panic
                0x0000000000006674        0x0 /home/yin/imx-optee/imx-optee-os/out/arm-plat-imx/export-ta_arm32/lib/libutee.a(utee_syscalls_a32.o)
                                          0x8 (size before relaxing)
 .ARM.exidx.text.utee_get_property
                0x0000000000006674        0x0 /home/yin/imx-optee/imx-optee-os/out/arm-plat-imx/export-ta_arm32/lib/libutee.a(utee_syscalls_a32.o)
                                          0x8 (size before relaxing)
 .ARM.exidx.text.utee_get_property_name_to_index
                0x0000000000006674        0x0 /home/yin/imx-optee/imx-optee-os/out/arm-plat-imx/export-ta_arm32/lib/libutee.a(utee_syscalls_a32.o)
                                          0x8 (size before relaxing)
 .ARM.exidx.text.utee_open_ta_session
                0x0000000000006674        0x0 /home/yin/imx-optee/imx-optee-os/out/arm-plat-imx/export-ta_arm32/lib/libutee.a(utee_syscalls_a32.o)
                                          0x8 (size before relaxing)
 .ARM.exidx.text.utee_close_ta_session
                0x0000000000006674        0x0 /home/yin/imx-optee/imx-optee-os/out/arm-plat-imx/export-ta_arm32/lib/libutee.a(utee_syscalls_a32.o)
                                          0x8 (size before relaxing)
 .ARM.exidx.text.utee_invoke_ta_command
                0x0000000000006674        0x0 /home/yin/imx-optee/imx-optee-os/out/arm-plat-imx/export-ta_arm32/lib/libutee.a(utee_syscalls_a32.o)
                                          0x8 (size before relaxing)
 .ARM.exidx.text.utee_get_cancellation_flag
                0x0000000000006674        0x0 /home/yin/imx-optee/imx-optee-os/out/arm-plat-imx/export-ta_arm32/lib/libutee.a(utee_syscalls_a32.o)
                                          0x8 (size before relaxing)
 .ARM.exidx.text.utee_check_access_rights
                0x0000000000006674        0x0 /home/yin/imx-optee/imx-optee-os/out/arm-plat-imx/export-ta_arm32/lib/libutee.a(utee_syscalls_a32.o)
                                          0x8 (size before relaxing)
 .ARM.exidx.text.utee_unmask_cancellation
                0x0000000000006674        0x0 /home/yin/imx-optee/imx-optee-os/out/arm-plat-imx/export-ta_arm32/lib/libutee.a(utee_syscalls_a32.o)
                                          0x8 (size before relaxing)
 .ARM.exidx.text.utee_mask_cancellation
                0x0000000000006674        0x0 /home/yin/imx-optee/imx-optee-os/out/arm-plat-imx/export-ta_arm32/lib/libutee.a(utee_syscalls_a32.o)
                                          0x8 (size before relaxing)
 .ARM.exidx.text.utee_wait
                0x0000000000006674        0x0 /home/yin/imx-optee/imx-optee-os/out/arm-plat-imx/export-ta_arm32/lib/libutee.a(utee_syscalls_a32.o)
                                          0x8 (size before relaxing)
 .ARM.exidx.text.utee_get_time
                0x0000000000006674        0x0 /home/yin/imx-optee/imx-optee-os/out/arm-plat-imx/export-ta_arm32/lib/libutee.a(utee_syscalls_a32.o)
                                          0x8 (size before relaxing)
 .ARM.exidx.text.utee_set_ta_time
                0x0000000000006674        0x0 /home/yin/imx-optee/imx-optee-os/out/arm-plat-imx/export-ta_arm32/lib/libutee.a(utee_syscalls_a32.o)
                                          0x8 (size before relaxing)
 .ARM.exidx.text.utee_cryp_state_alloc
                0x0000000000006674        0x0 /home/yin/imx-optee/imx-optee-os/out/arm-plat-imx/export-ta_arm32/lib/libutee.a(utee_syscalls_a32.o)
                                          0x8 (size before relaxing)
 .ARM.exidx.text.utee_cryp_state_copy
                0x0000000000006674        0x0 /home/yin/imx-optee/imx-optee-os/out/arm-plat-imx/export-ta_arm32/lib/libutee.a(utee_syscalls_a32.o)
                                          0x8 (size before relaxing)
 .ARM.exidx.text.utee_cryp_state_free
                0x0000000000006674        0x0 /home/yin/imx-optee/imx-optee-os/out/arm-plat-imx/export-ta_arm32/lib/libutee.a(utee_syscalls_a32.o)
                                          0x8 (size before relaxing)
 .ARM.exidx.text.utee_hash_init
                0x0000000000006674        0x0 /home/yin/imx-optee/imx-optee-os/out/arm-plat-imx/export-ta_arm32/lib/libutee.a(utee_syscalls_a32.o)
                                          0x8 (size before relaxing)
 .ARM.exidx.text.utee_hash_update
                0x0000000000006674        0x0 /home/yin/imx-optee/imx-optee-os/out/arm-plat-imx/export-ta_arm32/lib/libutee.a(utee_syscalls_a32.o)
                                          0x8 (size before relaxing)
 .ARM.exidx.text.utee_hash_final
                0x0000000000006674        0x0 /home/yin/imx-optee/imx-optee-os/out/arm-plat-imx/export-ta_arm32/lib/libutee.a(utee_syscalls_a32.o)
                                          0x8 (size before relaxing)
 .ARM.exidx.text.utee_cipher_init
                0x0000000000006674        0x0 /home/yin/imx-optee/imx-optee-os/out/arm-plat-imx/export-ta_arm32/lib/libutee.a(utee_syscalls_a32.o)
                                          0x8 (size before relaxing)
 .ARM.exidx.text.utee_cipher_update
                0x0000000000006674        0x0 /home/yin/imx-optee/imx-optee-os/out/arm-plat-imx/export-ta_arm32/lib/libutee.a(utee_syscalls_a32.o)
                                          0x8 (size before relaxing)
 .ARM.exidx.text.utee_cipher_final
                0x0000000000006674        0x0 /home/yin/imx-optee/imx-optee-os/out/arm-plat-imx/export-ta_arm32/lib/libutee.a(utee_syscalls_a32.o)
                                          0x8 (size before relaxing)
 .ARM.exidx.text.utee_cryp_obj_get_info
                0x0000000000006674        0x0 /home/yin/imx-optee/imx-optee-os/out/arm-plat-imx/export-ta_arm32/lib/libutee.a(utee_syscalls_a32.o)
                                          0x8 (size before relaxing)
 .ARM.exidx.text.utee_cryp_obj_restrict_usage
                0x0000000000006674        0x0 /home/yin/imx-optee/imx-optee-os/out/arm-plat-imx/export-ta_arm32/lib/libutee.a(utee_syscalls_a32.o)
                                          0x8 (size before relaxing)
 .ARM.exidx.text.utee_cryp_obj_get_attr
                0x0000000000006674        0x0 /home/yin/imx-optee/imx-optee-os/out/arm-plat-imx/export-ta_arm32/lib/libutee.a(utee_syscalls_a32.o)
                                          0x8 (size before relaxing)
 .ARM.exidx.text.utee_cryp_obj_alloc
                0x0000000000006674        0x0 /home/yin/imx-optee/imx-optee-os/out/arm-plat-imx/export-ta_arm32/lib/libutee.a(utee_syscalls_a32.o)
                                          0x8 (size before relaxing)
 .ARM.exidx.text.utee_cryp_obj_close
                0x0000000000006674        0x0 /home/yin/imx-optee/imx-optee-os/out/arm-plat-imx/export-ta_arm32/lib/libutee.a(utee_syscalls_a32.o)
                                          0x8 (size before relaxing)
 .ARM.exidx.text.utee_cryp_obj_reset
                0x0000000000006674        0x0 /home/yin/imx-optee/imx-optee-os/out/arm-plat-imx/export-ta_arm32/lib/libutee.a(utee_syscalls_a32.o)
                                          0x8 (size before relaxing)
 .ARM.exidx.text.utee_cryp_obj_populate
                0x0000000000006674        0x0 /home/yin/imx-optee/imx-optee-os/out/arm-plat-imx/export-ta_arm32/lib/libutee.a(utee_syscalls_a32.o)
                                          0x8 (size before relaxing)
 .ARM.exidx.text.utee_cryp_obj_copy
                0x0000000000006674        0x0 /home/yin/imx-optee/imx-optee-os/out/arm-plat-imx/export-ta_arm32/lib/libutee.a(utee_syscalls_a32.o)
                                          0x8 (size before relaxing)
 .ARM.exidx.text.utee_cryp_derive_key
                0x0000000000006674        0x0 /home/yin/imx-optee/imx-optee-os/out/arm-plat-imx/export-ta_arm32/lib/libutee.a(utee_syscalls_a32.o)
                                          0x8 (size before relaxing)
 .ARM.exidx.text.utee_cryp_random_number_generate
                0x0000000000006674        0x0 /home/yin/imx-optee/imx-optee-os/out/arm-plat-imx/export-ta_arm32/lib/libutee.a(utee_syscalls_a32.o)
                                          0x8 (size before relaxing)
 .ARM.exidx.text.utee_authenc_init
                0x0000000000006674        0x0 /home/yin/imx-optee/imx-optee-os/out/arm-plat-imx/export-ta_arm32/lib/libutee.a(utee_syscalls_a32.o)
                                          0x8 (size before relaxing)
 .ARM.exidx.text.utee_authenc_update_aad
                0x0000000000006674        0x0 /home/yin/imx-optee/imx-optee-os/out/arm-plat-imx/export-ta_arm32/lib/libutee.a(utee_syscalls_a32.o)
                                          0x8 (size before relaxing)
 .ARM.exidx.text.utee_authenc_update_payload
                0x0000000000006674        0x0 /home/yin/imx-optee/imx-optee-os/out/arm-plat-imx/export-ta_arm32/lib/libutee.a(utee_syscalls_a32.o)
                                          0x8 (size before relaxing)
 .ARM.exidx.text.utee_authenc_enc_final
                0x0000000000006674        0x0 /home/yin/imx-optee/imx-optee-os/out/arm-plat-imx/export-ta_arm32/lib/libutee.a(utee_syscalls_a32.o)
                                          0x8 (size before relaxing)
 .ARM.exidx.text.utee_authenc_dec_final
                0x0000000000006674        0x0 /home/yin/imx-optee/imx-optee-os/out/arm-plat-imx/export-ta_arm32/lib/libutee.a(utee_syscalls_a32.o)
                                          0x8 (size before relaxing)
 .ARM.exidx.text.utee_asymm_operate
                0x0000000000006674        0x0 /home/yin/imx-optee/imx-optee-os/out/arm-plat-imx/export-ta_arm32/lib/libutee.a(utee_syscalls_a32.o)
                                          0x8 (size before relaxing)
 .ARM.exidx.text.utee_asymm_verify
                0x0000000000006674        0x0 /home/yin/imx-optee/imx-optee-os/out/arm-plat-imx/export-ta_arm32/lib/libutee.a(utee_syscalls_a32.o)
                                          0x8 (size before relaxing)
 .ARM.exidx.text.utee_storage_obj_open
                0x0000000000006674        0x0 /home/yin/imx-optee/imx-optee-os/out/arm-plat-imx/export-ta_arm32/lib/libutee.a(utee_syscalls_a32.o)
                                          0x8 (size before relaxing)
 .ARM.exidx.text.utee_storage_obj_create
                0x0000000000006674        0x0 /home/yin/imx-optee/imx-optee-os/out/arm-plat-imx/export-ta_arm32/lib/libutee.a(utee_syscalls_a32.o)
                                          0x8 (size before relaxing)
 .ARM.exidx.text.utee_storage_obj_del
                0x0000000000006674        0x0 /home/yin/imx-optee/imx-optee-os/out/arm-plat-imx/export-ta_arm32/lib/libutee.a(utee_syscalls_a32.o)
                                          0x8 (size before relaxing)
 .ARM.exidx.text.utee_storage_obj_rename
                0x0000000000006674        0x0 /home/yin/imx-optee/imx-optee-os/out/arm-plat-imx/export-ta_arm32/lib/libutee.a(utee_syscalls_a32.o)
                                          0x8 (size before relaxing)
 .ARM.exidx.text.utee_storage_alloc_enum
                0x0000000000006674        0x0 /home/yin/imx-optee/imx-optee-os/out/arm-plat-imx/export-ta_arm32/lib/libutee.a(utee_syscalls_a32.o)
                                          0x8 (size before relaxing)
 .ARM.exidx.text.utee_storage_free_enum
                0x0000000000006674        0x0 /home/yin/imx-optee/imx-optee-os/out/arm-plat-imx/export-ta_arm32/lib/libutee.a(utee_syscalls_a32.o)
                                          0x8 (size before relaxing)
 .ARM.exidx.text.utee_storage_reset_enum
                0x0000000000006674        0x0 /home/yin/imx-optee/imx-optee-os/out/arm-plat-imx/export-ta_arm32/lib/libutee.a(utee_syscalls_a32.o)
                                          0x8 (size before relaxing)
 .ARM.exidx.text.utee_storage_start_enum
                0x0000000000006674        0x0 /home/yin/imx-optee/imx-optee-os/out/arm-plat-imx/export-ta_arm32/lib/libutee.a(utee_syscalls_a32.o)
                                          0x8 (size before relaxing)
 .ARM.exidx.text.utee_storage_next_enum
                0x0000000000006674        0x0 /home/yin/imx-optee/imx-optee-os/out/arm-plat-imx/export-ta_arm32/lib/libutee.a(utee_syscalls_a32.o)
                                          0x8 (size before relaxing)
 .ARM.exidx.text.utee_storage_obj_read
                0x0000000000006674        0x0 /home/yin/imx-optee/imx-optee-os/out/arm-plat-imx/export-ta_arm32/lib/libutee.a(utee_syscalls_a32.o)
                                          0x8 (size before relaxing)
 .ARM.exidx.text.utee_storage_obj_write
                0x0000000000006674        0x0 /home/yin/imx-optee/imx-optee-os/out/arm-plat-imx/export-ta_arm32/lib/libutee.a(utee_syscalls_a32.o)
                                          0x8 (size before relaxing)
 .ARM.exidx.text.utee_storage_obj_trunc
                0x0000000000006674        0x0 /home/yin/imx-optee/imx-optee-os/out/arm-plat-imx/export-ta_arm32/lib/libutee.a(utee_syscalls_a32.o)
                                          0x8 (size before relaxing)
 .ARM.exidx.text.utee_storage_obj_seek
                0x0000000000006674        0x0 /home/yin/imx-optee/imx-optee-os/out/arm-plat-imx/export-ta_arm32/lib/libutee.a(utee_syscalls_a32.o)
                                          0x8 (size before relaxing)
 .ARM.exidx.text.utee_cryp_obj_generate_key
                0x0000000000006674        0x0 /home/yin/imx-optee/imx-optee-os/out/arm-plat-imx/export-ta_arm32/lib/libutee.a(utee_syscalls_a32.o)
                                          0x8 (size before relaxing)
 .ARM.exidx.text.utee_se_service_open
                0x0000000000006674        0x0 /home/yin/imx-optee/imx-optee-os/out/arm-plat-imx/export-ta_arm32/lib/libutee.a(utee_syscalls_a32.o)
                                          0x8 (size before relaxing)
 .ARM.exidx.text.utee_se_service_close
                0x0000000000006674        0x0 /home/yin/imx-optee/imx-optee-os/out/arm-plat-imx/export-ta_arm32/lib/libutee.a(utee_syscalls_a32.o)
                                          0x8 (size before relaxing)
 .ARM.exidx.text.utee_se_service_get_readers
                0x0000000000006674        0x0 /home/yin/imx-optee/imx-optee-os/out/arm-plat-imx/export-ta_arm32/lib/libutee.a(utee_syscalls_a32.o)
                                          0x8 (size before relaxing)
 .ARM.exidx.text.utee_se_reader_get_prop
                0x0000000000006674        0x0 /home/yin/imx-optee/imx-optee-os/out/arm-plat-imx/export-ta_arm32/lib/libutee.a(utee_syscalls_a32.o)
                                          0x8 (size before relaxing)
 .ARM.exidx.text.utee_se_reader_get_name
                0x0000000000006674        0x0 /home/yin/imx-optee/imx-optee-os/out/arm-plat-imx/export-ta_arm32/lib/libutee.a(utee_syscalls_a32.o)
                                          0x8 (size before relaxing)
 .ARM.exidx.text.utee_se_reader_open_session
                0x0000000000006674        0x0 /home/yin/imx-optee/imx-optee-os/out/arm-plat-imx/export-ta_arm32/lib/libutee.a(utee_syscalls_a32.o)
                                          0x8 (size before relaxing)
 .ARM.exidx.text.utee_se_reader_close_sessions
                0x0000000000006674        0x0 /home/yin/imx-optee/imx-optee-os/out/arm-plat-imx/export-ta_arm32/lib/libutee.a(utee_syscalls_a32.o)
                                          0x8 (size before relaxing)
 .ARM.exidx.text.utee_se_session_is_closed
                0x0000000000006674        0x0 /home/yin/imx-optee/imx-optee-os/out/arm-plat-imx/export-ta_arm32/lib/libutee.a(utee_syscalls_a32.o)
                                          0x8 (size before relaxing)
 .ARM.exidx.text.utee_se_session_get_atr
                0x0000000000006674        0x0 /home/yin/imx-optee/imx-optee-os/out/arm-plat-imx/export-ta_arm32/lib/libutee.a(utee_syscalls_a32.o)
                                          0x8 (size before relaxing)
 .ARM.exidx.text.utee_se_session_open_channel
                0x0000000000006674        0x0 /home/yin/imx-optee/imx-optee-os/out/arm-plat-imx/export-ta_arm32/lib/libutee.a(utee_syscalls_a32.o)
                                          0x8 (size before relaxing)
 .ARM.exidx.text.utee_se_session_close
                0x0000000000006674        0x0 /home/yin/imx-optee/imx-optee-os/out/arm-plat-imx/export-ta_arm32/lib/libutee.a(utee_syscalls_a32.o)
                                          0x8 (size before relaxing)
 .ARM.exidx.text.utee_se_channel_select_next
                0x0000000000006674        0x0 /home/yin/imx-optee/imx-optee-os/out/arm-plat-imx/export-ta_arm32/lib/libutee.a(utee_syscalls_a32.o)
                                          0x8 (size before relaxing)
 .ARM.exidx.text.utee_se_channel_get_select_resp
                0x0000000000006674        0x0 /home/yin/imx-optee/imx-optee-os/out/arm-plat-imx/export-ta_arm32/lib/libutee.a(utee_syscalls_a32.o)
                                          0x8 (size before relaxing)
 .ARM.exidx.text.utee_se_channel_transmit
                0x0000000000006674        0x0 /home/yin/imx-optee/imx-optee-os/out/arm-plat-imx/export-ta_arm32/lib/libutee.a(utee_syscalls_a32.o)
                                          0x8 (size before relaxing)
 .ARM.exidx.text.utee_se_channel_close
                0x0000000000006674        0x0 /home/yin/imx-optee/imx-optee-os/out/arm-plat-imx/export-ta_arm32/lib/libutee.a(utee_syscalls_a32.o)
                                          0x8 (size before relaxing)
 .ARM.exidx.text.utee_cache_operation
                0x0000000000006674        0x8 /home/yin/imx-optee/imx-optee-os/out/arm-plat-imx/export-ta_arm32/lib/libutee.a(utee_syscalls_a32.o)
 .ARM.exidx.text.unlikely
                0x000000000000673c        0x8 /home/yin/imx-optee/imx-optee-os/out/arm-plat-imx/export-ta_arm32/lib/libutee.a(tee_api_arith.o)
 .ARM.exidx     0x000000000000667c       0xc0 /home/yin/imx-optee/imx-optee-os/out/arm-plat-imx/export-ta_arm32/lib/libutee.a(tee_api_arith.o)
                                        0x108 (size before relaxing)
 .ARM.exidx     0x0000000000006744       0x68 /home/yin/imx-optee/imx-optee-os/out/arm-plat-imx/export-ta_arm32/lib/libutee.a(tee_api.o)
                                         0xc8 (size before relaxing)
 .ARM.exidx     0x0000000000006934        0x0 /home/yin/imx-optee/imx-optee-os/out/arm-plat-imx/export-ta_arm32/lib/libutee.a(tee_api_panic.o)
                                          0x8 (size before relaxing)
 .ARM.exidx     0x00000000000067ac       0x28 /home/yin/imx-optee/imx-optee-os/out/arm-plat-imx/export-ta_arm32/lib/libutee.a(trace_ext.o)
 .ARM.exidx     0x00000000000067d4       0x50 /home/yin/imx-optee/imx-optee-os/out/arm-plat-imx/export-ta_arm32/lib/libutils.a(bget_malloc.o)
                                         0x70 (size before relaxing)
 .ARM.exidx     0x0000000000006934       0x10 /home/yin/imx-optee/imx-optee-os/out/arm-plat-imx/export-ta_arm32/lib/libutils.a(snprintf.o)
 .ARM.exidx     0x0000000000006944        0x8 /home/yin/imx-optee/imx-optee-os/out/arm-plat-imx/export-ta_arm32/lib/libutils.a(memcmp.o)
 .ARM.exidx     0x000000000000694c        0x0 /home/yin/imx-optee/imx-optee-os/out/arm-plat-imx/export-ta_arm32/lib/libutils.a(memcpy.o)
                                          0x8 (size before relaxing)
 .ARM.exidx     0x000000000000694c        0x0 /home/yin/imx-optee/imx-optee-os/out/arm-plat-imx/export-ta_arm32/lib/libutils.a(memmove.o)
                                          0x8 (size before relaxing)
 .ARM.exidx     0x000000000000694c        0x8 /home/yin/imx-optee/imx-optee-os/out/arm-plat-imx/export-ta_arm32/lib/libutils.a(memset.o)
 .ARM.exidx     0x0000000000006954        0x0 /home/yin/imx-optee/imx-optee-os/out/arm-plat-imx/export-ta_arm32/lib/libutils.a(strlen.o)
                                          0x8 (size before relaxing)
 .ARM.exidx     0x0000000000006824       0x18 /home/yin/imx-optee/imx-optee-os/out/arm-plat-imx/export-ta_arm32/lib/libutils.a(snprintk.o)
 .ARM.exidx     0x000000000000683c       0x20 /home/yin/imx-optee/imx-optee-os/out/arm-plat-imx/export-ta_arm32/lib/libutils.a(trace.o)
                                         0x28 (size before relaxing)
 .ARM.exidx     0x000000000000685c       0x18 /home/yin/imx-optee/imx-optee-os/out/arm-plat-imx/export-ta_arm32/lib/libutils.a(mempool.o)
 .ARM.exidx     0x0000000000006954        0x0 /home/yin/imx-optee/imx-optee-os/out/arm-plat-imx/export-ta_arm32/lib/libutils.a(aeabi_unwind.o)
                                         0x18 (size before relaxing)
 .ARM.exidx     0x0000000000006954        0x8 /home/yin/imx-optee/imx-optee-os/out/arm-plat-imx/export-ta_arm32/lib/libutils.a(memchr.o)
 .ARM.exidx.text.__aeabi_ldivmod
                0x0000000000006874        0x8 /home/yin/imx-optee/imx-optee-os/out/arm-plat-imx/export-ta_arm32/lib/libutils.a(arm32_aeabi_ldivmod_a32.o)
 .ARM.exidx.text.__aeabi_uldivmod
                0x000000000000687c        0x8 /home/yin/imx-optee/imx-optee-os/out/arm-plat-imx/export-ta_arm32/lib/libutils.a(arm32_aeabi_ldivmod_a32.o)
 .ARM.exidx     0x000000000000695c        0x8 /home/yin/imx-optee/imx-optee-os/out/arm-plat-imx/export-ta_arm32/lib/libutils.a(arm32_aeabi_ldivmod.o)
                                         0x10 (size before relaxing)
 .ARM.exidx     0x0000000000006884       0x28 /home/yin/imx-optee/imx-optee-os/out/arm-plat-imx/export-ta_arm32/lib/libmpa.a(mpa_misc.o)
                                         0x48 (size before relaxing)
 .ARM.exidx     0x00000000000068ac       0x28 /home/yin/imx-optee/imx-optee-os/out/arm-plat-imx/export-ta_arm32/lib/libmpa.a(mpa_montgomery.o)
 .ARM.exidx     0x00000000000068d4        0x8 /home/yin/imx-optee/imx-optee-os/out/arm-plat-imx/export-ta_arm32/lib/libmpa.a(mpa_primetest.o)
 .ARM.exidx     0x0000000000006964        0x8 /home/yin/imx-optee/imx-optee-os/out/arm-plat-imx/export-ta_arm32/lib/libmpa.a(mpa_conv.o)
                                         0x20 (size before relaxing)
 .ARM.exidx     0x000000000000696c       0x20 /home/yin/imx-optee/imx-optee-os/out/arm-plat-imx/export-ta_arm32/lib/libmpa.a(mpa_div.o)
 .ARM.exidx     0x000000000000698c       0x28 /home/yin/imx-optee/imx-optee-os/out/arm-plat-imx/export-ta_arm32/lib/libmpa.a(mpa_gcd.o)
 .ARM.exidx     0x00000000000069b4       0x10 /home/yin/imx-optee/imx-optee-os/out/arm-plat-imx/export-ta_arm32/lib/libmpa.a(mpa_mem_static.o)
                                         0x18 (size before relaxing)
 .ARM.exidx     0x00000000000069c4       0x28 /home/yin/imx-optee/imx-optee-os/out/arm-plat-imx/export-ta_arm32/lib/libmpa.a(mpa_mul.o)
                                         0x30 (size before relaxing)
 .ARM.exidx     0x00000000000069ec       0x10 /home/yin/imx-optee/imx-optee-os/out/arm-plat-imx/export-ta_arm32/lib/libmpa.a(mpa_random.o)
 .ARM.exidx     0x00000000000069fc       0x20 /home/yin/imx-optee/imx-optee-os/out/arm-plat-imx/export-ta_arm32/lib/libmpa.a(mpa_shift.o)
 .ARM.exidx     0x0000000000006a1c       0x48 /home/yin/imx-optee/imx-optee-os/out/arm-plat-imx/export-ta_arm32/lib/libmpa.a(mpa_addsub.o)
                                         0x58 (size before relaxing)
 .ARM.exidx     0x0000000000006a64       0x28 /home/yin/imx-optee/imx-optee-os/out/arm-plat-imx/export-ta_arm32/lib/libmpa.a(mpa_cmp.o)
 .ARM.exidx     0x00000000000068dc        0x8 /home/yin/imx-optee/imx-optee-os/out/arm-plat-imx/export-ta_arm32/lib/libmpa.a(mpa_expmod.o)
 .ARM.exidx     0x0000000000006a8c       0x10 /home/yin/imx-optee/imx-optee-os/out/arm-plat-imx/export-ta_arm32/lib/libmpa.a(mpa_init.o)
 .ARM.exidx     0x00000000000068e4       0x38 /home/yin/imx-optee/imx-optee-os/out/arm-plat-imx/export-ta_arm32/lib/libmpa.a(mpa_io.o)
                                         0x40 (size before relaxing)
 .ARM.exidx     0x0000000000006a9c       0x10 /home/yin/imx-optee/imx-optee-os/out/arm-plat-imx/export-ta_arm32/lib/libmpa.a(mpa_modulus.o)
                                         0x28 (size before relaxing)
 .ARM.exidx     0x000000000000691c       0x10 /home/yin/imx-optee/imx-optee-os/out/arm-plat-imx/export-ta_arm32/lib/libutee.a(assert.o)
 .ARM.exidx     0x0000000000006aac       0x18 /home/yin/imx-optee/imx-optee-os/out/arm-plat-imx/export-ta_arm32/lib/libutils.a(arm32_aeabi_divmod.o)
                                         0x38 (size before relaxing)
 .ARM.exidx.text.ret_idivmod_values
                0x000000000000692c        0x8 /home/yin/imx-optee/imx-optee-os/out/arm-plat-imx/export-ta_arm32/lib/libutils.a(arm32_aeabi_divmod_a32.o)
 .ARM.exidx.text.ret_uidivmod_values
                0x0000000000006934        0x0 /home/yin/imx-optee/imx-optee-os/out/arm-plat-imx/export-ta_arm32/lib/libutils.a(arm32_aeabi_divmod_a32.o)