Archive member included to satisfy reference by file (symbol)

/home/yin/imx-optee/imx-optee-os/out/arm-plat-imx/export-ta_arm32/lib/libutee.a(tee_api.o)
                              ./aes_ta.o (TEE_Malloc)
/home/yin/imx-optee/imx-optee-os/out/arm-plat-imx/export-ta_arm32/lib/libutee.a(tee_api_objects.o)
                              ./aes_ta.o (TEE_AllocateTransientObject)
/home/yin/imx-optee/imx-optee-os/out/arm-plat-imx/export-ta_arm32/lib/libutee.a(tee_api_operations.o)
                              ./aes_ta.o (TEE_FreeOperation)
/home/yin/imx-optee/imx-optee-os/out/arm-plat-imx/export-ta_arm32/lib/libutee.a(tee_api_panic.o)
                              /home/yin/imx-optee/imx-optee-os/out/arm-plat-imx/export-ta_arm32/lib/libutee.a(tee_api.o) (TEE_Panic)
/home/yin/imx-optee/imx-optee-os/out/arm-plat-imx/export-ta_arm32/lib/libutee.a(user_ta_entry.o)
                              ./user_ta_header.o (__utee_entry)
/home/yin/imx-optee/imx-optee-os/out/arm-plat-imx/export-ta_arm32/lib/libutee.a(utee_syscalls_a32.o)
                              /home/yin/imx-optee/imx-optee-os/out/arm-plat-imx/export-ta_arm32/lib/libutee.a(tee_api_panic.o) (utee_panic)
/home/yin/imx-optee/imx-optee-os/out/arm-plat-imx/export-ta_arm32/lib/libutee.a(gprof_a32.o)
                              /home/yin/imx-optee/imx-optee-os/out/arm-plat-imx/export-ta_arm32/lib/libutee.a(user_ta_entry.o) (__utee_mcount)
/home/yin/imx-optee/imx-optee-os/out/arm-plat-imx/export-ta_arm32/lib/libutee.a(tee_api_arith.o)
                              /home/yin/imx-optee/imx-optee-os/out/arm-plat-imx/export-ta_arm32/lib/libutee.a(user_ta_entry.o) (_TEE_MathAPI_Init)
/home/yin/imx-optee/imx-optee-os/out/arm-plat-imx/export-ta_arm32/lib/libutee.a(trace_ext.o)
                              /home/yin/imx-optee/imx-optee-os/out/arm-plat-imx/export-ta_arm32/lib/libutee.a(tee_api_arith.o) (printf)
/home/yin/imx-optee/imx-optee-os/out/arm-plat-imx/export-ta_arm32/lib/libutils.a(bget_malloc.o)
                              /home/yin/imx-optee/imx-optee-os/out/arm-plat-imx/export-ta_arm32/lib/libutee.a(tee_api.o) (malloc)
/home/yin/imx-optee/imx-optee-os/out/arm-plat-imx/export-ta_arm32/lib/libutils.a(snprintf.o)
                              /home/yin/imx-optee/imx-optee-os/out/arm-plat-imx/export-ta_arm32/lib/libutee.a(trace_ext.o) (vsnprintf)
/home/yin/imx-optee/imx-optee-os/out/arm-plat-imx/export-ta_arm32/lib/libutils.a(memcmp.o)
                              /home/yin/imx-optee/imx-optee-os/out/arm-plat-imx/export-ta_arm32/lib/libutee.a(tee_api.o) (memcmp)
/home/yin/imx-optee/imx-optee-os/out/arm-plat-imx/export-ta_arm32/lib/libutils.a(memcpy.o)
                              /home/yin/imx-optee/imx-optee-os/out/arm-plat-imx/export-ta_arm32/lib/libutee.a(tee_api_operations.o) (memcpy)
/home/yin/imx-optee/imx-optee-os/out/arm-plat-imx/export-ta_arm32/lib/libutils.a(memmove.o)
                              /home/yin/imx-optee/imx-optee-os/out/arm-plat-imx/export-ta_arm32/lib/libutee.a(tee_api.o) (memmove)
/home/yin/imx-optee/imx-optee-os/out/arm-plat-imx/export-ta_arm32/lib/libutils.a(memset.o)
                              /home/yin/imx-optee/imx-optee-os/out/arm-plat-imx/export-ta_arm32/lib/libutee.a(tee_api.o) (memset)
/home/yin/imx-optee/imx-optee-os/out/arm-plat-imx/export-ta_arm32/lib/libutils.a(strlen.o)
                              /home/yin/imx-optee/imx-optee-os/out/arm-plat-imx/export-ta_arm32/lib/libutee.a(trace_ext.o) (strlen)
/home/yin/imx-optee/imx-optee-os/out/arm-plat-imx/export-ta_arm32/lib/libutils.a(arm32_aeabi_divmod.o)
                              /home/yin/imx-optee/imx-optee-os/out/arm-plat-imx/export-ta_arm32/lib/libutee.a(tee_api_operations.o) (__aeabi_uidiv)
/home/yin/imx-optee/imx-optee-os/out/arm-plat-imx/export-ta_arm32/lib/libutils.a(snprintk.o)
                              /home/yin/imx-optee/imx-optee-os/out/arm-plat-imx/export-ta_arm32/lib/libutils.a(snprintf.o) (__vsnprintf)
/home/yin/imx-optee/imx-optee-os/out/arm-plat-imx/export-ta_arm32/lib/libutils.a(buf_compare_ct.o)
                              /home/yin/imx-optee/imx-optee-os/out/arm-plat-imx/export-ta_arm32/lib/libutee.a(tee_api_operations.o) (buf_compare_ct)
/home/yin/imx-optee/imx-optee-os/out/arm-plat-imx/export-ta_arm32/lib/libutils.a(trace.o)
                              /home/yin/imx-optee/imx-optee-os/out/arm-plat-imx/export-ta_arm32/lib/libutee.a(user_ta_entry.o) (trace_set_level)
/home/yin/imx-optee/imx-optee-os/out/arm-plat-imx/export-ta_arm32/lib/libutils.a(mempool.o)
                              /home/yin/imx-optee/imx-optee-os/out/arm-plat-imx/export-ta_arm32/lib/libutee.a(tee_api_arith.o) (mempool_alloc_pool)
/home/yin/imx-optee/imx-optee-os/out/arm-plat-imx/export-ta_arm32/lib/libutils.a(aeabi_unwind.o)
                              ./aes_ta.o (__aeabi_unwind_cpp_pr0)
/home/yin/imx-optee/imx-optee-os/out/arm-plat-imx/export-ta_arm32/lib/libutils.a(memchr.o)
[...]
Memory Configuration

Name             Origin             Length             Attributes
*default*        0x0000000000000000 0xffffffffffffffff

Linker script and memory map


.ta_head        0x0000000000000000       0x20
 *(SORT(.ta_head))
 .ta_head       0x0000000000000000       0x20 ./user_ta_header.o
                0x0000000000000000                ta_head

.text           0x0000000000000020     0x6f60
                0x0000000000000020                __text_start = .
 *(SORT(.text) SORT(.text.*))
 .text          0x0000000000000020      0x410 ./aes_ta.o
                0x0000000000000020                TA_CreateEntryPoint
                0x0000000000000024                TA_DestroyEntryPoint
                0x0000000000000026                TA_OpenSessionEntryPoint
                0x000000000000006c                TA_CloseSessionEntryPoint
                0x00000000000000b0                TA_InvokeCommandEntryPoint
 .text          0x0000000000000430      0x2e8 /home/yin/imx-optee/imx-optee-os/out/arm-plat-imx/export-ta_arm32/lib/libutee.a(tee_api.o)
                0x0000000000000430                __utee_from_param
                0x0000000000000482                __utee_to_param
                0x00000000000004c2                TEE_OpenTASession
                0x0000000000000506                TEE_CloseTASession
                0x000000000000051a                TEE_InvokeTACommand
                0x0000000000000580                TEE_GetCancellationFlag
                0x000000000000059c                TEE_UnmaskCancellation
                0x00000000000005b8                TEE_MaskCancellation
                0x00000000000005d4                TEE_CheckMemoryAccessRights
                0x00000000000005de                TEE_SetInstanceData
                0x00000000000005ec                TEE_GetInstanceData
                0x00000000000005f8                TEE_MemMove
                0x00000000000005fc                TEE_MemCompare
                0x0000000000000600                TEE_MemFill
                0x0000000000000604                TEE_GetSystemTime
                0x000000000000061a                TEE_Wait
                0x0000000000000638                TEE_GetTAPersistentTime
                0x0000000000000674                TEE_SetTAPersistentTime
                0x000000000000069c                TEE_GetREETime
                0x00000000000006b2                TEE_Malloc
                0x00000000000006fc                TEE_Realloc
                0x0000000000000700                TEE_Free
                0x0000000000000704                TEE_CacheClean
                0x000000000000070a                TEE_CacheFlush
                0x0000000000000710                TEE_CacheInvalidate
 .text          0x0000000000000718      0x78c /home/yin/imx-optee/imx-optee-os/out/arm-plat-imx/export-ta_arm32/lib/libutee.a(tee_api_objects.o)
                0x0000000000000718                __utee_from_attr
                0x0000000000000752                TEE_GetObjectInfo
                0x000000000000077c                TEE_GetObjectInfo1
                0x000000000000079c                TEE_RestrictObjectUsage1
                0x00000000000007bc                TEE_RestrictObjectUsage
                0x00000000000007e8                TEE_GetObjectBufferAttribute
                0x0000000000000858                TEE_GetObjectValueAttribute
                0x00000000000008dc                TEE_CloseObject
                0x00000000000008f0                TEE_AllocateTransientObject
                0x0000000000000920                TEE_FreeTransientObject
                0x0000000000000950                TEE_ResetTransientObject
                0x0000000000000980                TEE_PopulateTransientObject
                0x00000000000009f0                TEE_InitRefAttribute
                0x0000000000000a12                TEE_InitValueAttribute
                0x0000000000000a34                TEE_CopyObjectAttributes1
                0x0000000000000a9c                TEE_CopyObjectAttributes
                0x0000000000000acc                TEE_GenerateKey
                0x0000000000000b14                TEE_OpenPersistentObject
                0x0000000000000b78                TEE_CreatePersistentObject
                0x0000000000000c10                TEE_CloseAndDeletePersistentObject1
                0x0000000000000c34                TEE_CloseAndDeletePersistentObject
                0x0000000000000c4a                TEE_RenamePersistentObject
                0x0000000000000c90                TEE_AllocatePersistentObjectEnumerator
                0x0000000000000cc8                TEE_FreePersistentObjectEnumerator
                0x0000000000000cdc                TEE_ResetPersistentObjectEnumerator
                0x0000000000000cf0                TEE_StartPersistentObjectEnumerator
                0x0000000000000d1c                TEE_GetNextPersistentObject
                0x0000000000000d70                TEE_ReadObjectData
                0x0000000000000db0                TEE_WriteObjectData
                0x0000000000000df0                TEE_TruncateObjectData
                0x0000000000000e28                TEE_SeekObjectData
 .text          0x0000000000000ea4     0x15c8 /home/yin/imx-optee/imx-optee-os/out/arm-plat-imx/export-ta_arm32/lib/libutee.a(tee_api_operations.o)
                0x0000000000001000                TEE_FreeOperation
                0x0000000000001026                TEE_AllocateOperation
                0x0000000000001558                TEE_GetOperationInfo
                0x000000000000157a                TEE_GetOperationInfoMultiple
                0x0000000000001630                TEE_ResetOperation
                0x0000000000001670                TEE_SetOperationKey
                0x00000000000016fc                TEE_SetOperationKey2
                0x00000000000017f0                TEE_CopyOperation
                0x0000000000001892                TEE_DigestUpdate
                0x00000000000018c2                TEE_DigestDoFinal
                0x0000000000001934                TEE_CipherInit
                0x000000000000198a                TEE_CipherUpdate
                0x0000000000001a84                TEE_CipherDoFinal
                0x0000000000001b98                TEE_MACInit
                0x0000000000001bee                TEE_MACUpdate
                0x0000000000001c3c                TEE_MACComputeFinal
                0x0000000000001ca4                TEE_MACCompareFinal
                0x0000000000001d08                TEE_AEInit
                0x0000000000001d78                TEE_AEUpdateAAD
                0x0000000000001dbe                TEE_AEUpdate
                0x0000000000001e8c                TEE_AEEncryptFinal
                0x0000000000001fa4                TEE_AEDecryptFinal
                0x00000000000020ac                TEE_AsymmetricEncrypt
                0x0000000000002168                TEE_AsymmetricDecrypt
                0x0000000000002228                TEE_AsymmetricSignDigest
                0x00000000000022dc                TEE_AsymmetricVerifyDigest
                0x0000000000002388                TEE_DeriveKey
                0x0000000000002442                TEE_GenerateRandom
                0x0000000000002454                rand
 .text          0x000000000000246c      0x210 /home/yin/imx-optee/imx-optee-os/out/arm-plat-imx/export-ta_arm32/lib/libutee.a(user_ta_entry.o)
                0x00000000000024f0                __utee_entry
 .text          0x000000000000267c        0x0 /home/yin/imx-optee/imx-optee-os/out/arm-plat-imx/export-ta_arm32/lib/libutee.a(utee_syscalls_a32.o)
 .text.utee_panic
                0x000000000000267c       0x14 /home/yin/imx-optee/imx-optee-os/out/arm-plat-imx/export-ta_arm32/lib/libutee.a(utee_syscalls_a32.o)
                0x000000000000267c                utee_panic
 .text.utee_return
                0x0000000000002690       0x14 /home/yin/imx-optee/imx-optee-os/out/arm-plat-imx/export-ta_arm32/lib/libutee.a(utee_syscalls_a32.o)
                0x0000000000002690                utee_return
 .text.utee_log
                0x00000000000026a4       0x14 /home/yin/imx-optee/imx-optee-os/out/arm-plat-imx/export-ta_arm32/lib/libutee.a(utee_syscalls_a32.o)
                0x00000000000026a4                utee_log
 .text.__utee_panic
                0x00000000000026b8       0x14 /home/yin/imx-optee/imx-optee-os/out/arm-plat-imx/export-ta_arm32/lib/libutee.a(utee_syscalls_a32.o)
                0x00000000000026b8                __utee_panic
 .text.utee_get_property
                0x00000000000026cc       0x18 /home/yin/imx-optee/imx-optee-os/out/arm-plat-imx/export-ta_arm32/lib/libutee.a(utee_syscalls_a32.o)
                0x00000000000026cc                utee_get_property
 .text.utee_get_property_name_to_index
                0x00000000000026e4       0x14 /home/yin/imx-optee/imx-optee-os/out/arm-plat-imx/export-ta_arm32/lib/libutee.a(utee_syscalls_a32.o)
                0x00000000000026e4                utee_get_property_name_to_index
 .text.utee_open_ta_session
                0x00000000000026f8       0x18 /home/yin/imx-optee/imx-optee-os/out/arm-plat-imx/export-ta_arm32/lib/libutee.a(utee_syscalls_a32.o)
                0x00000000000026f8                utee_open_ta_session
 .text.utee_close_ta_session
                0x0000000000002710       0x14 /home/yin/imx-optee/imx-optee-os/out/arm-plat-imx/export-ta_arm32/lib/libutee.a(utee_syscalls_a32.o)
                0x0000000000002710                utee_close_ta_session
 .text.utee_invoke_ta_command
                0x0000000000002724       0x18 /home/yin/imx-optee/imx-optee-os/out/arm-plat-imx/export-ta_arm32/lib/libutee.a(utee_syscalls_a32.o)
                0x0000000000002724                utee_invoke_ta_command
 .text.utee_get_cancellation_flag
                0x000000000000273c       0x14 /home/yin/imx-optee/imx-optee-os/out/arm-plat-imx/export-ta_arm32/lib/libutee.a(utee_syscalls_a32.o)
                0x000000000000273c                utee_get_cancellation_flag
 .text.utee_check_access_rights
                0x0000000000002750       0x14 /home/yin/imx-optee/imx-optee-os/out/arm-plat-imx/export-ta_arm32/lib/libutee.a(utee_syscalls_a32.o)
                0x0000000000002750                utee_check_access_rights
 .text.utee_unmask_cancellation
                0x0000000000002764       0x14 /home/yin/imx-optee/imx-optee-os/out/arm-plat-imx/export-ta_arm32/lib/libutee.a(utee_syscalls_a32.o)
                0x0000000000002764                utee_unmask_cancellation
 .text.utee_mask_cancellation
                0x0000000000002778       0x14 /home/yin/imx-optee/imx-optee-os/out/arm-plat-imx/export-ta_arm32/lib/libutee.a(utee_syscalls_a32.o)
                0x0000000000002778                utee_mask_cancellation
 .text.utee_wait
                0x000000000000278c       0x14 /home/yin/imx-optee/imx-optee-os/out/arm-plat-imx/export-ta_arm32/lib/libutee.a(utee_syscalls_a32.o)
                0x000000000000278c                utee_wait
 .text.utee_get_time
                0x00000000000027a0       0x14 /home/yin/imx-optee/imx-optee-os/out/arm-plat-imx/export-ta_arm32/lib/libutee.a(utee_syscalls_a32.o)
                0x00000000000027a0                utee_get_time
 .text.utee_set_ta_time
                0x00000000000027b4       0x14 /home/yin/imx-optee/imx-optee-os/out/arm-plat-imx/export-ta_arm32/lib/libutee.a(utee_syscalls_a32.o)
                0x00000000000027b4                utee_set_ta_time
 .text.utee_cryp_state_alloc
                0x00000000000027c8       0x18 /home/yin/imx-optee/imx-optee-os/out/arm-plat-imx/export-ta_arm32/lib/libutee.a(utee_syscalls_a32.o)
                0x00000000000027c8                utee_cryp_state_alloc
 .text.utee_cryp_state_copy
                0x00000000000027e0       0x14 /home/yin/imx-optee/imx-optee-os/out/arm-plat-imx/export-ta_arm32/lib/libutee.a(utee_syscalls_a32.o)
                0x00000000000027e0                utee_cryp_state_copy
 .text.utee_cryp_state_free
                0x00000000000027f4       0x14 /home/yin/imx-optee/imx-optee-os/out/arm-plat-imx/export-ta_arm32/lib/libutee.a(utee_syscalls_a32.o)
                0x00000000000027f4                utee_cryp_state_free
 .text.utee_hash_init
                0x0000000000002808       0x14 /home/yin/imx-optee/imx-optee-os/out/arm-plat-imx/export-ta_arm32/lib/libutee.a(utee_syscalls_a32.o)
                0x0000000000002808                utee_hash_init
 .text.utee_hash_update
                0x000000000000281c       0x14 /home/yin/imx-optee/imx-optee-os/out/arm-plat-imx/export-ta_arm32/lib/libutee.a(utee_syscalls_a32.o)
                0x000000000000281c                utee_hash_update
 .text.utee_hash_final
                0x0000000000002830       0x18 /home/yin/imx-optee/imx-optee-os/out/arm-plat-imx/export-ta_arm32/lib/libutee.a(utee_syscalls_a32.o)
                0x0000000000002830                utee_hash_final
 .text.utee_cipher_init
                0x0000000000002848       0x14 /home/yin/imx-optee/imx-optee-os/out/arm-plat-imx/export-ta_arm32/lib/libutee.a(utee_syscalls_a32.o)
                0x0000000000002848                utee_cipher_init
 .text.utee_cipher_update
                0x000000000000285c       0x18 /home/yin/imx-optee/imx-optee-os/out/arm-plat-imx/export-ta_arm32/lib/libutee.a(utee_syscalls_a32.o)
                0x000000000000285c                utee_cipher_update
 .text.utee_cipher_final
                0x0000000000002874       0x18 /home/yin/imx-optee/imx-optee-os/out/arm-plat-imx/export-ta_arm32/lib/libutee.a(utee_syscalls_a32.o)
                0x0000000000002874                utee_cipher_final
 .text.utee_cryp_obj_get_info
                0x000000000000288c       0x14 /home/yin/imx-optee/imx-optee-os/out/arm-plat-imx/export-ta_arm32/lib/libutee.a(utee_syscalls_a32.o)
                0x000000000000288c                utee_cryp_obj_get_info
 .text.utee_cryp_obj_restrict_usage
                0x00000000000028a0       0x14 /home/yin/imx-optee/imx-optee-os/out/arm-plat-imx/export-ta_arm32/lib/libutee.a(utee_syscalls_a32.o)
                0x00000000000028a0                utee_cryp_obj_restrict_usage
 .text.utee_cryp_obj_get_attr
                0x00000000000028b4       0x14 /home/yin/imx-optee/imx-optee-os/out/arm-plat-imx/export-ta_arm32/lib/libutee.a(utee_syscalls_a32.o)
                0x00000000000028b4                utee_cryp_obj_get_attr
 .text.utee_cryp_obj_alloc
                0x00000000000028c8       0x14 /home/yin/imx-optee/imx-optee-os/out/arm-plat-imx/export-ta_arm32/lib/libutee.a(utee_syscalls_a32.o)
                0x00000000000028c8                utee_cryp_obj_alloc
 .text.utee_cryp_obj_close
                0x00000000000028dc       0x14 /home/yin/imx-optee/imx-optee-os/out/arm-plat-imx/export-ta_arm32/lib/libutee.a(utee_syscalls_a32.o)
                0x00000000000028dc                utee_cryp_obj_close
 .text.utee_cryp_obj_reset
                0x00000000000028f0       0x14 /home/yin/imx-optee/imx-optee-os/out/arm-plat-imx/export-ta_arm32/lib/libutee.a(utee_syscalls_a32.o)
                0x00000000000028f0                utee_cryp_obj_reset
 .text.utee_cryp_obj_populate
                0x0000000000002904       0x14 /home/yin/imx-optee/imx-optee-os/out/arm-plat-imx/export-ta_arm32/lib/libutee.a(utee_syscalls_a32.o)
                0x0000000000002904                utee_cryp_obj_populate
 .text.utee_cryp_obj_copy
                0x0000000000002918       0x14 /home/yin/imx-optee/imx-optee-os/out/arm-plat-imx/export-ta_arm32/lib/libutee.a(utee_syscalls_a32.o)
                0x0000000000002918                utee_cryp_obj_copy
 .text.utee_cryp_derive_key
                0x000000000000292c       0x14 /home/yin/imx-optee/imx-optee-os/out/arm-plat-imx/export-ta_arm32/lib/libutee.a(utee_syscalls_a32.o)
                0x000000000000292c                utee_cryp_derive_key
 .text.utee_cryp_random_number_generate
                0x0000000000002940       0x14 /home/yin/imx-optee/imx-optee-os/out/arm-plat-imx/export-ta_arm32/lib/libutee.a(utee_syscalls_a32.o)
                0x0000000000002940                utee_cryp_random_number_generate
 .text.utee_authenc_init
                0x0000000000002954       0x18 /home/yin/imx-optee/imx-optee-os/out/arm-plat-imx/export-ta_arm32/lib/libutee.a(utee_syscalls_a32.o)
                0x0000000000002954                utee_authenc_init
 .text.utee_authenc_update_aad
                0x000000000000296c       0x14 /home/yin/imx-optee/imx-optee-os/out/arm-plat-imx/export-ta_arm32/lib/libutee.a(utee_syscalls_a32.o)
                0x000000000000296c                utee_authenc_update_aad
 .text.utee_authenc_update_payload
                0x0000000000002980       0x18 /home/yin/imx-optee/imx-optee-os/out/arm-plat-imx/export-ta_arm32/lib/libutee.a(utee_syscalls_a32.o)
                0x0000000000002980                utee_authenc_update_payload
 .text.utee_authenc_enc_final
                0x0000000000002998       0x18 /home/yin/imx-optee/imx-optee-os/out/arm-plat-imx/export-ta_arm32/lib/libutee.a(utee_syscalls_a32.o)
                0x0000000000002998                utee_authenc_enc_final
 .text.utee_authenc_dec_final
                0x00000000000029b0       0x18 /home/yin/imx-optee/imx-optee-os/out/arm-plat-imx/export-ta_arm32/lib/libutee.a(utee_syscalls_a32.o)
                0x00000000000029b0                utee_authenc_dec_final
 .text.utee_asymm_operate
                0x00000000000029c8       0x18 /home/yin/imx-optee/imx-optee-os/out/arm-plat-imx/export-ta_arm32/lib/libutee.a(utee_syscalls_a32.o)
                0x00000000000029c8                utee_asymm_operate
 .text.utee_asymm_verify
                0x00000000000029e0       0x18 /home/yin/imx-optee/imx-optee-os/out/arm-plat-imx/export-ta_arm32/lib/libutee.a(utee_syscalls_a32.o)
                0x00000000000029e0                utee_asymm_verify
 .text.utee_storage_obj_open
                0x00000000000029f8       0x18 /home/yin/imx-optee/imx-optee-os/out/arm-plat-imx/export-ta_arm32/lib/libutee.a(utee_syscalls_a32.o)
                0x00000000000029f8                utee_storage_obj_open
 .text.utee_storage_obj_create
                0x0000000000002a10       0x18 /home/yin/imx-optee/imx-optee-os/out/arm-plat-imx/export-ta_arm32/lib/libutee.a(utee_syscalls_a32.o)
                0x0000000000002a10                utee_storage_obj_create
 .text.utee_storage_obj_del
                0x0000000000002a28       0x14 /home/yin/imx-optee/imx-optee-os/out/arm-plat-imx/export-ta_arm32/lib/libutee.a(utee_syscalls_a32.o)
                0x0000000000002a28                utee_storage_obj_del
 .text.utee_storage_obj_rename
                0x0000000000002a3c       0x14 /home/yin/imx-optee/imx-optee-os/out/arm-plat-imx/export-ta_arm32/lib/libutee.a(utee_syscalls_a32.o)
                0x0000000000002a3c                utee_storage_obj_rename
 .text.utee_storage_alloc_enum
                0x0000000000002a50       0x14 /home/yin/imx-optee/imx-optee-os/out/arm-plat-imx/export-ta_arm32/lib/libutee.a(utee_syscalls_a32.o)
                0x0000000000002a50                utee_storage_alloc_enum
 .text.utee_storage_free_enum
                0x0000000000002a64       0x14 /home/yin/imx-optee/imx-optee-os/out/arm-plat-imx/export-ta_arm32/lib/libutee.a(utee_syscalls_a32.o)
                0x0000000000002a64                utee_storage_free_enum
 .text.utee_storage_reset_enum
                0x0000000000002a78       0x14 /home/yin/imx-optee/imx-optee-os/out/arm-plat-imx/export-ta_arm32/lib/libutee.a(utee_syscalls_a32.o)
                0x0000000000002a78                utee_storage_reset_enum
 .text.utee_storage_start_enum
                0x0000000000002a8c       0x14 /home/yin/imx-optee/imx-optee-os/out/arm-plat-imx/export-ta_arm32/lib/libutee.a(utee_syscalls_a32.o)
                0x0000000000002a8c                utee_storage_start_enum
 .text.utee_storage_next_enum
                0x0000000000002aa0       0x14 /home/yin/imx-optee/imx-optee-os/out/arm-plat-imx/export-ta_arm32/lib/libutee.a(utee_syscalls_a32.o)
                0x0000000000002aa0                utee_storage_next_enum
 .text.utee_storage_obj_read
                0x0000000000002ab4       0x14 /home/yin/imx-optee/imx-optee-os/out/arm-plat-imx/export-ta_arm32/lib/libutee.a(utee_syscalls_a32.o)
                0x0000000000002ab4                utee_storage_obj_read
 .text.utee_storage_obj_write
                0x0000000000002ac8       0x14 /home/yin/imx-optee/imx-optee-os/out/arm-plat-imx/export-ta_arm32/lib/libutee.a(utee_syscalls_a32.o)
                0x0000000000002ac8                utee_storage_obj_write
 .text.utee_storage_obj_trunc
                0x0000000000002adc       0x14 /home/yin/imx-optee/imx-optee-os/out/arm-plat-imx/export-ta_arm32/lib/libutee.a(utee_syscalls_a32.o)
                0x0000000000002adc                utee_storage_obj_trunc
 .text.utee_storage_obj_seek
                0x0000000000002af0       0x14 /home/yin/imx-optee/imx-optee-os/out/arm-plat-imx/export-ta_arm32/lib/libutee.a(utee_syscalls_a32.o)
                0x0000000000002af0                utee_storage_obj_seek
 .text.utee_cryp_obj_generate_key
                0x0000000000002b04       0x14 /home/yin/imx-optee/imx-optee-os/out/arm-plat-imx/export-ta_arm32/lib/libutee.a(utee_syscalls_a32.o)
                0x0000000000002b04                utee_cryp_obj_generate_key
 .text.utee_se_service_open
                0x0000000000002b18       0x14 /home/yin/imx-optee/imx-optee-os/out/arm-plat-imx/export-ta_arm32/lib/libutee.a(utee_syscalls_a32.o)
                0x0000000000002b18                utee_se_service_open
 .text.utee_se_service_close
                0x0000000000002b2c       0x14 /home/yin/imx-optee/imx-optee-os/out/arm-plat-imx/export-ta_arm32/lib/libutee.a(utee_syscalls_a32.o)
                0x0000000000002b2c                utee_se_service_close
 .text.utee_se_service_get_readers
                0x0000000000002b40       0x14 /home/yin/imx-optee/imx-optee-os/out/arm-plat-imx/export-ta_arm32/lib/libutee.a(utee_syscalls_a32.o)
                0x0000000000002b40                utee_se_service_get_readers
 .text.utee_se_reader_get_prop
                0x0000000000002b54       0x14 /home/yin/imx-optee/imx-optee-os/out/arm-plat-imx/export-ta_arm32/lib/libutee.a(utee_syscalls_a32.o)
                0x0000000000002b54                utee_se_reader_get_prop
 .text.utee_se_reader_get_name
                0x0000000000002b68       0x14 /home/yin/imx-optee/imx-optee-os/out/arm-plat-imx/export-ta_arm32/lib/libutee.a(utee_syscalls_a32.o)
                0x0000000000002b68                utee_se_reader_get_name
 .text.utee_se_reader_open_session
                0x0000000000002b7c       0x14 /home/yin/imx-optee/imx-optee-os/out/arm-plat-imx/export-ta_arm32/lib/libutee.a(utee_syscalls_a32.o)
                0x0000000000002b7c                utee_se_reader_open_session
 .text.utee_se_reader_close_sessions
                0x0000000000002b90       0x14 /home/yin/imx-optee/imx-optee-os/out/arm-plat-imx/export-ta_arm32/lib/libutee.a(utee_syscalls_a32.o)
                0x0000000000002b90                utee_se_reader_close_sessions
 .text.utee_se_session_is_closed
                0x0000000000002ba4       0x14 /home/yin/imx-optee/imx-optee-os/out/arm-plat-imx/export-ta_arm32/lib/libutee.a(utee_syscalls_a32.o)
                0x0000000000002ba4                utee_se_session_is_closed
 .text.utee_se_session_get_atr
                0x0000000000002bb8       0x14 /home/yin/imx-optee/imx-optee-os/out/arm-plat-imx/export-ta_arm32/lib/libutee.a(utee_syscalls_a32.o)
                0x0000000000002bb8                utee_se_session_get_atr
 .text.utee_se_session_open_channel
                0x0000000000002bcc       0x18 /home/yin/imx-optee/imx-optee-os/out/arm-plat-imx/export-ta_arm32/lib/libutee.a(utee_syscalls_a32.o)
                0x0000000000002bcc                utee_se_session_open_channel
 .text.utee_se_session_close
                0x0000000000002be4       0x14 /home/yin/imx-optee/imx-optee-os/out/arm-plat-imx/export-ta_arm32/lib/libutee.a(utee_syscalls_a32.o)
                0x0000000000002be4                utee_se_session_close
 .text.utee_se_channel_select_next
                0x0000000000002bf8       0x14 /home/yin/imx-optee/imx-optee-os/out/arm-plat-imx/export-ta_arm32/lib/libutee.a(utee_syscalls_a32.o)
                0x0000000000002bf8                utee_se_channel_select_next
 .text.utee_se_channel_get_select_resp
                0x0000000000002c0c       0x14 /home/yin/imx-optee/imx-optee-os/out/arm-plat-imx/export-ta_arm32/lib/libutee.a(utee_syscalls_a32.o)
                0x0000000000002c0c                utee_se_channel_get_select_resp
 .text.utee_se_channel_transmit
                0x0000000000002c20       0x18 /home/yin/imx-optee/imx-optee-os/out/arm-plat-imx/export-ta_arm32/lib/libutee.a(utee_syscalls_a32.o)
                0x0000000000002c20                utee_se_channel_transmit
 .text.utee_se_channel_close
                0x0000000000002c38       0x14 /home/yin/imx-optee/imx-optee-os/out/arm-plat-imx/export-ta_arm32/lib/libutee.a(utee_syscalls_a32.o)
                0x0000000000002c38                utee_se_channel_close
 .text.utee_cache_operation
                0x0000000000002c4c       0x14 /home/yin/imx-optee/imx-optee-os/out/arm-plat-imx/export-ta_arm32/lib/libutee.a(utee_syscalls_a32.o)
                0x0000000000002c4c                utee_cache_operation
 .text.__utee_mcount
                0x0000000000002c60        0xc /home/yin/imx-optee/imx-optee-os/out/arm-plat-imx/export-ta_arm32/lib/libutee.a(gprof_a32.o)
                0x0000000000002c60                __utee_mcount
 .text          0x0000000000002c6c      0x478 /home/yin/imx-optee/imx-optee-os/out/arm-plat-imx/export-ta_arm32/lib/libutee.a(tee_api_arith.o)
                0x0000000000002c6c                _TEE_MathAPI_Init
                0x0000000000002ca4                TEE_BigIntInit
                0x0000000000002ca8                TEE_BigIntInitFMM
                0x0000000000002cb6                TEE_BigIntInitFMMContext
                0x0000000000002ce0                TEE_BigIntFMMSizeInU32
                0x0000000000002ce8                TEE_BigIntFMMContextSizeInU32
                0x0000000000002cf2                TEE_BigIntConvertFromOctetString
                0x0000000000002d08                TEE_BigIntConvertToOctetString
                0x0000000000002d3c                TEE_BigIntConvertFromS32
                0x0000000000002d40                TEE_BigIntConvertToS32
                0x0000000000002d54                TEE_BigIntCmp
                0x0000000000002d58                TEE_BigIntCmpS32
                0x0000000000002d5c                TEE_BigIntShiftRight
                0x0000000000002d60                TEE_BigIntGetBit
                0x0000000000002d6e                TEE_BigIntGetBitCount
                0x0000000000002d78                TEE_BigIntAdd
                0x0000000000002d88                TEE_BigIntSub
                0x0000000000002d98                TEE_BigIntNeg
                0x0000000000002d9c                TEE_BigIntMul
                0x0000000000002dac                TEE_BigIntSquare
                0x0000000000002dbc                TEE_BigIntDiv
                0x0000000000002df8                TEE_BigIntMod
                0x0000000000002e50                TEE_BigIntAddMod
                0x0000000000002eb0                TEE_BigIntSubMod
                0x0000000000002f10                TEE_BigIntMulMod
                0x0000000000002f90                TEE_BigIntSquareMod
                0x0000000000002f98                TEE_BigIntInvMod
                0x0000000000002fdc                TEE_BigIntRelativePrime
                0x000000000000301c                TEE_BigIntComputeExtendedGcd
                0x0000000000003038                TEE_BigIntIsProbablePrime
                0x0000000000003058                TEE_BigIntConvertToFMM
                0x0000000000003078                TEE_BigIntConvertFromFMM
                0x00000000000030c8                TEE_BigIntComputeFMM
 .text.unlikely
                0x00000000000030e4       0x1c /home/yin/imx-optee/imx-optee-os/out/arm-plat-imx/export-ta_arm32/lib/libutee.a(tee_api_arith.o)
 .text          0x0000000000003100       0x9c /home/yin/imx-optee/imx-optee-os/out/arm-plat-imx/export-ta_arm32/lib/libutee.a(trace_ext.o)
                0x0000000000003100                trace_ext_puts
                0x0000000000003114                trace_ext_get_thread_id
                0x000000000000311a                printf
                0x0000000000003154                puts
                0x0000000000003178                putchar
 .text          0x000000000000319c      0x9d8 /home/yin/imx-optee/imx-optee-os/out/arm-plat-imx/export-ta_arm32/lib/libutils.a(bget_malloc.o)
                0x0000000000003274                bget
                0x0000000000003390                bgetz
                0x00000000000033ec                brel
                0x00000000000035b4                bgetr
                0x0000000000003630                bpool
                0x00000000000036cc                malloc
                0x00000000000036e4                free
                0x00000000000036f4                calloc
                0x000000000000371c                realloc
                0x0000000000003734                memalign
                0x0000000000003980                malloc_add_pool
                0x0000000000003a50                malloc_buffer_is_within_alloced
                0x0000000000003b2c                malloc_buffer_overlaps_heap
 .text          0x0000000000003b74      0x758 /home/yin/imx-optee/imx-optee-os/out/arm-plat-imx/export-ta_arm32/lib/libutils.a(snprintk.o)
                0x0000000000003b74                __vsnprintf
                0x00000000000042a4                vsnprintk
                0x00000000000042b2                snprintk
 .text          0x00000000000042cc      0x2c0 /home/yin/imx-optee/imx-optee-os/out/arm-plat-imx/export-ta_arm32/lib/libutils.a(trace.o)
                0x000000000000431a                trace_set_level
                0x0000000000004338                trace_get_level
                0x000000000000434c                trace_printf
                0x0000000000004490                dhex_dump
 .text          0x000000000000458c       0xbc /home/yin/imx-optee/imx-optee-os/out/arm-plat-imx/export-ta_arm32/lib/libutils.a(mempool.o)
                0x000000000000458c                mempool_alloc_pool
                0x00000000000045d0                mempool_alloc
                0x000000000000461a                mempool_free
 .text.ret_idivmod_values
                0x0000000000004648        0x4 /home/yin/imx-optee/imx-optee-os/out/arm-plat-imx/export-ta_arm32/lib/libutils.a(arm32_aeabi_divmod_a32.o)
                0x0000000000004648                ret_idivmod_values
 .text.ret_uidivmod_values
                0x000000000000464c        0x4 /home/yin/imx-optee/imx-optee-os/out/arm-plat-imx/export-ta_arm32/lib/libutils.a(arm32_aeabi_divmod_a32.o)
                0x000000000000464c                ret_uidivmod_values
 .text.__aeabi_ldivmod
                0x0000000000004650       0x18 /home/yin/imx-optee/imx-optee-os/out/arm-plat-imx/export-ta_arm32/lib/libutils.a(arm32_aeabi_ldivmod_a32.o)
                0x0000000000004650                __aeabi_ldivmod
 .text.__aeabi_uldivmod
                0x0000000000004668       0x18 /home/yin/imx-optee/imx-optee-os/out/arm-plat-imx/export-ta_arm32/lib/libutils.a(arm32_aeabi_ldivmod_a32.o)
                0x0000000000004668                __aeabi_uldivmod
 .text          0x0000000000004680       0xe4 /home/yin/imx-optee/imx-optee-os/out/arm-plat-imx/export-ta_arm32/lib/libmpa.a(mpa_misc.o)
                0x0000000000004680                __mpa_set_unused_digits_to_zero
                0x000000000000469a                mpa_wipe
                0x00000000000046b0                mpa_copy
                0x00000000000046d2                mpa_abs
                0x00000000000046e6                mpa_highest_bit_index
                0x0000000000004710                mpa_get_bit
                0x000000000000473c                mpa_can_hold
                0x0000000000004750                mpa_parity
                0x0000000000004758                mpa_constant_one
 .text          0x0000000000004764      0x264 /home/yin/imx-optee/imx-optee-os/out/arm-plat-imx/export-ta_arm32/lib/libmpa.a(mpa_montgomery.o)
                0x0000000000004764                __mpa_montgomery_mul_add
                0x00000000000047c4                __mpa_montgomery_sub_ack
                0x0000000000004824                __mpa_montgomery_mul
                0x00000000000048bc                mpa_compute_fmm_context
                0x000000000000498c                mpa_montgomery_mul
 .text          0x00000000000049c8      0x278 /home/yin/imx-optee/imx-optee-os/out/arm-plat-imx/export-ta_arm32/lib/libmpa.a(mpa_primetest.o)
                0x00000000000049c8                mpa_is_prob_prime
 .text          0x0000000000004c40      0x114 /home/yin/imx-optee/imx-optee-os/out/arm-plat-imx/export-ta_arm32/lib/libmpa.a(mpa_expmod.o)
                0x0000000000004c40                mpa_exp_mod
 .text          0x0000000000004d54      0x490 /home/yin/imx-optee/imx-optee-os/out/arm-plat-imx/export-ta_arm32/lib/libmpa.a(mpa_io.o)
                0x0000000000004e40                mpa_get_str_size
                0x0000000000004e46                mpa_set_str
                0x000000000000501c                mpa_get_str
                0x0000000000005070                mpa_set_oct_str
                0x000000000000510c                mpa_get_oct_str
 .text          0x00000000000051e4       0x38 /home/yin/imx-optee/imx-optee-os/out/arm-plat-imx/export-ta_arm32/lib/libutee.a(assert.o)
                0x00000000000051e4                _assert_log
                0x000000000000520c                _assert_break
 .text          0x000000000000521c        0x4 ./user_ta_header.o
                0x000000000000521c                tahead_get_trace_level
 .text          0x0000000000005220        0x4 /home/yin/imx-optee/imx-optee-os/out/arm-plat-imx/export-ta_arm32/lib/libutee.a(tee_api_panic.o)
                0x0000000000005220                TEE_Panic
 .text          0x0000000000005224       0x2c /home/yin/imx-optee/imx-optee-os/out/arm-plat-imx/export-ta_arm32/lib/libutils.a(snprintf.o)
                0x0000000000005224                snprintf
                0x0000000000005242                vsnprintf
 .text          0x0000000000005250       0x1e /home/yin/imx-optee/imx-optee-os/out/arm-plat-imx/export-ta_arm32/lib/libutils.a(memcmp.o)
                0x0000000000005250                memcmp
 .text          0x000000000000526e       0x16 /home/yin/imx-optee/imx-optee-os/out/arm-plat-imx/export-ta_arm32/lib/libutils.a(memcpy.o)
                0x000000000000526e                memcpy
 .text          0x0000000000005284       0x34 /home/yin/imx-optee/imx-optee-os/out/arm-plat-imx/export-ta_arm32/lib/libutils.a(memmove.o)
                0x0000000000005284                memmove
 .text          0x00000000000052b8       0x10 /home/yin/imx-optee/imx-optee-os/out/arm-plat-imx/export-ta_arm32/lib/libutils.a(memset.o)
                0x00000000000052b8                memset
 .text          0x00000000000052c8       0x10 /home/yin/imx-optee/imx-optee-os/out/arm-plat-imx/export-ta_arm32/lib/libutils.a(strlen.o)
                0x00000000000052c8                strlen
 .text          0x00000000000052d8      0x1b6 /home/yin/imx-optee/imx-optee-os/out/arm-plat-imx/export-ta_arm32/lib/libutils.a(arm32_aeabi_divmod.o)
                0x0000000000005322                __aeabi_uidiv
                0x0000000000005342                __aeabi_uimod
                0x0000000000005362                __aeabi_uidivmod
                0x0000000000005388                __aeabi_idiv
                0x00000000000053d0                __aeabi_imod
                0x0000000000005440                __aeabi_idivmod
 .text          0x000000000000548e       0x2c /home/yin/imx-optee/imx-optee-os/out/arm-plat-imx/export-ta_arm32/lib/libutils.a(buf_compare_ct.o)
                0x000000000000548e                buf_compare_ct
 .text          0x00000000000054ba        0x6 /home/yin/imx-optee/imx-optee-os/out/arm-plat-imx/export-ta_arm32/lib/libutils.a(aeabi_unwind.o)
                0x00000000000054ba                __aeabi_unwind_cpp_pr0
                0x00000000000054bc                __aeabi_unwind_cpp_pr1
                0x00000000000054be                __aeabi_unwind_cpp_pr2
 .text          0x00000000000054c0       0x1c /home/yin/imx-optee/imx-optee-os/out/arm-plat-imx/export-ta_arm32/lib/libutils.a(memchr.o)
                0x00000000000054c0                memchr
 .text          0x00000000000054dc      0x160 /home/yin/imx-optee/imx-optee-os/out/arm-plat-imx/export-ta_arm32/lib/libutils.a(arm32_aeabi_ldivmod.o)
                0x00000000000054dc                __ul_divmod
                0x0000000000005550                __l_divmod
 .text          0x000000000000563c       0x76 /home/yin/imx-optee/imx-optee-os/out/arm-plat-imx/export-ta_arm32/lib/libmpa.a(mpa_conv.o)
                0x000000000000563c                mpa_set_S32
                0x0000000000005658                mpa_get_S32
                0x000000000000569a                mpa_set_word
                0x00000000000056a6                mpa_get_word
 .text          0x00000000000056b2      0x588 /home/yin/imx-optee/imx-optee-os/out/arm-plat-imx/export-ta_arm32/lib/libmpa.a(mpa_div.o)
                0x00000000000056b2                __mpa_div_dword
                0x000000000000570c                __mpa_div_q_r_internal_word
                0x00000000000057ca                __mpa_div_q_r
                0x0000000000005bac                mpa_div
 .text          0x0000000000005c3a      0x54a /home/yin/imx-optee/imx-optee-os/out/arm-plat-imx/export-ta_arm32/lib/libmpa.a(mpa_gcd.o)
                0x0000000000005fa0                mpa_gcd
                0x000000000000604a                mpa_extended_gcd
 .text          0x0000000000006184       0x42 /home/yin/imx-optee/imx-optee-os/out/arm-plat-imx/export-ta_arm32/lib/libmpa.a(mpa_mem_static.o)
                0x0000000000006184                mpa_alloc_static_temp_var_size
                0x00000000000061ac                mpa_alloc_static_temp_var
                0x00000000000061b6                mpa_free_static_temp_var
 .text          0x00000000000061c6      0x1f4 /home/yin/imx-optee/imx-optee-os/out/arm-plat-imx/export-ta_arm32/lib/libmpa.a(mpa_mul.o)
                0x00000000000061c6                __mpa_mul_add_word
                0x00000000000061d6                __mpa_mul_add_word_cum
                0x00000000000061ee                __mpa_abs_mul_word
                0x000000000000623e                __mpa_abs_mul
                0x00000000000062cc                mpa_mul
                0x000000000000634e                mpa_mul_word
 .text          0x00000000000063ba       0xd6 /home/yin/imx-optee/imx-optee-os/out/arm-plat-imx/export-ta_arm32/lib/libmpa.a(mpa_random.o)
                0x00000000000063ba                mpa_get_random
                0x000000000000645a                mpa_get_random_digits
 .text          0x0000000000006490      0x25a /home/yin/imx-optee/imx-optee-os/out/arm-plat-imx/export-ta_arm32/lib/libmpa.a(mpa_shift.o)
                0x0000000000006490                __mpa_shift_words_left
                0x00000000000064dc                __mpa_shift_words_right
                0x0000000000006520                mpa_shift_left
                0x0000000000006614                mpa_shift_right
 .text          0x00000000000066ea      0x57e /home/yin/imx-optee/imx-optee-os/out/arm-plat-imx/export-ta_arm32/lib/libmpa.a(mpa_addsub.o)
                0x00000000000066ea                __mpa_full_adder
                0x0000000000006702                __mpa_full_sub
                0x000000000000671a                __mpa_full_adder_ackum
                0x0000000000006734                __mpa_abs_add
                0x00000000000067de                __mpa_abs_add_ackum
                0x0000000000006852                __mpa_abs_sub
                0x00000000000068e6                mpa_add
                0x00000000000069d4                mpa_sub
                0x0000000000006ad8                mpa_neg
                0x0000000000006ae8                mpa_add_word
                0x0000000000006ba6                mpa_sub_word
 .text          0x0000000000006c68      0x10c /home/yin/imx-optee/imx-optee-os/out/arm-plat-imx/export-ta_arm32/lib/libmpa.a(mpa_cmp.o)
                0x0000000000006c68                __mpa_abs_cmp
                0x0000000000006cba                __mpa_abs_greater_than
                0x0000000000006cca                __mpa_abs_less_than
                0x0000000000006cd4                mpa_cmp
                0x0000000000006d1a                mpa_cmp_short
 .text          0x0000000000006d74       0x48 /home/yin/imx-optee/imx-optee-os/out/arm-plat-imx/export-ta_arm32/lib/libmpa.a(mpa_init.o)
                0x0000000000006d74                mpa_init_static
                0x0000000000006d86                mpa_init_static_fmm_context
 .text          0x0000000000006dbc      0x180 /home/yin/imx-optee/imx-optee-os/out/arm-plat-imx/export-ta_arm32/lib/libmpa.a(mpa_modulus.o)
                0x0000000000006dbc                mpa_mod
                0x0000000000006dd2                mpa_add_mod
                0x0000000000006e14                mpa_sub_mod
                0x0000000000006e56                mpa_mul_mod
                0x0000000000006e98                mpa_inv_mod
 .text          0x0000000000006f3c        0x0 /home/yin/imx-optee/imx-optee-os/out/arm-plat-imx/export-ta_arm32/lib/libutee.a(gprof_a32.o)
 .text          0x0000000000006f3c        0x0 /home/yin/imx-optee/imx-optee-os/out/arm-plat-imx/export-ta_arm32/lib/libutils.a(arm32_aeabi_divmod_a32.o)
 .text          0x0000000000006f3c        0x0 /home/yin/imx-optee/imx-optee-os/out/arm-plat-imx/export-ta_arm32/lib/libutils.a(arm32_aeabi_ldivmod_a32.o)
 *fill*         0x0000000000006f3c        0x4 
 .text.__stub   0x0000000000006f40       0x40 linker stubs
 *(SORT(.stub))
 *(SORT(.glue_7))
 .glue_7        0x0000000000006f80        0x0 linker stubs
 *(SORT(.glue_7t))
 .glue_7t       0x0000000000006f80        0x0 linker stubs
 *(SORT(.gnu.linkonce.t.*))
 *(SORT(.vfp11_veneer))
 .vfp11_veneer  0x0000000000006f80        0x0 linker stubs
                [!provide]                        PROVIDE (__gnu_mcount_nc, __utee_mcount)
                0x0000000000006f80                __text_end = .

.v4_bx          0x0000000000006f80        0x0
 .v4_bx         0x0000000000006f80        0x0 linker stubs

.iplt           0x0000000000006f80        0x0
 .iplt          0x0000000000006f80        0x0 ./aes_ta.o

.plt            0x0000000000006f80        0x0
 *(SORT(.plt))
 .plt           0x0000000000006f80        0x0 ./aes_ta.o

.eh_frame
 *(SORT(.eh_frame))

.rodata         0x0000000000006f80     0x1753
 *(SORT(.gnu.linkonce.r.*))
 *(SORT(.rodata) SORT(.rodata.*))
 .rodata.user_ta_header.c
                0x0000000000006f80       0x1b ./user_ta_header.o
                0x0000000000006f80                ta_num_props
                0x0000000000006f94                ta_heap_size
                0x0000000000006f98                trace_ext_prefix
 *fill*         0x0000000000006f9b        0x1 
 .rodata.lib/libmpa/mpa_misc.c
                0x0000000000006f9c       0x28 /home/yin/imx-optee/imx-optee-os/out/arm-plat-imx/export-ta_arm32/lib/libmpa.a(mpa_misc.o)
                0x0000000000006f9c                const_one
                0x0000000000006fa8                Const_1_LShift_Base
                0x0000000000006fb8                const_largest_deci_base
 .rodata.lib/libmpa/mpa_primetest.c
                0x0000000000006fc4      0xd30 /home/yin/imx-optee/imx-optee-os/out/arm-plat-imx/export-ta_arm32/lib/libmpa.a(mpa_primetest.o)
                0x0000000000006fc4                PRIME_TABLE
                0x0000000000007cec                NR_STORED_PRIMES
                0x0000000000007cf0                MAX_TABULATED_PRIME
 .rodata.aes_ta.c
                0x0000000000007cf4       0xb3 ./aes_ta.o
 .rodata.str1.1.aes_ta.c
                0x0000000000007da7      0x1cc ./aes_ta.o
 .rodata.str1.1.user_ta_header.c
                0x0000000000007f73       0xf2 ./user_ta_header.o
 .rodata.lib/libutee/tee_api.c
                0x0000000000008065        0xb /home/yin/imx-optee/imx-optee-os/out/arm-plat-imx/export-ta_arm32/lib/libutee.a(tee_api.o)
 .rodata.str1.1.lib/libutee/tee_api.c
                0x0000000000008070       0x11 /home/yin/imx-optee/imx-optee-os/out/arm-plat-imx/export-ta_arm32/lib/libutee.a(tee_api.o)
 .rodata.str1.1.lib/libutee/tee_api_arith.c
                0x0000000000008081       0x5b /home/yin/imx-optee/imx-optee-os/out/arm-plat-imx/export-ta_arm32/lib/libutee.a(tee_api_arith.o)
 .rodata.str1.1.lib/libutee/trace_ext.c
                0x00000000000080dc       0x5b /home/yin/imx-optee/imx-optee-os/out/arm-plat-imx/export-ta_arm32/lib/libutee.a(trace_ext.o)
                                          0x2 (size before relaxing)
 .rodata.lib/libutils/isoc/bget_malloc.c
                0x00000000000080dc       0x83 /home/yin/imx-optee/imx-optee-os/out/arm-plat-imx/export-ta_arm32/lib/libutils.a(bget_malloc.o)
 .rodata.str1.1.lib/libutils/isoc/bget_malloc.c
                0x000000000000815f      0x3e1 /home/yin/imx-optee/imx-optee-os/out/arm-plat-imx/export-ta_arm32/lib/libutils.a(bget_malloc.o)
                                        0x3ea (size before relaxing)
 .rodata.lib/libutils/ext/snprintk.c
                0x0000000000008540       0x22 /home/yin/imx-optee/imx-optee-os/out/arm-plat-imx/export-ta_arm32/lib/libutils.a(snprintk.o)
 .rodata.str1.1.lib/libutils/ext/snprintk.c
                0x0000000000008562       0x38 /home/yin/imx-optee/imx-optee-os/out/arm-plat-imx/export-ta_arm32/lib/libutils.a(snprintk.o)
 .rodata.lib/libutils/ext/trace.c
                0x000000000000859a        0xf /home/yin/imx-optee/imx-optee-os/out/arm-plat-imx/export-ta_arm32/lib/libutils.a(trace.o)
 .rodata.str1.1.lib/libutils/ext/trace.c
                0x00000000000085a9       0x3a /home/yin/imx-optee/imx-optee-os/out/arm-plat-imx/export-ta_arm32/lib/libutils.a(trace.o)
                                         0x3d (size before relaxing)
 .rodata.lib/libutils/ext/mempool.c
                0x00000000000085e3       0x13 /home/yin/imx-optee/imx-optee-os/out/arm-plat-imx/export-ta_arm32/lib/libutils.a(mempool.o)
 .rodata.str1.1.lib/libutils/ext/mempool.c
                0x00000000000085f6       0x3f /home/yin/imx-optee/imx-optee-os/out/arm-plat-imx/export-ta_arm32/lib/libutils.a(mempool.o)
 .rodata.lib/libmpa/mpa_io.c
                0x0000000000008635       0x18 /home/yin/imx-optee/imx-optee-os/out/arm-plat-imx/export-ta_arm32/lib/libmpa.a(mpa_io.o)
 .rodata.str1.1.lib/libmpa/mpa_io.c
                0x000000000000864d       0x5f /home/yin/imx-optee/imx-optee-os/out/arm-plat-imx/export-ta_arm32/lib/libmpa.a(mpa_io.o)
 .rodata.str1.1.lib/libutee/assert.c
                0x00000000000086ac       0x27 /home/yin/imx-optee/imx-optee-os/out/arm-plat-imx/export-ta_arm32/lib/libutee.a(assert.o)

.ARM.extab      0x00000000000086d4       0xfc
 .ARM.extab     0x00000000000086d4        0x0 ./aes_ta.o
 .ARM.extab     0x00000000000086d4        0x0 ./user_ta_header.o
 .ARM.extab     0x00000000000086d4       0x24 /home/yin/imx-optee/imx-optee-os/out/arm-plat-imx/export-ta_arm32/lib/libutee.a(tee_api.o)
 .ARM.extab     0x00000000000086f8       0x30 /home/yin/imx-optee/imx-optee-os/out/arm-plat-imx/export-ta_arm32/lib/libutee.a(tee_api_objects.o)
 .ARM.extab     0x0000000000008728        0xc /home/yin/imx-optee/imx-optee-os/out/arm-plat-imx/export-ta_arm32/lib/libutee.a(tee_api_operations.o)
 .ARM.extab     0x0000000000008734        0x0 /home/yin/imx-optee/imx-optee-os/out/arm-plat-imx/export-ta_arm32/lib/libutee.a(tee_api_panic.o)
 .ARM.extab     0x0000000000008734        0x0 /home/yin/imx-optee/imx-optee-os/out/arm-plat-imx/export-ta_arm32/lib/libutee.a(user_ta_entry.o)
 .ARM.extab     0x0000000000008734       0x3c /home/yin/imx-optee/imx-optee-os/out/arm-plat-imx/export-ta_arm32/lib/libutee.a(tee_api_arith.o)
 .ARM.extab     0x0000000000008770        0xc /home/yin/imx-optee/imx-optee-os/out/arm-plat-imx/export-ta_arm32/lib/libutee.a(trace_ext.o)
 .ARM.extab     0x000000000000877c        0xc /home/yin/imx-optee/imx-optee-os/out/arm-plat-imx/export-ta_arm32/lib/libutils.a(bget_malloc.o)
 .ARM.extab     0x0000000000008788        0xc /home/yin/imx-optee/imx-optee-os/out/arm-plat-imx/export-ta_arm32/lib/libutils.a(snprintf.o)
 .ARM.extab     0x0000000000008794        0x0 /home/yin/imx-optee/imx-optee-os/out/arm-plat-imx/export-ta_arm32/lib/libutils.a(memcmp.o)
 .ARM.extab     0x0000000000008794        0x0 /home/yin/imx-optee/imx-optee-os/out/arm-plat-imx/export-ta_arm32/lib/libutils.a(memcpy.o)
 .ARM.extab     0x0000000000008794        0x0 /home/yin/imx-optee/imx-optee-os/out/arm-plat-imx/export-ta_arm32/lib/libutils.a(memmove.o)
 .ARM.extab     0x0000000000008794        0x0 /home/yin/imx-optee/imx-optee-os/out/arm-plat-imx/export-ta_arm32/lib/libutils.a(memset.o)
 .ARM.extab     0x0000000000008794        0x0 /home/yin/imx-optee/imx-optee-os/out/arm-plat-imx/export-ta_arm32/lib/libutils.a(strlen.o)
 .ARM.extab     0x0000000000008794        0x0 /home/yin/imx-optee/imx-optee-os/out/arm-plat-imx/export-ta_arm32/lib/libutils.a(arm32_aeabi_divmod.o)
 .ARM.extab     0x0000000000008794        0xc /home/yin/imx-optee/imx-optee-os/out/arm-plat-imx/export-ta_arm32/lib/libutils.a(snprintk.o)
 .ARM.extab     0x00000000000087a0        0x0 /home/yin/imx-optee/imx-optee-os/out/arm-plat-imx/export-ta_arm32/lib/libutils.a(buf_compare_ct.o)
 .ARM.extab     0x00000000000087a0        0xc /home/yin/imx-optee/imx-optee-os/out/arm-plat-imx/export-ta_arm32/lib/libutils.a(trace.o)
 .ARM.extab     0x00000000000087ac        0x0 /home/yin/imx-optee/imx-optee-os/out/arm-plat-imx/export-ta_arm32/lib/libutils.a(mempool.o)
 .ARM.extab     0x00000000000087ac        0x0 /home/yin/imx-optee/imx-optee-os/out/arm-plat-imx/export-ta_arm32/lib/libutils.a(aeabi_unwind.o)
 .ARM.extab     0x00000000000087ac        0x0 /home/yin/imx-optee/imx-optee-os/out/arm-plat-imx/export-ta_arm32/lib/libutils.a(memchr.o)
 .ARM.extab     0x00000000000087ac        0x0 /home/yin/imx-optee/imx-optee-os/out/arm-plat-imx/export-ta_arm32/lib/libutils.a(arm32_aeabi_ldivmod.o)
 .ARM.extab     0x00000000000087ac        0x0 /home/yin/imx-optee/imx-optee-os/out/arm-plat-imx/export-ta_arm32/lib/libmpa.a(mpa_misc.o)
 .ARM.extab     0x00000000000087ac        0x0 /home/yin/imx-optee/imx-optee-os/out/arm-plat-imx/export-ta_arm32/lib/libmpa.a(mpa_montgomery.o)
 .ARM.extab     0x00000000000087ac        0x0 /home/yin/imx-optee/imx-optee-os/out/arm-plat-imx/export-ta_arm32/lib/libmpa.a(mpa_primetest.o)
 .ARM.extab     0x00000000000087ac        0x0 /home/yin/imx-optee/imx-optee-os/out/arm-plat-imx/export-ta_arm32/lib/libmpa.a(mpa_conv.o)
 .ARM.extab     0x00000000000087ac        0x0 /home/yin/imx-optee/imx-optee-os/out/arm-plat-imx/export-ta_arm32/lib/libmpa.a(mpa_div.o)
 .ARM.extab     0x00000000000087ac        0x0 /home/yin/imx-optee/imx-optee-os/out/arm-plat-imx/export-ta_arm32/lib/libmpa.a(mpa_gcd.o)
 .ARM.extab     0x00000000000087ac        0x0 /home/yin/imx-optee/imx-optee-os/out/arm-plat-imx/export-ta_arm32/lib/libmpa.a(mpa_mem_static.o)
 .ARM.extab     0x00000000000087ac        0x0 /home/yin/imx-optee/imx-optee-os/out/arm-plat-imx/export-ta_arm32/lib/libmpa.a(mpa_mul.o)
 .ARM.extab     0x00000000000087ac        0x0 /home/yin/imx-optee/imx-optee-os/out/arm-plat-imx/export-ta_arm32/lib/libmpa.a(mpa_random.o)
 .ARM.extab     0x00000000000087ac        0x0 /home/yin/imx-optee/imx-optee-os/out/arm-plat-imx/export-ta_arm32/lib/libmpa.a(mpa_shift.o)
 .ARM.extab     0x00000000000087ac        0x0 /home/yin/imx-optee/imx-optee-os/out/arm-plat-imx/export-ta_arm32/lib/libmpa.a(mpa_addsub.o)
 .ARM.extab     0x00000000000087ac       0x18 /home/yin/imx-optee/imx-optee-os/out/arm-plat-imx/export-ta_arm32/lib/libmpa.a(mpa_cmp.o)
 .ARM.extab     0x00000000000087c4        0x0 /home/yin/imx-optee/imx-optee-os/out/arm-plat-imx/export-ta_arm32/lib/libmpa.a(mpa_expmod.o)
 .ARM.extab     0x00000000000087c4        0x0 /home/yin/imx-optee/imx-optee-os/out/arm-plat-imx/export-ta_arm32/lib/libmpa.a(mpa_init.o)
 .ARM.extab     0x00000000000087c4        0x0 /home/yin/imx-optee/imx-optee-os/out/arm-plat-imx/export-ta_arm32/lib/libmpa.a(mpa_io.o)
 .ARM.extab     0x00000000000087c4        0x0 /home/yin/imx-optee/imx-optee-os/out/arm-plat-imx/export-ta_arm32/lib/libmpa.a(mpa_modulus.o)
 .ARM.extab     0x00000000000087c4        0xc /home/yin/imx-optee/imx-optee-os/out/arm-plat-imx/export-ta_arm32/lib/libutee.a(assert.o)

.gnu.version_d  0x00000000000087d0        0x0
 .gnu.version_d
                0x00000000000087d0        0x0 ./aes_ta.o

.gnu.version    0x00000000000087d0        0x0
 .gnu.version   0x00000000000087d0        0x0 ./aes_ta.o

.gnu.version_r  0x00000000000087d0        0x0
 .gnu.version_r
                0x00000000000087d0        0x0 ./aes_ta.o

.ARM.extab.text.utee_panic
                0x00000000000087d0        0xc
 .ARM.extab.text.utee_panic
                0x00000000000087d0        0xc /home/yin/imx-optee/imx-optee-os/out/arm-plat-imx/export-ta_arm32/lib/libutee.a(utee_syscalls_a32.o)

.ARM.extab.text.utee_return
                0x00000000000087dc        0x0
 .ARM.extab.text.utee_return
                0x00000000000087dc        0x0 /home/yin/imx-optee/imx-optee-os/out/arm-plat-imx/export-ta_arm32/lib/libutee.a(utee_syscalls_a32.o)

.ARM.extab.text.utee_log
                0x00000000000087dc        0x0
 .ARM.extab.text.utee_log
                0x00000000000087dc        0x0 /home/yin/imx-optee/imx-optee-os/out/arm-plat-imx/export-ta_arm32/lib/libutee.a(utee_syscalls_a32.o)

.ARM.extab.text.__utee_panic
                0x00000000000087dc        0x0
 .ARM.extab.text.__utee_panic
                0x00000000000087dc        0x0 /home/yin/imx-optee/imx-optee-os/out/arm-plat-imx/export-ta_arm32/lib/libutee.a(utee_syscalls_a32.o)

.ARM.extab.text.utee_get_property
                0x00000000000087dc        0x0
 .ARM.extab.text.utee_get_property
                0x00000000000087dc        0x0 /home/yin/imx-optee/imx-optee-os/out/arm-plat-imx/export-ta_arm32/lib/libutee.a(utee_syscalls_a32.o)

.ARM.extab.text.utee_get_property_name_to_index
                0x00000000000087dc        0x0
 .ARM.extab.text.utee_get_property_name_to_index
                0x00000000000087dc        0x0 /home/yin/imx-optee/imx-optee-os/out/arm-plat-imx/export-ta_arm32/lib/libutee.a(utee_syscalls_a32.o)

.ARM.extab.text.utee_open_ta_session
                0x00000000000087dc        0x0
 .ARM.extab.text.utee_open_ta_session
                0x00000000000087dc        0x0 /home/yin/imx-optee/imx-optee-os/out/arm-plat-imx/export-ta_arm32/lib/libutee.a(utee_syscalls_a32.o)

.ARM.extab.text.utee_close_ta_session
                0x00000000000087dc        0x0
 .ARM.extab.text.utee_close_ta_session
                0x00000000000087dc        0x0 /home/yin/imx-optee/imx-optee-os/out/arm-plat-imx/export-ta_arm32/lib/libutee.a(utee_syscalls_a32.o)

.ARM.extab.text.utee_invoke_ta_command
                0x00000000000087dc        0x0
 .ARM.extab.text.utee_invoke_ta_command
                0x00000000000087dc        0x0 /home/yin/imx-optee/imx-optee-os/out/arm-plat-imx/export-ta_arm32/lib/libutee.a(utee_syscalls_a32.o)

.ARM.extab.text.utee_get_cancellation_flag
                0x00000000000087dc        0x0
 .ARM.extab.text.utee_get_cancellation_flag
                0x00000000000087dc        0x0 /home/yin/imx-optee/imx-optee-os/out/arm-plat-imx/export-ta_arm32/lib/libutee.a(utee_syscalls_a32.o)

.ARM.extab.text.utee_check_access_rights
                0x00000000000087dc        0x0
 .ARM.extab.text.utee_check_access_rights
                0x00000000000087dc        0x0 /home/yin/imx-optee/imx-optee-os/out/arm-plat-imx/export-ta_arm32/lib/libutee.a(utee_syscalls_a32.o)

.ARM.extab.text.utee_unmask_cancellation
                0x00000000000087dc        0x0
 .ARM.extab.text.utee_unmask_cancellation
                0x00000000000087dc        0x0 /home/yin/imx-optee/imx-optee-os/out/arm-plat-imx/export-ta_arm32/lib/libutee.a(utee_syscalls_a32.o)

.ARM.extab.text.utee_mask_cancellation
                0x00000000000087dc        0x0
 .ARM.extab.text.utee_mask_cancellation
                0x00000000000087dc        0x0 /home/yin/imx-optee/imx-optee-os/out/arm-plat-imx/export-ta_arm32/lib/libutee.a(utee_syscalls_a32.o)

.ARM.extab.text.utee_wait
                0x00000000000087dc        0x0
 .ARM.extab.text.utee_wait
                0x00000000000087dc        0x0 /home/yin/imx-optee/imx-optee-os/out/arm-plat-imx/export-ta_arm32/lib/libutee.a(utee_syscalls_a32.o)

.ARM.extab.text.utee_get_time
                0x00000000000087dc        0x0
 .ARM.extab.text.utee_get_time
                0x00000000000087dc        0x0 /home/yin/imx-optee/imx-optee-os/out/arm-plat-imx/export-ta_arm32/lib/libutee.a(utee_syscalls_a32.o)

.ARM.extab.text.utee_set_ta_time
                0x00000000000087dc        0x0
 .ARM.extab.text.utee_set_ta_time
                0x00000000000087dc        0x0 /home/yin/imx-optee/imx-optee-os/out/arm-plat-imx/export-ta_arm32/lib/libutee.a(utee_syscalls_a32.o)

.ARM.extab.text.utee_cryp_state_alloc
                0x00000000000087dc        0x0
 .ARM.extab.text.utee_cryp_state_alloc
                0x00000000000087dc        0x0 /home/yin/imx-optee/imx-optee-os/out/arm-plat-imx/export-ta_arm32/lib/libutee.a(utee_syscalls_a32.o)

.ARM.extab.text.utee_cryp_state_copy
                0x00000000000087dc        0x0
 .ARM.extab.text.utee_cryp_state_copy
                0x00000000000087dc        0x0 /home/yin/imx-optee/imx-optee-os/out/arm-plat-imx/export-ta_arm32/lib/libutee.a(utee_syscalls_a32.o)

.ARM.extab.text.utee_cryp_state_free
                0x00000000000087dc        0x0
 .ARM.extab.text.utee_cryp_state_free
                0x00000000000087dc        0x0 /home/yin/imx-optee/imx-optee-os/out/arm-plat-imx/export-ta_arm32/lib/libutee.a(utee_syscalls_a32.o)

.ARM.extab.text.utee_hash_init
                0x00000000000087dc        0x0
 .ARM.extab.text.utee_hash_init
                0x00000000000087dc        0x0 /home/yin/imx-optee/imx-optee-os/out/arm-plat-imx/export-ta_arm32/lib/libutee.a(utee_syscalls_a32.o)

.ARM.extab.text.utee_hash_update
                0x00000000000087dc        0x0
 .ARM.extab.text.utee_hash_update
                0x00000000000087dc        0x0 /home/yin/imx-optee/imx-optee-os/out/arm-plat-imx/export-ta_arm32/lib/libutee.a(utee_syscalls_a32.o)

.ARM.extab.text.utee_hash_final
                0x00000000000087dc        0x0
 .ARM.extab.text.utee_hash_final
                0x00000000000087dc        0x0 /home/yin/imx-optee/imx-optee-os/out/arm-plat-imx/export-ta_arm32/lib/libutee.a(utee_syscalls_a32.o)

.ARM.extab.text.utee_cipher_init
                0x00000000000087dc        0x0
 .ARM.extab.text.utee_cipher_init
                0x00000000000087dc        0x0 /home/yin/imx-optee/imx-optee-os/out/arm-plat-imx/export-ta_arm32/lib/libutee.a(utee_syscalls_a32.o)

.ARM.extab.text.utee_cipher_update
                0x00000000000087dc        0x0
 .ARM.extab.text.utee_cipher_update
                0x00000000000087dc        0x0 /home/yin/imx-optee/imx-optee-os/out/arm-plat-imx/export-ta_arm32/lib/libutee.a(utee_syscalls_a32.o)

.ARM.extab.text.utee_cipher_final
                0x00000000000087dc        0x0
 .ARM.extab.text.utee_cipher_final
                0x00000000000087dc        0x0 /home/yin/imx-optee/imx-optee-os/out/arm-plat-imx/export-ta_arm32/lib/libutee.a(utee_syscalls_a32.o)

.ARM.extab.text.utee_cryp_obj_get_info
                0x00000000000087dc        0x0
 .ARM.extab.text.utee_cryp_obj_get_info
                0x00000000000087dc        0x0 /home/yin/imx-optee/imx-optee-os/out/arm-plat-imx/export-ta_arm32/lib/libutee.a(utee_syscalls_a32.o)

.ARM.extab.text.utee_cryp_obj_restrict_usage
                0x00000000000087dc        0x0
 .ARM.extab.text.utee_cryp_obj_restrict_usage
                0x00000000000087dc        0x0 /home/yin/imx-optee/imx-optee-os/out/arm-plat-imx/export-ta_arm32/lib/libutee.a(utee_syscalls_a32.o)

.ARM.extab.text.utee_cryp_obj_get_attr
                0x00000000000087dc        0x0
 .ARM.extab.text.utee_cryp_obj_get_attr
                0x00000000000087dc        0x0 /home/yin/imx-optee/imx-optee-os/out/arm-plat-imx/export-ta_arm32/lib/libutee.a(utee_syscalls_a32.o)

.ARM.extab.text.utee_cryp_obj_alloc
                0x00000000000087dc        0x0
 .ARM.extab.text.utee_cryp_obj_alloc
                0x00000000000087dc        0x0 /home/yin/imx-optee/imx-optee-os/out/arm-plat-imx/export-ta_arm32/lib/libutee.a(utee_syscalls_a32.o)

.ARM.extab.text.utee_cryp_obj_close
                0x00000000000087dc        0x0
 .ARM.extab.text.utee_cryp_obj_close
                0x00000000000087dc        0x0 /home/yin/imx-optee/imx-optee-os/out/arm-plat-imx/export-ta_arm32/lib/libutee.a(utee_syscalls_a32.o)

.ARM.extab.text.utee_cryp_obj_reset
                0x00000000000087dc        0x0
 .ARM.extab.text.utee_cryp_obj_reset
                0x00000000000087dc        0x0 /home/yin/imx-optee/imx-optee-os/out/arm-plat-imx/export-ta_arm32/lib/libutee.a(utee_syscalls_a32.o)

.ARM.extab.text.utee_cryp_obj_populate
                0x00000000000087dc        0x0
 .ARM.extab.text.utee_cryp_obj_populate
                0x00000000000087dc        0x0 /home/yin/imx-optee/imx-optee-os/out/arm-plat-imx/export-ta_arm32/lib/libutee.a(utee_syscalls_a32.o)

.ARM.extab.text.utee_cryp_obj_copy
                0x00000000000087dc        0x0
 .ARM.extab.text.utee_cryp_obj_copy
                0x00000000000087dc        0x0 /home/yin/imx-optee/imx-optee-os/out/arm-plat-imx/export-ta_arm32/lib/libutee.a(utee_syscalls_a32.o)

.ARM.extab.text.utee_cryp_derive_key
                0x00000000000087dc        0x0
 .ARM.extab.text.utee_cryp_derive_key
                0x00000000000087dc        0x0 /home/yin/imx-optee/imx-optee-os/out/arm-plat-imx/export-ta_arm32/lib/libutee.a(utee_syscalls_a32.o)

.ARM.extab.text.utee_cryp_random_number_generate
                0x00000000000087dc        0x0
 .ARM.extab.text.utee_cryp_random_number_generate
                0x00000000000087dc        0x0 /home/yin/imx-optee/imx-optee-os/out/arm-plat-imx/export-ta_arm32/lib/libutee.a(utee_syscalls_a32.o)

.ARM.extab.text.utee_authenc_init
                0x00000000000087dc        0x0
 .ARM.extab.text.utee_authenc_init
                0x00000000000087dc        0x0 /home/yin/imx-optee/imx-optee-os/out/arm-plat-imx/export-ta_arm32/lib/libutee.a(utee_syscalls_a32.o)

.ARM.extab.text.utee_authenc_update_aad
                0x00000000000087dc        0x0
 .ARM.extab.text.utee_authenc_update_aad
                0x00000000000087dc        0x0 /home/yin/imx-optee/imx-optee-os/out/arm-plat-imx/export-ta_arm32/lib/libutee.a(utee_syscalls_a32.o)

.ARM.extab.text.utee_authenc_update_payload
                0x00000000000087dc        0x0
 .ARM.extab.text.utee_authenc_update_payload
                0x00000000000087dc        0x0 /home/yin/imx-optee/imx-optee-os/out/arm-plat-imx/export-ta_arm32/lib/libutee.a(utee_syscalls_a32.o)

.ARM.extab.text.utee_authenc_enc_final
                0x00000000000087dc        0x0
 .ARM.extab.text.utee_authenc_enc_final
                0x00000000000087dc        0x0 /home/yin/imx-optee/imx-optee-os/out/arm-plat-imx/export-ta_arm32/lib/libutee.a(utee_syscalls_a32.o)

.ARM.extab.text.utee_authenc_dec_final
                0x00000000000087dc        0x0
 .ARM.extab.text.utee_authenc_dec_final
                0x00000000000087dc        0x0 /home/yin/imx-optee/imx-optee-os/out/arm-plat-imx/export-ta_arm32/lib/libutee.a(utee_syscalls_a32.o)

.ARM.extab.text.utee_asymm_operate
                0x00000000000087dc        0x0
 .ARM.extab.text.utee_asymm_operate
                0x00000000000087dc        0x0 /home/yin/imx-optee/imx-optee-os/out/arm-plat-imx/export-ta_arm32/lib/libutee.a(utee_syscalls_a32.o)

.ARM.extab.text.utee_asymm_verify
                0x00000000000087dc        0x0
 .ARM.extab.text.utee_asymm_verify
                0x00000000000087dc        0x0 /home/yin/imx-optee/imx-optee-os/out/arm-plat-imx/export-ta_arm32/lib/libutee.a(utee_syscalls_a32.o)

.ARM.extab.text.utee_storage_obj_open
                0x00000000000087dc        0x0
 .ARM.extab.text.utee_storage_obj_open
                0x00000000000087dc        0x0 /home/yin/imx-optee/imx-optee-os/out/arm-plat-imx/export-ta_arm32/lib/libutee.a(utee_syscalls_a32.o)

.ARM.extab.text.utee_storage_obj_create
                0x00000000000087dc        0x0
 .ARM.extab.text.utee_storage_obj_create
                0x00000000000087dc        0x0 /home/yin/imx-optee/imx-optee-os/out/arm-plat-imx/export-ta_arm32/lib/libutee.a(utee_syscalls_a32.o)

.ARM.extab.text.utee_storage_obj_del
                0x00000000000087dc        0x0
 .ARM.extab.text.utee_storage_obj_del
                0x00000000000087dc        0x0 /home/yin/imx-optee/imx-optee-os/out/arm-plat-imx/export-ta_arm32/lib/libutee.a(utee_syscalls_a32.o)

.ARM.extab.text.utee_storage_obj_rename
                0x00000000000087dc        0x0
 .ARM.extab.text.utee_storage_obj_rename
                0x00000000000087dc        0x0 /home/yin/imx-optee/imx-optee-os/out/arm-plat-imx/export-ta_arm32/lib/libutee.a(utee_syscalls_a32.o)

.ARM.extab.text.utee_storage_alloc_enum
                0x00000000000087dc        0x0
 .ARM.extab.text.utee_storage_alloc_enum
                0x00000000000087dc        0x0 /home/yin/imx-optee/imx-optee-os/out/arm-plat-imx/export-ta_arm32/lib/libutee.a(utee_syscalls_a32.o)

.ARM.extab.text.utee_storage_free_enum
                0x00000000000087dc        0x0
 .ARM.extab.text.utee_storage_free_enum
                0x00000000000087dc        0x0 /home/yin/imx-optee/imx-optee-os/out/arm-plat-imx/export-ta_arm32/lib/libutee.a(utee_syscalls_a32.o)

.ARM.extab.text.utee_storage_reset_enum
                0x00000000000087dc        0x0
 .ARM.extab.text.utee_storage_reset_enum
                0x00000000000087dc        0x0 /home/yin/imx-optee/imx-optee-os/out/arm-plat-imx/export-ta_arm32/lib/libutee.a(utee_syscalls_a32.o)

.ARM.extab.text.utee_storage_start_enum
                0x00000000000087dc        0x0
 .ARM.extab.text.utee_storage_start_enum
                0x00000000000087dc        0x0 /home/yin/imx-optee/imx-optee-os/out/arm-plat-imx/export-ta_arm32/lib/libutee.a(utee_syscalls_a32.o)

.ARM.extab.text.utee_storage_next_enum
                0x00000000000087dc        0x0
 .ARM.extab.text.utee_storage_next_enum
                0x00000000000087dc        0x0 /home/yin/imx-optee/imx-optee-os/out/arm-plat-imx/export-ta_arm32/lib/libutee.a(utee_syscalls_a32.o)

.ARM.extab.text.utee_storage_obj_read
                0x00000000000087dc        0x0
 .ARM.extab.text.utee_storage_obj_read
                0x00000000000087dc        0x0 /home/yin/imx-optee/imx-optee-os/out/arm-plat-imx/export-ta_arm32/lib/libutee.a(utee_syscalls_a32.o)

.ARM.extab.text.utee_storage_obj_write
                0x00000000000087dc        0x0
 .ARM.extab.text.utee_storage_obj_write
                0x00000000000087dc        0x0 /home/yin/imx-optee/imx-optee-os/out/arm-plat-imx/export-ta_arm32/lib/libutee.a(utee_syscalls_a32.o)

.ARM.extab.text.utee_storage_obj_trunc
                0x00000000000087dc        0x0
 .ARM.extab.text.utee_storage_obj_trunc
                0x00000000000087dc        0x0 /home/yin/imx-optee/imx-optee-os/out/arm-plat-imx/export-ta_arm32/lib/libutee.a(utee_syscalls_a32.o)

.ARM.extab.text.utee_storage_obj_seek
                0x00000000000087dc        0x0
 .ARM.extab.text.utee_storage_obj_seek
                0x00000000000087dc        0x0 /home/yin/imx-optee/imx-optee-os/out/arm-plat-imx/export-ta_arm32/lib/libutee.a(utee_syscalls_a32.o)

.ARM.extab.text.utee_cryp_obj_generate_key
                0x00000000000087dc        0x0
 .ARM.extab.text.utee_cryp_obj_generate_key
                0x00000000000087dc        0x0 /home/yin/imx-optee/imx-optee-os/out/arm-plat-imx/export-ta_arm32/lib/libutee.a(utee_syscalls_a32.o)

.ARM.extab.text.utee_se_service_open
                0x00000000000087dc        0x0
 .ARM.extab.text.utee_se_service_open
                0x00000000000087dc        0x0 /home/yin/imx-optee/imx-optee-os/out/arm-plat-imx/export-ta_arm32/lib/libutee.a(utee_syscalls_a32.o)

.ARM.extab.text.utee_se_service_close
                0x00000000000087dc        0x0
 .ARM.extab.text.utee_se_service_close
                0x00000000000087dc        0x0 /home/yin/imx-optee/imx-optee-os/out/arm-plat-imx/export-ta_arm32/lib/libutee.a(utee_syscalls_a32.o)

.ARM.extab.text.utee_se_service_get_readers
                0x00000000000087dc        0x0
 .ARM.extab.text.utee_se_service_get_readers
                0x00000000000087dc        0x0 /home/yin/imx-optee/imx-optee-os/out/arm-plat-imx/export-ta_arm32/lib/libutee.a(utee_syscalls_a32.o)

.ARM.extab.text.utee_se_reader_get_prop
                0x00000000000087dc        0x0
 .ARM.extab.text.utee_se_reader_get_prop
                0x00000000000087dc        0x0 /home/yin/imx-optee/imx-optee-os/out/arm-plat-imx/export-ta_arm32/lib/libutee.a(utee_syscalls_a32.o)

.ARM.extab.text.utee_se_reader_get_name
                0x00000000000087dc        0x0
 .ARM.extab.text.utee_se_reader_get_name
                0x00000000000087dc        0x0 /home/yin/imx-optee/imx-optee-os/out/arm-plat-imx/export-ta_arm32/lib/libutee.a(utee_syscalls_a32.o)

.ARM.extab.text.utee_se_reader_open_session
                0x00000000000087dc        0x0
 .ARM.extab.text.utee_se_reader_open_session
                0x00000000000087dc        0x0 /home/yin/imx-optee/imx-optee-os/out/arm-plat-imx/export-ta_arm32/lib/libutee.a(utee_syscalls_a32.o)

.ARM.extab.text.utee_se_reader_close_sessions
                0x00000000000087dc        0x0
 .ARM.extab.text.utee_se_reader_close_sessions
                0x00000000000087dc        0x0 /home/yin/imx-optee/imx-optee-os/out/arm-plat-imx/export-ta_arm32/lib/libutee.a(utee_syscalls_a32.o)

.ARM.extab.text.utee_se_session_is_closed
                0x00000000000087dc        0x0
 .ARM.extab.text.utee_se_session_is_closed
                0x00000000000087dc        0x0 /home/yin/imx-optee/imx-optee-os/out/arm-plat-imx/export-ta_arm32/lib/libutee.a(utee_syscalls_a32.o)

.ARM.extab.text.utee_se_session_get_atr
                0x00000000000087dc        0x0
 .ARM.extab.text.utee_se_session_get_atr
                0x00000000000087dc        0x0 /home/yin/imx-optee/imx-optee-os/out/arm-plat-imx/export-ta_arm32/lib/libutee.a(utee_syscalls_a32.o)

.ARM.extab.text.utee_se_session_open_channel
                0x00000000000087dc        0x0
 .ARM.extab.text.utee_se_session_open_channel
                0x00000000000087dc        0x0 /home/yin/imx-optee/imx-optee-os/out/arm-plat-imx/export-ta_arm32/lib/libutee.a(utee_syscalls_a32.o)

.ARM.extab.text.utee_se_session_close
                0x00000000000087dc        0x0
 .ARM.extab.text.utee_se_session_close
                0x00000000000087dc        0x0 /home/yin/imx-optee/imx-optee-os/out/arm-plat-imx/export-ta_arm32/lib/libutee.a(utee_syscalls_a32.o)

.ARM.extab.text.utee_se_channel_select_next
                0x00000000000087dc        0x0
 .ARM.extab.text.utee_se_channel_select_next
                0x00000000000087dc        0x0 /home/yin/imx-optee/imx-optee-os/out/arm-plat-imx/export-ta_arm32/lib/libutee.a(utee_syscalls_a32.o)

.ARM.extab.text.utee_se_channel_get_select_resp
                0x00000000000087dc        0x0
 .ARM.extab.text.utee_se_channel_get_select_resp
                0x00000000000087dc        0x0 /home/yin/imx-optee/imx-optee-os/out/arm-plat-imx/export-ta_arm32/lib/libutee.a(utee_syscalls_a32.o)

.ARM.extab.text.utee_se_channel_transmit
                0x00000000000087dc        0x0
 .ARM.extab.text.utee_se_channel_transmit
                0x00000000000087dc        0x0 /home/yin/imx-optee/imx-optee-os/out/arm-plat-imx/export-ta_arm32/lib/libutee.a(utee_syscalls_a32.o)

.ARM.extab.text.utee_se_channel_close
                0x00000000000087dc        0x0
 .ARM.extab.text.utee_se_channel_close
                0x00000000000087dc        0x0 /home/yin/imx-optee/imx-optee-os/out/arm-plat-imx/export-ta_arm32/lib/libutee.a(utee_syscalls_a32.o)

.ARM.extab.text.utee_cache_operation
                0x00000000000087dc        0x0
 .ARM.extab.text.utee_cache_operation
                0x00000000000087dc        0x0 /home/yin/imx-optee/imx-optee-os/out/arm-plat-imx/export-ta_arm32/lib/libutee.a(utee_syscalls_a32.o)

.ARM.extab.text.unlikely
                0x00000000000087dc        0xc
 .ARM.extab.text.unlikely
                0x00000000000087dc        0xc /home/yin/imx-optee/imx-optee-os/out/arm-plat-imx/export-ta_arm32/lib/libutee.a(tee_api_arith.o)

.ARM.extab.text.ret_idivmod_values
                0x00000000000087e8        0x0
 .ARM.extab.text.ret_idivmod_values
                0x00000000000087e8        0x0 /home/yin/imx-optee/imx-optee-os/out/arm-plat-imx/export-ta_arm32/lib/libutils.a(arm32_aeabi_divmod_a32.o)

.ARM.extab.text.ret_uidivmod_values
                0x00000000000087e8        0x0
 .ARM.extab.text.ret_uidivmod_values
                0x00000000000087e8        0x0 /home/yin/imx-optee/imx-optee-os/out/arm-plat-imx/export-ta_arm32/lib/libutils.a(arm32_aeabi_divmod_a32.o)

.ARM.extab.text.__aeabi_ldivmod
                0x00000000000087e8        0xc
 .ARM.extab.text.__aeabi_ldivmod
                0x00000000000087e8        0xc /home/yin/imx-optee/imx-optee-os/out/arm-plat-imx/export-ta_arm32/lib/libutils.a(arm32_aeabi_ldivmod_a32.o)

.ARM.extab.text.__aeabi_uldivmod
                0x00000000000087f4        0xc
 .ARM.extab.text.__aeabi_uldivmod
                0x00000000000087f4        0xc /home/yin/imx-optee/imx-optee-os/out/arm-plat-imx/export-ta_arm32/lib/libutils.a(arm32_aeabi_ldivmod_a32.o)

.ARM.exidx      0x0000000000008800      0x658
 *(SORT(.ARM.exidx*) SORT(.gnu.linkonce.armexidx.*))
 .ARM.exidx     0x0000000000008800       0x20 ./aes_ta.o
                                         0x28 (size before relaxing)
 .ARM.exidx     0x0000000000008cb0        0x8 ./user_ta_header.o
 .ARM.exidx     0x0000000000008820       0x68 /home/yin/imx-optee/imx-optee-os/out/arm-plat-imx/export-ta_arm32/lib/libutee.a(tee_api.o)
                                         0xc8 (size before relaxing)
 .ARM.exidx     0x0000000000008888       0xd0 /home/yin/imx-optee/imx-optee-os/out/arm-plat-imx/export-ta_arm32/lib/libutee.a(tee_api_objects.o)
                                         0xf8 (size before relaxing)
 .ARM.exidx     0x0000000000008958       0xd8 /home/yin/imx-optee/imx-optee-os/out/arm-plat-imx/export-ta_arm32/lib/libutee.a(tee_api_operations.o)
                                         0xf0 (size before relaxing)
 .ARM.exidx     0x0000000000008cb8        0x0 /home/yin/imx-optee/imx-optee-os/out/arm-plat-imx/export-ta_arm32/lib/libutee.a(tee_api_panic.o)
                                          0x8 (size before relaxing)
 .ARM.exidx     0x0000000000008a30       0x18 /home/yin/imx-optee/imx-optee-os/out/arm-plat-imx/export-ta_arm32/lib/libutee.a(user_ta_entry.o)
 .ARM.exidx.text.utee_panic
                0x0000000000008a48        0x8 /home/yin/imx-optee/imx-optee-os/out/arm-plat-imx/export-ta_arm32/lib/libutee.a(utee_syscalls_a32.o)
 .ARM.exidx.text.utee_return
                0x0000000000008a50        0x8 /home/yin/imx-optee/imx-optee-os/out/arm-plat-imx/export-ta_arm32/lib/libutee.a(utee_syscalls_a32.o)
 .ARM.exidx.text.utee_log
                0x0000000000008a58        0x0 /home/yin/imx-optee/imx-optee-os/out/arm-plat-imx/export-ta_arm32/lib/libutee.a(utee_syscalls_a32.o)
                                          0x8 (size before relaxing)
 .ARM.exidx.text.__utee_panic
                0x0000000000008a58        0x0 /home/yin/imx-optee/imx-optee-os/out/arm-plat-imx/export-ta_arm32/lib/libutee.a(utee_syscalls_a32.o)
                                          0x8 (size before relaxing)
 .ARM.exidx.text.utee_get_property
                0x0000000000008a58        0x0 /home/yin/imx-optee/imx-optee-os/out/arm-plat-imx/export-ta_arm32/lib/libutee.a(utee_syscalls_a32.o)
                                          0x8 (size before relaxing)
 .ARM.exidx.text.utee_get_property_name_to_index
                0x0000000000008a58        0x0 /home/yin/imx-optee/imx-optee-os/out/arm-plat-imx/export-ta_arm32/lib/libutee.a(utee_syscalls_a32.o)
                                          0x8 (size before relaxing)
 .ARM.exidx.text.utee_open_ta_session
                0x0000000000008a58        0x0 /home/yin/imx-optee/imx-optee-os/out/arm-plat-imx/export-ta_arm32/lib/libutee.a(utee_syscalls_a32.o)
                                          0x8 (size before relaxing)
 .ARM.exidx.text.utee_close_ta_session
                0x0000000000008a58        0x0 /home/yin/imx-optee/imx-optee-os/out/arm-plat-imx/export-ta_arm32/lib/libutee.a(utee_syscalls_a32.o)
                                          0x8 (size before relaxing)
 .ARM.exidx.text.utee_invoke_ta_command
                0x0000000000008a58        0x0 /home/yin/imx-optee/imx-optee-os/out/arm-plat-imx/export-ta_arm32/lib/libutee.a(utee_syscalls_a32.o)
                                          0x8 (size before relaxing)
 .ARM.exidx.text.utee_get_cancellation_flag
                0x0000000000008a58        0x0 /home/yin/imx-optee/imx-optee-os/out/arm-plat-imx/export-ta_arm32/lib/libutee.a(utee_syscalls_a32.o)
                                          0x8 (size before relaxing)
 .ARM.exidx.text.utee_check_access_rights
                0x0000000000008a58        0x0 /home/yin/imx-optee/imx-optee-os/out/arm-plat-imx/export-ta_arm32/lib/libutee.a(utee_syscalls_a32.o)
                                          0x8 (size before relaxing)
 .ARM.exidx.text.utee_unmask_cancellation
                0x0000000000008a58        0x0 /home/yin/imx-optee/imx-optee-os/out/arm-plat-imx/export-ta_arm32/lib/libutee.a(utee_syscalls_a32.o)
                                          0x8 (size before relaxing)
 .ARM.exidx.text.utee_mask_cancellation
                0x0000000000008a58        0x0 /home/yin/imx-optee/imx-optee-os/out/arm-plat-imx/export-ta_arm32/lib/libutee.a(utee_syscalls_a32.o)
                                          0x8 (size before relaxing)
 .ARM.exidx.text.utee_wait
                0x0000000000008a58        0x0 /home/yin/imx-optee/imx-optee-os/out/arm-plat-imx/export-ta_arm32/lib/libutee.a(utee_syscalls_a32.o)
                                          0x8 (size before relaxing)
 .ARM.exidx.text.utee_get_time
                0x0000000000008a58        0x0 /home/yin/imx-optee/imx-optee-os/out/arm-plat-imx/export-ta_arm32/lib/libutee.a(utee_syscalls_a32.o)
                                          0x8 (size before relaxing)
 .ARM.exidx.text.utee_set_ta_time
                0x0000000000008a58        0x0 /home/yin/imx-optee/imx-optee-os/out/arm-plat-imx/export-ta_arm32/lib/libutee.a(utee_syscalls_a32.o)
                                          0x8 (size before relaxing)
 .ARM.exidx.text.utee_cryp_state_alloc
                0x0000000000008a58        0x0 /home/yin/imx-optee/imx-optee-os/out/arm-plat-imx/export-ta_arm32/lib/libutee.a(utee_syscalls_a32.o)
                                          0x8 (size before relaxing)
 .ARM.exidx.text.utee_cryp_state_copy
                0x0000000000008a58        0x0 /home/yin/imx-optee/imx-optee-os/out/arm-plat-imx/export-ta_arm32/lib/libutee.a(utee_syscalls_a32.o)
                                          0x8 (size before relaxing)
 .ARM.exidx.text.utee_cryp_state_free
                0x0000000000008a58        0x0 /home/yin/imx-optee/imx-optee-os/out/arm-plat-imx/export-ta_arm32/lib/libutee.a(utee_syscalls_a32.o)
                                          0x8 (size before relaxing)
 .ARM.exidx.text.utee_hash_init
                0x0000000000008a58        0x0 /home/yin/imx-optee/imx-optee-os/out/arm-plat-imx/export-ta_arm32/lib/libutee.a(utee_syscalls_a32.o)
                                          0x8 (size before relaxing)
 .ARM.exidx.text.utee_hash_update
                0x0000000000008a58        0x0 /home/yin/imx-optee/imx-optee-os/out/arm-plat-imx/export-ta_arm32/lib/libutee.a(utee_syscalls_a32.o)
                                          0x8 (size before relaxing)
 .ARM.exidx.text.utee_hash_final
                0x0000000000008a58        0x0 /home/yin/imx-optee/imx-optee-os/out/arm-plat-imx/export-ta_arm32/lib/libutee.a(utee_syscalls_a32.o)
                                          0x8 (size before relaxing)
 .ARM.exidx.text.utee_cipher_init
                0x0000000000008a58        0x0 /home/yin/imx-optee/imx-optee-os/out/arm-plat-imx/export-ta_arm32/lib/libutee.a(utee_syscalls_a32.o)
                                          0x8 (size before relaxing)
 .ARM.exidx.text.utee_cipher_update
                0x0000000000008a58        0x0 /home/yin/imx-optee/imx-optee-os/out/arm-plat-imx/export-ta_arm32/lib/libutee.a(utee_syscalls_a32.o)
                                          0x8 (size before relaxing)
 .ARM.exidx.text.utee_cipher_final
                0x0000000000008a58        0x0 /home/yin/imx-optee/imx-optee-os/out/arm-plat-imx/export-ta_arm32/lib/libutee.a(utee_syscalls_a32.o)
                                          0x8 (size before relaxing)
 .ARM.exidx.text.utee_cryp_obj_get_info
                0x0000000000008a58        0x0 /home/yin/imx-optee/imx-optee-os/out/arm-plat-imx/export-ta_arm32/lib/libutee.a(utee_syscalls_a32.o)
                                          0x8 (size before relaxing)
 .ARM.exidx.text.utee_cryp_obj_restrict_usage
                0x0000000000008a58        0x0 /home/yin/imx-optee/imx-optee-os/out/arm-plat-imx/export-ta_arm32/lib/libutee.a(utee_syscalls_a32.o)
                                          0x8 (size before relaxing)
 .ARM.exidx.text.utee_cryp_obj_get_attr
                0x0000000000008a58        0x0 /home/yin/imx-optee/imx-optee-os/out/arm-plat-imx/export-ta_arm32/lib/libutee.a(utee_syscalls_a32.o)
                                          0x8 (size before relaxing)
 .ARM.exidx.text.utee_cryp_obj_alloc
                0x0000000000008a58        0x0 /home/yin/imx-optee/imx-optee-os/out/arm-plat-imx/export-ta_arm32/lib/libutee.a(utee_syscalls_a32.o)
                                          0x8 (size before relaxing)
 .ARM.exidx.text.utee_cryp_obj_close
                0x0000000000008a58        0x0 /home/yin/imx-optee/imx-optee-os/out/arm-plat-imx/export-ta_arm32/lib/libutee.a(utee_syscalls_a32.o)
                                          0x8 (size before relaxing)
 .ARM.exidx.text.utee_cryp_obj_reset
                0x0000000000008a58        0x0 /home/yin/imx-optee/imx-optee-os/out/arm-plat-imx/export-ta_arm32/lib/libutee.a(utee_syscalls_a32.o)
                                          0x8 (size before relaxing)
 .ARM.exidx.text.utee_cryp_obj_populate
                0x0000000000008a58        0x0 /home/yin/imx-optee/imx-optee-os/out/arm-plat-imx/export-ta_arm32/lib/libutee.a(utee_syscalls_a32.o)
                                          0x8 (size before relaxing)
 .ARM.exidx.text.utee_cryp_obj_copy
                0x0000000000008a58        0x0 /home/yin/imx-optee/imx-optee-os/out/arm-plat-imx/export-ta_arm32/lib/libutee.a(utee_syscalls_a32.o)
                                          0x8 (size before relaxing)
 .ARM.exidx.text.utee_cryp_derive_key
                0x0000000000008a58        0x0 /home/yin/imx-optee/imx-optee-os/out/arm-plat-imx/export-ta_arm32/lib/libutee.a(utee_syscalls_a32.o)
                                          0x8 (size before relaxing)
 .ARM.exidx.text.utee_cryp_random_number_generate
                0x0000000000008a58        0x0 /home/yin/imx-optee/imx-optee-os/out/arm-plat-imx/export-ta_arm32/lib/libutee.a(utee_syscalls_a32.o)
                                          0x8 (size before relaxing)
 .ARM.exidx.text.utee_authenc_init
                0x0000000000008a58        0x0 /home/yin/imx-optee/imx-optee-os/out/arm-plat-imx/export-ta_arm32/lib/libutee.a(utee_syscalls_a32.o)
                                          0x8 (size before relaxing)
 .ARM.exidx.text.utee_authenc_update_aad
                0x0000000000008a58        0x0 /home/yin/imx-optee/imx-optee-os/out/arm-plat-imx/export-ta_arm32/lib/libutee.a(utee_syscalls_a32.o)
                                          0x8 (size before relaxing)
 .ARM.exidx.text.utee_authenc_update_payload
                0x0000000000008a58        0x0 /home/yin/imx-optee/imx-optee-os/out/arm-plat-imx/export-ta_arm32/lib/libutee.a(utee_syscalls_a32.o)
                                          0x8 (size before relaxing)
 .ARM.exidx.text.utee_authenc_enc_final
                0x0000000000008a58        0x0 /home/yin/imx-optee/imx-optee-os/out/arm-plat-imx/export-ta_arm32/lib/libutee.a(utee_syscalls_a32.o)
                                          0x8 (size before relaxing)
 .ARM.exidx.text.utee_authenc_dec_final
                0x0000000000008a58        0x0 /home/yin/imx-optee/imx-optee-os/out/arm-plat-imx/export-ta_arm32/lib/libutee.a(utee_syscalls_a32.o)
                                          0x8 (size before relaxing)
 .ARM.exidx.text.utee_asymm_operate
                0x0000000000008a58        0x0 /home/yin/imx-optee/imx-optee-os/out/arm-plat-imx/export-ta_arm32/lib/libutee.a(utee_syscalls_a32.o)
                                          0x8 (size before relaxing)
 .ARM.exidx.text.utee_asymm_verify
                0x0000000000008a58        0x0 /home/yin/imx-optee/imx-optee-os/out/arm-plat-imx/export-ta_arm32/lib/libutee.a(utee_syscalls_a32.o)
                                          0x8 (size before relaxing)
 .ARM.exidx.text.utee_storage_obj_open
                0x0000000000008a58        0x0 /home/yin/imx-optee/imx-optee-os/out/arm-plat-imx/export-ta_arm32/lib/libutee.a(utee_syscalls_a32.o)
                                          0x8 (size before relaxing)
 .ARM.exidx.text.utee_storage_obj_create
                0x0000000000008a58        0x0 /home/yin/imx-optee/imx-optee-os/out/arm-plat-imx/export-ta_arm32/lib/libutee.a(utee_syscalls_a32.o)
                                          0x8 (size before relaxing)
 .ARM.exidx.text.utee_storage_obj_del
                0x0000000000008a58        0x0 /home/yin/imx-optee/imx-optee-os/out/arm-plat-imx/export-ta_arm32/lib/libutee.a(utee_syscalls_a32.o)
                                          0x8 (size before relaxing)
 .ARM.exidx.text.utee_storage_obj_rename
                0x0000000000008a58        0x0 /home/yin/imx-optee/imx-optee-os/out/arm-plat-imx/export-ta_arm32/lib/libutee.a(utee_syscalls_a32.o)
                                          0x8 (size before relaxing)
 .ARM.exidx.text.utee_storage_alloc_enum
                0x0000000000008a58        0x0 /home/yin/imx-optee/imx-optee-os/out/arm-plat-imx/export-ta_arm32/lib/libutee.a(utee_syscalls_a32.o)
                                          0x8 (size before relaxing)
 .ARM.exidx.text.utee_storage_free_enum
                0x0000000000008a58        0x0 /home/yin/imx-optee/imx-optee-os/out/arm-plat-imx/export-ta_arm32/lib/libutee.a(utee_syscalls_a32.o)
                                          0x8 (size before relaxing)
 .ARM.exidx.text.utee_storage_reset_enum
                0x0000000000008a58        0x0 /home/yin/imx-optee/imx-optee-os/out/arm-plat-imx/export-ta_arm32/lib/libutee.a(utee_syscalls_a32.o)
                                          0x8 (size before relaxing)
 .ARM.exidx.text.utee_storage_start_enum
                0x0000000000008a58        0x0 /home/yin/imx-optee/imx-optee-os/out/arm-plat-imx/export-ta_arm32/lib/libutee.a(utee_syscalls_a32.o)
                                          0x8 (size before relaxing)
 .ARM.exidx.text.utee_storage_next_enum
                0x0000000000008a58        0x0 /home/yin/imx-optee/imx-optee-os/out/arm-plat-imx/export-ta_arm32/lib/libutee.a(utee_syscalls_a32.o)
                                          0x8 (size before relaxing)
 .ARM.exidx.text.utee_storage_obj_read
                0x0000000000008a58        0x0 /home/yin/imx-optee/imx-optee-os/out/arm-plat-imx/export-ta_arm32/lib/libutee.a(utee_syscalls_a32.o)
                                          0x8 (size before relaxing)
 .ARM.exidx.text.utee_storage_obj_write
                0x0000000000008a58        0x0 /home/yin/imx-optee/imx-optee-os/out/arm-plat-imx/export-ta_arm32/lib/libutee.a(utee_syscalls_a32.o)
                                          0x8 (size before relaxing)
 .ARM.exidx.text.utee_storage_obj_trunc
                0x0000000000008a58        0x0 /home/yin/imx-optee/imx-optee-os/out/arm-plat-imx/export-ta_arm32/lib/libutee.a(utee_syscalls_a32.o)
                                          0x8 (size before relaxing)
 .ARM.exidx.text.utee_storage_obj_seek
                0x0000000000008a58        0x0 /home/yin/imx-optee/imx-optee-os/out/arm-plat-imx/export-ta_arm32/lib/libutee.a(utee_syscalls_a32.o)
                                          0x8 (size before relaxing)
 .ARM.exidx.text.utee_cryp_obj_generate_key
                0x0000000000008a58        0x0 /home/yin/imx-optee/imx-optee-os/out/arm-plat-imx/export-ta_arm32/lib/libutee.a(utee_syscalls_a32.o)
                                          0x8 (size before relaxing)
 .ARM.exidx.text.utee_se_service_open
                0x0000000000008a58        0x0 /home/yin/imx-optee/imx-optee-os/out/arm-plat-imx/export-ta_arm32/lib/libutee.a(utee_syscalls_a32.o)
                                          0x8 (size before relaxing)
 .ARM.exidx.text.utee_se_service_close
                0x0000000000008a58        0x0 /home/yin/imx-optee/imx-optee-os/out/arm-plat-imx/export-ta_arm32/lib/libutee.a(utee_syscalls_a32.o)
                                          0x8 (size before relaxing)
 .ARM.exidx.text.utee_se_service_get_readers
                0x0000000000008a58        0x0 /home/yin/imx-optee/imx-optee-os/out/arm-plat-imx/export-ta_arm32/lib/libutee.a(utee_syscalls_a32.o)
                                          0x8 (size before relaxing)
 .ARM.exidx.text.utee_se_reader_get_prop
                0x0000000000008a58        0x0 /home/yin/imx-optee/imx-optee-os/out/arm-plat-imx/export-ta_arm32/lib/libutee.a(utee_syscalls_a32.o)
                                          0x8 (size before relaxing)
 .ARM.exidx.text.utee_se_reader_get_name
                0x0000000000008a58        0x0 /home/yin/imx-optee/imx-optee-os/out/arm-plat-imx/export-ta_arm32/lib/libutee.a(utee_syscalls_a32.o)
                                          0x8 (size before relaxing)
 .ARM.exidx.text.utee_se_reader_open_session
                0x0000000000008a58        0x0 /home/yin/imx-optee/imx-optee-os/out/arm-plat-imx/export-ta_arm32/lib/libutee.a(utee_syscalls_a32.o)
                                          0x8 (size before relaxing)
 .ARM.exidx.text.utee_se_reader_close_sessions
                0x0000000000008a58        0x0 /home/yin/imx-optee/imx-optee-os/out/arm-plat-imx/export-ta_arm32/lib/libutee.a(utee_syscalls_a32.o)
                                          0x8 (size before relaxing)
 .ARM.exidx.text.utee_se_session_is_closed
                0x0000000000008a58        0x0 /home/yin/imx-optee/imx-optee-os/out/arm-plat-imx/export-ta_arm32/lib/libutee.a(utee_syscalls_a32.o)
                                          0x8 (size before relaxing)
 .ARM.exidx.text.utee_se_session_get_atr
                0x0000000000008a58        0x0 /home/yin/imx-optee/imx-optee-os/out/arm-plat-imx/export-ta_arm32/lib/libutee.a(utee_syscalls_a32.o)
                                          0x8 (size before relaxing)
 .ARM.exidx.text.utee_se_session_open_channel
                0x0000000000008a58        0x0 /home/yin/imx-optee/imx-optee-os/out/arm-plat-imx/export-ta_arm32/lib/libutee.a(utee_syscalls_a32.o)
                                          0x8 (size before relaxing)
 .ARM.exidx.text.utee_se_session_close
                0x0000000000008a58        0x0 /home/yin/imx-optee/imx-optee-os/out/arm-plat-imx/export-ta_arm32/lib/libutee.a(utee_syscalls_a32.o)
                                          0x8 (size before relaxing)
 .ARM.exidx.text.utee_se_channel_select_next
                0x0000000000008a58        0x0 /home/yin/imx-optee/imx-optee-os/out/arm-plat-imx/export-ta_arm32/lib/libutee.a(utee_syscalls_a32.o)
                                          0x8 (size before relaxing)
 .ARM.exidx.text.utee_se_channel_get_select_resp
                0x0000000000008a58        0x0 /home/yin/imx-optee/imx-optee-os/out/arm-plat-imx/export-ta_arm32/lib/libutee.a(utee_syscalls_a32.o)
                                          0x8 (size before relaxing)
 .ARM.exidx.text.utee_se_channel_transmit
                0x0000000000008a58        0x0 /home/yin/imx-optee/imx-optee-os/out/arm-plat-imx/export-ta_arm32/lib/libutee.a(utee_syscalls_a32.o)
                                          0x8 (size before relaxing)
 .ARM.exidx.text.utee_se_channel_close
                0x0000000000008a58        0x0 /home/yin/imx-optee/imx-optee-os/out/arm-plat-imx/export-ta_arm32/lib/libutee.a(utee_syscalls_a32.o)
                                          0x8 (size before relaxing)
 .ARM.exidx.text.utee_cache_operation
                0x0000000000008a58        0x8 /home/yin/imx-optee/imx-optee-os/out/arm-plat-imx/export-ta_arm32/lib/libutee.a(utee_syscalls_a32.o)
 .ARM.exidx.text.unlikely
                0x0000000000008b20        0x8 /home/yin/imx-optee/imx-optee-os/out/arm-plat-imx/export-ta_arm32/lib/libutee.a(tee_api_arith.o)
 .ARM.exidx     0x0000000000008a60       0xc0 /home/yin/imx-optee/imx-optee-os/out/arm-plat-imx/export-ta_arm32/lib/libutee.a(tee_api_arith.o)
                                        0x108 (size before relaxing)
 .ARM.exidx     0x0000000000008b28       0x28 /home/yin/imx-optee/imx-optee-os/out/arm-plat-imx/export-ta_arm32/lib/libutee.a(trace_ext.o)
 .ARM.exidx     0x0000000000008b50       0x50 /home/yin/imx-optee/imx-optee-os/out/arm-plat-imx/export-ta_arm32/lib/libutils.a(bget_malloc.o)
                                         0x70 (size before relaxing)
 .ARM.exidx     0x0000000000008cb8       0x10 /home/yin/imx-optee/imx-optee-os/out/arm-plat-imx/export-ta_arm32/lib/libutils.a(snprintf.o)
 .ARM.exidx     0x0000000000008cc8        0x8 /home/yin/imx-optee/imx-optee-os/out/arm-plat-imx/export-ta_arm32/lib/libutils.a(memcmp.o)