Archive member included to satisfy reference by file (symbol)

/home/yin/imx-optee/imx-optee-os/out/arm-plat-imx/export-ta_arm32/lib/libutee.a(tee_api_operations.o)
                              ./random_example_ta.o (TEE_GenerateRandom)
/home/yin/imx-optee/imx-optee-os/out/arm-plat-imx/export-ta_arm32/lib/libutee.a(tee_api_panic.o)
                              /home/yin/imx-optee/imx-optee-os/out/arm-plat-imx/export-ta_arm32/lib/libutee.a(tee_api_operations.o) (TEE_Panic)
/home/yin/imx-optee/imx-optee-os/out/arm-plat-imx/export-ta_arm32/lib/libutee.a(user_ta_entry.o)
                              ./user_ta_header.o (__utee_entry)
/home/yin/imx-optee/imx-optee-os/out/arm-plat-imx/export-ta_arm32/lib/libutee.a(utee_syscalls_a32.o)
                              /home/yin/imx-optee/imx-optee-os/out/arm-plat-imx/export-ta_arm32/lib/libutee.a(tee_api_panic.o) (utee_panic)
/home/yin/imx-optee/imx-optee-os/out/arm-plat-imx/export-ta_arm32/lib/libutee.a(gprof_a32.o)
                              /home/yin/imx-optee/imx-optee-os/out/arm-plat-imx/export-ta_arm32/lib/libutee.a(user_ta_entry.o) (__utee_mcount)
/home/yin/imx-optee/imx-optee-os/out/arm-plat-imx/export-ta_arm32/lib/libutee.a(tee_api_arith.o)
                              /home/yin/imx-optee/imx-optee-os/out/arm-plat-imx/export-ta_arm32/lib/libutee.a(user_ta_entry.o) (_TEE_MathAPI_Init)
/home/yin/imx-optee/imx-optee-os/out/arm-plat-imx/export-ta_arm32/lib/libutee.a(tee_api.o)
                              /home/yin/imx-optee/imx-optee-os/out/arm-plat-imx/export-ta_arm32/lib/libutee.a(user_ta_entry.o) (__utee_from_param)
/home/yin/imx-optee/imx-optee-os/out/arm-plat-imx/export-ta_arm32/lib/libutee.a(tee_api_objects.o)
                              /home/yin/imx-optee/imx-optee-os/out/arm-plat-imx/export-ta_arm32/lib/libutee.a(tee_api_operations.o) (__utee_from_attr)
/home/yin/imx-optee/imx-optee-os/out/arm-plat-imx/export-ta_arm32/lib/libutee.a(trace_ext.o)
                              /home/yin/imx-optee/imx-optee-os/out/arm-plat-imx/export-ta_arm32/lib/libutee.a(tee_api_arith.o) (printf)
/home/yin/imx-optee/imx-optee-os/out/arm-plat-imx/export-ta_arm32/lib/libutils.a(bget_malloc.o)
                              /home/yin/imx-optee/imx-optee-os/out/arm-plat-imx/export-ta_arm32/lib/libutee.a(tee_api.o) (malloc)
/home/yin/imx-optee/imx-optee-os/out/arm-plat-imx/export-ta_arm32/lib/libutils.a(snprintf.o)
                              /home/yin/imx-optee/imx-optee-os/out/arm-plat-imx/export-ta_arm32/lib/libutee.a(trace_ext.o) (vsnprintf)
/home/yin/imx-optee/imx-optee-os/out/arm-plat-imx/export-ta_arm32/lib/libutils.a(memcmp.o)
                              /home/yin/imx-optee/imx-optee-os/out/arm-plat-imx/export-ta_arm32/lib/libutee.a(tee_api.o) (memcmp)
/home/yin/imx-optee/imx-optee-os/out/arm-plat-imx/export-ta_arm32/lib/libutils.a(memcpy.o)
                              /home/yin/imx-optee/imx-optee-os/out/arm-plat-imx/export-ta_arm32/lib/libutee.a(tee_api_operations.o) (memcpy)
/home/yin/imx-optee/imx-optee-os/out/arm-plat-imx/export-ta_arm32/lib/libutils.a(memmove.o)
                              /home/yin/imx-optee/imx-optee-os/out/arm-plat-imx/export-ta_arm32/lib/libutee.a(tee_api.o) (memmove)
/home/yin/imx-optee/imx-optee-os/out/arm-plat-imx/export-ta_arm32/lib/libutils.a(memset.o)
                              /home/yin/imx-optee/imx-optee-os/out/arm-plat-imx/export-ta_arm32/lib/libutee.a(user_ta_entry.o) (memset)
/home/yin/imx-optee/imx-optee-os/out/arm-plat-imx/export-ta_arm32/lib/libutils.a(strlen.o)
                              /home/yin/imx-optee/imx-optee-os/out/arm-plat-imx/export-ta_arm32/lib/libutee.a(trace_ext.o) (strlen)
/home/yin/imx-optee/imx-optee-os/out/arm-plat-imx/export-ta_arm32/lib/libutils.a(arm32_aeabi_divmod.o)
                              /home/yin/imx-optee/imx-optee-os/out/arm-plat-imx/export-ta_arm32/lib/libutee.a(tee_api_operations.o) (__aeabi_uidiv)
/home/yin/imx-optee/imx-optee-os/out/arm-plat-imx/export-ta_arm32/lib/libutils.a(snprintk.o)
                              /home/yin/imx-optee/imx-optee-os/out/arm-plat-imx/export-ta_arm32/lib/libutils.a(snprintf.o) (__vsnprintf)
/home/yin/imx-optee/imx-optee-os/out/arm-plat-imx/export-ta_arm32/lib/libutils.a(buf_compare_ct.o)
                              /home/yin/imx-optee/imx-optee-os/out/arm-plat-imx/export-ta_arm32/lib/libutee.a(tee_api_operations.o) (buf_compare_ct)
/home/yin/imx-optee/imx-optee-os/out/arm-plat-imx/export-ta_arm32/lib/libutils.a(trace.o)
                              /home/yin/imx-optee/imx-optee-os/out/arm-plat-imx/export-ta_arm32/lib/libutee.a(user_ta_entry.o) (trace_set_level)
/home/yin/imx-optee/imx-optee-os/out/arm-plat-imx/export-ta_arm32/lib/libutils.a(mempool.o)
                              /home/yin/imx-optee/imx-optee-os/out/arm-plat-imx/export-ta_arm32/lib/libutee.a(tee_api_arith.o) (mempool_alloc_pool)
/home/yin/imx-optee/imx-optee-os/out/arm-plat-imx/export-ta_arm32/lib/libutils.a(aeabi_unwind.o)
[...]
Memory Configuration

Name             Origin             Length             Attributes
*default*        0x0000000000000000 0xffffffffffffffff

Linker script and memory map


.ta_head        0x0000000000000000       0x20
 *(SORT(.ta_head))
 .ta_head       0x0000000000000000       0x20 ./user_ta_header.o
                0x0000000000000000                ta_head

.text           0x0000000000000020     0x6bc0
                0x0000000000000020                __text_start = .
 *(SORT(.text) SORT(.text.*))
 .text          0x0000000000000020       0x74 ./random_example_ta.o
                0x0000000000000020                TA_CreateEntryPoint
                0x0000000000000024                TA_DestroyEntryPoint
                0x0000000000000026                TA_OpenSessionEntryPoint
                0x0000000000000034                TA_CloseSessionEntryPoint
                0x0000000000000036                TA_InvokeCommandEntryPoint
 .text          0x0000000000000094     0x15c8 /home/yin/imx-optee/imx-optee-os/out/arm-plat-imx/export-ta_arm32/lib/libutee.a(tee_api_operations.o)
                0x00000000000001f0                TEE_FreeOperation
                0x0000000000000216                TEE_AllocateOperation
                0x0000000000000748                TEE_GetOperationInfo
                0x000000000000076a                TEE_GetOperationInfoMultiple
                0x0000000000000820                TEE_ResetOperation
                0x0000000000000860                TEE_SetOperationKey
                0x00000000000008ec                TEE_SetOperationKey2
                0x00000000000009e0                TEE_CopyOperation
                0x0000000000000a82                TEE_DigestUpdate
                0x0000000000000ab2                TEE_DigestDoFinal
                0x0000000000000b24                TEE_CipherInit
                0x0000000000000b7a                TEE_CipherUpdate
                0x0000000000000c74                TEE_CipherDoFinal
                0x0000000000000d88                TEE_MACInit
                0x0000000000000dde                TEE_MACUpdate
                0x0000000000000e2c                TEE_MACComputeFinal
                0x0000000000000e94                TEE_MACCompareFinal
                0x0000000000000ef8                TEE_AEInit
                0x0000000000000f68                TEE_AEUpdateAAD
                0x0000000000000fae                TEE_AEUpdate
                0x000000000000107c                TEE_AEEncryptFinal
                0x0000000000001194                TEE_AEDecryptFinal
                0x000000000000129c                TEE_AsymmetricEncrypt
                0x0000000000001358                TEE_AsymmetricDecrypt
                0x0000000000001418                TEE_AsymmetricSignDigest
                0x00000000000014cc                TEE_AsymmetricVerifyDigest
                0x0000000000001578                TEE_DeriveKey
                0x0000000000001632                TEE_GenerateRandom
                0x0000000000001644                rand
 .text          0x000000000000165c      0x210 /home/yin/imx-optee/imx-optee-os/out/arm-plat-imx/export-ta_arm32/lib/libutee.a(user_ta_entry.o)
                0x00000000000016e0                __utee_entry
 .text          0x000000000000186c        0x0 /home/yin/imx-optee/imx-optee-os/out/arm-plat-imx/export-ta_arm32/lib/libutee.a(utee_syscalls_a32.o)
 .text.utee_panic
                0x000000000000186c       0x14 /home/yin/imx-optee/imx-optee-os/out/arm-plat-imx/export-ta_arm32/lib/libutee.a(utee_syscalls_a32.o)
                0x000000000000186c                utee_panic
 .text.utee_return
                0x0000000000001880       0x14 /home/yin/imx-optee/imx-optee-os/out/arm-plat-imx/export-ta_arm32/lib/libutee.a(utee_syscalls_a32.o)
                0x0000000000001880                utee_return
 .text.utee_log
                0x0000000000001894       0x14 /home/yin/imx-optee/imx-optee-os/out/arm-plat-imx/export-ta_arm32/lib/libutee.a(utee_syscalls_a32.o)
                0x0000000000001894                utee_log
 .text.__utee_panic
                0x00000000000018a8       0x14 /home/yin/imx-optee/imx-optee-os/out/arm-plat-imx/export-ta_arm32/lib/libutee.a(utee_syscalls_a32.o)
                0x00000000000018a8                __utee_panic
 .text.utee_get_property
                0x00000000000018bc       0x18 /home/yin/imx-optee/imx-optee-os/out/arm-plat-imx/export-ta_arm32/lib/libutee.a(utee_syscalls_a32.o)
                0x00000000000018bc                utee_get_property
 .text.utee_get_property_name_to_index
                0x00000000000018d4       0x14 /home/yin/imx-optee/imx-optee-os/out/arm-plat-imx/export-ta_arm32/lib/libutee.a(utee_syscalls_a32.o)
                0x00000000000018d4                utee_get_property_name_to_index
 .text.utee_open_ta_session
                0x00000000000018e8       0x18 /home/yin/imx-optee/imx-optee-os/out/arm-plat-imx/export-ta_arm32/lib/libutee.a(utee_syscalls_a32.o)
                0x00000000000018e8                utee_open_ta_session
 .text.utee_close_ta_session
                0x0000000000001900       0x14 /home/yin/imx-optee/imx-optee-os/out/arm-plat-imx/export-ta_arm32/lib/libutee.a(utee_syscalls_a32.o)
                0x0000000000001900                utee_close_ta_session
 .text.utee_invoke_ta_command
                0x0000000000001914       0x18 /home/yin/imx-optee/imx-optee-os/out/arm-plat-imx/export-ta_arm32/lib/libutee.a(utee_syscalls_a32.o)
                0x0000000000001914                utee_invoke_ta_command
 .text.utee_get_cancellation_flag
                0x000000000000192c       0x14 /home/yin/imx-optee/imx-optee-os/out/arm-plat-imx/export-ta_arm32/lib/libutee.a(utee_syscalls_a32.o)
                0x000000000000192c                utee_get_cancellation_flag
 .text.utee_check_access_rights
                0x0000000000001940       0x14 /home/yin/imx-optee/imx-optee-os/out/arm-plat-imx/export-ta_arm32/lib/libutee.a(utee_syscalls_a32.o)
                0x0000000000001940                utee_check_access_rights
 .text.utee_unmask_cancellation
                0x0000000000001954       0x14 /home/yin/imx-optee/imx-optee-os/out/arm-plat-imx/export-ta_arm32/lib/libutee.a(utee_syscalls_a32.o)
                0x0000000000001954                utee_unmask_cancellation
 .text.utee_mask_cancellation
                0x0000000000001968       0x14 /home/yin/imx-optee/imx-optee-os/out/arm-plat-imx/export-ta_arm32/lib/libutee.a(utee_syscalls_a32.o)
                0x0000000000001968                utee_mask_cancellation
 .text.utee_wait
                0x000000000000197c       0x14 /home/yin/imx-optee/imx-optee-os/out/arm-plat-imx/export-ta_arm32/lib/libutee.a(utee_syscalls_a32.o)
                0x000000000000197c                utee_wait
 .text.utee_get_time
                0x0000000000001990       0x14 /home/yin/imx-optee/imx-optee-os/out/arm-plat-imx/export-ta_arm32/lib/libutee.a(utee_syscalls_a32.o)
                0x0000000000001990                utee_get_time
 .text.utee_set_ta_time
                0x00000000000019a4       0x14 /home/yin/imx-optee/imx-optee-os/out/arm-plat-imx/export-ta_arm32/lib/libutee.a(utee_syscalls_a32.o)
                0x00000000000019a4                utee_set_ta_time
 .text.utee_cryp_state_alloc
                0x00000000000019b8       0x18 /home/yin/imx-optee/imx-optee-os/out/arm-plat-imx/export-ta_arm32/lib/libutee.a(utee_syscalls_a32.o)
                0x00000000000019b8                utee_cryp_state_alloc
 .text.utee_cryp_state_copy
                0x00000000000019d0       0x14 /home/yin/imx-optee/imx-optee-os/out/arm-plat-imx/export-ta_arm32/lib/libutee.a(utee_syscalls_a32.o)
                0x00000000000019d0                utee_cryp_state_copy
 .text.utee_cryp_state_free
                0x00000000000019e4       0x14 /home/yin/imx-optee/imx-optee-os/out/arm-plat-imx/export-ta_arm32/lib/libutee.a(utee_syscalls_a32.o)
                0x00000000000019e4                utee_cryp_state_free
 .text.utee_hash_init
                0x00000000000019f8       0x14 /home/yin/imx-optee/imx-optee-os/out/arm-plat-imx/export-ta_arm32/lib/libutee.a(utee_syscalls_a32.o)
                0x00000000000019f8                utee_hash_init
 .text.utee_hash_update
                0x0000000000001a0c       0x14 /home/yin/imx-optee/imx-optee-os/out/arm-plat-imx/export-ta_arm32/lib/libutee.a(utee_syscalls_a32.o)
                0x0000000000001a0c                utee_hash_update
 .text.utee_hash_final
                0x0000000000001a20       0x18 /home/yin/imx-optee/imx-optee-os/out/arm-plat-imx/export-ta_arm32/lib/libutee.a(utee_syscalls_a32.o)
                0x0000000000001a20                utee_hash_final
 .text.utee_cipher_init
                0x0000000000001a38       0x14 /home/yin/imx-optee/imx-optee-os/out/arm-plat-imx/export-ta_arm32/lib/libutee.a(utee_syscalls_a32.o)
                0x0000000000001a38                utee_cipher_init
 .text.utee_cipher_update
                0x0000000000001a4c       0x18 /home/yin/imx-optee/imx-optee-os/out/arm-plat-imx/export-ta_arm32/lib/libutee.a(utee_syscalls_a32.o)
                0x0000000000001a4c                utee_cipher_update
 .text.utee_cipher_final
                0x0000000000001a64       0x18 /home/yin/imx-optee/imx-optee-os/out/arm-plat-imx/export-ta_arm32/lib/libutee.a(utee_syscalls_a32.o)
                0x0000000000001a64                utee_cipher_final
 .text.utee_cryp_obj_get_info
                0x0000000000001a7c       0x14 /home/yin/imx-optee/imx-optee-os/out/arm-plat-imx/export-ta_arm32/lib/libutee.a(utee_syscalls_a32.o)
                0x0000000000001a7c                utee_cryp_obj_get_info
 .text.utee_cryp_obj_restrict_usage
                0x0000000000001a90       0x14 /home/yin/imx-optee/imx-optee-os/out/arm-plat-imx/export-ta_arm32/lib/libutee.a(utee_syscalls_a32.o)
                0x0000000000001a90                utee_cryp_obj_restrict_usage
 .text.utee_cryp_obj_get_attr
                0x0000000000001aa4       0x14 /home/yin/imx-optee/imx-optee-os/out/arm-plat-imx/export-ta_arm32/lib/libutee.a(utee_syscalls_a32.o)
                0x0000000000001aa4                utee_cryp_obj_get_attr
 .text.utee_cryp_obj_alloc
                0x0000000000001ab8       0x14 /home/yin/imx-optee/imx-optee-os/out/arm-plat-imx/export-ta_arm32/lib/libutee.a(utee_syscalls_a32.o)
                0x0000000000001ab8                utee_cryp_obj_alloc
 .text.utee_cryp_obj_close
                0x0000000000001acc       0x14 /home/yin/imx-optee/imx-optee-os/out/arm-plat-imx/export-ta_arm32/lib/libutee.a(utee_syscalls_a32.o)
                0x0000000000001acc                utee_cryp_obj_close
 .text.utee_cryp_obj_reset
                0x0000000000001ae0       0x14 /home/yin/imx-optee/imx-optee-os/out/arm-plat-imx/export-ta_arm32/lib/libutee.a(utee_syscalls_a32.o)
                0x0000000000001ae0                utee_cryp_obj_reset
 .text.utee_cryp_obj_populate
                0x0000000000001af4       0x14 /home/yin/imx-optee/imx-optee-os/out/arm-plat-imx/export-ta_arm32/lib/libutee.a(utee_syscalls_a32.o)
                0x0000000000001af4                utee_cryp_obj_populate
 .text.utee_cryp_obj_copy
                0x0000000000001b08       0x14 /home/yin/imx-optee/imx-optee-os/out/arm-plat-imx/export-ta_arm32/lib/libutee.a(utee_syscalls_a32.o)
                0x0000000000001b08                utee_cryp_obj_copy
 .text.utee_cryp_derive_key
                0x0000000000001b1c       0x14 /home/yin/imx-optee/imx-optee-os/out/arm-plat-imx/export-ta_arm32/lib/libutee.a(utee_syscalls_a32.o)
                0x0000000000001b1c                utee_cryp_derive_key
 .text.utee_cryp_random_number_generate
                0x0000000000001b30       0x14 /home/yin/imx-optee/imx-optee-os/out/arm-plat-imx/export-ta_arm32/lib/libutee.a(utee_syscalls_a32.o)
                0x0000000000001b30                utee_cryp_random_number_generate
 .text.utee_authenc_init
                0x0000000000001b44       0x18 /home/yin/imx-optee/imx-optee-os/out/arm-plat-imx/export-ta_arm32/lib/libutee.a(utee_syscalls_a32.o)
                0x0000000000001b44                utee_authenc_init
 .text.utee_authenc_update_aad
                0x0000000000001b5c       0x14 /home/yin/imx-optee/imx-optee-os/out/arm-plat-imx/export-ta_arm32/lib/libutee.a(utee_syscalls_a32.o)
                0x0000000000001b5c                utee_authenc_update_aad
 .text.utee_authenc_update_payload
                0x0000000000001b70       0x18 /home/yin/imx-optee/imx-optee-os/out/arm-plat-imx/export-ta_arm32/lib/libutee.a(utee_syscalls_a32.o)
                0x0000000000001b70                utee_authenc_update_payload
 .text.utee_authenc_enc_final
                0x0000000000001b88       0x18 /home/yin/imx-optee/imx-optee-os/out/arm-plat-imx/export-ta_arm32/lib/libutee.a(utee_syscalls_a32.o)
                0x0000000000001b88                utee_authenc_enc_final
 .text.utee_authenc_dec_final
                0x0000000000001ba0       0x18 /home/yin/imx-optee/imx-optee-os/out/arm-plat-imx/export-ta_arm32/lib/libutee.a(utee_syscalls_a32.o)
                0x0000000000001ba0                utee_authenc_dec_final
 .text.utee_asymm_operate
                0x0000000000001bb8       0x18 /home/yin/imx-optee/imx-optee-os/out/arm-plat-imx/export-ta_arm32/lib/libutee.a(utee_syscalls_a32.o)
                0x0000000000001bb8                utee_asymm_operate
 .text.utee_asymm_verify
                0x0000000000001bd0       0x18 /home/yin/imx-optee/imx-optee-os/out/arm-plat-imx/export-ta_arm32/lib/libutee.a(utee_syscalls_a32.o)
                0x0000000000001bd0                utee_asymm_verify
 .text.utee_storage_obj_open
                0x0000000000001be8       0x18 /home/yin/imx-optee/imx-optee-os/out/arm-plat-imx/export-ta_arm32/lib/libutee.a(utee_syscalls_a32.o)
                0x0000000000001be8                utee_storage_obj_open
 .text.utee_storage_obj_create
                0x0000000000001c00       0x18 /home/yin/imx-optee/imx-optee-os/out/arm-plat-imx/export-ta_arm32/lib/libutee.a(utee_syscalls_a32.o)
                0x0000000000001c00                utee_storage_obj_create
 .text.utee_storage_obj_del
                0x0000000000001c18       0x14 /home/yin/imx-optee/imx-optee-os/out/arm-plat-imx/export-ta_arm32/lib/libutee.a(utee_syscalls_a32.o)
                0x0000000000001c18                utee_storage_obj_del
 .text.utee_storage_obj_rename
                0x0000000000001c2c       0x14 /home/yin/imx-optee/imx-optee-os/out/arm-plat-imx/export-ta_arm32/lib/libutee.a(utee_syscalls_a32.o)
                0x0000000000001c2c                utee_storage_obj_rename
 .text.utee_storage_alloc_enum
                0x0000000000001c40       0x14 /home/yin/imx-optee/imx-optee-os/out/arm-plat-imx/export-ta_arm32/lib/libutee.a(utee_syscalls_a32.o)
                0x0000000000001c40                utee_storage_alloc_enum
 .text.utee_storage_free_enum
                0x0000000000001c54       0x14 /home/yin/imx-optee/imx-optee-os/out/arm-plat-imx/export-ta_arm32/lib/libutee.a(utee_syscalls_a32.o)
                0x0000000000001c54                utee_storage_free_enum
 .text.utee_storage_reset_enum
                0x0000000000001c68       0x14 /home/yin/imx-optee/imx-optee-os/out/arm-plat-imx/export-ta_arm32/lib/libutee.a(utee_syscalls_a32.o)
                0x0000000000001c68                utee_storage_reset_enum
 .text.utee_storage_start_enum
                0x0000000000001c7c       0x14 /home/yin/imx-optee/imx-optee-os/out/arm-plat-imx/export-ta_arm32/lib/libutee.a(utee_syscalls_a32.o)
                0x0000000000001c7c                utee_storage_start_enum
 .text.utee_storage_next_enum
                0x0000000000001c90       0x14 /home/yin/imx-optee/imx-optee-os/out/arm-plat-imx/export-ta_arm32/lib/libutee.a(utee_syscalls_a32.o)
                0x0000000000001c90                utee_storage_next_enum
 .text.utee_storage_obj_read
                0x0000000000001ca4       0x14 /home/yin/imx-optee/imx-optee-os/out/arm-plat-imx/export-ta_arm32/lib/libutee.a(utee_syscalls_a32.o)
                0x0000000000001ca4                utee_storage_obj_read
 .text.utee_storage_obj_write
                0x0000000000001cb8       0x14 /home/yin/imx-optee/imx-optee-os/out/arm-plat-imx/export-ta_arm32/lib/libutee.a(utee_syscalls_a32.o)
                0x0000000000001cb8                utee_storage_obj_write
 .text.utee_storage_obj_trunc
                0x0000000000001ccc       0x14 /home/yin/imx-optee/imx-optee-os/out/arm-plat-imx/export-ta_arm32/lib/libutee.a(utee_syscalls_a32.o)
                0x0000000000001ccc                utee_storage_obj_trunc
 .text.utee_storage_obj_seek
                0x0000000000001ce0       0x14 /home/yin/imx-optee/imx-optee-os/out/arm-plat-imx/export-ta_arm32/lib/libutee.a(utee_syscalls_a32.o)
                0x0000000000001ce0                utee_storage_obj_seek
 .text.utee_cryp_obj_generate_key
                0x0000000000001cf4       0x14 /home/yin/imx-optee/imx-optee-os/out/arm-plat-imx/export-ta_arm32/lib/libutee.a(utee_syscalls_a32.o)
                0x0000000000001cf4                utee_cryp_obj_generate_key
 .text.utee_se_service_open
                0x0000000000001d08       0x14 /home/yin/imx-optee/imx-optee-os/out/arm-plat-imx/export-ta_arm32/lib/libutee.a(utee_syscalls_a32.o)
                0x0000000000001d08                utee_se_service_open
 .text.utee_se_service_close
                0x0000000000001d1c       0x14 /home/yin/imx-optee/imx-optee-os/out/arm-plat-imx/export-ta_arm32/lib/libutee.a(utee_syscalls_a32.o)
                0x0000000000001d1c                utee_se_service_close
 .text.utee_se_service_get_readers
                0x0000000000001d30       0x14 /home/yin/imx-optee/imx-optee-os/out/arm-plat-imx/export-ta_arm32/lib/libutee.a(utee_syscalls_a32.o)
                0x0000000000001d30                utee_se_service_get_readers
 .text.utee_se_reader_get_prop
                0x0000000000001d44       0x14 /home/yin/imx-optee/imx-optee-os/out/arm-plat-imx/export-ta_arm32/lib/libutee.a(utee_syscalls_a32.o)
                0x0000000000001d44                utee_se_reader_get_prop
 .text.utee_se_reader_get_name
                0x0000000000001d58       0x14 /home/yin/imx-optee/imx-optee-os/out/arm-plat-imx/export-ta_arm32/lib/libutee.a(utee_syscalls_a32.o)
                0x0000000000001d58                utee_se_reader_get_name
 .text.utee_se_reader_open_session
                0x0000000000001d6c       0x14 /home/yin/imx-optee/imx-optee-os/out/arm-plat-imx/export-ta_arm32/lib/libutee.a(utee_syscalls_a32.o)
                0x0000000000001d6c                utee_se_reader_open_session
 .text.utee_se_reader_close_sessions
                0x0000000000001d80       0x14 /home/yin/imx-optee/imx-optee-os/out/arm-plat-imx/export-ta_arm32/lib/libutee.a(utee_syscalls_a32.o)
                0x0000000000001d80                utee_se_reader_close_sessions
 .text.utee_se_session_is_closed
                0x0000000000001d94       0x14 /home/yin/imx-optee/imx-optee-os/out/arm-plat-imx/export-ta_arm32/lib/libutee.a(utee_syscalls_a32.o)
                0x0000000000001d94                utee_se_session_is_closed
 .text.utee_se_session_get_atr
                0x0000000000001da8       0x14 /home/yin/imx-optee/imx-optee-os/out/arm-plat-imx/export-ta_arm32/lib/libutee.a(utee_syscalls_a32.o)
                0x0000000000001da8                utee_se_session_get_atr
 .text.utee_se_session_open_channel
                0x0000000000001dbc       0x18 /home/yin/imx-optee/imx-optee-os/out/arm-plat-imx/export-ta_arm32/lib/libutee.a(utee_syscalls_a32.o)
                0x0000000000001dbc                utee_se_session_open_channel
 .text.utee_se_session_close
                0x0000000000001dd4       0x14 /home/yin/imx-optee/imx-optee-os/out/arm-plat-imx/export-ta_arm32/lib/libutee.a(utee_syscalls_a32.o)
                0x0000000000001dd4                utee_se_session_close
 .text.utee_se_channel_select_next
                0x0000000000001de8       0x14 /home/yin/imx-optee/imx-optee-os/out/arm-plat-imx/export-ta_arm32/lib/libutee.a(utee_syscalls_a32.o)
                0x0000000000001de8                utee_se_channel_select_next
 .text.utee_se_channel_get_select_resp
                0x0000000000001dfc       0x14 /home/yin/imx-optee/imx-optee-os/out/arm-plat-imx/export-ta_arm32/lib/libutee.a(utee_syscalls_a32.o)
                0x0000000000001dfc                utee_se_channel_get_select_resp
 .text.utee_se_channel_transmit
                0x0000000000001e10       0x18 /home/yin/imx-optee/imx-optee-os/out/arm-plat-imx/export-ta_arm32/lib/libutee.a(utee_syscalls_a32.o)
                0x0000000000001e10                utee_se_channel_transmit
 .text.utee_se_channel_close
                0x0000000000001e28       0x14 /home/yin/imx-optee/imx-optee-os/out/arm-plat-imx/export-ta_arm32/lib/libutee.a(utee_syscalls_a32.o)
                0x0000000000001e28                utee_se_channel_close
 .text.utee_cache_operation
                0x0000000000001e3c       0x14 /home/yin/imx-optee/imx-optee-os/out/arm-plat-imx/export-ta_arm32/lib/libutee.a(utee_syscalls_a32.o)
                0x0000000000001e3c                utee_cache_operation
 .text.__utee_mcount
                0x0000000000001e50        0xc /home/yin/imx-optee/imx-optee-os/out/arm-plat-imx/export-ta_arm32/lib/libutee.a(gprof_a32.o)
                0x0000000000001e50                __utee_mcount
 .text          0x0000000000001e5c      0x478 /home/yin/imx-optee/imx-optee-os/out/arm-plat-imx/export-ta_arm32/lib/libutee.a(tee_api_arith.o)
                0x0000000000001e5c                _TEE_MathAPI_Init
                0x0000000000001e94                TEE_BigIntInit
                0x0000000000001e98                TEE_BigIntInitFMM
                0x0000000000001ea6                TEE_BigIntInitFMMContext
                0x0000000000001ed0                TEE_BigIntFMMSizeInU32
                0x0000000000001ed8                TEE_BigIntFMMContextSizeInU32
                0x0000000000001ee2                TEE_BigIntConvertFromOctetString
                0x0000000000001ef8                TEE_BigIntConvertToOctetString
                0x0000000000001f2c                TEE_BigIntConvertFromS32
                0x0000000000001f30                TEE_BigIntConvertToS32
                0x0000000000001f44                TEE_BigIntCmp
                0x0000000000001f48                TEE_BigIntCmpS32
                0x0000000000001f4c                TEE_BigIntShiftRight
                0x0000000000001f50                TEE_BigIntGetBit
                0x0000000000001f5e                TEE_BigIntGetBitCount
                0x0000000000001f68                TEE_BigIntAdd
                0x0000000000001f78                TEE_BigIntSub
                0x0000000000001f88                TEE_BigIntNeg
                0x0000000000001f8c                TEE_BigIntMul
                0x0000000000001f9c                TEE_BigIntSquare
                0x0000000000001fac                TEE_BigIntDiv
                0x0000000000001fe8                TEE_BigIntMod
                0x0000000000002040                TEE_BigIntAddMod
                0x00000000000020a0                TEE_BigIntSubMod
                0x0000000000002100                TEE_BigIntMulMod
                0x0000000000002180                TEE_BigIntSquareMod
                0x0000000000002188                TEE_BigIntInvMod
                0x00000000000021cc                TEE_BigIntRelativePrime
                0x000000000000220c                TEE_BigIntComputeExtendedGcd
                0x0000000000002228                TEE_BigIntIsProbablePrime
                0x0000000000002248                TEE_BigIntConvertToFMM
                0x0000000000002268                TEE_BigIntConvertFromFMM
                0x00000000000022b8                TEE_BigIntComputeFMM
 .text.unlikely
                0x00000000000022d4       0x1c /home/yin/imx-optee/imx-optee-os/out/arm-plat-imx/export-ta_arm32/lib/libutee.a(tee_api_arith.o)
 .text          0x00000000000022f0      0x2e8 /home/yin/imx-optee/imx-optee-os/out/arm-plat-imx/export-ta_arm32/lib/libutee.a(tee_api.o)
                0x00000000000022f0                __utee_from_param
                0x0000000000002342                __utee_to_param
                0x0000000000002382                TEE_OpenTASession
                0x00000000000023c6                TEE_CloseTASession
                0x00000000000023da                TEE_InvokeTACommand
                0x0000000000002440                TEE_GetCancellationFlag
                0x000000000000245c                TEE_UnmaskCancellation
                0x0000000000002478                TEE_MaskCancellation
                0x0000000000002494                TEE_CheckMemoryAccessRights
                0x000000000000249e                TEE_SetInstanceData
                0x00000000000024ac                TEE_GetInstanceData
                0x00000000000024b8                TEE_MemMove
                0x00000000000024bc                TEE_MemCompare
                0x00000000000024c0                TEE_MemFill
                0x00000000000024c4                TEE_GetSystemTime
                0x00000000000024da                TEE_Wait
                0x00000000000024f8                TEE_GetTAPersistentTime
                0x0000000000002534                TEE_SetTAPersistentTime
                0x000000000000255c                TEE_GetREETime
                0x0000000000002572                TEE_Malloc
                0x00000000000025bc                TEE_Realloc
                0x00000000000025c0                TEE_Free
                0x00000000000025c4                TEE_CacheClean
                0x00000000000025ca                TEE_CacheFlush
                0x00000000000025d0                TEE_CacheInvalidate
 .text          0x00000000000025d8      0x78c /home/yin/imx-optee/imx-optee-os/out/arm-plat-imx/export-ta_arm32/lib/libutee.a(tee_api_objects.o)
                0x00000000000025d8                __utee_from_attr
                0x0000000000002612                TEE_GetObjectInfo
                0x000000000000263c                TEE_GetObjectInfo1
                0x000000000000265c                TEE_RestrictObjectUsage1
                0x000000000000267c                TEE_RestrictObjectUsage
                0x00000000000026a8                TEE_GetObjectBufferAttribute
                0x0000000000002718                TEE_GetObjectValueAttribute
                0x000000000000279c                TEE_CloseObject
                0x00000000000027b0                TEE_AllocateTransientObject
                0x00000000000027e0                TEE_FreeTransientObject
                0x0000000000002810                TEE_ResetTransientObject
                0x0000000000002840                TEE_PopulateTransientObject
                0x00000000000028b0                TEE_InitRefAttribute
                0x00000000000028d2                TEE_InitValueAttribute
                0x00000000000028f4                TEE_CopyObjectAttributes1
                0x000000000000295c                TEE_CopyObjectAttributes
                0x000000000000298c                TEE_GenerateKey
                0x00000000000029d4                TEE_OpenPersistentObject
                0x0000000000002a38                TEE_CreatePersistentObject
                0x0000000000002ad0                TEE_CloseAndDeletePersistentObject1
                0x0000000000002af4                TEE_CloseAndDeletePersistentObject
                0x0000000000002b0a                TEE_RenamePersistentObject
                0x0000000000002b50                TEE_AllocatePersistentObjectEnumerator
                0x0000000000002b88                TEE_FreePersistentObjectEnumerator
                0x0000000000002b9c                TEE_ResetPersistentObjectEnumerator
                0x0000000000002bb0                TEE_StartPersistentObjectEnumerator
                0x0000000000002bdc                TEE_GetNextPersistentObject
                0x0000000000002c30                TEE_ReadObjectData
                0x0000000000002c70                TEE_WriteObjectData
                0x0000000000002cb0                TEE_TruncateObjectData
                0x0000000000002ce8                TEE_SeekObjectData
 .text          0x0000000000002d64       0x9c /home/yin/imx-optee/imx-optee-os/out/arm-plat-imx/export-ta_arm32/lib/libutee.a(trace_ext.o)
                0x0000000000002d64                trace_ext_puts
                0x0000000000002d78                trace_ext_get_thread_id
                0x0000000000002d7e                printf
                0x0000000000002db8                puts
                0x0000000000002ddc                putchar
 .text          0x0000000000002e00      0x9d8 /home/yin/imx-optee/imx-optee-os/out/arm-plat-imx/export-ta_arm32/lib/libutils.a(bget_malloc.o)
                0x0000000000002ed8                bget
                0x0000000000002ff4                bgetz
                0x0000000000003050                brel
                0x0000000000003218                bgetr
                0x0000000000003294                bpool
                0x0000000000003330                malloc
                0x0000000000003348                free
                0x0000000000003358                calloc
                0x0000000000003380                realloc
                0x0000000000003398                memalign
                0x00000000000035e4                malloc_add_pool
                0x00000000000036b4                malloc_buffer_is_within_alloced
                0x0000000000003790                malloc_buffer_overlaps_heap
 .text          0x00000000000037d8      0x758 /home/yin/imx-optee/imx-optee-os/out/arm-plat-imx/export-ta_arm32/lib/libutils.a(snprintk.o)
                0x00000000000037d8                __vsnprintf
                0x0000000000003f08                vsnprintk
                0x0000000000003f16                snprintk
 .text          0x0000000000003f30      0x2c0 /home/yin/imx-optee/imx-optee-os/out/arm-plat-imx/export-ta_arm32/lib/libutils.a(trace.o)
                0x0000000000003f7e                trace_set_level
                0x0000000000003f9c                trace_get_level
                0x0000000000003fb0                trace_printf
                0x00000000000040f4                dhex_dump
 .text          0x00000000000041f0       0xbc /home/yin/imx-optee/imx-optee-os/out/arm-plat-imx/export-ta_arm32/lib/libutils.a(mempool.o)
                0x00000000000041f0                mempool_alloc_pool
                0x0000000000004234                mempool_alloc
                0x000000000000427e                mempool_free
 .text.ret_idivmod_values
                0x00000000000042ac        0x4 /home/yin/imx-optee/imx-optee-os/out/arm-plat-imx/export-ta_arm32/lib/libutils.a(arm32_aeabi_divmod_a32.o)
                0x00000000000042ac                ret_idivmod_values
 .text.ret_uidivmod_values
                0x00000000000042b0        0x4 /home/yin/imx-optee/imx-optee-os/out/arm-plat-imx/export-ta_arm32/lib/libutils.a(arm32_aeabi_divmod_a32.o)
                0x00000000000042b0                ret_uidivmod_values
 .text.__aeabi_ldivmod
                0x00000000000042b4       0x18 /home/yin/imx-optee/imx-optee-os/out/arm-plat-imx/export-ta_arm32/lib/libutils.a(arm32_aeabi_ldivmod_a32.o)
                0x00000000000042b4                __aeabi_ldivmod
 .text.__aeabi_uldivmod
                0x00000000000042cc       0x18 /home/yin/imx-optee/imx-optee-os/out/arm-plat-imx/export-ta_arm32/lib/libutils.a(arm32_aeabi_ldivmod_a32.o)
                0x00000000000042cc                __aeabi_uldivmod
 .text          0x00000000000042e4       0xe4 /home/yin/imx-optee/imx-optee-os/out/arm-plat-imx/export-ta_arm32/lib/libmpa.a(mpa_misc.o)
                0x00000000000042e4                __mpa_set_unused_digits_to_zero
                0x00000000000042fe                mpa_wipe
                0x0000000000004314                mpa_copy
                0x0000000000004336                mpa_abs
                0x000000000000434a                mpa_highest_bit_index
                0x0000000000004374                mpa_get_bit
                0x00000000000043a0                mpa_can_hold
                0x00000000000043b4                mpa_parity
                0x00000000000043bc                mpa_constant_one
 .text          0x00000000000043c8      0x264 /home/yin/imx-optee/imx-optee-os/out/arm-plat-imx/export-ta_arm32/lib/libmpa.a(mpa_montgomery.o)
                0x00000000000043c8                __mpa_montgomery_mul_add
                0x0000000000004428                __mpa_montgomery_sub_ack
                0x0000000000004488                __mpa_montgomery_mul
                0x0000000000004520                mpa_compute_fmm_context
                0x00000000000045f0                mpa_montgomery_mul
 .text          0x000000000000462c      0x278 /home/yin/imx-optee/imx-optee-os/out/arm-plat-imx/export-ta_arm32/lib/libmpa.a(mpa_primetest.o)
                0x000000000000462c                mpa_is_prob_prime
 .text          0x00000000000048a4      0x114 /home/yin/imx-optee/imx-optee-os/out/arm-plat-imx/export-ta_arm32/lib/libmpa.a(mpa_expmod.o)
                0x00000000000048a4                mpa_exp_mod
 .text          0x00000000000049b8      0x490 /home/yin/imx-optee/imx-optee-os/out/arm-plat-imx/export-ta_arm32/lib/libmpa.a(mpa_io.o)
                0x0000000000004aa4                mpa_get_str_size
                0x0000000000004aaa                mpa_set_str
                0x0000000000004c80                mpa_get_str
                0x0000000000004cd4                mpa_set_oct_str
                0x0000000000004d70                mpa_get_oct_str
 .text          0x0000000000004e48       0x38 /home/yin/imx-optee/imx-optee-os/out/arm-plat-imx/export-ta_arm32/lib/libutee.a(assert.o)
                0x0000000000004e48                _assert_log
                0x0000000000004e70                _assert_break
 .text          0x0000000000004e80        0x4 ./user_ta_header.o
                0x0000000000004e80                tahead_get_trace_level
 .text          0x0000000000004e84        0x4 /home/yin/imx-optee/imx-optee-os/out/arm-plat-imx/export-ta_arm32/lib/libutee.a(tee_api_panic.o)
                0x0000000000004e84                TEE_Panic
 .text          0x0000000000004e88       0x2c /home/yin/imx-optee/imx-optee-os/out/arm-plat-imx/export-ta_arm32/lib/libutils.a(snprintf.o)
                0x0000000000004e88                snprintf
                0x0000000000004ea6                vsnprintf
 .text          0x0000000000004eb4       0x1e /home/yin/imx-optee/imx-optee-os/out/arm-plat-imx/export-ta_arm32/lib/libutils.a(memcmp.o)
                0x0000000000004eb4                memcmp
 .text          0x0000000000004ed2       0x16 /home/yin/imx-optee/imx-optee-os/out/arm-plat-imx/export-ta_arm32/lib/libutils.a(memcpy.o)
                0x0000000000004ed2                memcpy
 .text          0x0000000000004ee8       0x34 /home/yin/imx-optee/imx-optee-os/out/arm-plat-imx/export-ta_arm32/lib/libutils.a(memmove.o)
                0x0000000000004ee8                memmove
 .text          0x0000000000004f1c       0x10 /home/yin/imx-optee/imx-optee-os/out/arm-plat-imx/export-ta_arm32/lib/libutils.a(memset.o)
                0x0000000000004f1c                memset
 .text          0x0000000000004f2c       0x10 /home/yin/imx-optee/imx-optee-os/out/arm-plat-imx/export-ta_arm32/lib/libutils.a(strlen.o)
                0x0000000000004f2c                strlen
 .text          0x0000000000004f3c      0x1b6 /home/yin/imx-optee/imx-optee-os/out/arm-plat-imx/export-ta_arm32/lib/libutils.a(arm32_aeabi_divmod.o)
                0x0000000000004f86                __aeabi_uidiv
                0x0000000000004fa6                __aeabi_uimod
                0x0000000000004fc6                __aeabi_uidivmod
                0x0000000000004fec                __aeabi_idiv
                0x0000000000005034                __aeabi_imod
                0x00000000000050a4                __aeabi_idivmod
 .text          0x00000000000050f2       0x2c /home/yin/imx-optee/imx-optee-os/out/arm-plat-imx/export-ta_arm32/lib/libutils.a(buf_compare_ct.o)
                0x00000000000050f2                buf_compare_ct
 .text          0x000000000000511e        0x6 /home/yin/imx-optee/imx-optee-os/out/arm-plat-imx/export-ta_arm32/lib/libutils.a(aeabi_unwind.o)
                0x000000000000511e                __aeabi_unwind_cpp_pr0
                0x0000000000005120                __aeabi_unwind_cpp_pr1
                0x0000000000005122                __aeabi_unwind_cpp_pr2
 .text          0x0000000000005124       0x1c /home/yin/imx-optee/imx-optee-os/out/arm-plat-imx/export-ta_arm32/lib/libutils.a(memchr.o)
                0x0000000000005124                memchr
 .text          0x0000000000005140      0x160 /home/yin/imx-optee/imx-optee-os/out/arm-plat-imx/export-ta_arm32/lib/libutils.a(arm32_aeabi_ldivmod.o)
                0x0000000000005140                __ul_divmod
                0x00000000000051b4                __l_divmod
 .text          0x00000000000052a0       0x76 /home/yin/imx-optee/imx-optee-os/out/arm-plat-imx/export-ta_arm32/lib/libmpa.a(mpa_conv.o)
                0x00000000000052a0                mpa_set_S32
                0x00000000000052bc                mpa_get_S32
                0x00000000000052fe                mpa_set_word
                0x000000000000530a                mpa_get_word
 .text          0x0000000000005316      0x588 /home/yin/imx-optee/imx-optee-os/out/arm-plat-imx/export-ta_arm32/lib/libmpa.a(mpa_div.o)
                0x0000000000005316                __mpa_div_dword
                0x0000000000005370                __mpa_div_q_r_internal_word
                0x000000000000542e                __mpa_div_q_r
                0x0000000000005810                mpa_div
 .text          0x000000000000589e      0x54a /home/yin/imx-optee/imx-optee-os/out/arm-plat-imx/export-ta_arm32/lib/libmpa.a(mpa_gcd.o)
                0x0000000000005c04                mpa_gcd
                0x0000000000005cae                mpa_extended_gcd
 .text          0x0000000000005de8       0x42 /home/yin/imx-optee/imx-optee-os/out/arm-plat-imx/export-ta_arm32/lib/libmpa.a(mpa_mem_static.o)
                0x0000000000005de8                mpa_alloc_static_temp_var_size
                0x0000000000005e10                mpa_alloc_static_temp_var
                0x0000000000005e1a                mpa_free_static_temp_var
 .text          0x0000000000005e2a      0x1f4 /home/yin/imx-optee/imx-optee-os/out/arm-plat-imx/export-ta_arm32/lib/libmpa.a(mpa_mul.o)
                0x0000000000005e2a                __mpa_mul_add_word
                0x0000000000005e3a                __mpa_mul_add_word_cum
                0x0000000000005e52                __mpa_abs_mul_word
                0x0000000000005ea2                __mpa_abs_mul
                0x0000000000005f30                mpa_mul
                0x0000000000005fb2                mpa_mul_word
 .text          0x000000000000601e       0xd6 /home/yin/imx-optee/imx-optee-os/out/arm-plat-imx/export-ta_arm32/lib/libmpa.a(mpa_random.o)
                0x000000000000601e                mpa_get_random
                0x00000000000060be                mpa_get_random_digits
 .text          0x00000000000060f4      0x25a /home/yin/imx-optee/imx-optee-os/out/arm-plat-imx/export-ta_arm32/lib/libmpa.a(mpa_shift.o)
                0x00000000000060f4                __mpa_shift_words_left
                0x0000000000006140                __mpa_shift_words_right
                0x0000000000006184                mpa_shift_left
                0x0000000000006278                mpa_shift_right
 .text          0x000000000000634e      0x57e /home/yin/imx-optee/imx-optee-os/out/arm-plat-imx/export-ta_arm32/lib/libmpa.a(mpa_addsub.o)
                0x000000000000634e                __mpa_full_adder
                0x0000000000006366                __mpa_full_sub
                0x000000000000637e                __mpa_full_adder_ackum
                0x0000000000006398                __mpa_abs_add
                0x0000000000006442                __mpa_abs_add_ackum
                0x00000000000064b6                __mpa_abs_sub
                0x000000000000654a                mpa_add
                0x0000000000006638                mpa_sub
                0x000000000000673c                mpa_neg
                0x000000000000674c                mpa_add_word
                0x000000000000680a                mpa_sub_word
 .text          0x00000000000068cc      0x10c /home/yin/imx-optee/imx-optee-os/out/arm-plat-imx/export-ta_arm32/lib/libmpa.a(mpa_cmp.o)
                0x00000000000068cc                __mpa_abs_cmp
                0x000000000000691e                __mpa_abs_greater_than
                0x000000000000692e                __mpa_abs_less_than
                0x0000000000006938                mpa_cmp
                0x000000000000697e                mpa_cmp_short
 .text          0x00000000000069d8       0x48 /home/yin/imx-optee/imx-optee-os/out/arm-plat-imx/export-ta_arm32/lib/libmpa.a(mpa_init.o)
                0x00000000000069d8                mpa_init_static
                0x00000000000069ea                mpa_init_static_fmm_context
 .text          0x0000000000006a20      0x180 /home/yin/imx-optee/imx-optee-os/out/arm-plat-imx/export-ta_arm32/lib/libmpa.a(mpa_modulus.o)
                0x0000000000006a20                mpa_mod
                0x0000000000006a36                mpa_add_mod
                0x0000000000006a78                mpa_sub_mod
                0x0000000000006aba                mpa_mul_mod
                0x0000000000006afc                mpa_inv_mod
 .text          0x0000000000006ba0        0x0 /home/yin/imx-optee/imx-optee-os/out/arm-plat-imx/export-ta_arm32/lib/libutee.a(gprof_a32.o)
 .text          0x0000000000006ba0        0x0 /home/yin/imx-optee/imx-optee-os/out/arm-plat-imx/export-ta_arm32/lib/libutils.a(arm32_aeabi_divmod_a32.o)
 .text          0x0000000000006ba0        0x0 /home/yin/imx-optee/imx-optee-os/out/arm-plat-imx/export-ta_arm32/lib/libutils.a(arm32_aeabi_ldivmod_a32.o)
 .text.__stub   0x0000000000006ba0       0x40 linker stubs
 *(SORT(.stub))
 *(SORT(.glue_7))
 .glue_7        0x0000000000006be0        0x0 linker stubs
 *(SORT(.glue_7t))
 .glue_7t       0x0000000000006be0        0x0 linker stubs
 *(SORT(.gnu.linkonce.t.*))
 *(SORT(.vfp11_veneer))
 .vfp11_veneer  0x0000000000006be0        0x0 linker stubs
                [!provide]                        PROVIDE (__gnu_mcount_nc, __utee_mcount)
                0x0000000000006be0                __text_end = .

.v4_bx          0x0000000000006be0        0x0
 .v4_bx         0x0000000000006be0        0x0 linker stubs

.iplt           0x0000000000006be0        0x0
 .iplt          0x0000000000006be0        0x0 ./random_example_ta.o

.plt            0x0000000000006be0        0x0
 *(SORT(.plt))
 .plt           0x0000000000006be0        0x0 ./random_example_ta.o

.eh_frame
 *(SORT(.eh_frame))

.rodata         0x0000000000006be0     0x153d
 *(SORT(.gnu.linkonce.r.*))
 *(SORT(.rodata) SORT(.rodata.*))
 .rodata.user_ta_header.c
                0x0000000000006be0       0x1b ./user_ta_header.o
                0x0000000000006be0                ta_num_props
                0x0000000000006bf4                ta_heap_size
                0x0000000000006bf8                trace_ext_prefix
 *fill*         0x0000000000006bfb        0x1 
 .rodata.lib/libmpa/mpa_misc.c
                0x0000000000006bfc       0x28 /home/yin/imx-optee/imx-optee-os/out/arm-plat-imx/export-ta_arm32/lib/libmpa.a(mpa_misc.o)
                0x0000000000006bfc                const_one
                0x0000000000006c08                Const_1_LShift_Base
                0x0000000000006c18                const_largest_deci_base
 .rodata.lib/libmpa/mpa_primetest.c
                0x0000000000006c24      0xd30 /home/yin/imx-optee/imx-optee-os/out/arm-plat-imx/export-ta_arm32/lib/libmpa.a(mpa_primetest.o)
                0x0000000000006c24                PRIME_TABLE
                0x000000000000794c                NR_STORED_PRIMES
                0x0000000000007950                MAX_TABULATED_PRIME
 .rodata.random_example_ta.c
                0x0000000000007954       0x17 ./random_example_ta.o
 .rodata.str1.1.random_example_ta.c
                0x000000000000796b       0x36 ./random_example_ta.o
 .rodata.str1.1.user_ta_header.c
                0x00000000000079a1      0x10e ./user_ta_header.o
 .rodata.str1.1.lib/libutee/tee_api_arith.c
                0x0000000000007aaf       0x5b /home/yin/imx-optee/imx-optee-os/out/arm-plat-imx/export-ta_arm32/lib/libutee.a(tee_api_arith.o)
 .rodata.lib/libutee/tee_api.c
                0x0000000000007b0a        0xb /home/yin/imx-optee/imx-optee-os/out/arm-plat-imx/export-ta_arm32/lib/libutee.a(tee_api.o)
 .rodata.str1.1.lib/libutee/tee_api.c
                0x0000000000007b15       0x11 /home/yin/imx-optee/imx-optee-os/out/arm-plat-imx/export-ta_arm32/lib/libutee.a(tee_api.o)
 .rodata.str1.1.lib/libutee/trace_ext.c
                0x0000000000007b26       0x11 /home/yin/imx-optee/imx-optee-os/out/arm-plat-imx/export-ta_arm32/lib/libutee.a(trace_ext.o)
                                          0x2 (size before relaxing)
 .rodata.lib/libutils/isoc/bget_malloc.c
                0x0000000000007b26       0x83 /home/yin/imx-optee/imx-optee-os/out/arm-plat-imx/export-ta_arm32/lib/libutils.a(bget_malloc.o)
 .rodata.str1.1.lib/libutils/isoc/bget_malloc.c
                0x0000000000007ba9      0x3e1 /home/yin/imx-optee/imx-optee-os/out/arm-plat-imx/export-ta_arm32/lib/libutils.a(bget_malloc.o)
                                        0x3ea (size before relaxing)
 .rodata.lib/libutils/ext/snprintk.c
                0x0000000000007f8a       0x22 /home/yin/imx-optee/imx-optee-os/out/arm-plat-imx/export-ta_arm32/lib/libutils.a(snprintk.o)
 .rodata.str1.1.lib/libutils/ext/snprintk.c
                0x0000000000007fac       0x38 /home/yin/imx-optee/imx-optee-os/out/arm-plat-imx/export-ta_arm32/lib/libutils.a(snprintk.o)
 .rodata.lib/libutils/ext/trace.c
                0x0000000000007fe4        0xf /home/yin/imx-optee/imx-optee-os/out/arm-plat-imx/export-ta_arm32/lib/libutils.a(trace.o)
 .rodata.str1.1.lib/libutils/ext/trace.c
                0x0000000000007ff3       0x3a /home/yin/imx-optee/imx-optee-os/out/arm-plat-imx/export-ta_arm32/lib/libutils.a(trace.o)
                                         0x3d (size before relaxing)
 .rodata.lib/libutils/ext/mempool.c
                0x000000000000802d       0x13 /home/yin/imx-optee/imx-optee-os/out/arm-plat-imx/export-ta_arm32/lib/libutils.a(mempool.o)
 .rodata.str1.1.lib/libutils/ext/mempool.c
                0x0000000000008040       0x3f /home/yin/imx-optee/imx-optee-os/out/arm-plat-imx/export-ta_arm32/lib/libutils.a(mempool.o)
 .rodata.lib/libmpa/mpa_io.c
                0x000000000000807f       0x18 /home/yin/imx-optee/imx-optee-os/out/arm-plat-imx/export-ta_arm32/lib/libmpa.a(mpa_io.o)
 .rodata.str1.1.lib/libmpa/mpa_io.c
                0x0000000000008097       0x5f /home/yin/imx-optee/imx-optee-os/out/arm-plat-imx/export-ta_arm32/lib/libmpa.a(mpa_io.o)
 .rodata.str1.1.lib/libutee/assert.c
                0x00000000000080f6       0x27 /home/yin/imx-optee/imx-optee-os/out/arm-plat-imx/export-ta_arm32/lib/libutee.a(assert.o)

.ARM.extab      0x0000000000008120       0xfc
 .ARM.extab     0x0000000000008120        0x0 ./random_example_ta.o
 .ARM.extab     0x0000000000008120        0x0 ./user_ta_header.o
 .ARM.extab     0x0000000000008120        0xc /home/yin/imx-optee/imx-optee-os/out/arm-plat-imx/export-ta_arm32/lib/libutee.a(tee_api_operations.o)
 .ARM.extab     0x000000000000812c        0x0 /home/yin/imx-optee/imx-optee-os/out/arm-plat-imx/export-ta_arm32/lib/libutee.a(tee_api_panic.o)
 .ARM.extab     0x000000000000812c        0x0 /home/yin/imx-optee/imx-optee-os/out/arm-plat-imx/export-ta_arm32/lib/libutee.a(user_ta_entry.o)
 .ARM.extab     0x000000000000812c       0x3c /home/yin/imx-optee/imx-optee-os/out/arm-plat-imx/export-ta_arm32/lib/libutee.a(tee_api_arith.o)
 .ARM.extab     0x0000000000008168       0x24 /home/yin/imx-optee/imx-optee-os/out/arm-plat-imx/export-ta_arm32/lib/libutee.a(tee_api.o)
 .ARM.extab     0x000000000000818c       0x30 /home/yin/imx-optee/imx-optee-os/out/arm-plat-imx/export-ta_arm32/lib/libutee.a(tee_api_objects.o)
 .ARM.extab     0x00000000000081bc        0xc /home/yin/imx-optee/imx-optee-os/out/arm-plat-imx/export-ta_arm32/lib/libutee.a(trace_ext.o)
 .ARM.extab     0x00000000000081c8        0xc /home/yin/imx-optee/imx-optee-os/out/arm-plat-imx/export-ta_arm32/lib/libutils.a(bget_malloc.o)
 .ARM.extab     0x00000000000081d4        0xc /home/yin/imx-optee/imx-optee-os/out/arm-plat-imx/export-ta_arm32/lib/libutils.a(snprintf.o)
 .ARM.extab     0x00000000000081e0        0x0 /home/yin/imx-optee/imx-optee-os/out/arm-plat-imx/export-ta_arm32/lib/libutils.a(memcmp.o)
 .ARM.extab     0x00000000000081e0        0x0 /home/yin/imx-optee/imx-optee-os/out/arm-plat-imx/export-ta_arm32/lib/libutils.a(memcpy.o)
 .ARM.extab     0x00000000000081e0        0x0 /home/yin/imx-optee/imx-optee-os/out/arm-plat-imx/export-ta_arm32/lib/libutils.a(memmove.o)
 .ARM.extab     0x00000000000081e0        0x0 /home/yin/imx-optee/imx-optee-os/out/arm-plat-imx/export-ta_arm32/lib/libutils.a(memset.o)
 .ARM.extab     0x00000000000081e0        0x0 /home/yin/imx-optee/imx-optee-os/out/arm-plat-imx/export-ta_arm32/lib/libutils.a(strlen.o)
 .ARM.extab     0x00000000000081e0        0x0 /home/yin/imx-optee/imx-optee-os/out/arm-plat-imx/export-ta_arm32/lib/libutils.a(arm32_aeabi_divmod.o)
 .ARM.extab     0x00000000000081e0        0xc /home/yin/imx-optee/imx-optee-os/out/arm-plat-imx/export-ta_arm32/lib/libutils.a(snprintk.o)
 .ARM.extab     0x00000000000081ec        0x0 /home/yin/imx-optee/imx-optee-os/out/arm-plat-imx/export-ta_arm32/lib/libutils.a(buf_compare_ct.o)
 .ARM.extab     0x00000000000081ec        0xc /home/yin/imx-optee/imx-optee-os/out/arm-plat-imx/export-ta_arm32/lib/libutils.a(trace.o)
 .ARM.extab     0x00000000000081f8        0x0 /home/yin/imx-optee/imx-optee-os/out/arm-plat-imx/export-ta_arm32/lib/libutils.a(mempool.o)
 .ARM.extab     0x00000000000081f8        0x0 /home/yin/imx-optee/imx-optee-os/out/arm-plat-imx/export-ta_arm32/lib/libutils.a(aeabi_unwind.o)
 .ARM.extab     0x00000000000081f8        0x0 /home/yin/imx-optee/imx-optee-os/out/arm-plat-imx/export-ta_arm32/lib/libutils.a(memchr.o)
 .ARM.extab     0x00000000000081f8        0x0 /home/yin/imx-optee/imx-optee-os/out/arm-plat-imx/export-ta_arm32/lib/libutils.a(arm32_aeabi_ldivmod.o)
 .ARM.extab     0x00000000000081f8        0x0 /home/yin/imx-optee/imx-optee-os/out/arm-plat-imx/export-ta_arm32/lib/libmpa.a(mpa_misc.o)
 .ARM.extab     0x00000000000081f8        0x0 /home/yin/imx-optee/imx-optee-os/out/arm-plat-imx/export-ta_arm32/lib/libmpa.a(mpa_montgomery.o)
 .ARM.extab     0x00000000000081f8        0x0 /home/yin/imx-optee/imx-optee-os/out/arm-plat-imx/export-ta_arm32/lib/libmpa.a(mpa_primetest.o)
 .ARM.extab     0x00000000000081f8        0x0 /home/yin/imx-optee/imx-optee-os/out/arm-plat-imx/export-ta_arm32/lib/libmpa.a(mpa_conv.o)
 .ARM.extab     0x00000000000081f8        0x0 /home/yin/imx-optee/imx-optee-os/out/arm-plat-imx/export-ta_arm32/lib/libmpa.a(mpa_div.o)
 .ARM.extab     0x00000000000081f8        0x0 /home/yin/imx-optee/imx-optee-os/out/arm-plat-imx/export-ta_arm32/lib/libmpa.a(mpa_gcd.o)
 .ARM.extab     0x00000000000081f8        0x0 /home/yin/imx-optee/imx-optee-os/out/arm-plat-imx/export-ta_arm32/lib/libmpa.a(mpa_mem_static.o)
 .ARM.extab     0x00000000000081f8        0x0 /home/yin/imx-optee/imx-optee-os/out/arm-plat-imx/export-ta_arm32/lib/libmpa.a(mpa_mul.o)
 .ARM.extab     0x00000000000081f8        0x0 /home/yin/imx-optee/imx-optee-os/out/arm-plat-imx/export-ta_arm32/lib/libmpa.a(mpa_random.o)
 .ARM.extab     0x00000000000081f8        0x0 /home/yin/imx-optee/imx-optee-os/out/arm-plat-imx/export-ta_arm32/lib/libmpa.a(mpa_shift.o)
 .ARM.extab     0x00000000000081f8        0x0 /home/yin/imx-optee/imx-optee-os/out/arm-plat-imx/export-ta_arm32/lib/libmpa.a(mpa_addsub.o)
 .ARM.extab     0x00000000000081f8       0x18 /home/yin/imx-optee/imx-optee-os/out/arm-plat-imx/export-ta_arm32/lib/libmpa.a(mpa_cmp.o)
 .ARM.extab     0x0000000000008210        0x0 /home/yin/imx-optee/imx-optee-os/out/arm-plat-imx/export-ta_arm32/lib/libmpa.a(mpa_expmod.o)
 .ARM.extab     0x0000000000008210        0x0 /home/yin/imx-optee/imx-optee-os/out/arm-plat-imx/export-ta_arm32/lib/libmpa.a(mpa_init.o)
 .ARM.extab     0x0000000000008210        0x0 /home/yin/imx-optee/imx-optee-os/out/arm-plat-imx/export-ta_arm32/lib/libmpa.a(mpa_io.o)
 .ARM.extab     0x0000000000008210        0x0 /home/yin/imx-optee/imx-optee-os/out/arm-plat-imx/export-ta_arm32/lib/libmpa.a(mpa_modulus.o)
 .ARM.extab     0x0000000000008210        0xc /home/yin/imx-optee/imx-optee-os/out/arm-plat-imx/export-ta_arm32/lib/libutee.a(assert.o)

.gnu.version_d  0x000000000000821c        0x0
 .gnu.version_d
                0x000000000000821c        0x0 ./random_example_ta.o

.gnu.version    0x000000000000821c        0x0
 .gnu.version   0x000000000000821c        0x0 ./random_example_ta.o

.gnu.version_r  0x000000000000821c        0x0
 .gnu.version_r
                0x000000000000821c        0x0 ./random_example_ta.o

.ARM.extab.text.utee_panic
                0x000000000000821c        0xc
 .ARM.extab.text.utee_panic
                0x000000000000821c        0xc /home/yin/imx-optee/imx-optee-os/out/arm-plat-imx/export-ta_arm32/lib/libutee.a(utee_syscalls_a32.o)

.ARM.extab.text.utee_return
                0x0000000000008228        0x0
 .ARM.extab.text.utee_return
                0x0000000000008228        0x0 /home/yin/imx-optee/imx-optee-os/out/arm-plat-imx/export-ta_arm32/lib/libutee.a(utee_syscalls_a32.o)

.ARM.extab.text.utee_log
                0x0000000000008228        0x0
 .ARM.extab.text.utee_log
                0x0000000000008228        0x0 /home/yin/imx-optee/imx-optee-os/out/arm-plat-imx/export-ta_arm32/lib/libutee.a(utee_syscalls_a32.o)

.ARM.extab.text.__utee_panic
                0x0000000000008228        0x0
 .ARM.extab.text.__utee_panic
                0x0000000000008228        0x0 /home/yin/imx-optee/imx-optee-os/out/arm-plat-imx/export-ta_arm32/lib/libutee.a(utee_syscalls_a32.o)

.ARM.extab.text.utee_get_property
                0x0000000000008228        0x0
 .ARM.extab.text.utee_get_property
                0x0000000000008228        0x0 /home/yin/imx-optee/imx-optee-os/out/arm-plat-imx/export-ta_arm32/lib/libutee.a(utee_syscalls_a32.o)

.ARM.extab.text.utee_get_property_name_to_index
                0x0000000000008228        0x0
 .ARM.extab.text.utee_get_property_name_to_index
                0x0000000000008228        0x0 /home/yin/imx-optee/imx-optee-os/out/arm-plat-imx/export-ta_arm32/lib/libutee.a(utee_syscalls_a32.o)

.ARM.extab.text.utee_open_ta_session
                0x0000000000008228        0x0
 .ARM.extab.text.utee_open_ta_session
                0x0000000000008228        0x0 /home/yin/imx-optee/imx-optee-os/out/arm-plat-imx/export-ta_arm32/lib/libutee.a(utee_syscalls_a32.o)

.ARM.extab.text.utee_close_ta_session
                0x0000000000008228        0x0
 .ARM.extab.text.utee_close_ta_session
                0x0000000000008228        0x0 /home/yin/imx-optee/imx-optee-os/out/arm-plat-imx/export-ta_arm32/lib/libutee.a(utee_syscalls_a32.o)

.ARM.extab.text.utee_invoke_ta_command
                0x0000000000008228        0x0
 .ARM.extab.text.utee_invoke_ta_command
                0x0000000000008228        0x0 /home/yin/imx-optee/imx-optee-os/out/arm-plat-imx/export-ta_arm32/lib/libutee.a(utee_syscalls_a32.o)

.ARM.extab.text.utee_get_cancellation_flag
                0x0000000000008228        0x0
 .ARM.extab.text.utee_get_cancellation_flag
                0x0000000000008228        0x0 /home/yin/imx-optee/imx-optee-os/out/arm-plat-imx/export-ta_arm32/lib/libutee.a(utee_syscalls_a32.o)

.ARM.extab.text.utee_check_access_rights
                0x0000000000008228        0x0
 .ARM.extab.text.utee_check_access_rights
                0x0000000000008228        0x0 /home/yin/imx-optee/imx-optee-os/out/arm-plat-imx/export-ta_arm32/lib/libutee.a(utee_syscalls_a32.o)

.ARM.extab.text.utee_unmask_cancellation
                0x0000000000008228        0x0
 .ARM.extab.text.utee_unmask_cancellation
                0x0000000000008228        0x0 /home/yin/imx-optee/imx-optee-os/out/arm-plat-imx/export-ta_arm32/lib/libutee.a(utee_syscalls_a32.o)

.ARM.extab.text.utee_mask_cancellation
                0x0000000000008228        0x0
 .ARM.extab.text.utee_mask_cancellation
                0x0000000000008228        0x0 /home/yin/imx-optee/imx-optee-os/out/arm-plat-imx/export-ta_arm32/lib/libutee.a(utee_syscalls_a32.o)

.ARM.extab.text.utee_wait
                0x0000000000008228        0x0
 .ARM.extab.text.utee_wait
                0x0000000000008228        0x0 /home/yin/imx-optee/imx-optee-os/out/arm-plat-imx/export-ta_arm32/lib/libutee.a(utee_syscalls_a32.o)

.ARM.extab.text.utee_get_time
                0x0000000000008228        0x0
 .ARM.extab.text.utee_get_time
                0x0000000000008228        0x0 /home/yin/imx-optee/imx-optee-os/out/arm-plat-imx/export-ta_arm32/lib/libutee.a(utee_syscalls_a32.o)

.ARM.extab.text.utee_set_ta_time
                0x0000000000008228        0x0
 .ARM.extab.text.utee_set_ta_time
                0x0000000000008228        0x0 /home/yin/imx-optee/imx-optee-os/out/arm-plat-imx/export-ta_arm32/lib/libutee.a(utee_syscalls_a32.o)

.ARM.extab.text.utee_cryp_state_alloc
                0x0000000000008228        0x0
 .ARM.extab.text.utee_cryp_state_alloc
                0x0000000000008228        0x0 /home/yin/imx-optee/imx-optee-os/out/arm-plat-imx/export-ta_arm32/lib/libutee.a(utee_syscalls_a32.o)

.ARM.extab.text.utee_cryp_state_copy
                0x0000000000008228        0x0
 .ARM.extab.text.utee_cryp_state_copy
                0x0000000000008228        0x0 /home/yin/imx-optee/imx-optee-os/out/arm-plat-imx/export-ta_arm32/lib/libutee.a(utee_syscalls_a32.o)

.ARM.extab.text.utee_cryp_state_free
                0x0000000000008228        0x0
 .ARM.extab.text.utee_cryp_state_free
                0x0000000000008228        0x0 /home/yin/imx-optee/imx-optee-os/out/arm-plat-imx/export-ta_arm32/lib/libutee.a(utee_syscalls_a32.o)

.ARM.extab.text.utee_hash_init
                0x0000000000008228        0x0
 .ARM.extab.text.utee_hash_init
                0x0000000000008228        0x0 /home/yin/imx-optee/imx-optee-os/out/arm-plat-imx/export-ta_arm32/lib/libutee.a(utee_syscalls_a32.o)

.ARM.extab.text.utee_hash_update
                0x0000000000008228        0x0
 .ARM.extab.text.utee_hash_update
                0x0000000000008228        0x0 /home/yin/imx-optee/imx-optee-os/out/arm-plat-imx/export-ta_arm32/lib/libutee.a(utee_syscalls_a32.o)

.ARM.extab.text.utee_hash_final
                0x0000000000008228        0x0
 .ARM.extab.text.utee_hash_final
                0x0000000000008228        0x0 /home/yin/imx-optee/imx-optee-os/out/arm-plat-imx/export-ta_arm32/lib/libutee.a(utee_syscalls_a32.o)

.ARM.extab.text.utee_cipher_init
                0x0000000000008228        0x0
 .ARM.extab.text.utee_cipher_init
                0x0000000000008228        0x0 /home/yin/imx-optee/imx-optee-os/out/arm-plat-imx/export-ta_arm32/lib/libutee.a(utee_syscalls_a32.o)

.ARM.extab.text.utee_cipher_update
                0x0000000000008228        0x0
 .ARM.extab.text.utee_cipher_update
                0x0000000000008228        0x0 /home/yin/imx-optee/imx-optee-os/out/arm-plat-imx/export-ta_arm32/lib/libutee.a(utee_syscalls_a32.o)

.ARM.extab.text.utee_cipher_final
                0x0000000000008228        0x0
 .ARM.extab.text.utee_cipher_final
                0x0000000000008228        0x0 /home/yin/imx-optee/imx-optee-os/out/arm-plat-imx/export-ta_arm32/lib/libutee.a(utee_syscalls_a32.o)

.ARM.extab.text.utee_cryp_obj_get_info
                0x0000000000008228        0x0
 .ARM.extab.text.utee_cryp_obj_get_info
                0x0000000000008228        0x0 /home/yin/imx-optee/imx-optee-os/out/arm-plat-imx/export-ta_arm32/lib/libutee.a(utee_syscalls_a32.o)

.ARM.extab.text.utee_cryp_obj_restrict_usage
                0x0000000000008228        0x0
 .ARM.extab.text.utee_cryp_obj_restrict_usage
                0x0000000000008228        0x0 /home/yin/imx-optee/imx-optee-os/out/arm-plat-imx/export-ta_arm32/lib/libutee.a(utee_syscalls_a32.o)

.ARM.extab.text.utee_cryp_obj_get_attr
                0x0000000000008228        0x0
 .ARM.extab.text.utee_cryp_obj_get_attr
                0x0000000000008228        0x0 /home/yin/imx-optee/imx-optee-os/out/arm-plat-imx/export-ta_arm32/lib/libutee.a(utee_syscalls_a32.o)

.ARM.extab.text.utee_cryp_obj_alloc
                0x0000000000008228        0x0
 .ARM.extab.text.utee_cryp_obj_alloc
                0x0000000000008228        0x0 /home/yin/imx-optee/imx-optee-os/out/arm-plat-imx/export-ta_arm32/lib/libutee.a(utee_syscalls_a32.o)

.ARM.extab.text.utee_cryp_obj_close
                0x0000000000008228        0x0
 .ARM.extab.text.utee_cryp_obj_close
                0x0000000000008228        0x0 /home/yin/imx-optee/imx-optee-os/out/arm-plat-imx/export-ta_arm32/lib/libutee.a(utee_syscalls_a32.o)

.ARM.extab.text.utee_cryp_obj_reset
                0x0000000000008228        0x0
 .ARM.extab.text.utee_cryp_obj_reset
                0x0000000000008228        0x0 /home/yin/imx-optee/imx-optee-os/out/arm-plat-imx/export-ta_arm32/lib/libutee.a(utee_syscalls_a32.o)

.ARM.extab.text.utee_cryp_obj_populate
                0x0000000000008228        0x0
 .ARM.extab.text.utee_cryp_obj_populate
                0x0000000000008228        0x0 /home/yin/imx-optee/imx-optee-os/out/arm-plat-imx/export-ta_arm32/lib/libutee.a(utee_syscalls_a32.o)

.ARM.extab.text.utee_cryp_obj_copy
                0x0000000000008228        0x0
 .ARM.extab.text.utee_cryp_obj_copy
                0x0000000000008228        0x0 /home/yin/imx-optee/imx-optee-os/out/arm-plat-imx/export-ta_arm32/lib/libutee.a(utee_syscalls_a32.o)

.ARM.extab.text.utee_cryp_derive_key
                0x0000000000008228        0x0
 .ARM.extab.text.utee_cryp_derive_key
                0x0000000000008228        0x0 /home/yin/imx-optee/imx-optee-os/out/arm-plat-imx/export-ta_arm32/lib/libutee.a(utee_syscalls_a32.o)

.ARM.extab.text.utee_cryp_random_number_generate
                0x0000000000008228        0x0
 .ARM.extab.text.utee_cryp_random_number_generate
                0x0000000000008228        0x0 /home/yin/imx-optee/imx-optee-os/out/arm-plat-imx/export-ta_arm32/lib/libutee.a(utee_syscalls_a32.o)

.ARM.extab.text.utee_authenc_init
                0x0000000000008228        0x0
 .ARM.extab.text.utee_authenc_init
                0x0000000000008228        0x0 /home/yin/imx-optee/imx-optee-os/out/arm-plat-imx/export-ta_arm32/lib/libutee.a(utee_syscalls_a32.o)

.ARM.extab.text.utee_authenc_update_aad
                0x0000000000008228        0x0
 .ARM.extab.text.utee_authenc_update_aad
                0x0000000000008228        0x0 /home/yin/imx-optee/imx-optee-os/out/arm-plat-imx/export-ta_arm32/lib/libutee.a(utee_syscalls_a32.o)

.ARM.extab.text.utee_authenc_update_payload
                0x0000000000008228        0x0
 .ARM.extab.text.utee_authenc_update_payload
                0x0000000000008228        0x0 /home/yin/imx-optee/imx-optee-os/out/arm-plat-imx/export-ta_arm32/lib/libutee.a(utee_syscalls_a32.o)

.ARM.extab.text.utee_authenc_enc_final
                0x0000000000008228        0x0
 .ARM.extab.text.utee_authenc_enc_final
                0x0000000000008228        0x0 /home/yin/imx-optee/imx-optee-os/out/arm-plat-imx/export-ta_arm32/lib/libutee.a(utee_syscalls_a32.o)

.ARM.extab.text.utee_authenc_dec_final
                0x0000000000008228        0x0
 .ARM.extab.text.utee_authenc_dec_final
                0x0000000000008228        0x0 /home/yin/imx-optee/imx-optee-os/out/arm-plat-imx/export-ta_arm32/lib/libutee.a(utee_syscalls_a32.o)

.ARM.extab.text.utee_asymm_operate
                0x0000000000008228        0x0
 .ARM.extab.text.utee_asymm_operate
                0x0000000000008228        0x0 /home/yin/imx-optee/imx-optee-os/out/arm-plat-imx/export-ta_arm32/lib/libutee.a(utee_syscalls_a32.o)

.ARM.extab.text.utee_asymm_verify
                0x0000000000008228        0x0
 .ARM.extab.text.utee_asymm_verify
                0x0000000000008228        0x0 /home/yin/imx-optee/imx-optee-os/out/arm-plat-imx/export-ta_arm32/lib/libutee.a(utee_syscalls_a32.o)

.ARM.extab.text.utee_storage_obj_open
                0x0000000000008228        0x0
 .ARM.extab.text.utee_storage_obj_open
                0x0000000000008228        0x0 /home/yin/imx-optee/imx-optee-os/out/arm-plat-imx/export-ta_arm32/lib/libutee.a(utee_syscalls_a32.o)

.ARM.extab.text.utee_storage_obj_create
                0x0000000000008228        0x0
 .ARM.extab.text.utee_storage_obj_create
                0x0000000000008228        0x0 /home/yin/imx-optee/imx-optee-os/out/arm-plat-imx/export-ta_arm32/lib/libutee.a(utee_syscalls_a32.o)

.ARM.extab.text.utee_storage_obj_del
                0x0000000000008228        0x0
 .ARM.extab.text.utee_storage_obj_del
                0x0000000000008228        0x0 /home/yin/imx-optee/imx-optee-os/out/arm-plat-imx/export-ta_arm32/lib/libutee.a(utee_syscalls_a32.o)

.ARM.extab.text.utee_storage_obj_rename
                0x0000000000008228        0x0
 .ARM.extab.text.utee_storage_obj_rename
                0x0000000000008228        0x0 /home/yin/imx-optee/imx-optee-os/out/arm-plat-imx/export-ta_arm32/lib/libutee.a(utee_syscalls_a32.o)

.ARM.extab.text.utee_storage_alloc_enum
                0x0000000000008228        0x0
 .ARM.extab.text.utee_storage_alloc_enum
                0x0000000000008228        0x0 /home/yin/imx-optee/imx-optee-os/out/arm-plat-imx/export-ta_arm32/lib/libutee.a(utee_syscalls_a32.o)

.ARM.extab.text.utee_storage_free_enum
                0x0000000000008228        0x0
 .ARM.extab.text.utee_storage_free_enum
                0x0000000000008228        0x0 /home/yin/imx-optee/imx-optee-os/out/arm-plat-imx/export-ta_arm32/lib/libutee.a(utee_syscalls_a32.o)

.ARM.extab.text.utee_storage_reset_enum
                0x0000000000008228        0x0
 .ARM.extab.text.utee_storage_reset_enum
                0x0000000000008228        0x0 /home/yin/imx-optee/imx-optee-os/out/arm-plat-imx/export-ta_arm32/lib/libutee.a(utee_syscalls_a32.o)

.ARM.extab.text.utee_storage_start_enum
                0x0000000000008228        0x0
 .ARM.extab.text.utee_storage_start_enum
                0x0000000000008228        0x0 /home/yin/imx-optee/imx-optee-os/out/arm-plat-imx/export-ta_arm32/lib/libutee.a(utee_syscalls_a32.o)

.ARM.extab.text.utee_storage_next_enum
                0x0000000000008228        0x0
 .ARM.extab.text.utee_storage_next_enum
                0x0000000000008228        0x0 /home/yin/imx-optee/imx-optee-os/out/arm-plat-imx/export-ta_arm32/lib/libutee.a(utee_syscalls_a32.o)

.ARM.extab.text.utee_storage_obj_read
                0x0000000000008228        0x0
 .ARM.extab.text.utee_storage_obj_read
                0x0000000000008228        0x0 /home/yin/imx-optee/imx-optee-os/out/arm-plat-imx/export-ta_arm32/lib/libutee.a(utee_syscalls_a32.o)

.ARM.extab.text.utee_storage_obj_write
                0x0000000000008228        0x0
 .ARM.extab.text.utee_storage_obj_write
                0x0000000000008228        0x0 /home/yin/imx-optee/imx-optee-os/out/arm-plat-imx/export-ta_arm32/lib/libutee.a(utee_syscalls_a32.o)

.ARM.extab.text.utee_storage_obj_trunc
                0x0000000000008228        0x0
 .ARM.extab.text.utee_storage_obj_trunc
                0x0000000000008228        0x0 /home/yin/imx-optee/imx-optee-os/out/arm-plat-imx/export-ta_arm32/lib/libutee.a(utee_syscalls_a32.o)

.ARM.extab.text.utee_storage_obj_seek
                0x0000000000008228        0x0
 .ARM.extab.text.utee_storage_obj_seek
                0x0000000000008228        0x0 /home/yin/imx-optee/imx-optee-os/out/arm-plat-imx/export-ta_arm32/lib/libutee.a(utee_syscalls_a32.o)

.ARM.extab.text.utee_cryp_obj_generate_key
                0x0000000000008228        0x0
 .ARM.extab.text.utee_cryp_obj_generate_key
                0x0000000000008228        0x0 /home/yin/imx-optee/imx-optee-os/out/arm-plat-imx/export-ta_arm32/lib/libutee.a(utee_syscalls_a32.o)

.ARM.extab.text.utee_se_service_open
                0x0000000000008228        0x0
 .ARM.extab.text.utee_se_service_open
                0x0000000000008228        0x0 /home/yin/imx-optee/imx-optee-os/out/arm-plat-imx/export-ta_arm32/lib/libutee.a(utee_syscalls_a32.o)

.ARM.extab.text.utee_se_service_close
                0x0000000000008228        0x0
 .ARM.extab.text.utee_se_service_close
                0x0000000000008228        0x0 /home/yin/imx-optee/imx-optee-os/out/arm-plat-imx/export-ta_arm32/lib/libutee.a(utee_syscalls_a32.o)

.ARM.extab.text.utee_se_service_get_readers
                0x0000000000008228        0x0
 .ARM.extab.text.utee_se_service_get_readers
                0x0000000000008228        0x0 /home/yin/imx-optee/imx-optee-os/out/arm-plat-imx/export-ta_arm32/lib/libutee.a(utee_syscalls_a32.o)

.ARM.extab.text.utee_se_reader_get_prop
                0x0000000000008228        0x0
 .ARM.extab.text.utee_se_reader_get_prop
                0x0000000000008228        0x0 /home/yin/imx-optee/imx-optee-os/out/arm-plat-imx/export-ta_arm32/lib/libutee.a(utee_syscalls_a32.o)

.ARM.extab.text.utee_se_reader_get_name
                0x0000000000008228        0x0
 .ARM.extab.text.utee_se_reader_get_name
                0x0000000000008228        0x0 /home/yin/imx-optee/imx-optee-os/out/arm-plat-imx/export-ta_arm32/lib/libutee.a(utee_syscalls_a32.o)

.ARM.extab.text.utee_se_reader_open_session
                0x0000000000008228        0x0
 .ARM.extab.text.utee_se_reader_open_session
                0x0000000000008228        0x0 /home/yin/imx-optee/imx-optee-os/out/arm-plat-imx/export-ta_arm32/lib/libutee.a(utee_syscalls_a32.o)

.ARM.extab.text.utee_se_reader_close_sessions
                0x0000000000008228        0x0
 .ARM.extab.text.utee_se_reader_close_sessions
                0x0000000000008228        0x0 /home/yin/imx-optee/imx-optee-os/out/arm-plat-imx/export-ta_arm32/lib/libutee.a(utee_syscalls_a32.o)

.ARM.extab.text.utee_se_session_is_closed
                0x0000000000008228        0x0
 .ARM.extab.text.utee_se_session_is_closed
                0x0000000000008228        0x0 /home/yin/imx-optee/imx-optee-os/out/arm-plat-imx/export-ta_arm32/lib/libutee.a(utee_syscalls_a32.o)

.ARM.extab.text.utee_se_session_get_atr
                0x0000000000008228        0x0
 .ARM.extab.text.utee_se_session_get_atr
                0x0000000000008228        0x0 /home/yin/imx-optee/imx-optee-os/out/arm-plat-imx/export-ta_arm32/lib/libutee.a(utee_syscalls_a32.o)

.ARM.extab.text.utee_se_session_open_channel
                0x0000000000008228        0x0
 .ARM.extab.text.utee_se_session_open_channel
                0x0000000000008228        0x0 /home/yin/imx-optee/imx-optee-os/out/arm-plat-imx/export-ta_arm32/lib/libutee.a(utee_syscalls_a32.o)

.ARM.extab.text.utee_se_session_close
                0x0000000000008228        0x0
 .ARM.extab.text.utee_se_session_close
                0x0000000000008228        0x0 /home/yin/imx-optee/imx-optee-os/out/arm-plat-imx/export-ta_arm32/lib/libutee.a(utee_syscalls_a32.o)

.ARM.extab.text.utee_se_channel_select_next
                0x0000000000008228        0x0
 .ARM.extab.text.utee_se_channel_select_next
                0x0000000000008228        0x0 /home/yin/imx-optee/imx-optee-os/out/arm-plat-imx/export-ta_arm32/lib/libutee.a(utee_syscalls_a32.o)

.ARM.extab.text.utee_se_channel_get_select_resp
                0x0000000000008228        0x0
 .ARM.extab.text.utee_se_channel_get_select_resp
                0x0000000000008228        0x0 /home/yin/imx-optee/imx-optee-os/out/arm-plat-imx/export-ta_arm32/lib/libutee.a(utee_syscalls_a32.o)

.ARM.extab.text.utee_se_channel_transmit
                0x0000000000008228        0x0
 .ARM.extab.text.utee_se_channel_transmit
                0x0000000000008228        0x0 /home/yin/imx-optee/imx-optee-os/out/arm-plat-imx/export-ta_arm32/lib/libutee.a(utee_syscalls_a32.o)

.ARM.extab.text.utee_se_channel_close
                0x0000000000008228        0x0
 .ARM.extab.text.utee_se_channel_close
                0x0000000000008228        0x0 /home/yin/imx-optee/imx-optee-os/out/arm-plat-imx/export-ta_arm32/lib/libutee.a(utee_syscalls_a32.o)

.ARM.extab.text.utee_cache_operation
                0x0000000000008228        0x0
 .ARM.extab.text.utee_cache_operation
                0x0000000000008228        0x0 /home/yin/imx-optee/imx-optee-os/out/arm-plat-imx/export-ta_arm32/lib/libutee.a(utee_syscalls_a32.o)

.ARM.extab.text.unlikely
                0x0000000000008228        0xc
 .ARM.extab.text.unlikely
                0x0000000000008228        0xc /home/yin/imx-optee/imx-optee-os/out/arm-plat-imx/export-ta_arm32/lib/libutee.a(tee_api_arith.o)

.ARM.extab.text.ret_idivmod_values
                0x0000000000008234        0x0
 .ARM.extab.text.ret_idivmod_values
                0x0000000000008234        0x0 /home/yin/imx-optee/imx-optee-os/out/arm-plat-imx/export-ta_arm32/lib/libutils.a(arm32_aeabi_divmod_a32.o)

.ARM.extab.text.ret_uidivmod_values
                0x0000000000008234        0x0
 .ARM.extab.text.ret_uidivmod_values
                0x0000000000008234        0x0 /home/yin/imx-optee/imx-optee-os/out/arm-plat-imx/export-ta_arm32/lib/libutils.a(arm32_aeabi_divmod_a32.o)

.ARM.extab.text.__aeabi_ldivmod
                0x0000000000008234        0xc
 .ARM.extab.text.__aeabi_ldivmod
                0x0000000000008234        0xc /home/yin/imx-optee/imx-optee-os/out/arm-plat-imx/export-ta_arm32/lib/libutils.a(arm32_aeabi_ldivmod_a32.o)

.ARM.extab.text.__aeabi_uldivmod
                0x0000000000008240        0xc
 .ARM.extab.text.__aeabi_uldivmod
                0x0000000000008240        0xc /home/yin/imx-optee/imx-optee-os/out/arm-plat-imx/export-ta_arm32/lib/libutils.a(arm32_aeabi_ldivmod_a32.o)

.ARM.exidx      0x000000000000824c      0x648
 *(SORT(.ARM.exidx*) SORT(.gnu.linkonce.armexidx.*))
 .ARM.exidx     0x000000000000824c       0x10 ./random_example_ta.o
                                         0x28 (size before relaxing)
 .ARM.exidx     0x00000000000086ec        0x8 ./user_ta_header.o
 .ARM.exidx     0x000000000000825c       0xd8 /home/yin/imx-optee/imx-optee-os/out/arm-plat-imx/export-ta_arm32/lib/libutee.a(tee_api_operations.o)
                                         0xf0 (size before relaxing)
 .ARM.exidx     0x00000000000086f4        0x0 /home/yin/imx-optee/imx-optee-os/out/arm-plat-imx/export-ta_arm32/lib/libutee.a(tee_api_panic.o)
                                          0x8 (size before relaxing)
 .ARM.exidx     0x0000000000008334       0x18 /home/yin/imx-optee/imx-optee-os/out/arm-plat-imx/export-ta_arm32/lib/libutee.a(user_ta_entry.o)
 .ARM.exidx.text.utee_panic
                0x000000000000834c        0x8 /home/yin/imx-optee/imx-optee-os/out/arm-plat-imx/export-ta_arm32/lib/libutee.a(utee_syscalls_a32.o)
 .ARM.exidx.text.utee_return
                0x0000000000008354        0x8 /home/yin/imx-optee/imx-optee-os/out/arm-plat-imx/export-ta_arm32/lib/libutee.a(utee_syscalls_a32.o)
 .ARM.exidx.text.utee_log
                0x000000000000835c        0x0 /home/yin/imx-optee/imx-optee-os/out/arm-plat-imx/export-ta_arm32/lib/libutee.a(utee_syscalls_a32.o)
                                          0x8 (size before relaxing)
 .ARM.exidx.text.__utee_panic
                0x000000000000835c        0x0 /home/yin/imx-optee/imx-optee-os/out/arm-plat-imx/export-ta_arm32/lib/libutee.a(utee_syscalls_a32.o)
                                          0x8 (size before relaxing)
 .ARM.exidx.text.utee_get_property
                0x000000000000835c        0x0 /home/yin/imx-optee/imx-optee-os/out/arm-plat-imx/export-ta_arm32/lib/libutee.a(utee_syscalls_a32.o)
                                          0x8 (size before relaxing)
 .ARM.exidx.text.utee_get_property_name_to_index
                0x000000000000835c        0x0 /home/yin/imx-optee/imx-optee-os/out/arm-plat-imx/export-ta_arm32/lib/libutee.a(utee_syscalls_a32.o)
                                          0x8 (size before relaxing)
 .ARM.exidx.text.utee_open_ta_session
                0x000000000000835c        0x0 /home/yin/imx-optee/imx-optee-os/out/arm-plat-imx/export-ta_arm32/lib/libutee.a(utee_syscalls_a32.o)
                                          0x8 (size before relaxing)
 .ARM.exidx.text.utee_close_ta_session
                0x000000000000835c        0x0 /home/yin/imx-optee/imx-optee-os/out/arm-plat-imx/export-ta_arm32/lib/libutee.a(utee_syscalls_a32.o)
                                          0x8 (size before relaxing)
 .ARM.exidx.text.utee_invoke_ta_command
                0x000000000000835c        0x0 /home/yin/imx-optee/imx-optee-os/out/arm-plat-imx/export-ta_arm32/lib/libutee.a(utee_syscalls_a32.o)
                                          0x8 (size before relaxing)
 .ARM.exidx.text.utee_get_cancellation_flag
                0x000000000000835c        0x0 /home/yin/imx-optee/imx-optee-os/out/arm-plat-imx/export-ta_arm32/lib/libutee.a(utee_syscalls_a32.o)
                                          0x8 (size before relaxing)
 .ARM.exidx.text.utee_check_access_rights
                0x000000000000835c        0x0 /home/yin/imx-optee/imx-optee-os/out/arm-plat-imx/export-ta_arm32/lib/libutee.a(utee_syscalls_a32.o)
                                          0x8 (size before relaxing)
 .ARM.exidx.text.utee_unmask_cancellation
                0x000000000000835c        0x0 /home/yin/imx-optee/imx-optee-os/out/arm-plat-imx/export-ta_arm32/lib/libutee.a(utee_syscalls_a32.o)
                                          0x8 (size before relaxing)
 .ARM.exidx.text.utee_mask_cancellation
                0x000000000000835c        0x0 /home/yin/imx-optee/imx-optee-os/out/arm-plat-imx/export-ta_arm32/lib/libutee.a(utee_syscalls_a32.o)
                                          0x8 (size before relaxing)
 .ARM.exidx.text.utee_wait
                0x000000000000835c        0x0 /home/yin/imx-optee/imx-optee-os/out/arm-plat-imx/export-ta_arm32/lib/libutee.a(utee_syscalls_a32.o)
                                          0x8 (size before relaxing)
 .ARM.exidx.text.utee_get_time
                0x000000000000835c        0x0 /home/yin/imx-optee/imx-optee-os/out/arm-plat-imx/export-ta_arm32/lib/libutee.a(utee_syscalls_a32.o)
                                          0x8 (size before relaxing)
 .ARM.exidx.text.utee_set_ta_time
                0x000000000000835c        0x0 /home/yin/imx-optee/imx-optee-os/out/arm-plat-imx/export-ta_arm32/lib/libutee.a(utee_syscalls_a32.o)
                                          0x8 (size before relaxing)
 .ARM.exidx.text.utee_cryp_state_alloc
                0x000000000000835c        0x0 /home/yin/imx-optee/imx-optee-os/out/arm-plat-imx/export-ta_arm32/lib/libutee.a(utee_syscalls_a32.o)
                                          0x8 (size before relaxing)
 .ARM.exidx.text.utee_cryp_state_copy
                0x000000000000835c        0x0 /home/yin/imx-optee/imx-optee-os/out/arm-plat-imx/export-ta_arm32/lib/libutee.a(utee_syscalls_a32.o)
                                          0x8 (size before relaxing)
 .ARM.exidx.text.utee_cryp_state_free
                0x000000000000835c        0x0 /home/yin/imx-optee/imx-optee-os/out/arm-plat-imx/export-ta_arm32/lib/libutee.a(utee_syscalls_a32.o)
                                          0x8 (size before relaxing)
 .ARM.exidx.text.utee_hash_init
                0x000000000000835c        0x0 /home/yin/imx-optee/imx-optee-os/out/arm-plat-imx/export-ta_arm32/lib/libutee.a(utee_syscalls_a32.o)
                                          0x8 (size before relaxing)
 .ARM.exidx.text.utee_hash_update
                0x000000000000835c        0x0 /home/yin/imx-optee/imx-optee-os/out/arm-plat-imx/export-ta_arm32/lib/libutee.a(utee_syscalls_a32.o)
                                          0x8 (size before relaxing)
 .ARM.exidx.text.utee_hash_final
                0x000000000000835c        0x0 /home/yin/imx-optee/imx-optee-os/out/arm-plat-imx/export-ta_arm32/lib/libutee.a(utee_syscalls_a32.o)
                                          0x8 (size before relaxing)
 .ARM.exidx.text.utee_cipher_init
                0x000000000000835c        0x0 /home/yin/imx-optee/imx-optee-os/out/arm-plat-imx/export-ta_arm32/lib/libutee.a(utee_syscalls_a32.o)
                                          0x8 (size before relaxing)
 .ARM.exidx.text.utee_cipher_update
                0x000000000000835c        0x0 /home/yin/imx-optee/imx-optee-os/out/arm-plat-imx/export-ta_arm32/lib/libutee.a(utee_syscalls_a32.o)
                                          0x8 (size before relaxing)
 .ARM.exidx.text.utee_cipher_final
                0x000000000000835c        0x0 /home/yin/imx-optee/imx-optee-os/out/arm-plat-imx/export-ta_arm32/lib/libutee.a(utee_syscalls_a32.o)
                                          0x8 (size before relaxing)
 .ARM.exidx.text.utee_cryp_obj_get_info
                0x000000000000835c        0x0 /home/yin/imx-optee/imx-optee-os/out/arm-plat-imx/export-ta_arm32/lib/libutee.a(utee_syscalls_a32.o)
                                          0x8 (size before relaxing)
 .ARM.exidx.text.utee_cryp_obj_restrict_usage
                0x000000000000835c        0x0 /home/yin/imx-optee/imx-optee-os/out/arm-plat-imx/export-ta_arm32/lib/libutee.a(utee_syscalls_a32.o)
                                          0x8 (size before relaxing)
 .ARM.exidx.text.utee_cryp_obj_get_attr
                0x000000000000835c        0x0 /home/yin/imx-optee/imx-optee-os/out/arm-plat-imx/export-ta_arm32/lib/libutee.a(utee_syscalls_a32.o)
                                          0x8 (size before relaxing)
 .ARM.exidx.text.utee_cryp_obj_alloc
                0x000000000000835c        0x0 /home/yin/imx-optee/imx-optee-os/out/arm-plat-imx/export-ta_arm32/lib/libutee.a(utee_syscalls_a32.o)
                                          0x8 (size before relaxing)
 .ARM.exidx.text.utee_cryp_obj_close
                0x000000000000835c        0x0 /home/yin/imx-optee/imx-optee-os/out/arm-plat-imx/export-ta_arm32/lib/libutee.a(utee_syscalls_a32.o)
                                          0x8 (size before relaxing)
 .ARM.exidx.text.utee_cryp_obj_reset
                0x000000000000835c        0x0 /home/yin/imx-optee/imx-optee-os/out/arm-plat-imx/export-ta_arm32/lib/libutee.a(utee_syscalls_a32.o)
                                          0x8 (size before relaxing)
 .ARM.exidx.text.utee_cryp_obj_populate
                0x000000000000835c        0x0 /home/yin/imx-optee/imx-optee-os/out/arm-plat-imx/export-ta_arm32/lib/libutee.a(utee_syscalls_a32.o)
                                          0x8 (size before relaxing)
 .ARM.exidx.text.utee_cryp_obj_copy
                0x000000000000835c        0x0 /home/yin/imx-optee/imx-optee-os/out/arm-plat-imx/export-ta_arm32/lib/libutee.a(utee_syscalls_a32.o)
                                          0x8 (size before relaxing)
 .ARM.exidx.text.utee_cryp_derive_key
                0x000000000000835c        0x0 /home/yin/imx-optee/imx-optee-os/out/arm-plat-imx/export-ta_arm32/lib/libutee.a(utee_syscalls_a32.o)
                                          0x8 (size before relaxing)
 .ARM.exidx.text.utee_cryp_random_number_generate
                0x000000000000835c        0x0 /home/yin/imx-optee/imx-optee-os/out/arm-plat-imx/export-ta_arm32/lib/libutee.a(utee_syscalls_a32.o)
                                          0x8 (size before relaxing)
 .ARM.exidx.text.utee_authenc_init
                0x000000000000835c        0x0 /home/yin/imx-optee/imx-optee-os/out/arm-plat-imx/export-ta_arm32/lib/libutee.a(utee_syscalls_a32.o)
                                          0x8 (size before relaxing)
 .ARM.exidx.text.utee_authenc_update_aad
                0x000000000000835c        0x0 /home/yin/imx-optee/imx-optee-os/out/arm-plat-imx/export-ta_arm32/lib/libutee.a(utee_syscalls_a32.o)
                                          0x8 (size before relaxing)
 .ARM.exidx.text.utee_authenc_update_payload
                0x000000000000835c        0x0 /home/yin/imx-optee/imx-optee-os/out/arm-plat-imx/export-ta_arm32/lib/libutee.a(utee_syscalls_a32.o)
                                          0x8 (size before relaxing)
 .ARM.exidx.text.utee_authenc_enc_final
                0x000000000000835c        0x0 /home/yin/imx-optee/imx-optee-os/out/arm-plat-imx/export-ta_arm32/lib/libutee.a(utee_syscalls_a32.o)
                                          0x8 (size before relaxing)
 .ARM.exidx.text.utee_authenc_dec_final
                0x000000000000835c        0x0 /home/yin/imx-optee/imx-optee-os/out/arm-plat-imx/export-ta_arm32/lib/libutee.a(utee_syscalls_a32.o)
                                          0x8 (size before relaxing)
 .ARM.exidx.text.utee_asymm_operate
                0x000000000000835c        0x0 /home/yin/imx-optee/imx-optee-os/out/arm-plat-imx/export-ta_arm32/lib/libutee.a(utee_syscalls_a32.o)
                                          0x8 (size before relaxing)
 .ARM.exidx.text.utee_asymm_verify
                0x000000000000835c        0x0 /home/yin/imx-optee/imx-optee-os/out/arm-plat-imx/export-ta_arm32/lib/libutee.a(utee_syscalls_a32.o)
                                          0x8 (size before relaxing)
 .ARM.exidx.text.utee_storage_obj_open
                0x000000000000835c        0x0 /home/yin/imx-optee/imx-optee-os/out/arm-plat-imx/export-ta_arm32/lib/libutee.a(utee_syscalls_a32.o)
                                          0x8 (size before relaxing)
 .ARM.exidx.text.utee_storage_obj_create
                0x000000000000835c        0x0 /home/yin/imx-optee/imx-optee-os/out/arm-plat-imx/export-ta_arm32/lib/libutee.a(utee_syscalls_a32.o)
                                          0x8 (size before relaxing)
 .ARM.exidx.text.utee_storage_obj_del
                0x000000000000835c        0x0 /home/yin/imx-optee/imx-optee-os/out/arm-plat-imx/export-ta_arm32/lib/libutee.a(utee_syscalls_a32.o)
                                          0x8 (size before relaxing)
 .ARM.exidx.text.utee_storage_obj_rename
                0x000000000000835c        0x0 /home/yin/imx-optee/imx-optee-os/out/arm-plat-imx/export-ta_arm32/lib/libutee.a(utee_syscalls_a32.o)
                                          0x8 (size before relaxing)
 .ARM.exidx.text.utee_storage_alloc_enum
                0x000000000000835c        0x0 /home/yin/imx-optee/imx-optee-os/out/arm-plat-imx/export-ta_arm32/lib/libutee.a(utee_syscalls_a32.o)
                                          0x8 (size before relaxing)
 .ARM.exidx.text.utee_storage_free_enum
                0x000000000000835c        0x0 /home/yin/imx-optee/imx-optee-os/out/arm-plat-imx/export-ta_arm32/lib/libutee.a(utee_syscalls_a32.o)
                                          0x8 (size before relaxing)
 .ARM.exidx.text.utee_storage_reset_enum
                0x000000000000835c        0x0 /home/yin/imx-optee/imx-optee-os/out/arm-plat-imx/export-ta_arm32/lib/libutee.a(utee_syscalls_a32.o)
                                          0x8 (size before relaxing)
 .ARM.exidx.text.utee_storage_start_enum
                0x000000000000835c        0x0 /home/yin/imx-optee/imx-optee-os/out/arm-plat-imx/export-ta_arm32/lib/libutee.a(utee_syscalls_a32.o)
                                          0x8 (size before relaxing)
 .ARM.exidx.text.utee_storage_next_enum
                0x000000000000835c        0x0 /home/yin/imx-optee/imx-optee-os/out/arm-plat-imx/export-ta_arm32/lib/libutee.a(utee_syscalls_a32.o)
                                          0x8 (size before relaxing)
 .ARM.exidx.text.utee_storage_obj_read
                0x000000000000835c        0x0 /home/yin/imx-optee/imx-optee-os/out/arm-plat-imx/export-ta_arm32/lib/libutee.a(utee_syscalls_a32.o)
                                          0x8 (size before relaxing)
 .ARM.exidx.text.utee_storage_obj_write
                0x000000000000835c        0x0 /home/yin/imx-optee/imx-optee-os/out/arm-plat-imx/export-ta_arm32/lib/libutee.a(utee_syscalls_a32.o)
                                          0x8 (size before relaxing)
 .ARM.exidx.text.utee_storage_obj_trunc
                0x000000000000835c        0x0 /home/yin/imx-optee/imx-optee-os/out/arm-plat-imx/export-ta_arm32/lib/libutee.a(utee_syscalls_a32.o)
                                          0x8 (size before relaxing)
 .ARM.exidx.text.utee_storage_obj_seek
                0x000000000000835c        0x0 /home/yin/imx-optee/imx-optee-os/out/arm-plat-imx/export-ta_arm32/lib/libutee.a(utee_syscalls_a32.o)
                                          0x8 (size before relaxing)
 .ARM.exidx.text.utee_cryp_obj_generate_key
                0x000000000000835c        0x0 /home/yin/imx-optee/imx-optee-os/out/arm-plat-imx/export-ta_arm32/lib/libutee.a(utee_syscalls_a32.o)
                                          0x8 (size before relaxing)
 .ARM.exidx.text.utee_se_service_open
                0x000000000000835c        0x0 /home/yin/imx-optee/imx-optee-os/out/arm-plat-imx/export-ta_arm32/lib/libutee.a(utee_syscalls_a32.o)
                                          0x8 (size before relaxing)
 .ARM.exidx.text.utee_se_service_close
                0x000000000000835c        0x0 /home/yin/imx-optee/imx-optee-os/out/arm-plat-imx/export-ta_arm32/lib/libutee.a(utee_syscalls_a32.o)
                                          0x8 (size before relaxing)
 .ARM.exidx.text.utee_se_service_get_readers
                0x000000000000835c        0x0 /home/yin/imx-optee/imx-optee-os/out/arm-plat-imx/export-ta_arm32/lib/libutee.a(utee_syscalls_a32.o)
                                          0x8 (size before relaxing)
 .ARM.exidx.text.utee_se_reader_get_prop
                0x000000000000835c        0x0 /home/yin/imx-optee/imx-optee-os/out/arm-plat-imx/export-ta_arm32/lib/libutee.a(utee_syscalls_a32.o)
                                          0x8 (size before relaxing)
 .ARM.exidx.text.utee_se_reader_get_name
                0x000000000000835c        0x0 /home/yin/imx-optee/imx-optee-os/out/arm-plat-imx/export-ta_arm32/lib/libutee.a(utee_syscalls_a32.o)
                                          0x8 (size before relaxing)
 .ARM.exidx.text.utee_se_reader_open_session
                0x000000000000835c        0x0 /home/yin/imx-optee/imx-optee-os/out/arm-plat-imx/export-ta_arm32/lib/libutee.a(utee_syscalls_a32.o)
                                          0x8 (size before relaxing)
 .ARM.exidx.text.utee_se_reader_close_sessions
                0x000000000000835c        0x0 /home/yin/imx-optee/imx-optee-os/out/arm-plat-imx/export-ta_arm32/lib/libutee.a(utee_syscalls_a32.o)
                                          0x8 (size before relaxing)
 .ARM.exidx.text.utee_se_session_is_closed
                0x000000000000835c        0x0 /home/yin/imx-optee/imx-optee-os/out/arm-plat-imx/export-ta_arm32/lib/libutee.a(utee_syscalls_a32.o)
                                          0x8 (size before relaxing)
 .ARM.exidx.text.utee_se_session_get_atr
                0x000000000000835c        0x0 /home/yin/imx-optee/imx-optee-os/out/arm-plat-imx/export-ta_arm32/lib/libutee.a(utee_syscalls_a32.o)
                                          0x8 (size before relaxing)
 .ARM.exidx.text.utee_se_session_open_channel
                0x000000000000835c        0x0 /home/yin/imx-optee/imx-optee-os/out/arm-plat-imx/export-ta_arm32/lib/libutee.a(utee_syscalls_a32.o)
                                          0x8 (size before relaxing)
 .ARM.exidx.text.utee_se_session_close
                0x000000000000835c        0x0 /home/yin/imx-optee/imx-optee-os/out/arm-plat-imx/export-ta_arm32/lib/libutee.a(utee_syscalls_a32.o)
                                          0x8 (size before relaxing)
 .ARM.exidx.text.utee_se_channel_select_next
                0x000000000000835c        0x0 /home/yin/imx-optee/imx-optee-os/out/arm-plat-imx/export-ta_arm32/lib/libutee.a(utee_syscalls_a32.o)
                                          0x8 (size before relaxing)
 .ARM.exidx.text.utee_se_channel_get_select_resp
                0x000000000000835c        0x0 /home/yin/imx-optee/imx-optee-os/out/arm-plat-imx/export-ta_arm32/lib/libutee.a(utee_syscalls_a32.o)
                                          0x8 (size before relaxing)
 .ARM.exidx.text.utee_se_channel_transmit
                0x000000000000835c        0x0 /home/yin/imx-optee/imx-optee-os/out/arm-plat-imx/export-ta_arm32/lib/libutee.a(utee_syscalls_a32.o)
                                          0x8 (size before relaxing)
 .ARM.exidx.text.utee_se_channel_close
                0x000000000000835c        0x0 /home/yin/imx-optee/imx-optee-os/out/arm-plat-imx/export-ta_arm32/lib/libutee.a(utee_syscalls_a32.o)
                                          0x8 (size before relaxing)
 .ARM.exidx.text.utee_cache_operation
                0x000000000000835c        0x8 /home/yin/imx-optee/imx-optee-os/out/arm-plat-imx/export-ta_arm32/lib/libutee.a(utee_syscalls_a32.o)
 .ARM.exidx.text.unlikely
                0x0000000000008424        0x8 /home/yin/imx-optee/imx-optee-os/out/arm-plat-imx/export-ta_arm32/lib/libutee.a(tee_api_arith.o)
 .ARM.exidx     0x0000000000008364       0xc0 /home/yin/imx-optee/imx-optee-os/out/arm-plat-imx/export-ta_arm32/lib/libutee.a(tee_api_arith.o)
                                        0x108 (size before relaxing)
 .ARM.exidx     0x000000000000842c       0x68 /home/yin/imx-optee/imx-optee-os/out/arm-plat-imx/export-ta_arm32/lib/libutee.a(tee_api.o)
                                         0xc8 (size before relaxing)
 .ARM.exidx     0x0000000000008494       0xd0 /home/yin/imx-optee/imx-optee-os/out/arm-plat-imx/export-ta_arm32/lib/libutee.a(tee_api_objects.o)
                                         0xf8 (size before relaxing)
 .ARM.exidx     0x0000000000008564       0x28 /home/yin/imx-optee/imx-optee-os/out/arm-plat-imx/export-ta_arm32/lib/libutee.a(trace_ext.o)
 .ARM.exidx     0x000000000000858c       0x50 /home/yin/imx-optee/imx-optee-os/out/arm-plat-imx/export-ta_arm32/lib/libutils.a(bget_malloc.o)
                                         0x70 (size before relaxing)
 .ARM.exidx     0x00000000000086f4       0x10 /home/yin/imx-optee/imx-optee-os/out/arm-plat-imx/export-ta_arm32/lib/libutils.a(snprintf.o)